python3 tools/install-repack-machine.py --merged build/zerobas-main-eu.rom --disk-rom build/disk.rom \
	  --sub-rom build/sub.rom
wrote C-BIOS_MSX1_EU_REPACK_DISK  (-> machine "C-BIOS_MSX1_EU_REPACK_DISK": merged repack ROM in slot 0, zerobas-disk in slot 3-1, zerobas-sub in slot 3-2)
     /Users/joost/.openMSX/share/machines/C-BIOS_MSX1_EU_REPACK_DISK.xml
python3 probes/basic/basic_probe_error_trap.py 
--- numeric-fact oracle-lock (Philips_VG_8020) ---
PASS  trap_erl                 ref='5 , 30' (want '5 , 30')
PASS  resume_bare              ref='2' (want '2')
PASS  resume_zero              ref='2' (want '2')
PASS  resume_next_sameline     ref='9' (want '9')
PASS  resume_next_eol          ref='99' (want '99')
PASS  tc_for_num               ref='2' (want '2')
PASS  tc_for_str               ref='13' (want '13')
PASS  tc_for_paren             ref='2' (want '2')
PASS  tc_for_kw                ref='2' (want '2')
PASS  tc_for_bare              ref='2' (want '2')
PASS  tc_for_noeq              ref='2' (want '2')
PASS  tc_for_noto              ref='2' (want '2')
PASS  tc_next_junk             ref='2' (want '2')
PASS  tc_next_nofor            ref='1' (want '1')
PASS  tc_swap                  ref='2' (want '2')
PASS  tc_unknown               ref='2' (want '2')
PASS  tc_bareword              ref='2' (want '2')
PASS  tc_juxt                  ref='2' (want '2')
PASS  tc_dangling              ref='2' (want '2')
PASS  tc_for_ok                ref='42' (want '42')
PASS  tc_resume_next           ref='5' (want '5')

--- numeric-fact: zerobas == reference (C-BIOS_MSX1_EU_REPACK_DISK) ---
PASS  trap_erl                 zb='5 , 30' ref='5 , 30'
PASS  resume_bare              zb='2' ref='2'
PASS  resume_zero              zb='2' ref='2'
PASS  resume_next_sameline     zb='9' ref='9'
PASS  resume_next_eol          zb='99' ref='99'
PASS  tc_for_num               zb='2' ref='2'
PASS  tc_for_str               zb='13' ref='13'
PASS  tc_for_paren             zb='2' ref='2'
PASS  tc_for_kw                zb='2' ref='2'
PASS  tc_for_bare              zb='2' ref='2'
PASS  tc_for_noeq              zb='2' ref='2'
PASS  tc_for_noto              zb='2' ref='2'
PASS  tc_next_junk             zb='2' ref='2'
PASS  tc_next_nofor            zb='1' ref='1'
PASS  tc_swap                  zb='2' ref='2'
PASS  tc_unknown               zb='2' ref='2'
PASS  tc_bareword              zb='2' ref='2'
PASS  tc_juxt                  zb='2' ref='2'
PASS  tc_dangling              zb='2' ref='2'
PASS  tc_for_ok                zb='42' ref='42'
PASS  tc_resume_next           zb='5' ref='5'

--- resume_line: RESUME <line> -> 40, skip 30, ERR->0, ERL kept ---
PASS  [ref] resume_line line-30-skipped=True (want True); ERR/ERL-after-RESUME='0 / 20' (want '0 / 20': ERR reset, ERL kept)
PASS  [zb] resume_line line-30-skipped=True (want True); ERR/ERL-after-RESUME='0 / 20' (want '0 / 20': ERR reset, ERL kept)

--- on_error_goto_0: GOTO 0 disables -> S1 abort, handler skipped ---
PASS  [ref] on_error_goto_0 handled=False (want False) in-line='30' (want '30')
PASS  [zb] on_error_goto_0 handled=False (want False) in-line='30' (want '30')

--- nested_forced_abort: error inside handler -> forced abort, INNER msg ---
PASS  [ref] nested_forced_abort entered-handler=True (want True)
PASS  [zb] nested_forced_abort entered-handler=True (want True)
PASS  [zb]  nested_forced_abort message contains 'Division by zero'=True, in-line='100' (want '100')

--- on_error_undef: ON ERROR GOTO <undefined line> ---
PASS  [ref] on_error_undef 'Undefined line number' present=True (want True)
PASS  [zb] on_error_undef 'Undefined line number' present=True (want True)

--- resume_noerr: bare RESUME with no active trap -> ERR 22 ---
PASS  [zb] resume_noerr message contains 'RESUME without error'=True

--- error_n_regression: ERROR 5 still reports correctly (S2a) ---
PASS  [zb] error_n_regression message=True in-line=None (want None, direct mode)

--- error_arg: ERROR <n> domain 1..255 else ERR 5 (int16 range) ---
PASS  ERROR      0 -> zb ERR '5' ref ERR '5'
PASS  ERROR    256 -> zb ERR '5' ref ERR '5'
PASS  ERROR     -1 -> zb ERR '5' ref ERR '5'
PASS  ERROR   1000 -> zb ERR '5' ref ERR '5'
PASS  ERROR  32767 -> zb ERR '5' ref ERR '5'
PASS  ERROR -32768 -> zb ERR '5' ref ERR '5'
PASS  ERROR      1 -> zb ERR '1' ref ERR '1'
PASS  ERROR      5 -> zb ERR '5' ref ERR '5'
PASS  ERROR    200 -> zb ERR '200' ref ERR '200'
PASS  ERROR    255 -> zb ERR '255' ref ERR '255'

--- msgtab_bound: ERROR 23..26 message text (the table's last entry) ---
PASS  ERROR 23  zb 'Unprintable error' ref 'Unprintable error'
PASS  ERROR 24  zb 'Missing operand' ref 'Missing operand'
PASS  ERROR 25  zb 'Line buffer overflow' ref 'Line buffer overflow'
PASS  ERROR 26  zb 'Unprintable error' ref 'Unprintable error'

--- D-ONEFLG reset scope: abort/END clear it, a STOP must NOT ---
PASS  [ref] oneflg_stale           trapped=True (want True)
PASS  [ref] oneflg_ctl             trapped=True (want True)
PASS  [ref] oneflg_end             trapped=True (want True)
PASS  [ref] oneflg_keep            trapped=False (want False)
PASS  [ref] oneflg_suspend_resume  trapped=True (want True)
PASS  [zb]  oneflg_stale           trapped=True (ref=True, want True)
PASS  [zb]  oneflg_ctl             trapped=True (ref=True, want True)
PASS  [zb]  oneflg_end             trapped=True (ref=True, want True)
PASS  [zb]  oneflg_keep            trapped=False (ref=False, want False)
PASS  [zb]  oneflg_suspend_resume  trapped=True (ref=True, want True)

--- D-ONEFLG direct RESUME: ERR 22 == the flag is already 0 ---
PASS  [ref] oneflg_direct_resume 'RESUME without error'=True (want True)
PASS  [zb] oneflg_direct_resume 'RESUME without error'=True (want True)
PASS  [ref] oneflg_falloff 'No RESUME in 100'=True 'RESUME without error'=True (want True/True -- falling off the end while still owing a RESUME aborts, and the abort ends the handler context)
PASS  [zb] oneflg_falloff 'No RESUME in 100'=True 'RESUME without error'=True (want True/True -- falling off the end while still owing a RESUME aborts, and the abort ends the handler context)

--- D-ERR21: falling off the END still owing a RESUME ---
PASS  [ref] e21_falloff          tail='no resume in 110' (want 'no resume in 110') r='21 , 110'
PASS  [zb] e21_falloff          tail='no resume in 110' (want 'no resume in 110') r='21 , 110'
PASS  [ref] e21_falloff_goto     tail='no resume in 200' (want 'no resume in 200') r='21 , 200'
PASS  [zb] e21_falloff_goto     tail='no resume in 200' (want 'no resume in 200') r='21 , 200'
PASS  [ref] e21_falloff_gosub    tail='no resume in 200' (want 'no resume in 200') r='21 , 200'
PASS  [zb] e21_falloff_gosub    tail='no resume in 200' (want 'no resume in 200') r='21 , 200'
PASS  [ref] e21_cont             tail='r< 7 >|r< 8 >|no resume in 110' (want 'r< 7 >|r< 8 >|no resume in 110') r='8' counts={'R< 7 >': 1, 'R< 8 >': 1}
PASS  [zb] e21_cont             tail='r< 7 >|r< 8 >|no resume in 110' (want 'r< 7 >|r< 8 >|no resume in 110') r='8' counts={'R< 7 >': 1, 'R< 8 >': 1}
PASS  [ref] e21_cont_twice       tail='r< 7 >|no resume in 110' (want 'r< 7 >|no resume in 110') r='7' counts={'R< 7 >': 1}
PASS  [zb] e21_cont_twice       tail='r< 7 >|no resume in 110' (want 'r< 7 >|no resume in 110') r='7' counts={'R< 7 >': 1}
PASS  [ref] e21_error_n          tail='no resume' (want 'no resume') r=None
PASS  [zb] e21_error_n          tail='no resume' (want 'no resume') r=None
PASS  [ref] e21_error_n_prog     tail='no resume in 10' (want 'no resume in 10') r='21 , 10'
PASS  [zb] e21_error_n_prog     tail='no resume in 10' (want 'no resume in 10') r='21 , 10'
PASS  [ref] e21_typed            tail='r< 5 >' (want 'r< 5 >') r='5' counts={'R< 5 >': 1} 'no resume'-seen=False
PASS  [zb] e21_typed            tail='r< 5 >' (want 'r< 5 >') r='5' counts={'R< 5 >': 1} 'no resume'-seen=False
PASS  [ref] e21_ctl_typed        tail='r< 5 >' (want 'r< 5 >') r='5' counts={'R< 5 >': 1} 'no resume'-seen=False
PASS  [zb] e21_ctl_typed        tail='r< 5 >' (want 'r< 5 >') r='5' counts={'R< 5 >': 1} 'no resume'-seen=False
PASS  [ref] e21_ctl_nohandler    tail='' (want '') r='0 , 0' 'no resume'-seen=False
PASS  [zb] e21_ctl_nohandler    tail='' (want '') r='0 , 0' 'no resume'-seen=False
PASS  [ref] e21_ctl_end          tail='' (want '') r='5 , 20' 'no resume'-seen=False
PASS  [zb] e21_ctl_end          tail='' (want '') r='5 , 20' 'no resume'-seen=False
PASS  [ref] e21_ctl_resume       tail='' (want '') r='0 , 20' 'no resume'-seen=False
PASS  [zb] e21_ctl_resume       tail='' (want '') r='0 , 20' 'no resume'-seen=False

--- D-ONELIN: the variable-clear disarm (spec §3, oracle-locked) ---
PASS  onelin_ctl_goto            ref=True zb=True (want True)
PASS  onelin_run_arm             ref=False zb=False (want False)
PASS  onelin_clear_direct        ref=False zb=False (want False)
PASS  onelin_print_direct        ref=True zb=True (want True)
PASS  onelin_edit_retype         ref=False zb=False (want False)
PASS  onelin_edit_append         ref=False zb=False (want False)
PASS  onelin_inrun_clear         ref=False zb=False (want False)
PASS  onelin_inrun_ctl           ref=True zb=True (want True)
PASS  onelin_inrun_rearm         ref=True zb=True (want True)
PASS  onelin_inrun_dim           ref=True zb=True (want True)
PASS  onelin_inrun_str           ref=True zb=True (want True)
PASS  onelin_stop_cont           ref=True zb=True (want True)
PASS  onelin_clear_before_arm    ref=True zb=True (want True)

--- D-ONELIN edit_insert: judged on the ABORT LINE, not the marker ---
PASS  [ref] onelin_edit_insert fired=False (want False) abort-line='10' (want '10' -- a stale ONELIN branches WILD into the moved text and reports a line that does not exist)
PASS  [zb] onelin_edit_insert fired=False (want False) abort-line='10' (want '10' -- a stale ONELIN branches WILD into the moved text and reports a line that does not exist)

--- §7 reset-scope (ANSWERED by D-ONELIN; oracle-locked) ---
PASS  [ref] reset_scope_run      handler-fired=False (want False)
PASS  [ref] reset_scope_new      handler-fired=False (want False)
PASS  [ref] reset_scope_clear    handler-fired=False (want False)
PASS  [zb]  reset_scope_run      handler-fired=False (ref=False, want False)
PASS  [zb]  reset_scope_new      handler-fired=False (ref=False, want False)
PASS  [zb]  reset_scope_clear    handler-fired=False (ref=False, want False)

ALL PASS
