python3 tools/install-repack-machine.py --merged build/zerobas-main-eu.rom --disk-rom build/disk.rom \
	  --sub-rom build/sub.rom
wrote C-BIOS_MSX1_EU_REPACK_DISK  (-> machine "C-BIOS_MSX1_EU_REPACK_DISK": merged repack ROM in slot 0, zerobas-disk in slot 3-1, zerobas-sub in slot 3-2)
     /Users/joost/.openMSX/share/machines/C-BIOS_MSX1_EU_REPACK_DISK.xml
python3 probes/basic/error_acceptance.py 
--- FAMILY A: abort oracle-lock (Philips_VG_8020) — every error aborts (A==1) ---
PASS  illegal_fn     err=5   A='1' (want '1'=aborted)
PASS  subscript      err=9   A='1' (want '1'=aborted)
PASS  next_nofor     err=1   A='1' (want '1'=aborted)
PASS  ret_nogosub    err=3   A='1' (want '1'=aborted)
PASS  redim          err=10  A='1' (want '1'=aborted)
PASS  type_mismatch  err=13  A='1' (want '1'=aborted)
PASS  out_of_data    err=4   A='1' (want '1'=aborted)
PASS  undef_line     err=8   A='1' (want '1'=aborted)
PASS  divzero        err=11  A='1' (want '1'=aborted)
PASS  int_overflow   err=6   A='1' (want '1'=aborted)

--- FAMILY A: zerobas == reference (C-BIOS_MSX1_EU_REPACK_DISK) ---
PASS  illegal_fn     zb='1' ref='1'
PASS  subscript      zb='1' ref='1'
PASS  next_nofor     zb='1' ref='1'
PASS  ret_nogosub    zb='1' ref='1'
PASS  redim          zb='1' ref='1'
PASS  type_mismatch  zb='1' ref='1'
PASS  out_of_data    zb='1' ref='1'
PASS  undef_line     zb='1' ref='1'
PASS  divzero        zb='1' ref='1'
PASS  int_overflow   zb='1' ref='1'

--- FAMILY B: ' in <line>' structure ---
PASS  [ref] run@10   in-line='10' (want '10')
PASS  [ref] run@30   in-line='30' (want '30')
PASS  [ref] direct   in-line=None (want None)
PASS  [zb] run@10   in-line='10' (want '10')
PASS  [zb] run@30   in-line='30' (want '30')
PASS  [zb] direct   in-line=None (want None)

--- FAMILY C: S2a dispatcher (ERROR n / ERR / ERL) ---
PASS  [zb] error5_direct  message contains 'Illegal function call' = True
PASS  [zb] error5_direct  in-line=None (want None, direct mode)
PASS  [zb] error5_run     in-line='10' (want '10')
PASS  [ref] err_after      value='5' (want '5')
PASS  [ref] erl_run        value='10' (want '10')
PASS  [ref] erl_direct     value='65535' (want '65535')
PASS  [ref] err_persist    value='11' (want '11')
PASS  [ref] erl_persist    value='10' (want '10')
PASS  [zb]  err_after      value='5' (want '5')
PASS  [zb]  erl_run        value='10' (want '10')
PASS  [zb]  erl_direct     value='65535' (want '65535')
PASS  [zb]  err_persist    value='11' (want '11')
PASS  [zb]  erl_persist    value='10' (want '10')

ALL PASS
