python3 tools/install-repack-machine.py --merged build/zerobas-main-eu.rom --disk-rom build/disk.rom \
	  --sub-rom build/sub.rom
wrote C-BIOS_MSX1_EU_REPACK_DISK  (-> machine "C-BIOS_MSX1_EU_REPACK_DISK": merged repack ROM in slot 0, zerobas-disk in slot 3-1, zerobas-sub in slot 3-2)
     /Users/joost/.openMSX/share/machines/C-BIOS_MSX1_EU_REPACK_DISK.xml
python3 probes/basic/basic_probe_lineerr.py --gate \
	         
D-LINERR — LINE's SCREEN-mode refusal is the LAST thing it does    sides: vg8020, cf3300, zb
==============================================================================
ok   m.s2.ok       vg8020=' 0 , 20 , 21 '  cf3300=' 0 , 20 , 21 '  zb=' 0 , 20 , 21 '   [NEGATIVE CONTROL — the (X,Y) instrument: a clean LINE completes]
ok   m.s0          vg8020=' 5 , 20 , 21 '  cf3300=' 5 , 20 , 21 '  zb=' 5 , 20 , 21 '
ok   m.s1          vg8020=' 5 , 20 , 21 '  cf3300=' 5 , 20 , 21 '  zb=' 5 , 20 , 21 '
ok   m.s3          vg8020=' 0 , 20 , 21 '  cf3300=' 0 , 20 , 21 '  zb=' 0 , 20 , 21 '
ok   m.s0.tm       vg8020=' 13 , 11 , 12 '  cf3300=' 13 , 11 , 12 '  zb=' 13 , 11 , 12 '
ok   m.s0.tm1      vg8020=' 13 , 7 , 4 '  cf3300=' 13 , 7 , 4 '  zb=' 13 , 7 , 4 '
ok   m.s0.dz       vg8020=' 11 , 11 , 12 '  cf3300=' 11 , 11 , 12 '  zb=' 11 , 11 , 12 '
ok   m.s0.ov       vg8020=' 6 , 11 , 12 '  cf3300=' 6 , 11 , 12 '  zb=' 6 , 11 , 12 '
ok   m.s0.col      vg8020=' 5 , 20 , 21 '  cf3300=' 5 , 20 , 21 '  zb=' 5 , 20 , 21 '
ok   m.s0.colt     vg8020=' 5 , 20 , 21 '  cf3300=' 5 , 20 , 21 '  zb=' 5 , 20 , 21 '
ok   m.s0.box      vg8020=' 5 , 20 , 21 '  cf3300=' 5 , 20 , 21 '  zb=' 5 , 20 , 21 '
ok   m.s0.syn      vg8020=' 2 , 11 , 12 '  cf3300=' 2 , 11 , 12 '  zb=' 2 , 11 , 12 '
ok   m.s0.dash     vg8020=' 2 , 11 , 12 '  cf3300=' 2 , 11 , 12 '  zb=' 2 , 11 , 12 '
ok   m.s0.bare     vg8020=' 2 , 7 , 4 '  cf3300=' 2 , 7 , 4 '  zb=' 2 , 7 , 4 '
ok   m.s0.cont     vg8020=' 5 , 20 , 21 '  cf3300=' 5 , 20 , 21 '  zb=' 5 , 20 , 21 '
ok   m.s0.bf       vg8020=' 5 , 20 , 21 '  cf3300=' 5 , 20 , 21 '  zb=' 5 , 20 , 21 '
ok   m.s1.tm       vg8020=' 13 , 11 , 12 '  cf3300=' 13 , 11 , 12 '  zb=' 13 , 11 , 12 '
ok   m.s1.dz       vg8020=' 11 , 11 , 12 '  cf3300=' 11 , 11 , 12 '  zb=' 11 , 11 , 12 '
ok   t.x1          vg8020=' 13 , 7 , 4 '  cf3300=' 13 , 7 , 4 '  zb=' 13 , 7 , 4 '
ok   t.y1          vg8020=' 13 , 7 , 4 '  cf3300=' 13 , 7 , 4 '  zb=' 13 , 7 , 4 '
ok   t.x2          vg8020=' 13 , 11 , 12 '  cf3300=' 13 , 11 , 12 '  zb=' 13 , 11 , 12 '
ok   t.y2          vg8020=' 13 , 11 , 12 '  cf3300=' 13 , 11 , 12 '  zb=' 13 , 11 , 12 '
ok   t.mt          vg8020=' 13 , 11 , 12 '  cf3300=' 13 , 11 , 12 '  zb=' 13 , 11 , 12 '
ok   t.strv        vg8020=' 13 , 11 , 12 '  cf3300=' 13 , 11 , 12 '  zb=' 13 , 11 , 12 '
ok   t.col         vg8020=' 13 , 20 , 21 '  cf3300=' 13 , 20 , 21 '  zb=' 13 , 20 , 21 '
ok   t.step        vg8020=' 13 , 7 , 4 '  cf3300=' 13 , 7 , 4 '  zb=' 13 , 7 , 4 '
ok   t.cont        vg8020=' 13 , 7 , 4 '  cf3300=' 13 , 7 , 4 '  zb=' 13 , 7 , 4 '
ok   o.x1.dz       vg8020=' 11 , 7 , 4 '  cf3300=' 11 , 7 , 4 '  zb=' 11 , 7 , 4 '
ok   o.y1.dz       vg8020=' 11 , 7 , 4 '  cf3300=' 11 , 7 , 4 '  zb=' 11 , 7 , 4 '
ok   o.x2.dz       vg8020=' 11 , 11 , 12 '  cf3300=' 11 , 11 , 12 '  zb=' 11 , 11 , 12 '
ok   o.y2.dz       vg8020=' 11 , 11 , 12 '  cf3300=' 11 , 11 , 12 '  zb=' 11 , 11 , 12 '
ok   o.x2.s5       vg8020=' 5 , 11 , 12 '  cf3300=' 5 , 11 , 12 '  zb=' 5 , 11 , 12 '
ok   o.x2.ov       vg8020=' 6 , 11 , 12 '  cf3300=' 6 , 11 , 12 '  zb=' 6 , 11 , 12 '
ok   o.col.dz      vg8020=' 11 , 20 , 21 '  cf3300=' 11 , 20 , 21 '  zb=' 11 , 20 , 21 '
ok   o.ovdz        vg8020=' 11 , 11 , 12 '  cf3300=' 11 , 11 , 12 '  zb=' 11 , 11 , 12 '
ok   o.ov5         vg8020=' 5 , 11 , 12 '  cf3300=' 5 , 11 , 12 '  zb=' 5 , 11 , 12 '
ok   o.x1.ovdz     vg8020=' 11 , 7 , 4 '  cf3300=' 11 , 7 , 4 '  zb=' 11 , 7 , 4 '
ok   o.col.ovdz    vg8020=' 11 , 20 , 21 '  cf3300=' 11 , 20 , 21 '  zb=' 11 , 20 , 21 '
ok   c.300         vg8020=' 0 , 300 , 21 '  cf3300=' 0 , 300 , 21 '  zb=' 0 , 300 , 21 '   [NEGATIVE CONTROL — off-screen is LEGAL (a silent no-op)]
ok   c.neg         vg8020=' 0 , 65535 , 21 '  cf3300=' 0 , 65535 , 21 '  zb=' 0 , 65535 , 21 '
ok   c.32767       vg8020=' 0 , 32767 , 21 '  cf3300=' 0 , 32767 , 21 '  zb=' 0 , 32767 , 21 '
ok   c.32768       vg8020=' 6 , 11 , 12 '  cf3300=' 6 , 11 , 12 '  zb=' 6 , 11 , 12 '
ok   c.m32768      vg8020=' 0 , 32768 , 21 '  cf3300=' 0 , 32768 , 21 '  zb=' 0 , 32768 , 21 '
ok   c.m32769      vg8020=' 6 , 11 , 12 '  cf3300=' 6 , 11 , 12 '  zb=' 6 , 11 , 12 '
ok   c.70000       vg8020=' 6 , 11 , 12 '  cf3300=' 6 , 11 , 12 '  zb=' 6 , 11 , 12 '
ok   c.ovy2        vg8020=' 6 , 11 , 12 '  cf3300=' 6 , 11 , 12 '  zb=' 6 , 11 , 12 '
ok   c.ovx1        vg8020=' 6 , 7 , 4 '  cf3300=' 6 , 7 , 4 '  zb=' 6 , 7 , 4 '
ok   c.ovy1        vg8020=' 6 , 7 , 4 '  cf3300=' 6 , 7 , 4 '  zb=' 6 , 7 , 4 '
ok   c.frac        vg8020=' 0 , 20 , 21 '  cf3300=' 0 , 20 , 21 '  zb=' 0 , 20 , 21 '
ok   k.15          vg8020=' 0 , 20 , 21 '  cf3300=' 0 , 20 , 21 '  zb=' 0 , 20 , 21 '   [NEGATIVE CONTROL — an in-domain colour is accepted]
ok   k.16          vg8020=' 5 , 20 , 21 '  cf3300=' 5 , 20 , 21 '  zb=' 5 , 20 , 21 '
ok   k.neg         vg8020=' 5 , 20 , 21 '  cf3300=' 5 , 20 , 21 '  zb=' 5 , 20 , 21 '
ok   k.255         vg8020=' 5 , 20 , 21 '  cf3300=' 5 , 20 , 21 '  zb=' 5 , 20 , 21 '
ok   k.big         vg8020=' 6 , 20 , 21 '  cf3300=' 6 , 20 , 21 '  zb=' 6 , 20 , 21 '
ok   k.frac        vg8020=' 0 , 20 , 21 '  cf3300=' 0 , 20 , 21 '  zb=' 0 , 20 , 21 '
ok   k.b16         vg8020=' 5 , 20 , 21 '  cf3300=' 5 , 20 , 21 '  zb=' 5 , 20 , 21 '
ok   k.pset16      vg8020=' 5 , 20 , 21 '  cf3300=' 5 , 20 , 21 '  zb=' 5 , 20 , 21 '
ok   a.bare        vg8020=' 2 , 7 , 4 '  cf3300=' 2 , 7 , 4 '  zb=' 2 , 7 , 4 '
ok   a.p1          vg8020=' 2 , 11 , 12 '  cf3300=' 2 , 11 , 12 '  zb=' 2 , 11 , 12 '
ok   a.dash        vg8020=' 2 , 11 , 12 '  cf3300=' 2 , 11 , 12 '  zb=' 2 , 11 , 12 '
ok   a.dashc       vg8020=' 2 , 11 , 12 '  cf3300=' 2 , 11 , 12 '  zb=' 2 , 11 , 12 '
ok   a.nox         vg8020=' 2 , 7 , 4 '  cf3300=' 2 , 7 , 4 '  zb=' 2 , 7 , 4 '
ok   a.noy         vg8020=' 2 , 7 , 4 '  cf3300=' 2 , 7 , 4 '  zb=' 2 , 7 , 4 '
ok   a.nocomma     vg8020=' 2 , 7 , 4 '  cf3300=' 2 , 7 , 4 '  zb=' 2 , 7 , 4 '
ok   a.noclose     vg8020=' 2 , 7 , 4 '  cf3300=' 2 , 7 , 4 '  zb=' 2 , 7 , 4 '
ok   a.noparen     vg8020=' 2 , 7 , 4 '  cf3300=' 2 , 7 , 4 '  zb=' 2 , 7 , 4 '
ok   a.trailc      vg8020=' 24 , 20 , 21 '  cf3300=' 24 , 20 , 21 '  zb=' 24 , 20 , 21 '
ok   a.trailcolon  vg8020=' 24 , 20 , 21 '  cf3300=' 24 , 20 , 21 '  zb=' 24 , 20 , 21 '
ok   a.boxcolon    vg8020=' 2 , 20 , 21 '  cf3300=' 2 , 20 , 21 '  zb=' 2 , 20 , 21 '
ok   a.badbox      vg8020=' 2 , 20 , 21 '  cf3300=' 2 , 20 , 21 '  zb=' 2 , 20 , 21 '
ok   a.boxc        vg8020=' 2 , 20 , 21 '  cf3300=' 2 , 20 , 21 '  zb=' 2 , 20 , 21 '
ok   a.b           vg8020=' 0 , 20 , 21 '  cf3300=' 0 , 20 , 21 '  zb=' 0 , 20 , 21 '   [NEGATIVE CONTROL — the ,B form is reachable and accepted]
ok   a.bf          vg8020=' 0 , 20 , 21 '  cf3300=' 0 , 20 , 21 '  zb=' 0 , 20 , 21 '
ok   a.cb          vg8020=' 0 , 20 , 21 '  cf3300=' 0 , 20 , 21 '  zb=' 0 , 20 , 21 '
ok   a.cont        vg8020=' 0 , 20 , 21 '  cf3300=' 0 , 20 , 21 '  zb=' 0 , 20 , 21 '   [NEGATIVE CONTROL — the '-' continuation form is accepted]
ok   a.step        vg8020=' 0 , 10 , 7 '  cf3300=' 0 , 10 , 7 '  zb=' 0 , 10 , 7 '
ok   a.colon       vg8020=' 0 , 20 , 21 '  cf3300=' 0 , 20 , 21 '  zb=' 0 , 20 , 21 '
ok   v.pset0       vg8020=' 5 , 20 , 21 '  cf3300=' 5 , 20 , 21 '  zb=' 5 , 20 , 21 '
ok   v.preset0     vg8020=' 5 , 20 , 21 '  cf3300=' 5 , 20 , 21 '  zb=' 5 , 20 , 21 '
ok   v.pset0.tm    vg8020=' 13 , 7 , 4 '  cf3300=' 13 , 7 , 4 '  zb=' 13 , 7 , 4 '
ok   v.pset0.col   vg8020=' 5 , 20 , 21 '  cf3300=' 5 , 20 , 21 '  zb=' 5 , 20 , 21 '
ok   v.circ0       vg8020=' 5 , 20 , 21 '  cf3300=' 5 , 20 , 21 '  zb=' 5 , 20 , 21 '
ok   v.circ0.tm    vg8020=' 13 , 7 , 4 '  cf3300=' 13 , 7 , 4 '  zb=' 13 , 7 , 4 '
ok   v.circ0.r     vg8020=' 11 , 20 , 21 '  cf3300=' 11 , 20 , 21 '  zb=' 11 , 20 , 21 '
ok   v.paint0      vg8020=' 5 , 20 , 21 '  cf3300=' 5 , 20 , 21 '  zb=' 5 , 20 , 21 '
ok   v.paint0.tm   vg8020=' 13 , 7 , 4 '  cf3300=' 13 , 7 , 4 '  zb=' 13 , 7 , 4 '
ok   v.circ0.c     vg8020=' 5 , 20 , 21 '  cf3300=' 5 , 20 , 21 '  zb=' 5 , 20 , 21 '
ok   v.circ0.rt    vg8020=' 13 , 20 , 21 '  cf3300=' 13 , 20 , 21 '  zb=' 13 , 20 , 21 '
ok   v.paint0.c    vg8020=' 5 , 20 , 21 '  cf3300=' 5 , 20 , 21 '  zb=' 5 , 20 , 21 '
ok   v.pset2.col   vg8020=' 11 , 20 , 21 '  cf3300=' 11 , 20 , 21 '  zb=' 11 , 20 , 21 '
ok   v.circ2.c     vg8020=' 11 , 20 , 21 '  cf3300=' 11 , 20 , 21 '  zb=' 11 , 20 , 21 '
ok   v.paint2.c    vg8020=' 11 , 20 , 21 '  cf3300=' 11 , 20 , 21 '  zb=' 11 , 20 , 21 '
ok   v.pset3       vg8020=' 0 , 20 , 21 '  cf3300=' 0 , 20 , 21 '  zb=' 0 , 20 , 21 '
ok   v.draw0       vg8020=' 5 , 7 , 4 '  cf3300=' 5 , 7 , 4 '  zb=' 5 , 7 , 4 '
ok   v.point0      vg8020=' 0 , 7 , 4 '  cf3300=' 0 , 7 , 4 '  zb=' 0 , 7 , 4 '   [NEGATIVE CONTROL — POINT has no precheck: not 'graphics in SCREEN 0' generally]
ok   p.off0        vg8020=' 5 , 300 , 100 '  cf3300=' 5 , 300 , 100 '  zb=' 5 , 300 , 100 '
ok   p.off2        vg8020=' 5 , 300 , 100 '  cf3300=' 5 , 300 , 100 '  zb=' 5 , 300 , 100 '
ok   p.off1        vg8020=' 5 , 300 , 100 '  cf3300=' 5 , 300 , 100 '  zb=' 5 , 300 , 100 '
ok   p.oy0         vg8020=' 5 , 20 , 200 '  cf3300=' 5 , 20 , 200 '  zb=' 5 , 20 , 200 '
ok   p.oy2         vg8020=' 5 , 20 , 200 '  cf3300=' 5 , 20 , 200 '  zb=' 5 , 20 , 200 '
ok   p.neg0        vg8020=' 5 , 65535 , 100 '  cf3300=' 5 , 65535 , 100 '  zb=' 5 , 65535 , 100 '
ok   p.neg2        vg8020=' 5 , 65535 , 100 '  cf3300=' 5 , 65535 , 100 '  zb=' 5 , 65535 , 100 '
ok   p.negy2       vg8020=' 5 , 20 , 65535 '  cf3300=' 5 , 20 , 65535 '  zb=' 5 , 20 , 65535 '
ok   p.x256        vg8020=' 5 , 256 , 191 '  cf3300=' 5 , 256 , 191 '  zb=' 5 , 256 , 191 '
ok   p.y192        vg8020=' 5 , 255 , 192 '  cf3300=' 5 , 255 , 192 '  zb=' 5 , 255 , 192 '
ok   p.ov0         vg8020=' 6 , 7 , 4 '  cf3300=' 6 , 7 , 4 '  zb=' 6 , 7 , 4 '
ok   p.step0       vg8020=' 5 , 307 , 104 '  cf3300=' 5 , 307 , 104 '  zb=' 5 , 307 , 104 '
ok   p.ok2         vg8020=' 0 , 20 , 20 '  cf3300=' 0 , 20 , 20 '  zb=' 0 , 20 , 20 '   [NEGATIVE CONTROL — a legal PAINT completes and the SEED is what lands in the work area (the box left it elsewhere)]
ok   p.edge2       vg8020=' 0 , 255 , 191 '  cf3300=' 0 , 255 , 191 '  zb=' 0 , 255 , 191 '   [NEGATIVE CONTROL — (255,191) is ON-screen: the domain edge from INSIDE, so p.x256/p.y192 are an edge and not 'all refuse']
ok   g.ps.off      vg8020=' 0 , 300 , 100 '  cf3300=' 0 , 300 , 100 '  zb=' 0 , 300 , 100 '
ok   g.ps.x256     vg8020=' 0 , 256 , 191 '  cf3300=' 0 , 256 , 191 '  zb=' 0 , 256 , 191 '
ok   g.ps.y192     vg8020=' 0 , 255 , 192 '  cf3300=' 0 , 255 , 192 '  zb=' 0 , 255 , 192 '
ok   g.ps.edge     vg8020=' 0 , 255 , 191 '  cf3300=' 0 , 255 , 191 '  zb=' 0 , 255 , 191 '   [NEGATIVE CONTROL — the same edge from inside at the SILENT caller: (255,191) plots]
ok   g.ps.neg      vg8020=' 0 , 65535 , 100 '  cf3300=' 0 , 65535 , 100 '  zb=' 0 , 65535 , 100 '
ok   g.pr.off      vg8020=' 0 , 300 , 100 '  cf3300=' 0 , 300 , 100 '  zb=' 0 , 300 , 100 '
ok   g.pt.off      vg8020=' 0 , 0 , 0 '  cf3300=' 0 , 0 , 0 '  zb=' 0 , 0 , 0 '
ok   g.pt.x256     vg8020=' 0 , 0 , 0 '  cf3300=' 0 , 0 , 0 '  zb=' 0 , 0 , 0 '
ok   g.pt.y192     vg8020=' 0 , 0 , 0 '  cf3300=' 0 , 0 , 0 '  zb=' 0 , 0 , 0 '
ok   g.pt.neg      vg8020=' 0 , 0 , 0 '  cf3300=' 0 , 0 , 0 '  zb=' 0 , 0 , 0 '
ok   g.pt.edge     vg8020=' 0 , 16 , 16 '  cf3300=' 0 , 16 , 16 '  zb=' 0 , 16 , 16 '   [NEGATIVE CONTROL — POINT returns a REAL COLOUR (15+1), not just -1-or-0, so the g.pt.* readings mean something]
ok   g.pt.clear    vg8020=' 0 , 5 , 5 '  cf3300=' 0 , 5 , 5 '  zb=' 0 , 5 , 5 '   [NEGATIVE CONTROL — POINT reads the BACKGROUND (4+1) on an untouched pixel]
ok   g.pt.on       vg8020=' 0 , 7 , 4 '  cf3300=' 0 , 7 , 4 '  zb=' 0 , 7 , 4 '
ok   g.pt.step     vg8020=' 0 , 7 , 4 '  cf3300=' 0 , 7 , 4 '  zb=' 0 , 7 , 4 '
ok   d.tm0         vg8020=' 5 , 7 , 4 '  cf3300=' 5 , 7 , 4 '  zb=' 5 , 7 , 4 '
ok   d.tm1         vg8020=' 5 , 7 , 4 '  cf3300=' 5 , 7 , 4 '  zb=' 5 , 7 , 4 '
ok   d.tmx0        vg8020=' 5 , 7 , 4 '  cf3300=' 5 , 7 , 4 '  zb=' 5 , 7 , 4 '
ok   d.mt0         vg8020=' 5 , 7 , 4 '  cf3300=' 5 , 7 , 4 '  zb=' 5 , 7 , 4 '
ok   d.dz0         vg8020=' 5 , 7 , 4 '  cf3300=' 5 , 7 , 4 '  zb=' 5 , 7 , 4 '
ok   d.ov0         vg8020=' 5 , 7 , 4 '  cf3300=' 5 , 7 , 4 '  zb=' 5 , 7 , 4 '
ok   d.tm2         vg8020=' 13 , 7 , 4 '  cf3300=' 13 , 7 , 4 '  zb=' 13 , 7 , 4 '   [NEGATIVE CONTROL — the references DO answer 13 to a numeric DRAW argument, in the mode where the gate is out of the way]
ok   d.dz2         vg8020=' 11 , 7 , 4 '  cf3300=' 11 , 7 , 4 '  zb=' 11 , 7 , 4 '
ok   d.ov2         vg8020=' 6 , 7 , 4 '  cf3300=' 6 , 7 , 4 '  zb=' 6 , 7 , 4 '
ok   d.ok2         vg8020=' 0 , 17 , 4 '  cf3300=' 0 , 17 , 4 '  zb=' 0 , 17 , 4 '   [NEGATIVE CONTROL — a DRAW that COMPLETES moves the work area, so the d.* refusals are not 'DRAW does nothing']
ok   d.b2          vg8020=' 0 , 17 , 4 '  cf3300=' 0 , 17 , 4 '  zb=' 0 , 17 , 4 '
ok   d.n2          vg8020=' 0 , 7 , 4 '  cf3300=' 0 , 7 , 4 '  zb=' 0 , 7 , 4 '
ok   d.up2         vg8020=' 0 , 7 , 14 '  cf3300=' 0 , 7 , 14 '  zb=' 0 , 7 , 14 '
ok   d.bad2        vg8020=' 5 , 7 , 4 '  cf3300=' 5 , 7 , 4 '  zb=' 5 , 7 , 4 '
ok   d.part2       vg8020=' 5 , 17 , 4 '  cf3300=' 5 , 17 , 4 '  zb=' 5 , 17 , 4 '
ok   d.marg2       vg8020=' 5 , 7 , 4 '  cf3300=' 5 , 7 , 4 '  zb=' 5 , 7 , 4 '
ok   d.empty2      vg8020=' 0 , 7 , 4 '  cf3300=' 0 , 7 , 4 '  zb=' 0 , 7 , 4 '   [NEGATIVE CONTROL — an empty DRAW string is ACCEPTED]
ok   d.empty0      vg8020=' 5 , 7 , 4 '  cf3300=' 5 , 7 , 4 '  zb=' 5 , 7 , 4 '   [NEGATIVE CONTROL — …and still refused in the wrong mode: the gate must not fall below the tenant walk]
ok   d.lit2        vg8020=' 0 , 7 , 25540 '  cf3300=' 0 , 7 , 25540 '  zb=' 0 , 7 , 25540 '
ok   d.sub2        vg8020=' 6 , 7 , 4 '  cf3300=' 6 , 7 , 4 '  zb=' 6 , 7 , 4 '
ok   d.s8.10       vg8020=' 0 , 7 , 65520 '  cf3300=' 0 , 7 , 65520 '  zb=' 0 , 7 , 65520 '
ok   d.s2.10       vg8020=' 0 , 7 , 65535 '  cf3300=' 0 , 7 , 65535 '  zb=' 0 , 7 , 65535 '
ok   d.s4.32k      vg8020=' 0 , 7 , 5 '  cf3300=' 0 , 7 , 5 '  zb=' 0 , 7 , 5 '
ok   d.s4.40k      vg8020=' 0 , 7 , 58308 '  cf3300=' 0 , 7 , 58308 '  zb=' 0 , 7 , 58308 '
ok   d.def32k      vg8020=' 0 , 7 , 32773 '  cf3300=' 0 , 7 , 32773 '  zb=' 0 , 7 , 32773 '
ok   d.def10       vg8020=' 0 , 7 , 65530 '  cf3300=' 0 , 7 , 65530 '  zb=' 0 , 7 , 65530 '
ok   d.def8k       vg8020=' 0 , 7 , 57348 '  cf3300=' 0 , 7 , 57348 '  zb=' 0 , 7 , 57348 '
ok   d.s4.8k       vg8020=' 0 , 7 , 57348 '  cf3300=' 0 , 7 , 57348 '  zb=' 0 , 7 , 57348 '
ok   d.defd40k     vg8020=' 0 , 7 , 40004 '  cf3300=' 0 , 7 , 40004 '  zb=' 0 , 7 , 40004 '
ok   d.defr40k     vg8020=' 0 , 40007 , 4 '  cf3300=' 0 , 40007 , 4 '  zb=' 0 , 40007 , 4 '
ok   d.a0.32k      vg8020=' 0 , 7 , 32773 '  cf3300=' 0 , 7 , 32773 '  zb=' 0 , 7 , 32773 '
ok   d.c1.32k      vg8020=' 0 , 7 , 32773 '  cf3300=' 0 , 7 , 32773 '  zb=' 0 , 7 , 32773 '
ok   d.a0.10       vg8020=' 0 , 7 , 65530 '  cf3300=' 0 , 7 , 65530 '  zb=' 0 , 7 , 65530 '
ok   d.a1.10       vg8020=' 0 , 65533 , 4 '  cf3300=' 0 , 65533 , 4 '  zb=' 0 , 65533 , 4 '
ok   d.prev32k     vg8020=' 0 , 7 , 5 '  cf3300=' 0 , 7 , 5 '  zb=' 0 , 7 , 5 '
ok   d.post32k     vg8020=' 0 , 7 , 32773 '  cf3300=' 0 , 7 , 32773 '  zb=' 0 , 7 , 32773 '
ok   d.p8.s2       vg8020=' 0 , 7 , 57348 '  cf3300=' 0 , 7 , 57348 '  zb=' 0 , 7 , 57348 '
ok   d.p8.s8       vg8020=' 0 , 7 , 57348 '  cf3300=' 0 , 7 , 57348 '  zb=' 0 , 7 , 57348 '
ok   d.p8.s1       vg8020=' 0 , 7 , 57348 '  cf3300=' 0 , 7 , 57348 '  zb=' 0 , 7 , 57348 '
ok   d.p8.s4b      vg8020=' 0 , 7 , 57348 '  cf3300=' 0 , 7 , 57348 '  zb=' 0 , 7 , 57348 '
ok   d.p8.neg      vg8020=' 0 , 7 , 57348 '  cf3300=' 0 , 7 , 57348 '  zb=' 0 , 7 , 57348 '
ok   d.p7ffc       vg8020=' 0 , 7 , 57349 '  cf3300=' 0 , 7 , 57349 '  zb=' 0 , 7 , 57349 '
ok   d.p8004       vg8020=' 0 , 7 , 8195 '  cf3300=' 0 , 7 , 8195 '  zb=' 0 , 7 , 8195 '
ok   d.p0          vg8020=' 0 , 12 , 4 '  cf3300=' 0 , 12 , 4 '  zb=' 0 , 12 , 4 '
ok   d.def8193     vg8020=' 0 , 7 , 57347 '  cf3300=' 0 , 7 , 57347 '  zb=' 0 , 7 , 57347 '
ok   d.defneg      vg8020=' 0 , 7 , 8196 '  cf3300=' 0 , 7 , 8196 '  zb=' 0 , 7 , 8196 '
ok   d.str2        vg8020=' 0 , 17 , 4 '  cf3300=' 0 , 17 , 4 '  zb=' 0 , 17 , 4 '
ok   d.cat2        vg8020=' 0 , 17 , 4 '  cf3300=' 0 , 17 , 4 '  zb=' 0 , 17 , 4 '
ok   d.spc2        vg8020=' 0 , 17 , 4 '  cf3300=' 0 , 17 , 4 '  zb=' 0 , 17 , 4 '
ok   d.avar2       vg8020=' 0 , 17 , 4 '  cf3300=' 0 , 17 , 4 '  zb=' 0 , 17 , 4 '
ok   d.strv2       vg8020=' 0 , 17 , 4 '  cf3300=' 0 , 17 , 4 '  zb=' 0 , 17 , 4 '
ok   w.s2          vg8020=' 0 , 20 , 21 '  cf3300=' 0 , 20 , 21 '  zb=' 0 , 20 , 21 '   [NEGATIVE CONTROL — the GXPOS instrument: a drawn LINE moves it]
ok   w.s0          vg8020=' 5 , 20 , 21 '  cf3300=' 5 , 20 , 21 '  zb=' 5 , 20 , 21 '
ok   w.s0.tm       vg8020=' 13 , 11 , 12 '  cf3300=' 13 , 11 , 12 '  zb=' 13 , 11 , 12 '
ok   w.s2.col      vg8020=' 11 , 20 , 21 '  cf3300=' 11 , 20 , 21 '  zb=' 11 , 20 , 21 '
ok   w.paint0.off  vg8020=' 5 , 300 , 100 '  cf3300=' 5 , 300 , 100 '  zb=' 5 , 300 , 100 '
ok   w.paint2.off  vg8020=' 5 , 300 , 100 '  cf3300=' 5 , 300 , 100 '  zb=' 5 , 300 , 100 '
ok   w.pt.on       vg8020=' 0 , 7 , 4 '  cf3300=' 0 , 7 , 4 '  zb=' 0 , 7 , 4 '
ok   w.pt.off      vg8020=' 0 , 7 , 4 '  cf3300=' 0 , 7 , 4 '  zb=' 0 , 7 , 4 '
ok   w.pt.step     vg8020=' 0 , 7 , 4 '  cf3300=' 0 , 7 , 4 '  zb=' 0 , 7 , 4 '
ok   w.ps.off      vg8020=' 0 , 300 , 100 '  cf3300=' 0 , 300 , 100 '  zb=' 0 , 300 , 100 '
ok   w.draw0       vg8020=' 5 , 7 , 4 '  cf3300=' 5 , 7 , 4 '  zb=' 5 , 7 , 4 '
ok   w.d.ok2       vg8020=' 0 , 17 , 4 '  cf3300=' 0 , 17 , 4 '  zb=' 0 , 17 , 4 '
ok   w.d.b2        vg8020=' 0 , 7 , 4 '  cf3300=' 0 , 7 , 4 '  zb=' 0 , 7 , 4 '
ok   w.d.n2        vg8020=' 0 , 17 , 4 '  cf3300=' 0 , 17 , 4 '  zb=' 0 , 17 , 4 '
ok   w.d.up2       vg8020=' 0 , 7 , 24 '  cf3300=' 0 , 7 , 24 '  zb=' 0 , 7 , 24 '
ok   n.zork        vg8020=' 2 , 7 , 4 '  cf3300=' 2 , 7 , 4 '  zb=' 2 , 7 , 4 '   [NEGATIVE CONTROL — a syntax error outside LINE stays ERR 2]
ok   n.dzw         vg8020=' 11 , 7 , 4 '  cf3300=' 11 , 7 , 4 '  zb=' 11 , 7 , 4 '   [NEGATIVE CONTROL — one numeric fault at a checking reader]
ok   n.tmw         vg8020=' 13 , 7 , 4 '  cf3300=' 13 , 7 , 4 '  zb=' 13 , 7 , 4 '   [NEGATIVE CONTROL — a type fault at a checking reader is 13]
ok   n.strdz       vg8020=' 11 , 7 , 4 '  cf3300=' 11 , 7 , 4 '  zb=' 11 , 7 , 4 '
ok   n.strov       vg8020=' 6 , 7 , 4 '  cf3300=' 6 , 7 , 4 '  zb=' 6 , 7 , 4 '
ok   n.sprdz       vg8020=' 11 , 7 , 4 '  cf3300=' 11 , 7 , 4 '  zb=' 11 , 7 , 4 '
ok   n.cat13       vg8020=' 0 , 7 , 4 '  cf3300=' 0 , 7 , 4 '  zb=' 0 , 7 , 4 '
ok   n.catl        vg8020=' 0 , 7 , 4 '  cf3300=' 0 , 7 , 4 '  zb=' 0 , 7 , 4 '
ok   n.drawvar     vg8020=' 0 , 17 , 4 '  cf3300=' 0 , 17 , 4 '  zb=' 0 , 17 , 4 '
ok   n.drawsp      vg8020=' 0 , 17 , 4 '  cf3300=' 0 , 17 , 4 '  zb=' 0 , 17 , 4 '
ok   d.sp.num      vg8020=' 0 , 17 , 4 '  cf3300=' 0 , 17 , 4 '  zb=' 0 , 17 , 4 '
ok   d.sp.sgn      vg8020=' 0 , 2 , 4 '  cf3300=' 0 , 2 , 4 '  zb=' 0 , 2 , 4 '
ok   d.sp.m1       vg8020=' 0 , 53 , 37 '  cf3300=' 0 , 53 , 37 '  zb=' 0 , 53 , 37 '
ok   d.sp.m2       vg8020=' 0 , 53 , 37 '  cf3300=' 0 , 53 , 37 '  zb=' 0 , 53 , 37 '
ok   u.s0          vg8020='Illegal function call in 20'  cf3300='Illegal function call in 20'  zb='Illegal function call in 20'
ok   u.s0.tm       vg8020='Type mismatch in 20'  cf3300='Type mismatch in 20'  zb='Type mismatch in 20'
ok   u.s0.dz       vg8020='Division by zero in 20'  cf3300='Division by zero in 20'  zb='Division by zero in 20'
ok   u.s0.col      vg8020='Illegal function call in 20'  cf3300='Illegal function call in 20'  zb='Illegal function call in 20'
ok   u.bare        vg8020='Syntax error in 20'  cf3300='Syntax error in 20'  zb='Syntax error in 20'
ok   u.draw0       vg8020='Illegal function call in 20'  cf3300='Illegal function call in 20'  zb='Illegal function call in 20'
ok   u.zork        vg8020='Syntax error in 20'  cf3300='Syntax error in 20'  zb='Syntax error in 20'   [NEGATIVE CONTROL — the untrapped reading itself]
ROWS: 210 printed, 210 scored — 210 agree, 0 diverge, 0 deferred (not scored)
==============================================================================
210/210 readings agree (210 cases, 4 positive controls, 20 negative controls, 0 row(s) with no oracle, 0 DEFERRED row(s) measured but not scored)
READING: trapped rows are `[ ERR , GRPACX , GRPACY ]` — the error code and the LAST-REFERENCED POINT the statement left behind, captured in the handler over a `PSET(7,4)` seed. (7,4) = LINE moved nothing; (11,12) = the first endpoint was staged and it then died; (20,21) = it ran to completion. The w.* rows read GXPOS/GYPOS instead — the OTHER half of the work area, same statements. Untrapped rows are the clipped screen tail of `RUN`.
SIDES: vg8020,cf3300,zb — LINE, PSET, SCREEN, ON ERROR, ERR, RESUME and PEEK are core MSX-BASIC, present on every MSX1, so BOTH references are legitimate oracles for every row here
DENOMINATOR: (WHERE IN `LINE` A FAULT HAPPENS) x (WHAT KIND OF FAULT IT IS), crossed with the SCREEN MODE. The POSITION axis is swept structurally rather than sampled: LINE's grammar is `LINE [[STEP](x1,y1)] - [STEP](x2,y2) [,[c][,B|BF]]`, so every slot that reaches a VALUE is x1, y1, x2, y2 and c -- all five carry a type fault (t.*) and the first four plus c carry a deferred numeric one (o.*) -- and every slot that can END where a value was required is swept by a.* (bare, p1 only, a bare '-', an empty x or y, a trailing comma after the colour, and a box field with no keyword), which is every path through ex_line_gfx and parse_coord. The FAULT axis is the four distinct pending codes 11/6/5/13 (each contributing 0 so the row says WHICH fault survived), plus the coercion's own ERR 6 alone and TOGETHER with a pending code -- the pair that says which of the two is consulted first. The MODE axis is complete for an MSX1: 0, 1, 2, 3. The VALUE domain sweeps the int16 edges (32767/32768, -32768/-32769), past int16 (70000), off-screen-but-legal (300, -1), and the fractional boundary in a slot where truncate-vs-round is visible in GRPAC. NOT swept: what LINE DRAWS once it is accepted (`make graphics-acceptance` owns that, spec-basic-graphics-g3.md), the box tenant's clipping, and PAINT/CIRCLE's own colour domains (spec-basic-graphics-g4/g5). The d.* class extends the POSITION axis to the one verb whose mandatory argument is not a coordinate: DRAW's grammar is `DRAW <string expression>`, so the slots are the EXPRESSION (swept for all three fault kinds it can carry -- 13 from a numeric literal and from both type-mismatch sites, 11 and 6 through STR$) and the STRING's own command language (an unknown letter, a command whose operand is missing, a partial walk that faults after a move has already taken effect, and the empty string), crossed with the modes DRAW is legal and illegal in. Its work area is swept through BOTH halves on the three shapes where they DISAGREE -- the B prefix, the N prefix and an upward segment. NOT swept: what DRAW DRAWS once accepted (spec-basic-graphics-g6.md and its notebook own that), the A/S/C/X commands' own argument domains, and the coroutine's second and later substitution round trips.
