python3 tools/install-repack-machine.py --merged build/zerobas-main-eu.rom --disk-rom build/disk.rom \
	  --sub-rom build/sub.rom
wrote C-BIOS_MSX1_EU_REPACK_DISK  (-> machine "C-BIOS_MSX1_EU_REPACK_DISK": merged repack ROM in slot 0, zerobas-disk in slot 3-1, zerobas-sub in slot 3-2)
     /Users/joost/.openMSX/share/machines/C-BIOS_MSX1_EU_REPACK_DISK.xml
python3 probes/basic/basic_probe_str_domain.py --gate \
	        --zb-machine C-BIOS_MSX1_EU_REPACK_DISK  \
	        
PASS  ctl  ctl-value       PRINT "[";LEN(A$);"]"             
        ref: '[ 3 ]'
PASS  ctl  ctl-ifc         PRINT "[";ASC("");"]"             
        ref: '[|Illegal function call'
PASS  ctl  ctl-str-neg     PRINT "[";LEN(STRING$(-1,65));"]" 
        ref: '[|Illegal function call'
PASS  ctl  ctl-str-256     PRINT "[";LEN(STRING$(256,65));"]"
        ref: '[|Illegal function call'
PASS  ctl  ctl-str-ovf     PRINT "[";LEN(STRING$(99999,65));"
        ref: '[|Overflow'
PASS  ctl  ctl-spc-neg     PRINT "[";LEN(SPACE$(-1));"]"     
        ref: '[|Illegal function call'
PASS  ctl  ctl-spc-ovf     PRINT "[";LEN(SPACE$(99999));"]"  
        ref: '[|Overflow'
PASS  in   chr-in-0        PRINT "[";LEN(CHR$(0));"]"        
        ref: '[ 1 ]'
PASS  in   chr-in-65       PRINT "[";CHR$(65);"]"            
        ref: '[A]'
PASS  in   chr-in-255      PRINT "[";LEN(CHR$(255));"]"      
        ref: '[ 1 ]'
PASS  in   chr-trunc-lo    PRINT "[";CHR$(65.7);"]"          
        ref: '[A]'
PASS  in   chr-trunc-half  PRINT "[";CHR$(64.5);"]"          
        ref: '[@]'
PASS  in   chr-trunc-hi    PRINT "[";LEN(CHR$(255.9));"]"    
        ref: '[ 1 ]'
PASS  in   chr-trunc-neg   PRINT "[";LEN(CHR$(-0.5));"]"     
        ref: '[ 1 ]'
PASS  out  chr-neg1        PRINT "[";LEN(CHR$(-1));"]"       
        ref: '[|Illegal function call'
PASS  out  chr-256         PRINT "[";LEN(CHR$(256));"]"      
        ref: '[|Illegal function call'
PASS  out  chr-32767       PRINT "[";LEN(CHR$(32767));"]"    
        ref: '[|Illegal function call'
PASS  out  chr-32768       PRINT "[";LEN(CHR$(32768));"]"    
        ref: '[|Overflow'
PASS  out  chr-neg32768    PRINT "[";LEN(CHR$(-32768));"]"   
        ref: '[|Illegal function call'
PASS  out  chr-neg32769    PRINT "[";LEN(CHR$(-32769));"]"   
        ref: '[|Overflow'
PASS  out  chr-99999       PRINT "[";LEN(CHR$(99999));"]"    
        ref: '[|Overflow'
PASS  in   left-in-0       PRINT "[";LEFT$(A$,0);"]"         
        ref: '[]'
PASS  in   left-in-2       PRINT "[";LEFT$(A$,2);"]"         
        ref: '[ab]'
PASS  in   left-in-9       PRINT "[";LEFT$(A$,9);"]"         
        ref: '[abc]'
PASS  in   left-in-255     PRINT "[";LEFT$(A$,255);"]"       
        ref: '[abc]'
PASS  out  left-neg1       PRINT "[";LEN(LEFT$(A$,-1));"]"   
        ref: '[|Illegal function call'
PASS  out  left-256        PRINT "[";LEN(LEFT$(A$,256));"]"  
        ref: '[|Illegal function call'
PASS  out  left-32768      PRINT "[";LEN(LEFT$(A$,32768));"]"
        ref: '[|Overflow'
PASS  out  left-99999      PRINT "[";LEN(LEFT$(A$,99999));"]"
        ref: '[|Overflow'
PASS  out  left-empty-neg  PRINT "[";LEN(LEFT$("",-1));"]"   
        ref: '[|Illegal function call'
PASS  in   right-in-0      PRINT "[";RIGHT$(A$,0);"]"        
        ref: '[]'
PASS  in   right-in-2      PRINT "[";RIGHT$(A$,2);"]"        
        ref: '[bc]'
PASS  in   right-in-9      PRINT "[";RIGHT$(A$,9);"]"        
        ref: '[abc]'
PASS  in   right-in-255    PRINT "[";RIGHT$(A$,255);"]"      
        ref: '[abc]'
PASS  out  right-neg1      PRINT "[";LEN(RIGHT$(A$,-1));"]"  
        ref: '[|Illegal function call'
PASS  out  right-256       PRINT "[";LEN(RIGHT$(A$,256));"]" 
        ref: '[|Illegal function call'
PASS  out  right-32768     PRINT "[";LEN(RIGHT$(A$,32768));"]
        ref: '[|Overflow'
PASS  out  right-99999     PRINT "[";LEN(RIGHT$(A$,99999));"]
        ref: '[|Overflow'
PASS  in   mid-p-in-1      PRINT "[";MID$(A$,1);"]"          
        ref: '[abc]'
PASS  in   mid-p-in-3      PRINT "[";MID$(A$,3);"]"          
        ref: '[c]'
PASS  in   mid-p-in-4      PRINT "[";LEN(MID$(A$,4));"]"     
        ref: '[ 0 ]'
PASS  in   mid-p-in-255    PRINT "[";LEN(MID$(A$,255));"]"   
        ref: '[ 0 ]'
PASS  out  mid-p-0         PRINT "[";LEN(MID$(A$,0));"]"     
        ref: '[|Illegal function call'
PASS  out  mid-p-neg1      PRINT "[";LEN(MID$(A$,-1));"]"    
        ref: '[|Illegal function call'
PASS  out  mid-p-256       PRINT "[";LEN(MID$(A$,256));"]"   
        ref: '[|Illegal function call'
PASS  out  mid-p-32768     PRINT "[";LEN(MID$(A$,32768));"]" 
        ref: '[|Overflow'
PASS  out  mid-p-99999     PRINT "[";LEN(MID$(A$,99999));"]" 
        ref: '[|Overflow'
PASS  in   mid-n-in-0      PRINT "[";LEN(MID$(A$,1,0));"]"   
        ref: '[ 0 ]'
PASS  in   mid-n-in-2      PRINT "[";MID$(A$,1,2);"]"        
        ref: '[ab]'
PASS  in   mid-n-in-9      PRINT "[";MID$(A$,1,9);"]"        
        ref: '[abc]'
PASS  in   mid-n-in-255    PRINT "[";LEN(MID$(A$,1,255));"]" 
        ref: '[ 3 ]'
PASS  out  mid-n-neg1      PRINT "[";LEN(MID$(A$,1,-1));"]"  
        ref: '[|Illegal function call'
PASS  out  mid-n-256       PRINT "[";LEN(MID$(A$,1,256));"]" 
        ref: '[|Illegal function call'
PASS  out  mid-n-99999     PRINT "[";LEN(MID$(A$,1,99999));"]
        ref: '[|Overflow'
PASS  ord  ord-p-ovf       PRINT "[";LEN(MID$(A$,99999,-1));"
        ref: '[|Overflow'
PASS  ord  ord-p-ifc       PRINT "[";LEN(MID$(A$,0,99999));"]
        ref: '[|Illegal function call'
PASS  ord  ord-type        PRINT "[";LEN(LEFT$(1,-1));"]"    
        ref: '[|Type mismatch'
PASS  ord  ord-syn         PRINT "[";LEN(MID$(A$,0,));"]"    
        ref: '[|Illegal function call'
PASS  bnd  bnd-str-32767   PRINT "[";LEN(STRING$(32767,65));"
        ref: '[|Illegal function call'
PASS  bnd  bnd-str-n32768  PRINT "[";LEN(STRING$(-32768,65));
        ref: '[|Illegal function call'
PASS  bnd  bnd-str-n32769  PRINT "[";LEN(STRING$(-32769,65));
        ref: '[|Overflow'
PASS  bnd  bnd-spc-n32768  PRINT "[";LEN(SPACE$(-32768));"]" 
        ref: '[|Illegal function call'
PASS  bnd  bnd-left-32767  PRINT "[";LEN(LEFT$(A$,32767));"]"
        ref: '[|Illegal function call'
PASS  bnd  bnd-left-n32768 PRINT "[";LEN(LEFT$(A$,-32768));"]
        ref: '[|Illegal function call'
PASS  bnd  bnd-mid-n32768  PRINT "[";LEN(MID$(A$,-32768));"]"
        ref: '[|Illegal function call'
PASS  stmt stmt-p-in-1     MID$(A$,1)="X":PRINT "[";A$;"]"   
        ref: '[Xbc]'
PASS  stmt stmt-p-0        MID$(A$,0)="X":PRINT "[";A$;"]"   
        ref: 'Illegal function call'
PASS  stmt stmt-p-neg1     MID$(A$,-1)="X":PRINT "[";A$;"]"  
        ref: 'Illegal function call'
PASS  stmt stmt-p-256      MID$(A$,256)="X":PRINT "[";A$;"]" 
        ref: 'Illegal function call'
PASS  stmt stmt-p-99999    MID$(A$,99999)="X":PRINT "[";A$;"]
        ref: 'Overflow'
PASS  stmt stmt-p-past     MID$(A$,4)="X":PRINT "[";A$;"]"   
        ref: 'Illegal function call'
PASS  stmt stmt-p-255      MID$(A$,255)="X":PRINT "[";A$;"]" 
        ref: 'Illegal function call'
PASS  stmt stmt-n-0        MID$(A$,1,0)="X":PRINT "[";A$;"]" 
        ref: '[abc]'
PASS  stmt stmt-n-in-1     MID$(A$,1,1)="XY":PRINT "[";A$;"]"
        ref: '[Xbc]'
PASS  stmt stmt-n-neg1     MID$(A$,1,-1)="X":PRINT "[";A$;"]"
        ref: 'Illegal function call'
PASS  stmt stmt-n-256      MID$(A$,1,256)="X":PRINT "[";A$;"]
        ref: 'Illegal function call'
PASS  stmt stmt-n-99999    MID$(A$,1,99999)="X":PRINT "[";A$;
        ref: 'Overflow'
PASS  ext  ext-instr-in    PRINT "[";INSTR(1,A$,"b");"]"     
        ref: '[ 2 ]'
PASS  ext  ext-instr-0     PRINT "[";INSTR(0,A$,"b");"]"     
        ref: '[|Illegal function call'
PASS  ext  ext-instr-neg   PRINT "[";INSTR(-1,A$,"b");"]"    
        ref: '[|Illegal function call'
PASS  ext  ext-instr-256   PRINT "[";INSTR(256,A$,"b");"]"   
        ref: '[|Illegal function call'
PASS  ext  ext-instr-ovf   PRINT "[";INSTR(99999,A$,"b");"]" 
        ref: '[|Overflow'
PASS  ext  ext-str-chr-n   PRINT "[";LEN(STRING$(5,-1));"]"  
        ref: '[|Illegal function call'
PASS  ext  ext-str-chr-o   PRINT "[";LEN(STRING$(5,99999));"]
        ref: '[|Overflow'
PASS  ext  ext-spc-256     PRINT "[";LEN(SPACE$(256));"]"    
        ref: '[|Illegal function call'
PASS  ext  ext-hex-neg     PRINT "[";HEX$(-1);"]"            
        ref: '[FFFF]'
PASS  ext  ext-hex-ovf     PRINT "[";HEX$(99999);"]"         
        ref: '[|Overflow'
PASS  ext  ext-oct-neg     PRINT "[";OCT$(-1);"]"            
        ref: '[177777]'
PASS  ext  ext-oct-ovf     PRINT "[";OCT$(99999);"]"         
        ref: '[|Overflow'

89/89 rows agree with the reference
ALL PASS
