omsx_repl: ORACLES DISAGREE on C-BIOS_MSX1_EU_REPACK_DISK: stored-program oracle flags {}, echo oracle flags [1, 2, 3, 4]. Both repairs still run. Cases only one oracle sees are EXPECTED where the other is structurally blind (spec §5): direct mode and `RUN` are echo-only; a case typed in SCREEN 2, and any line whose own execution clears the screen, are stored-only.
omsx_repl: MIS-ECHOED case 1 on C-BIOS_MSX1_EU_REPACK_DISK (slot 7): typed '10 WIDTH 0*(1/0)+0*SQR(-1)', machine echoed None -- its head swallowed, and the screen lost nothing, so no clear or scroll erased them. The line was delivered mangled (docs/spec-probe-echo.md). Body: ['NEW', 'CLS', '10 WIDTH 0*(1/0)+0*SQR(-1)', '20 PRINT"[RANON]"', 'RUN']
            screen: ['T', 'H', '0', '*', '(', '1', '/', '0', ')', '+', '0', '*', 'S', 'Q', 'R', '(', '-', '1', ')', 'Z', 'B']
            -> re-running that case boot-per-case
omsx_repl: MIS-ECHOED case 2 on C-BIOS_MSX1_EU_REPACK_DISK (slot 12): typed '10 WIDTH 0*SQR(-1)+0*(1/0)', machine echoed None -- its head swallowed, and the screen lost nothing, so no clear or scroll erased them. The line was delivered mangled (docs/spec-probe-echo.md). Body: ['NEW', 'CLS', '10 WIDTH 0*SQR(-1)+0*(1/0)', '20 PRINT"[RANON]"', 'RUN']
            screen: ['T', 'H', '0', '*', 'S', 'Q', 'R', '(', '-', '1', ')', '+', '0', '*', '(', '1', '/', '0', ')', 'Z', 'B']
            -> re-running that case boot-per-case
omsx_repl: MIS-ECHOED case 3 on C-BIOS_MSX1_EU_REPACK_DISK (slot 17): typed '10 WIDTH 0*(1/0)+0*EXP(1000)', machine echoed None -- its head swallowed, and the screen lost nothing, so no clear or scroll erased them. The line was delivered mangled (docs/spec-probe-echo.md). Body: ['NEW', 'CLS', '10 WIDTH 0*(1/0)+0*EXP(1000)', '20 PRINT"[RANON]"', 'RUN']
            screen: ['0', '*', '(', '1', '/', '0', ')', '+', '0', '*', 'E', 'X', 'P', '(', '1', '0', '0', '0', ')', 'Z', 'B']
            -> re-running that case boot-per-case
omsx_repl: MIS-ECHOED case 4 on C-BIOS_MSX1_EU_REPACK_DISK (slot 22): typed '10 WIDTH (Q$<5)+0*(1/0)', machine echoed None -- its head swallowed, and the screen lost nothing, so no clear or scroll erased them. The line was delivered mangled (docs/spec-probe-echo.md). Body: ['NEW', 'CLS', '10 WIDTH (Q$<5)+0*(1/0)', '20 PRINT"[RANON]"', 'RUN']
            screen: ['W', 'I', 'D', 'T', 'H', '(', 'Q', '$', '<', '5', ')', '+', '0', '*', '(', '1', '/', '0', ')', 'Z', 'B']
            -> re-running that case boot-per-case
    capture-on-signal: 165 on signal, 0 fell back to the scheduled budget   ⚠️ 1 REPLAYED from the refcache -- not measured on this run   [signalled at 25.6-2619.6 emulated s]
D-PENDERR — first-error-wins is a property of the WRITE          sides: vg8020, cf3300, zb
==============================================================================
FAIL n.tm.loc     zb='                                                                               1                                       3                                                                               '   [POSITIVE CONTROL]
        wanted ' 13 '
FAIL n.dz.w       zb='                                                                               0                                                                               '   [POSITIVE CONTROL]
        wanted ' 11 '
FAIL u.tm.loc     zb='<NO ECHO>'   [POSITIVE CONTROL]
        wanted 'Type mismatch in 10'
FAIL u.dz.w       zb='<NO ECHO>'   [POSITIVE CONTROL]
        wanted 'Division by zero in 10'

*** A POSITIVE CONTROL FAILED, so nothing below it was measured.
    n.tm.loc = the TRAPPED reading itself, on an ordinary type fault (13).
    n.dz.w   = an ordinary numeric fault reports its OWN code (11).
    u.tm.loc = the UNTRAPPED reading -- ONE message, naming its line.
    u.dz.w   = an untrapped numeric fault, the OTHER message.
    🔴 Every control is a SINGLE-fault row, so a control failure cannot be
    this slice's claim being wrong -- it is the apparatus.
    🔴 CLASSIFY BY WHICH SIDE FAILED: red on a REFERENCE is a broken fixture
    (report it, score nothing); red on zb is an ordinary divergence that
    belongs in the row set, not in the control set.
    Check build/*.rom, `make repack-machine` and `make latch-check`, THEN
    re-read the rows. Exit 2 (not 1) = the instrument was broken.
.... o.nn.dz5     vg8020=' 11 '  cf3300=' 11 '  zb=' 5 '   (not scored)
.... o.nn.5dz     vg8020=' 5 '  cf3300=' 5 '  zb=' 5 '   (not scored)
.... o.nn.dzov    vg8020=' 11 '  cf3300=' 11 '  zb=' 5 '   (not scored)
.... o.nn.ovdz    vg8020=' 6 '  cf3300=' 6 '  zb=' 5 '   (not scored)
.... o.nn.5ov     vg8020=' 5 '  cf3300=' 5 '  zb=' 5 '   (not scored)
.... o.nn.ov5     vg8020=' 6 '  cf3300=' 6 '  zb=' 5 '   (not scored)
.... o.nn.let     vg8020=' 11 '  cf3300=' 11 '  zb=' 0 '   (not scored)
.... o.nn.tel     vg8020=' 5 '  cf3300=' 5 '  zb=' 0 '   (not scored)
.... o.nn.ary     vg8020=' 11 '  cf3300=' 11 '  zb=' 0 '   (not scored)
.... o.nn.yra     vg8020=' 5 '  cf3300=' 5 '  zb=' 0 '   (not scored)
.... o.nn.pr      vg8020=' 11 '  cf3300=' 11 '  zb=' 0 '   (not scored)
.... o.nn.rp      vg8020=' 5 '  cf3300=' 5 '  zb=' 0 '   (not scored)
.... o.sub.dzex   vg8020=' 11 '  cf3300=' 11 '  zb=' 5 '   (not scored)
.... o.sub.exdz   vg8020=' 6 '  cf3300=' 6 '  zb=' 5 '   (not scored)
.... o.sub.dzpw   vg8020=' 11 '  cf3300=' 11 '  zb=' 5 '   (not scored)
.... o.sub.pwdz   vg8020=' 6 '  cf3300=' 6 '  zb=' 5 '   (not scored)
.... o.sub.5ex    vg8020=' 5 '  cf3300=' 5 '  zb=' 5 '   (not scored)
.... o.tm.tmfp    vg8020=' 13 '  cf3300=' 13 '  zb=' 13 '   (not scored)
.... o.tm.fptm    vg8020=' 11 '  cf3300=' 11 '  zb=' 13 '   (not scored)
.... o.tm.tm5     vg8020=' 13 '  cf3300=' 13 '  zb=' 13 '   (not scored)
.... o.tm.5tm     vg8020=' 5 '  cf3300=' 5 '  zb=' 13 '   (not scored)
.... o.tm.tmov    vg8020=' 13 '  cf3300=' 13 '  zb=' 13 '   (not scored)
.... o.tm.ovtm    vg8020=' 6 '  cf3300=' 6 '  zb=' 13 '   (not scored)
.... o.tm.tmex    vg8020=' 13 '  cf3300=' 13 '  zb=' 13 '   (not scored)
.... o.tm.let     vg8020=' 13 '  cf3300=' 13 '  zb=' 13 '   (not scored)
.... o.tm.ary     vg8020=' 13 '  cf3300=' 13 '  zb=' 13 '   (not scored)
.... o.pt.sin     vg8020=' 11 '  cf3300=' 11 '  zb=' 2 '   (not scored)
.... o.pt.sqr     vg8020=' 11 '  cf3300=' 11 '  zb=' 0 '   (not scored)
.... o.pt.left    vg8020=' 11 '  cf3300=' 11 '  zb=' 13 '   (not scored)
.... r.hex        vg8020=' 11 '  cf3300=' 11 '  zb=' 13 '   (not scored)
.... r.oct        vg8020=' 11 '  cf3300=' 11 '  zb=' 13 '   (not scored)
.... r.str        vg8020=' 11 '  cf3300=' 11 '  zb=' 13 '   (not scored)
.... r.hexp       vg8020=' 11 '  cf3300=' 11 '  zb=' 13 '   (not scored)
.... r.hex.tm     vg8020=' 13 '  cf3300=' 13 '  zb=' 13 '   (not scored)
.... r.hex.nn     vg8020=' 11 '  cf3300=' 11 '  zb=' 0 '   (not scored)
.... w.lof.dz     vg8020=' 11 '  cf3300=' 11 '  zb=' 59 '   (not scored)
.... w.lof.5      vg8020=' 5 '  cf3300=' 5 '  zb=' 59 '   (not scored)
.... w.eof.dz     vg8020=' 11 '  cf3300=' 11 '  zb=' 59 '   (not scored)
.... w.chan.dz    vg8020=' 11 '  cf3300=' 11 '  zb=' 59 '   (not scored)
.... w.pdl.dz     vg8020=' 11 '  cf3300=' 11 '  zb=' 0 '   (not scored)
.... w.pdl.5      vg8020=' 5 '  cf3300=' 5 '  zb=' 0 '   (not scored)
.... n.dz.w       vg8020=' 11 '  cf3300=' 11 '  zb='                                                                               0                                                                               '   (not scored)
.... n.5.w        vg8020=' 5 '  cf3300=' 5 '  zb='                                                                               0                                                                               '   (not scored)
.... n.ov.w       vg8020=' 6 '  cf3300=' 6 '  zb='                                                                               0                                                                               '   (not scored)
.... n.ex.w       vg8020=' 6 '  cf3300=' 6 '  zb='                                                                               0                                                                               '   (not scored)
.... n.pw.w       vg8020=' 6 '  cf3300=' 6 '  zb='                                                                               0                                                                               '   (not scored)
.... n.tm.w       vg8020=' 13 '  cf3300=' 13 '  zb='                                                                               1                                       3                                                                               '   (not scored)
.... n.tm.loc     vg8020=' 13 '  cf3300=' 13 '  zb='                                                                               1                                       3                                                                               '   (not scored)
.... n.tm.pdl     vg8020=' 13 '  cf3300=' 13 '  zb='                                                                               1                                       3                                                                               '   (not scored)
.... n.tm.rnd     vg8020=' 13 '  cf3300=' 13 '  zb='                                                                               1                                       3                                                                               '   (not scored)
.... n.tm.hex     vg8020=' 13 '  cf3300=' 13 '  zb='                                                                               1                                       3                                                                               '   (not scored)
.... n.tm.lof     vg8020=' 13 '  cf3300=' 13 '  zb='                                                                               1                                       3                                                                               '   (not scored)
.... n.tm.chan    vg8020=' 13 '  cf3300=' 13 '  zb='                                                                               1                                       3                                                                               '   (not scored)
.... n.ok.w       vg8020=' 0 '  cf3300=' 0 '  zb=' 0 '   (not scored)
.... n.ok.pdl     vg8020=' 0 '  cf3300=' 0 '  zb=' 0 '   (not scored)
.... u.dz.w       vg8020='Division by zero in 10'  cf3300='Division by zero in 10'  zb='<NO ECHO>'   (not scored)
.... u.nn.dz5     vg8020='Division by zero in 10'  cf3300='Division by zero in 10'  zb='Illegal function call in 10'   (not scored)
.... u.nn.5dz     vg8020='Illegal function call in 10'  cf3300='Illegal function call in 10'  zb='Illegal function call in 10'   (not scored)
.... u.sub.dzex   vg8020='Division by zero in 10'  cf3300='Division by zero in 10'  zb='Illegal function call in 10'   (not scored)
.... u.tm.tmfp    vg8020='Type mismatch in 10'  cf3300='Type mismatch in 10'  zb='Type mismatch in 10'   (not scored)
.... u.tm.loc     vg8020='Type mismatch in 10'  cf3300='Type mismatch in 10'  zb='<NO ECHO>'   (not scored)
ROWS: 65 printed, 0 scored — NOT MEASURED (a positive control failed)
refcache: 2 hit, 4 miss, 4 stored, 1 replayed provenance
