D-FLDARY — an ARRAY ELEMENT as a FIELD / LSET / RSET target   sides: cf3300, zb
==============================================================================
ok   d.ctl         cf3300='OK'  zb='OK'   [POSITIVE CONTROL]   [ONE REFERENCE ONLY (cf3300)]
ok   d.ary         cf3300='OK'  zb='OK'   [ONE REFERENCE ONLY (cf3300)]
ok   d.aryvar      cf3300='OK'  zb='OK'   [ONE REFERENCE ONLY (cf3300)]
ok   d.ary2d       cf3300='OK'  zb='OK'   [ONE REFERENCE ONLY (cf3300)]
ok   d.aryoor      cf3300='<Subscript out of range>'  zb='<Subscript out of range>'   [ONE REFERENCE ONLY (cf3300)]
ok   d.aryoor2     cf3300=' 5 '  zb=' 5 '   [ONE REFERENCE ONLY (cf3300)]
ok   d.aryoor3     cf3300=' 0 '  zb=' 0 '   [ONE REFERENCE ONLY (cf3300)]
ok   s.fld         cf3300='HI        '  zb='HI        '   [POSITIVE CONTROL]   [ONE REFERENCE ONLY (cf3300)]
ok   s.fldary      cf3300='HI        '  zb='HI        '   [ONE REFERENCE ONLY (cf3300)]
ok   s.fldaryvar   cf3300='HI        '  zb='HI        '   [ONE REFERENCE ONLY (cf3300)]
ok   s.fldary2d    cf3300='HI        '  zb='HI        '   [ONE REFERENCE ONLY (cf3300)]
ok   s.fldary2     cf3300='BB    '  zb='BB    '   [ONE REFERENCE ONLY (cf3300)]
ok   s.fldarymix   cf3300='XX  |YY    '  zb='XX  |YY    '   [ONE REFERENCE ONLY (cf3300)]
ok   s.fldaryoor   cf3300='<Subscript out of range>'  zb='<Subscript out of range>'   [ONE REFERENCE ONLY (cf3300)]
ok   r.fldary      cf3300='        HI'  zb='        HI'   [ONE REFERENCE ONLY (cf3300)]
ROWS: 15 printed, 15 scored — 15 agree, 0 diverge, 0 without a reference
==============================================================================
15/15 readings match their reference (15 cases, 2 positive controls — one per ARM, 15 row(s) with ONE reference only)
🔴 ORACLE STRENGTH: EVERY row here has ONE reference. FIELD / LSET / RSET are Disk BASIC, which a diskless VG-8020 cannot express — so the whole table rests on the National CF-3300 alone, a weaker claim than every row D-ARYLV rested on. Not upgraded anywhere.
DENOMINATOR: (subscript FORM: literal / variable) x (RANK: 1-D / 2-D) x (VERB: FIELD / LSET / RSET), plus the out-of-range row at EACH parse site (whose oracle is an ERROR, not a value), plus the two IDENTITY rows the read hook forces — two elements of one array, and an element beside a scalar in ONE FIELD — plus one positive control PER ARM. The d.* rows measure ACCEPTANCE (the parse) and the s.*/r.* rows measure what the field HOLDS; that split is deliberate.
NOT COVERED, named rather than implied: `RSET` as a distinct PARSE site (it shares lrset_common, so r.fldary measures the store's justify direction only); a subscript that is itself an array element (FIELD#1,10 AS A$(B(1))); FIELD overflow past the record length (unchecked today, unchanged here); ERASE of a fielded array (spec §5.4 — the ARYTAB-relative key goes stale under aeng_erase's compaction, a named limit with a price and NO ORACLE TAKEN); LSET/RSET on a non-FIELDed element (the separate slice-1-limit residual); and the SECOND reference, which does not exist for any row here.
refcache: 0 hit, 30 miss, 30 stored
