=== warm-up (serial build of shared artifacts) ===
warm-up 6s
=== 44 units, J=8, lineerr in 8 shards, nice=0 solo=None ===
  rc=0      2s  basic-reloc
  rc=0      0s  subrom-abi-check
  rc=0      1s  subrom-closure-check
  rc=0     21s  unit-test
  rc=0      0s  deadcode
  rc=0      2s  wall-assertion-check
  rc=0      0s  redundant-load-check
  rc=0      1s  rowshape-check
  rc=0      3s  injector-check
  rc=0      1s  preflight-check
  rc=0      4s  latch-check
  rc=0      3s  diskdep-check
  rc=0      1s  switch-build-check
  rc=0     28s  kwsweep
  rc=0      0s  deffn-selftest
  rc=0     32s  string-acceptance
  rc=0     18s  str-domain-acceptance
  rc=0     35s  strparen-acceptance
  rc=0    161s  penderr-acceptance
  rc=0     43s  missing-acceptance
  rc=0     13s  error-acceptance
  rc=0     64s  error-trap-acceptance
  rc=0     71s  onerr0-acceptance
  rc=0     94s  math-acceptance
  rc=0     92s  float-acceptance
  rc=0     43s  intarg-acceptance
  rc=0     32s  logicops-acceptance
  rc=0    202s  screenerr-acceptance
  rc=0    137s  tmfp-acceptance
  rc=0    175s  stmtpend-acceptance
  rc=0    106s  array-acceptance
  rc=0    118s  deffn-strict
  rc=0    301s  graphics-acceptance
  rc=0     55s  abort-acceptance
  rc=0    139s  interval-trap-acceptance
  rc=2     73s  clearpool-acceptance
  rc=0    113s  lineerr#1/8
  rc=0    109s  lineerr#2/8
  rc=0    112s  lineerr#3/8
  rc=0     98s  lineerr#4/8
  rc=0    100s  lineerr#5/8
  rc=0    100s  lineerr#6/8
  rc=0     75s  lineerr#7/8
  rc=0     78s  lineerr#8/8

=== retrying 1 red unit(s) SERIALLY (flake vs real) ===
  retry clearpool-acceptance: rc 2->0  FLAKE (green on retry)

=== wall 458s (6s build + 452s gates) ===
GATES: 37/37 green
recovered flakes (green on serial retry): clearpool-acceptance
hashes: 41b8c4ed ae796ccb 7d27b871
