=== warm-up (serial build of shared artifacts) ===
warm-up 7s
=== 44 units, J=8, lineerr in 8 shards, nice=0 solo=None ===
  rc=0      2s  basic-reloc
  rc=0      0s  subrom-abi-check
  rc=0      1s  subrom-closure-check
  rc=0     22s  unit-test
  rc=0      0s  deadcode
  rc=0      2s  wall-assertion-check
  rc=0      0s  redundant-load-check
  rc=0      1s  rowshape-check
  rc=0      3s  injector-check
  rc=0      1s  preflight-check
  rc=0      4s  latch-check
  rc=0      3s  diskdep-check
  rc=0      1s  switch-build-check
  rc=0     36s  kwsweep
  rc=0      0s  deffn-selftest
  rc=0     33s  string-acceptance
  rc=0     19s  str-domain-acceptance
  rc=0     36s  strparen-acceptance
  rc=0    172s  penderr-acceptance
  rc=0     34s  missing-acceptance
  rc=0     13s  error-acceptance
  rc=0     73s  error-trap-acceptance
  rc=0     78s  onerr0-acceptance
  rc=0    102s  math-acceptance
  rc=0     88s  float-acceptance
  rc=0     44s  intarg-acceptance
  rc=0     33s  logicops-acceptance
  rc=0    201s  screenerr-acceptance
  rc=0    143s  tmfp-acceptance
  rc=0    186s  stmtpend-acceptance
  rc=0    108s  array-acceptance
  rc=0    115s  deffn-strict
  rc=0    303s  graphics-acceptance
  rc=0     60s  abort-acceptance
  rc=0    144s  interval-trap-acceptance
  rc=0     74s  clearpool-acceptance
  rc=0    116s  lineerr#1/8
  rc=0    117s  lineerr#2/8
  rc=0    116s  lineerr#3/8
  rc=0    112s  lineerr#4/8
  rc=0    103s  lineerr#5/8
  rc=0     95s  lineerr#6/8
  rc=0     73s  lineerr#7/8
  rc=0     74s  lineerr#8/8

=== wall 432s (7s build + 425s gates) ===
GATES: 37/37 green
hashes: 41b8c4ed ae796ccb 7d27b871
