=== warm-up (serial build of shared artifacts) ===
warm-up 6s
=== 44 units, J=8, lineerr in 8 shards, nice=0 solo=None ===
  rc=0      2s  basic-reloc
  rc=0      0s  subrom-abi-check
  rc=0      1s  subrom-closure-check
  rc=0     21s  unit-test
  rc=0      0s  deadcode
  rc=0      2s  wall-assertion-check
  rc=0      0s  redundant-load-check
  rc=0      1s  rowshape-check
  rc=0      3s  injector-check
  rc=0      1s  preflight-check
  rc=0      4s  latch-check
  rc=0      3s  diskdep-check
  rc=0      1s  switch-build-check
  rc=0     28s  kwsweep
  rc=0      0s  deffn-selftest
  rc=0     34s  string-acceptance
  rc=0     18s  str-domain-acceptance
  rc=0     37s  strparen-acceptance
  rc=0    164s  penderr-acceptance
  rc=0     35s  missing-acceptance
  rc=0     13s  error-acceptance
  rc=0     65s  error-trap-acceptance
  rc=0     72s  onerr0-acceptance
  rc=0     96s  math-acceptance
  rc=0     83s  float-acceptance
  rc=0     42s  intarg-acceptance
  rc=0     31s  logicops-acceptance
  rc=0    202s  screenerr-acceptance
  rc=0    141s  tmfp-acceptance
  rc=0    176s  stmtpend-acceptance
  rc=0    107s  array-acceptance
  rc=0    120s  deffn-strict
  rc=0    295s  graphics-acceptance
  rc=0     58s  abort-acceptance
  rc=0    140s  interval-trap-acceptance
  rc=0     68s  clearpool-acceptance
  rc=0    114s  lineerr#1/8
  rc=0    115s  lineerr#2/8
  rc=0    113s  lineerr#3/8
  rc=0     98s  lineerr#4/8
  rc=0    103s  lineerr#5/8
  rc=0     95s  lineerr#6/8
  rc=0     74s  lineerr#7/8
  rc=0     72s  lineerr#8/8

=== wall 414s (6s build + 408s gates) ===
GATES: 37/37 green
hashes: 41b8c4ed ae796ccb 7d27b871
