=== warm-up (serial build of shared artifacts) ===
warm-up 7s
=== 44 units, J=8, lineerr in 8 shards, nice=0 solo=None ===
  rc=0      2s  basic-reloc
  rc=0      0s  subrom-abi-check
  rc=0      1s  subrom-closure-check
  rc=0     22s  unit-test
  rc=0      0s  deadcode
  rc=0      2s  wall-assertion-check
  rc=0      0s  redundant-load-check
  rc=0      1s  rowshape-check
  rc=0      4s  injector-check
  rc=0      1s  preflight-check
  rc=0      4s  latch-check
  rc=0      3s  diskdep-check
  rc=0      1s  switch-build-check
  rc=0     39s  kwsweep
  rc=0      0s  deffn-selftest
  rc=0     37s  string-acceptance
  rc=0     18s  str-domain-acceptance
  rc=0     42s  strparen-acceptance
  rc=0    170s  penderr-acceptance
  rc=0     44s  missing-acceptance
  rc=0     13s  error-acceptance
  rc=0     74s  error-trap-acceptance
  rc=0     71s  onerr0-acceptance
  rc=0    103s  math-acceptance
  rc=0     92s  float-acceptance
  rc=0     41s  intarg-acceptance
  rc=0     38s  logicops-acceptance
  rc=0    209s  screenerr-acceptance
  rc=0    146s  tmfp-acceptance
  rc=0    187s  stmtpend-acceptance
  rc=0    114s  array-acceptance
  rc=0    125s  deffn-strict
  rc=0    294s  graphics-acceptance
  rc=0     61s  abort-acceptance
  rc=0    153s  interval-trap-acceptance
  rc=0     75s  clearpool-acceptance
  rc=0    121s  lineerr#1/8
  rc=0    114s  lineerr#2/8
  rc=0    113s  lineerr#3/8
  rc=0    103s  lineerr#4/8
  rc=0     96s  lineerr#5/8
  rc=0     93s  lineerr#6/8
  rc=0     66s  lineerr#7/8
  rc=0     66s  lineerr#8/8

=== wall 427s (7s build + 419s gates) ===
GATES: 37/37 green
hashes: 41b8c4ed ae796ccb 7d27b871
