python3 tools/install-repack-machine.py --merged build/zerobas-main-eu.rom --disk-rom build/disk.rom \
	  --sub-rom build/sub.rom
wrote C-BIOS_MSX1_EU_REPACK_DISK  (-> machine "C-BIOS_MSX1_EU_REPACK_DISK": merged repack ROM in slot 0, zerobas-disk in slot 3-1, zerobas-sub in slot 3-2)
     /Users/joost/.openMSX/share/machines/C-BIOS_MSX1_EU_REPACK_DISK.xml
python3 probes/lib/omsx_missing_teeth.py

=== GREEN control -- a healthy boot-per-case run
    want: prints NOTHING and returns ' 2 '
    STDOUT  RESULT ' 2 '
    -> PASS

=== RED -- the STALL watchdog (heartbeat stops)
    want: names `stall watchdog`
    STDOUT  SystemExit: omsx_repl: 1 of 1 capture(s) MISSING on C-BIOS_MSX1_EU_REPACK_DISK -- the stall watchdog killed it after 1s wall  (a stall is a FROZEN OR CRASHED emulator, not a slow one -- the heartbeat is on the HOST clock); the run wrote 0 line(s).
    -> PASS

=== RED -- the ABSCAP backstop (needs timeout=1 too)
    want: names `abscap watchdog`
    STDOUT  SystemExit: omsx_repl: 1 of 1 capture(s) MISSING on C-BIOS_MSX1_EU_REPACK_DISK -- the abscap watchdog killed it after 1s wall; the run wrote 0 line(s).
    -> PASS

=== RED -- openMSX CRASHES (SIGKILLed mid-run)
    want: names `terminated ON ITS OWN` and `signal 9`
    STDERR  omsx_repl: 1 of 1 capture(s) MISSING on C-BIOS_MSX1_EU_REPACK_DISK -- openMSX terminated ON ITS OWN (signal 9) after 6s wall, before its scheduled capture; the run wrote 0 line(s).
    STDOUT  RESULT None
    -> PASS

=== RED -- openMSX is TERMINATED gracefully (SIGTERM mid-run)
    want: names `exited CLEANLY (0)` -- a graceful stop is NOT a crash
    STDERR  omsx_repl: 1 of 1 capture(s) MISSING on C-BIOS_MSX1_EU_REPACK_DISK -- openMSX exited CLEANLY (0) after 6s wall without writing the capture -- the callback never fired; the run wrote 0 line(s).
    STDOUT  RESULT None
    -> PASS

TEETH: 5 case(s), 0 failed
