python3 tools/install-repack-machine.py --merged build/zerobas-main-eu.rom --disk-rom build/disk.rom \
	  --sub-rom build/sub.rom
wrote C-BIOS_MSX1_EU_REPACK_DISK  (-> machine "C-BIOS_MSX1_EU_REPACK_DISK": merged repack ROM in slot 0, zerobas-disk in slot 3-1, zerobas-sub in slot 3-2)
     /Users/joost/.openMSX/share/machines/C-BIOS_MSX1_EU_REPACK_DISK.xml
python3 tools/check_resident_abi.py build/basic-reloc.sym sub/basic-resident-abi.inc
OK: sub/basic-resident-abi.inc matches a fresh regen from build/basic-reloc.sym (12 resident-ABI addresses, sub.rom is not stale)
python3 probes/basic/basic_probe_math_conv.py --zb-machine C-BIOS_MSX1_EU_REPACK_DISK 
--- token capture (VG-8020 crunch vs MSX2 TH Table 2.20) ---
OK             ABS   a=abs(1)     -> 41 EF FF 86 28 12 29 00
OK             SGN   a=sgn(1)     -> 41 EF FF 84 28 12 29 00
OK             INT   a=int(1)     -> 41 EF FF 85 28 12 29 00
OK             FIX   a=fix(1)     -> 41 EF FF A1 28 12 29 00
OK             CINT  a=cint(1)    -> 41 EF FF 9E 28 12 29 00
OK             CSNG  a=csng(1)    -> 41 EF FF 9F 28 12 29 00
OK             CDBL  a=cdbl(1)    -> 41 EF FF A0 28 12 29 00
OK             SQR   a=sqr(1)     -> 41 EF FF 87 28 12 29 00
OK             ATN   a=atn(1)     -> 41 EF FF 8E 28 12 29 00
OK             EXP   a=exp(1)     -> 41 EF FF 8B 28 12 29 00
OK             LOG   a=log(1)     -> 41 EF FF 8A 28 12 29 00
OK             SIN   a=sin(1)     -> 41 EF FF 89 28 12 29 00
OK             COS   a=cos(1)     -> 41 EF FF 8C 28 12 29 00
OK             TAN   a=tan(1)     -> 41 EF FF 8D 28 12 29 00
OK             RND   a=rnd(1)     -> 41 EF FF 88 28 12 29 00
token capture: ALL OK

--- POW token capture (`^` crunch + LIST round-trip) ---
OK crunch  a=2^3 -> 41 EF 13 F5 14 00
OK LIST round-trip renders '2^3'
POW token capture: ALL OK


--- RND reference-identity (bit-for-bit, not a truth bound) ---
OK   cold sequence (5x RND(1) from S0)
OK   reseed RND(-1)
OK   reseed RND(-.001)
OK   reseed RND(-1E9)
OK   reseed single-vs-double 1/3
OK   RND(0) repeat (no advance)
OK   positive-arg-ignored (varied x, all step like RND(1))
OK   long RND(1) run (6x after reseed)
OK   NEW resets the seed to S0
OK   CLEAR resets the seed to S0
OK   RUN resets the seed to S0
OK   CLS does not reset the seed
OK   FACTYP: RND(int-typed factor) stays double
OK   FACTYP: RND(PEEK(...)) stays double
OK   FACTYP: A#=RND(1) then re-read stays double
RND reference-identity: ALL OK


--- malformed-call -> syntax error (D-F2-4) ---
OK   SIN bare
OK   SIN(1,2) extra
OK   SIN(1 unclosed
OK   SIN() empty
OK   ABS bare
OK   ABS(1,2) extra
OK   ABS(1 unclosed
OK   ABS() empty
OK   LOG bare
OK   LOG(1,2) extra
OK   LOG(1 unclosed
OK   LOG() empty
OK   SQR bare
OK   SQR(1,2) extra
OK   SQR(1 unclosed
OK   SQR() empty
OK   CINT bare
OK   CINT(1,2) extra
OK   CINT(1 unclosed
OK   CINT() empty
OK   RND bare
OK   RND(1,2) extra
OK   RND(1 unclosed
OK   RND() empty
OK   seed: bare RND then RND(1)
OK   seed: RND(1.5,2) then RND(1)
OK   seed: RND(-1.5 then RND(1)
OK   seed: RND() then RND(1)
OK   first-err SIN(1/0,2)
OK   first-err LOG(1/0,2)
OK   first-err SQR(9E62*9E62
OK   first-err RND(1/0,2)
OK   D-F2-3 sib (1/0)+()
malformed-call: ALL OK

PASS  abs(-1.5)                  ref: [ 1.5 ]
PASS  abs(1.5)                   ref: [ 1.5 ]
PASS  abs(-1.5#)                 ref: [ 1.5 ]
PASS  abs(1.5!)                  ref: [ 1.5 ]
PASS  abs(0)                     ref: [ 0 ]
PASS  abs(-0.0)                  ref: [ 0 ]
PASS  abs(-32767)                ref: [ 32767 ]
PASS  abs(32767)                 ref: [ 32767 ]
PASS  sgn(2.5)                   ref: [ 1 ]
PASS  sgn(-2.5)                  ref: [-1 ]
PASS  sgn(0)                     ref: [ 0 ]
PASS  sgn(0.0)                   ref: [ 0 ]
PASS  sgn(5)                     ref: [ 1 ]
PASS  sgn(-5)                    ref: [-1 ]
PASS  sgn(2.5)+0.5               ref: [ 1.5 ]
PASS  sgn(-1)+sgn(1)             ref: [ 0 ]
PASS  int(-1.5)                  ref: [-2 ]
PASS  int(1.9)                   ref: [ 1 ]
PASS  int(-1)                    ref: [-1 ]
PASS  int(0)                     ref: [ 0 ]
PASS  int(-0.5)                  ref: [-1 ]
PASS  int(1e9)                   ref: [ 1000000000 ]
PASS  int(123456.789)            ref: [ 123456 ]
PASS  int(2.5)                   ref: [ 2 ]
PASS  int(-2.5)                  ref: [-3 ]
PASS  int(-1.9)                  ref: [-2 ]
PASS  fix(-1.5)                  ref: [-1 ]
PASS  fix(1.9)                   ref: [ 1 ]
PASS  fix(-1)                    ref: [-1 ]
PASS  fix(0)                     ref: [ 0 ]
PASS  fix(-1e9)                  ref: [-1000000000 ]
PASS  fix(-0.5)                  ref: [ 0 ]
PASS  fix(2.5)                   ref: [ 2 ]
PASS  fix(-2.5)                  ref: [-2 ]
PASS  fix(-1.9)                  ref: [-1 ]
PASS  int(-1.5)-fix(-1.5)        ref: [-1 ]
PASS  int(1.5)-fix(1.5)          ref: [ 0 ]
PASS  int(-2)-fix(-2)            ref: [ 0 ]
PASS  int(12345678.9#)           ref: [ 12345678 ]
PASS  int(-9999999.5#)           ref: [-10000000 ]
PASS  int(-12345678.9#)          ref: [-12345679 ]
PASS  fix(12345678.9#)           ref: [ 12345678 ]
PASS  fix(-12345678.9#)          ref: [-12345678 ]
PASS  int(-2.5#)                 ref: [-3 ]
PASS  fix(-2.5#)                 ref: [-2 ]
PASS  cint(2.5)                  ref: [ 2 ]
PASS  cint(-2.5)                 ref: [-2 ]
PASS  cint(0.5)                  ref: [ 0 ]
PASS  cint(-0.5)                 ref: [ 0 ]
PASS  cint(3.7)                  ref: [ 3 ]
PASS  cint(-3.7)                 ref: [-3 ]
PASS  cint(2.1)                  ref: [ 2 ]
PASS  cint(2.9)                  ref: [ 2 ]
PASS  cint(-2.1)                 ref: [-2 ]
PASS  cint(-2.9)                 ref: [-2 ]
PASS  cint(32767.4)              ref: [ 32767 ]
PASS  cint(-32768.4)             ref: [-32768 ]
PASS  cint(32767.6)              ref: [ 32767 ]
PASS  cint(-32768.6)             ref: [-32768 ]
PASS  cint(32767.999999#)        ref: [ 32767 ]
PASS  cint(-32768.999999#)       ref: [-32768 ]
PASS  cint(32768)                ref: <no span>
PASS  cint(-32769)               ref: <no span>
PASS  cint(40000.5)              ref: <no span>
PASS  cint(32768.1)              ref: <no span>
PASS  csng(1.2345678#)           ref: [ 1.23457 ]
PASS  csng(2/3)                  ref: [ .666667 ]
PASS  csng(5)                    ref: [ 5 ]
PASS  csng(-1.9999999#)          ref: [-2 ]
PASS  cdbl(1.5!)                 ref: [ 1.5 ]
PASS  cdbl(5)                    ref: [ 5 ]
PASS  cdbl(1.1)                  ref: [ 1.1 ]
PASS  cdbl(-3)                   ref: [-3 ]
PASS  abs(peek(0))               ref: [ 243 ]
PASS  sgn(peek(0))               ref: [ 1 ]
PASS  int(peek(0)+.5)            ref: [ 243 ]
PASS  cint(peek(0))              ref: [ 243 ]
PASS  abs(int(-1.5))             ref: [ 2 ]
PASS  int(-1.5)+int(-2.5)        ref: [-5 ]
PASS  cint(abs(-2.5))            ref: [ 2 ]
PASS  sqr(4)+0.5                 ref: [ 2.5 ]
PASS  sqr(6.25!)                 ref: [ 2.5 ]
PASS  sqr(6.25#)                 ref: [ 2.5 ]
PASS  sqr(-1)                    ref: <no span>
PASS  sqr(-1e-9)                 ref: <no span>
PASS  sqr(-4)                    ref: <no span>
PASS  sqr(2)                     ref: [ 1.414213562373 ]
PASS  sqr(3)                     ref: [ 1.7320508075688 ]
PASS  sqr(5)                     ref: [ 2.2360679774998 ]
PASS  sqr(6)                     ref: [ 2.4494897427831 ]
PASS  sqr(7)                     ref: [ 2.6457513110646 ]
PASS  sqr(8)                     ref: [ 2.8284271247462 ]
PASS  sqr(10)                    ref: [ 3.1622776601684 ]
PASS  sqr(11)                    ref: [ 3.3166247903554 ]
PASS  sqr(12)                    ref: [ 3.4641016151377 ]
PASS  sqr(13)                    ref: [ 3.605551275464 ]
PASS  sqr(14)                    ref: [ 3.7416573867739 ]
PASS  sqr(15)                    ref: [ 3.8729833462074 ]
PASS  sqr(17)                    ref: [ 4.1231056256176 ]
PASS  sqr(18)                    ref: [ 4.2426406871193 ]
PASS  sqr(19)                    ref: [ 4.3588989435407 ]
PASS  sqr(20)                    ref: [ 4.4721359549996 ]
PASS  sqr(21)                    ref: [ 4.5825756949558 ]
PASS  sqr(22)                    ref: [ 4.6904157598234 ]
PASS  sqr(23)                    ref: [ 4.7958315233127 ]
PASS  sqr(24)                    ref: [ 4.8989794855664 ]
PASS  sqr(26)                    ref: [ 5.099019513593 ]
PASS  sqr(27)                    ref: [ 5.1961524227065 ]
PASS  sqr(28)                    ref: [ 5.291502622129 ]
PASS  sqr(29)                    ref: [ 5.3851648071345 ]
PASS  sqr(30)                    ref: [ 5.4772255750515 ]
PASS  sqr(31)                    ref: [ 5.56776436283 ]
PASS  sqr(33)                    ref: [ 5.744562646538 ]
PASS  sqr(37)                    ref: [ 6.082762530298 ]
PASS  sqr(41)                    ref: [ 6.403124237433 ]
PASS  sqr(43)                    ref: [ 6.557438524302 ]
PASS  sqr(47)                    ref: [ 6.855654600401 ]
PASS  sqr(50)                    ref: [ 7.0710678118655 ]
PASS  sqr(53)                    ref: [ 7.2801098892805 ]
PASS  sqr(59)                    ref: [ 7.6811457478685 ]
PASS  sqr(61)                    ref: [ 7.8102496759065 ]
PASS  sqr(67)                    ref: [ 8.1853527718725 ]
PASS  sqr(71)                    ref: [ 8.4261497731765 ]
PASS  sqr(73)                    ref: [ 8.5440037453175 ]
PASS  sqr(79)                    ref: [ 8.8881944173155 ]
PASS  sqr(83)                    ref: [ 9.1104335791445 ]
PASS  sqr(89)                    ref: [ 9.4339811320565 ]
PASS  sqr(97)                    ref: [ 9.848857801796 ]
PASS  sqr(99)                    ref: [ 9.949874371066 ]
PASS  sqr(101)                   ref: [ 10.04987562112 ]
PASS  sqr(999)                   ref: [ 31.606961258558 ]
PASS  sqr(4)                     ref: [ 2 ]
PASS  sqr(9)                     ref: [ 3 ]
PASS  sqr(16)                    ref: [ 4 ]
PASS  sqr(25)                    ref: [ 5 ]
PASS  sqr(36)                    ref: [ 6 ]
PASS  sqr(49)                    ref: [ 7 ]
PASS  sqr(64)                    ref: [ 8 ]
PASS  sqr(81)                    ref: [ 9 ]
PASS  sqr(100)                   ref: [ 10 ]
PASS  sqr(10000)                 ref: [ 100 ]
PASS  sqr(.25)                   ref: [ .5 ]
PASS  sqr(.04)                   ref: [ .2 ]
PASS  sqr(.01)                   ref: [ .1 ]
PASS  sqr(2.25)                  ref: [ 1.5 ]
PASS  sqr(6.25)                  ref: [ 2.5 ]
PASS  sqr(.5)                    ref: [ .70710678118655 ]
PASS  sqr(1.5)                   ref: [ 1.2247448713915 ]
PASS  sqr(2.5)                   ref: [ 1.5811388300841 ]
PASS  sqr(3.7)                   ref: [ 1.9235384061671 ]
PASS  sqr(123.456)               ref: [ 11.111075555498 ]
PASS  sqr(.1)                    ref: [ .31622776601684 ]
PASS  sqr(.001)                  ref: [ .031622776601684 ]
PASS  sqr(12345.6789)            ref: [ 111.11111060555 ]
PASS  sqr(1.0000000000001)       ref: [ 1.0000000000001 ]
PASS  sqr(99.999999999999)       ref: [ 10 ]
PASS  sqr(0.99999999999999)      ref: [ 1 ]
PASS  sqr(1.23456789012345)      ref: [ 1.111111106111 ]
PASS  sqr(0)                     ref: [ 0 ]
PASS  sqr(1)                     ref: [ 1 ]
PASS  sqr(8)                     ref: [ 2.8284271247462 ]
PASS  sqr(42)                    ref: [ 6.480740698408 ]
PASS  sqr(1000001)               ref: [ 1000.0004999998 ]
PASS  sqr(88888888888888)        ref: [ 9428090.4158205 ]
PASS  sqr(19999999999999)        ref: [ 4472135.9549995 ]
PASS  sqr(1.999999999999)        ref: [ 1.4142135623727 ]
PASS  sqr(2.000000000001)        ref: [ 1.4142135623734 ]
PASS  sqr(1.41421356237)         ref: [ 1.1892071150013 ]
PASS  sqr(7.5)                   ref: [ 2.7386127875258 ]
PASS  sqr(.0009)                 ref: [ .03 ]
PASS  sqr(55555.55555)           ref: [ 235.70226038373 ]
PASS  sqr(333333333.3333)        ref: [ 18257.418583504 ]
PASS  sqr(9.87654321098)         ref: [ 3.1426968054491 ]
PASS  sqr(1234567.891234)        ref: [ 1111.1111066107 ]
PASS  sqr(3.14159265358)         ref: [ 1.7724538509027 ]
PASS  sqr(2.71828182845)         ref: [ 1.6487212706973 ]
PASS  sqr(1e-20)                 ref: [ 1E-10 ]
PASS  sqr(1e15)                  ref: [ 31622776.601684 ]
PASS  sqr(1e-30)                 ref: [ 1E-15 ]
PASS  sqr(1e10)                  ref: [ 100000 ]
PASS  sqr(1e30)                  ref: [ 1E+15 ]
PASS  sqr(4e10)                  ref: [ 200000 ]
PASS  sqr(31622.7766017)         ref: [ 177.82794100393 ]
PASS  sqr(0.30102999566398)      ref: [ .54866200493925 ]
PASS  sqr(123456789.12345)       ref: [ 11111.111066109 ]
PASS  sqr(7.389056098931)        ref: [ 2.7182818284591 ]
PASS  sqr(2.71828182846e10)      ref: [ 164872.12707004 ]
PASS  sqr(4.44444444444)         ref: [ 2.1081851067778 ]
PASS  sqr(11833599.999919)       ref: [ 3439.9999999882 ]
PASS  sqr(99.99998)              ref: [ 9.999999 ]
PASS  atn(0)                     ref: [ 0 ]
PASS  atn(1e-20)                 ref: [ 1E-20 ]
PASS  atn(1e-9)                  ref: [ 1E-09 ]
PASS  atn(0.0001)                ref: [ 9.9999999666667E-05 ]
PASS  atn(0.001)                 ref: [ 9.9999966666687E-04 ]
PASS  atn(0.01)                  ref: [ 9.9996666866652E-03 ]
PASS  atn(0.2)                   ref: [ .19739555984988 ]
PASS  atn(0.25)                  ref: [ .24497866312687 ]
PASS  atn(0.26)                  ref: [ .25436805855327 ]
PASS  atn(0.267)                 ref: [ .26091356923294 ]
PASS  atn(0.2679)                ref: [ .26175349007165 ]
PASS  atn(0.26794)               ref: [ .26179081112444 ]
PASS  atn(0.267949)              ref: [ .26179920825846 ]
PASS  atn(0.2679491924311)       ref: [ .26179938779913 ]
PASS  atn(0.268)                 ref: [ .26184679130413 ]
PASS  atn(0.27)                  ref: [ .26371183446228 ]
PASS  atn(0.28)                  ref: [ .27300870308673 ]
PASS  atn(0.3)                   ref: [ .29145679447789 ]
PASS  atn(0.4)                   ref: [ .38050637711239 ]
PASS  atn(0.5)                   ref: [ .46364760900081 ]
PASS  atn(0.6)                   ref: [ .54041950027057 ]
PASS  atn(0.7)                   ref: [ .6107259643892 ]
PASS  atn(0.75)                  ref: [ .64350110879329 ]
PASS  atn(0.8)                   ref: [ .67474094222354 ]
PASS  atn(0.9)                   ref: [ .7328151017865 ]
PASS  atn(0.95)                  ref: [ .75976275487578 ]
PASS  atn(0.99)                  ref: [ .78037308006663 ]
PASS  atn(1.7)                   ref: [ 1.0390722595361 ]
PASS  atn(0.9999999)             ref: [ .78539811339744 ]
PASS  atn(0.99999999999)         ref: [ .78539816339245 ]
PASS  atn(1)                     ref: [ .78539816339745 ]
PASS  atn(1.00000000001)         ref: [ .78539816340245 ]
PASS  atn(1.0001)                ref: [ .78544816089754 ]
PASS  atn(1.5)                   ref: [ .98279372324731 ]
PASS  atn(2)                     ref: [ 1.1071487177941 ]
PASS  atn(3)                     ref: [ 1.2490457723982 ]
PASS  atn(3.7)                   ref: [ 1.3068326031692 ]
PASS  atn(3.732)                 ref: [ 1.3089935354907 ]
PASS  atn(3.8)                   ref: [ 1.3134726118238 ]
PASS  atn(5)                     ref: [ 1.373400766945 ]
PASS  atn(10)                    ref: [ 1.4711276743037 ]
PASS  atn(50)                    ref: [ 1.5507989928217 ]
PASS  atn(100)                   ref: [ 1.5607966601082 ]
PASS  atn(1000)                  ref: [ 1.5697963271282 ]
PASS  atn(1e6)                   ref: [ 1.5707953267949 ]
PASS  atn(1e15)                  ref: [ 1.5707963267949 ]
PASS  atn(1e30)                  ref: [ 1.5707963267949 ]
PASS  atn(1e38)                  ref: [ 1.5707963267949 ]
PASS  atn(-0.5)                  ref: [-.46364760900081 ]
PASS  atn(-1)                    ref: [-.78539816339745 ]
PASS  atn(-1.7)                  ref: [-1.0390722595361 ]
PASS  atn(-2)                    ref: [-1.1071487177941 ]
PASS  atn(-3.7)                  ref: [-1.3068326031692 ]
PASS  atn(-10)                   ref: [-1.4711276743037 ]
PASS  atn(-100)                  ref: [-1.5607966601082 ]
PASS  atn(-1e-9)                 ref: [-1E-09 ]
PASS  atn(-1e38)                 ref: [-1.5707963267949 ]
PASS  atn(1.23456789)            ref: [ .88998749342828 ]
PASS  atn(12.3456789)            ref: [ 1.4899727789573 ]
PASS  atn(123.456789)            ref: [ 1.5626965038612 ]
PASS  atn(0.123456789)           ref: [ .1228352377713 ]
PASS  atn(1)+0.5                 ref: [ 1.2853981633975 ]
PASS  atn(0.5!)                  ref: [ .46364760900081 ]
PASS  atn(0.5#)                  ref: [ .46364760900081 ]
PASS  atn(peek(0))               ref: [ 1.5666811236878 ]
PASS  exp(0)                     ref: [ 1 ]
PASS  exp(1e-13)                 ref: [ 1.0000000000001 ]
PASS  exp(-1e-13)                ref: [ .9999999999999 ]
PASS  exp(1e-9)                  ref: [ 1.000000001 ]
PASS  exp(-1e-9)                 ref: [ .999999999 ]
PASS  exp(0.001)                 ref: [ 1.0010005001667 ]
PASS  exp(-0.001)                ref: [ .99900049983337 ]
PASS  exp(0.5)                   ref: [ 1.6487212707 ]
PASS  exp(-0.5)                  ref: [ .60653065971264 ]
PASS  exp(1)                     ref: [ 2.7182818284588 ]
PASS  exp(-1)                    ref: [ .36787944117145 ]
PASS  exp(2)                     ref: [ 7.38905609893 ]
PASS  exp(-2)                    ref: [ .13533528329591 ]
PASS  exp(10)                    ref: [ 22026.4657948 ]
PASS  exp(-10)                   ref: [ 4.5399929762496E-05 ]
PASS  exp(20)                    ref: [ 485165195.40951 ]
PASS  exp(-20)                   ref: [ 2.0611536224547E-09 ]
PASS  exp(88)                    ref: [ 1.6516362549895E+38 ]
PASS  exp(100)                   ref: [ 2.6881171418087E+43 ]
PASS  exp(142.7)                 ref: [ 9.4150486309485E+61 ]
PASS  exp(2.3025850929940)       ref: [ 9.9999999999985 ]
PASS  exp(-2.3025850929940)      ref: [ .10000000039491 ]
PASS  exp(4.6051701859881)       ref: [ 99.999999999973 ]
PASS  exp(23.025850929940)       ref: [ 9999999999.9884 ]
PASS  exp(0.14391156831213)      ref: [ 1.1547819846894 ]
PASS  exp(0.14391156831214)      ref: [ 1.1547819846894 ]
PASS  exp(-0.14391156831213)     ref: [ .86596432336005 ]
PASS  exp(145.062)               ref: [ 9.9913951180409E+62 ]
PASS  exp(-147.3)                ref: [ 1.0676350345268E-64 ]
PASS  exp(-147.4)                ref: [ 0 ]
PASS  exp(-200)                  ref: <no span>
PASS  exp(-1000)                 ref: [ 0 ]
PASS  log(1)                     ref: [ 0 ]
PASS  log(1.1)                   ref: [ .095310179804323 ]
PASS  log(0.9)                   ref: [-.10536051565782 ]
PASS  log(1.00001)               ref: [ 9.9999500003332E-06 ]
PASS  log(0.99999)               ref: [-1.0000050000333E-05 ]
PASS  log(1.000000001)           ref: [ 9.9999999949997E-10 ]
PASS  log(0.999999999)           ref: [-1.0000000005E-09 ]
PASS  log(1.0000000000001)       ref: [ 9.9999999999991E-14 ]
PASS  log(0.9999999999999)       ref: [-1E-13 ]
PASS  log(0.99)                  ref: [-.010050335853501 ]
PASS  log(2)                     ref: [ .69314718055993 ]
PASS  log(3)                     ref: [ 1.0986122886681 ]
PASS  log(7)                     ref: [ 1.9459101490553 ]
PASS  log(2.7182818284590)       ref: [ .99999999999991 ]
PASS  log(0.5)                   ref: [-.69314718055993 ]
PASS  log(0.25)                  ref: [-1.3862943611199 ]
PASS  log(0.1)                   ref: [-2.302585092994 ]
PASS  log(0.001)                 ref: [-6.907755278982 ]
PASS  log(1000)                  ref: [ 6.907755278982 ]
PASS  log(1E10)                  ref: [ 23.02585092994 ]
PASS  log(1E-10)                 ref: [-23.02585092994 ]
PASS  log(1E62)                  ref: [ 142.76027576563 ]
PASS  log(1E-64)                 ref: [-147.36544595162 ]
PASS  log(9.9999999999999E62)    ref: [ 145.06286085862 ]
PASS  log(0.87)                  ref: [-.1392620673335 ]
PASS  log(0.9245459892507)       ref: [-.078452484394141 ]
PASS  log(0.95)                  ref: [-.051293294387549 ]
PASS  log(1.1547819846894)       ref: [ .14391156831207 ]
PASS  log(1.1547819846896)       ref: [ .14391156831224 ]
PASS  log(2.7384196342643)       ref: [ 1.0073809781848 ]
PASS  log(2.7384196342645)       ref: [ 1.0073809781849 ]
PASS  log(8.6596432336006)       ref: [ 2.1586735246819 ]
PASS  log(8.6596432336008)       ref: [ 2.1586735246819 ]
PASS  log(1.3335214321633)       ref: [ .2878231366242 ]
PASS  log(5.6234132519035)       ref: [ 1.7269388197456 ]
PASS  exp(1)+0.5                 ref: [ 3.2182818284588 ]
PASS  exp(0.5!)                  ref: [ 1.6487212707 ]
PASS  exp(0.5#)                  ref: [ 1.6487212707 ]
PASS  exp(peek(0)\100)           ref: [ 7.38905609893 ]
PASS  log(10)+0.5                ref: [ 2.802585092994 ]
PASS  log(2!)                    ref: [ .69314718055993 ]
PASS  log(2#)                    ref: [ .69314718055993 ]
PASS  log(peek(0)+1)             ref: [ 5.497168225293 ]
PASS  log(0)                     ref: <no span>
PASS  log(-1)                    ref: <no span>
PASS  exp(146)                   ref: <no span>
PASS  exp(200)                   ref: <no span>
PASS  exp(1000)                  ref: <no span>
PASS  2^3^2                      ref: [ 64 ]
PASS  2^2^3                      ref: [ 64 ]
PASS  -2^2                       ref: [-4 ]
PASS  2^-3                       ref: [ .125 ]
PASS  -2^-2                      ref: [-.25 ]
PASS  2^-3^2                     ref: [ 1.953125E-03 ]
PASS  2^-2^-2                    ref: [ .84089641525371 ]
PASS  2*3^2                      ref: [ 18 ]
PASS  7\2^2                      ref: [ 1 ]
PASS  (2^3)^2                    ref: [ 64 ]
PASS  2^-3*4                     ref: [ .5 ]
PASS  -2^.5                      ref: [-1.414213562373 ]
PASS  (2)^40                     ref: [ 1099511627776 ]
PASS  (3)^20                     ref: [ 3486784401 ]
PASS  (2)^50                     ref: [ 1.1258999068426E+15 ]
PASS  (3)^33                     ref: [ 5.5590605665554E+15 ]
PASS  (7)^19                     ref: [ 1.1398895185373E+16 ]
PASS  (1.1)^20                   ref: [ 6.7274999493256 ]
PASS  (1.01)^100                 ref: [ 2.7048138294216 ]
PASS  (5)^27                     ref: [ 7.4505805969238E+18 ]
PASS  (5)^88                     ref: [ 3.2311742677853E+61 ]
PASS  (2)^127                    ref: [ 1.7014118346047E+38 ]
PASS  (2)^207                    ref: [ 2.0568806966517E+62 ]
PASS  (10)^31                    ref: [ 1E+31 ]
PASS  (10)^32                    ref: [ 1E+32 ]
PASS  (10)^47                    ref: [ 1E+47 ]
PASS  (0.1)^63                   ref: [ 1E-63 ]
PASS  (-2)^3                     ref: [-8 ]
PASS  (-2)^10                    ref: [ 1024 ]
PASS  (-1)^32767                 ref: [-1 ]
PASS  (-1)^32768                 ref: <no span>
PASS  (10)^62                    ref: <no span>
PASS  (10)^63                    ref: <no span>
PASS  (2)^210                    ref: <no span>
PASS  (-10)^63                   ref: <no span>
PASS  (1E62)^1                   ref: <no span>
PASS  (1E31)^3                   ref: <no span>
PASS  (1E12)^5                   ref: [ 1E+60 ]
PASS  (0.5)^2000                 ref: [ 0 ]
PASS  (0.5)^-2000                ref: <no span>
PASS  (2)^-32768                 ref: <no span>
PASS  (10)^-63                   ref: <no span>
PASS  (10)^-31                   ref: [ 1E-31 ]
PASS  (10)^-32                   ref: [ 1E-32 ]
PASS  (1.01)^58                  ref: [ 1.780900596573 ]
PASS  (5)^60                     ref: [ 8.673617379884E+41 ]
PASS  (10)^-37                   ref: [ 1E-37 ]
PASS  (10)^-39                   ref: [ 1E-39 ]
PASS  (5)^44                     ref: [ 5.6843418860808E+30 ]
PASS  (0.9)^46                   ref: [ 7.8551672112787E-03 ]
PASS  (10)^-14                   ref: [ 1E-14 ]
PASS  (1.1)^-46                  ref: [ .012472010928317 ]
PASS  (1.0000001)^55             ref: [ 1.0000055000142 ]
PASS  (5)^15                     ref: [ 30517578125 ]
PASS  (3)^-5                     ref: [ 4.1152263374485E-03 ]
PASS  (2)^-40                    ref: [ 9.094947017729E-13 ]
PASS  (2)^-10                    ref: [ 9.765625E-04 ]
PASS  (7)^-10                    ref: [ 3.5401331746414E-09 ]
PASS  .1^-63                     ref: <no span>
PASS  (2)^(0.5)                  ref: [ 1.414213562373 ]
PASS  (7)^(2.5)                  ref: [ 129.64181424214 ]
PASS  (10)^(-2.5)                ref: [ 3.1622776601691E-03 ]
PASS  (123.456)^(7.89)           ref: [ 3.1771028258098E+16 ]
PASS  (1.0000000000001)^(1234.5) ref: [ 1.0000000001234 ]
PASS  (0.5)^(-100.25)            ref: [ 1.5074991131249E+30 ]
PASS  (3)^(3.3)                  ref: [ 37.54050759852 ]
PASS  (0.1)^(5.5)                ref: [ 3.1622776601706E-06 ]
PASS  (50)^(1.7)                 ref: [ 773.12373677703 ]
PASS  (2)^(10.5)                 ref: [ 1448.1546878696 ]
PASS  (0.001)^(3.5)              ref: [ 3.1622776601683E-11 ]
PASS  (5.5)^(-4.5)               ref: [ 4.6598066548602E-04 ]
PASS  (1000)^(5.5)               ref: [ 3.162277660161E+16 ]
PASS  (2.71828)^(12.3)           ref: [ 219694.17099645 ]
PASS  (0.9)^(-25.5)              ref: [ 14.683040925887 ]
PASS  (17)^(6.7)                 ref: [ 175391189.40118 ]
PASS  (10)^(-10.5)               ref: [ 3.1622776601683E-11 ]
PASS  (4)^(20.2)                 ref: [ 1450814290837.7 ]
PASS  (100)^(20.5)               ref: [ 9.9999999999536E+40 ]
PASS  (13619.720868867)^(-13.52985080) ref: [ 1.1623073343676E-56 ]
PASS  (-2)^2.5                   ref: <no span>
PASS  10^63.5                    ref: <no span>
PASS  (10)^(62.5)                ref: [ 3.162277660161E+62 ]
PASS  10^-70.5                   ref: <no span>
PASS  0^0                        ref: [ 1 ]
PASS  0^2                        ref: [ 0 ]
PASS  0^.5                       ref: [ 0 ]
PASS  0^-1                       ref: <no span>
PASS  0^-.5                      ref: <no span>
PASS  5^0                        ref: [ 1 ]
PASS  1^123456789                ref: [ 1 ]
PASS  2!^3!                      ref: [ 8 ]
PASS  sin(0)                     ref: [ 0 ]
PASS  sin(0.0001)                ref: [ 9.9999999833336E-05 ]
PASS  sin(0.001)                 ref: [ 9.9999983333337E-04 ]
PASS  sin(0.01)                  ref: [ 9.999833334167E-03 ]
PASS  sin(0.1)                   ref: [ .099833416646831 ]
PASS  sin(0.5)                   ref: [ .47942553860422 ]
PASS  sin(-0.5)                  ref: [-.47942553860422 ]
PASS  sin(1)                     ref: [ .84147098480792 ]
PASS  sin(-1)                    ref: [-.84147098480792 ]
PASS  sin(1.5)                   ref: [ .99749498660406 ]
PASS  sin(-1.5)                  ref: [-.99749498660406 ]
PASS  sin(2)                     ref: [ .90929742682566 ]
PASS  sin(-2)                    ref: [-.90929742682566 ]
PASS  sin(3)                     ref: [ .14112000805978 ]
PASS  sin(-3)                    ref: [-.14112000805978 ]
PASS  sin(.7853981633974)        ref: [ .70710678118655 ]
PASS  sin(-.7853981633974)       ref: [-.70710678118655 ]
PASS  sin(1.5707963267949)       ref: [ 1 ]
PASS  sin(-1.5707963267949)      ref: [-1 ]
PASS  sin(1.5707963267948)       ref: [ 1 ]
PASS  sin(1.5707963267950)       ref: [ .99999999999999 ]
PASS  sin(3.1415926535898)       ref: [-1.2566370614359E-13 ]
PASS  sin(-3.1415926535898)      ref: [ 1.2566370614359E-13 ]
PASS  sin(3.1415926535897)       ref: [ 0 ]
PASS  sin(3.1415926535899)       ref: [-1.8849555921539E-13 ]
PASS  sin(4.7123889803847)       ref: [-.99999999999999 ]
PASS  sin(-4.7123889803847)      ref: [ .99999999999999 ]
PASS  sin(6.2831853071796)       ref: [ 0 ]
PASS  sin(10)                    ref: [-.54402111088962 ]
PASS  sin(50)                    ref: [-.26237485370251 ]
PASS  sin(100)                   ref: [-.50636564110723 ]
PASS  sin(-100)                  ref: [ .50636564110723 ]
PASS  sin(628.31853071796)       ref: [ 0 ]
PASS  sin(1000)                  ref: [ .82687954054849 ]
PASS  sin(-1000)                 ref: [-.82687954054849 ]
PASS  sin(1.23456789)            ref: [ .94400572500455 ]
PASS  sin(12.3456789)            ref: [-.21890461309726 ]
PASS  sin(123.456789)            ref: [-.80440634761665 ]
PASS  sin(0.123456789)           ref: [ .12314341518232 ]
PASS  cos(0)                     ref: [ 1 ]
PASS  cos(0.0001)                ref: [ .999999995 ]
PASS  cos(0.001)                 ref: [ .99999950000004 ]
PASS  cos(0.01)                  ref: [ .99995000041668 ]
PASS  cos(0.1)                   ref: [ .99500416527803 ]
PASS  cos(0.5)                   ref: [ .87758256189037 ]
PASS  cos(-0.5)                  ref: [ .87758256189037 ]
PASS  cos(1)                     ref: [ .54030230586811 ]
PASS  cos(-1)                    ref: [ .54030230586811 ]
PASS  cos(1.5)                   ref: [ .070737201667659 ]
PASS  cos(-1.5)                  ref: [ .070737201667659 ]
PASS  cos(2)                     ref: [-.4161468365472 ]
PASS  cos(-2)                    ref: [-.4161468365472 ]
PASS  cos(3)                     ref: [-.98999249660047 ]
PASS  cos(-3)                    ref: [-.98999249660047 ]
PASS  cos(.7853981633974)        ref: [ .70710678118655 ]
PASS  cos(-.7853981633974)       ref: [ .70710678118655 ]
PASS  cos(1.5707963267949)       ref: [-6.2831853071796E-14 ]
PASS  cos(-1.5707963267949)      ref: [-6.2831853071796E-14 ]
PASS  cos(1.5707963267948)       ref: [ 6.2831853071796E-14 ]
PASS  cos(1.5707963267950)       ref: [-1.2566370614359E-13 ]
PASS  cos(3.1415926535898)       ref: [-.99999999999999 ]
PASS  cos(-3.1415926535898)      ref: [-.99999999999999 ]
PASS  cos(3.1415926535897)       ref: [-1 ]
PASS  cos(3.1415926535899)       ref: [-1 ]
PASS  cos(4.7123889803847)       ref: [ 1.2566370614359E-13 ]
PASS  cos(-4.7123889803847)      ref: [ 1.2566370614359E-13 ]
PASS  cos(6.2831853071796)       ref: [ 1 ]
PASS  cos(10)                    ref: [-.8390715290763 ]
PASS  cos(50)                    ref: [ .9649660284925 ]
PASS  cos(100)                   ref: [ .86231887228917 ]
PASS  cos(-100)                  ref: [ .86231887228917 ]
PASS  cos(628.31853071796)       ref: [ 1 ]
PASS  cos(1000)                  ref: [ .56237907626647 ]
PASS  cos(-1000)                 ref: [ .56237907626647 ]
PASS  cos(1.23456789)            ref: [ .32992906989023 ]
PASS  cos(12.3456789)            ref: [ .97574626331068 ]
PASS  cos(123.456789)            ref: [-.59407947945881 ]
PASS  cos(0.123456789)           ref: [ .99238888511373 ]
PASS  tan(0.1)                   ref: [ .10033467208545 ]
PASS  tan(-0.1)                  ref: [-.10033467208545 ]
PASS  tan(0.5)                   ref: [ .54630248984381 ]
PASS  tan(-0.5)                  ref: [-.54630248984381 ]
PASS  tan(.7853981633974)        ref: [ 1 ]
PASS  tan(-.7853981633974)       ref: [-1 ]
PASS  tan(0.9)                   ref: [ 1.2601582175504 ]
PASS  tan(-0.9)                  ref: [-1.2601582175504 ]
PASS  tan(1)                     ref: [ 1.5574077246549 ]
PASS  tan(-1)                    ref: [-1.5574077246549 ]
PASS  tan(1.1)                   ref: [ 1.9647596572488 ]
PASS  tan(-1.1)                  ref: [-1.9647596572488 ]
PASS  tan(1.2)                   ref: [ 2.5721516221265 ]
PASS  tan(-1.2)                  ref: [-2.5721516221265 ]
PASS  tan(1.4)                   ref: [ 5.7978837154841 ]
PASS  tan(-1.4)                  ref: [-5.7978837154841 ]
PASS  tan(2)                     ref: [-2.1850398632611 ]
PASS  tan(-2)                    ref: [ 2.1850398632611 ]
PASS  tan(2.5)                   ref: [-.74702229723854 ]
PASS  tan(-2.5)                  ref: [ .74702229723854 ]
PASS  tan(3)                     ref: [-.14254654307418 ]
PASS  tan(-3)                    ref: [ .14254654307418 ]
PASS  tan(100)                   ref: [-.58721391515298 ]
PASS  tan(-100)                  ref: [ .58721391515298 ]
PASS  tan(12345.678)             ref: [-.99149714029721 ]
PASS  tan(-12345.678)            ref: [ .99149714029721 ]
PASS  tan(1000000)               ref: [-.37362442059035 ]
PASS  sin(1E15)                  ref: [ 0 ]
PASS  cos(1E15)                  ref: [ 0 ]
PASS  tan(1E15)                  ref: <no span>
PASS  sin(-1E15)                 ref: [ 0 ]
PASS  cos(-1E15)                 ref: [ 0 ]
PASS  tan(-1E15)                 ref: <no span>
PASS  sin(2E14)                  ref: [ 0 ]
PASS  cos(2E14)                  ref: [ 0 ]
PASS  tan(2E14)                  ref: <no span>
PASS  tan(1.5707)                ref: [ 10381.32742434 ]
PASS  tan(1.57079)               ref: [ 158057.91525907 ]
PASS  tan(1000)                  ref: [ 1.4703241557953 ]
PASS  tan(1E5)                   ref: [-.035771660018526 ]
PASS  tan(1E8)                   ref: [-2.5637567133988 ]
PASS  tan(1E13)                  ref: [ 0 ]
PASS  sin(1)+0.5                 ref: [ 1.3414709848079 ]
PASS  cos(1)+0.5                 ref: [ 1.0403023058681 ]
PASS  tan(1)+0.5                 ref: [ 2.0574077246549 ]
PASS  sin(0.5!)                  ref: [ .47942553860422 ]
PASS  cos(0.5#)                  ref: [ .87758256189037 ]
PASS  tan(peek(0))               ref: [ 1.9520219903467 ]
PASS  sqr()                      ref: <no span>
PASS  abs()                      ref: <no span>
PASS  int()                      ref: <no span>
PASS  cint()                     ref: <no span>
PASS  sgn()                      ref: <no span>
PASS  fix()                      ref: <no span>
PASS  csng()                     ref: <no span>
PASS  cdbl()                     ref: <no span>
PASS  atn()                      ref: <no span>
PASS  peek()                     ref: <no span>
PASS  sqr(())                    ref: <no span>
PASS  ()                         ref: <no span>
PASS  (5+)                       ref: <no span>
PASS  -()                        ref: <no span>
PASS  (,)                        ref: <no span>
PASS  len()                      ref: <no span>
PASS  asc()                      ref: <no span>
PASS  val()                      ref: <no span>
PASS  chr$()                     ref: <no span>
PASS  str$()                     ref: <no span>
PASS  left$()                    ref: <no span>
PASS  right$()                   ref: <no span>
PASS  mid$()                     ref: <no span>
PASS  hex$()                     ref: <no span>
PASS  space$()                   ref: <no span>
PASS  string$()                  ref: <no span>
PASS  instr()                    ref: <no span>
PASS  (5)                        ref: [ 5 ]
PASS  (5+6)                      ref: [ 11 ]
PASS  a%=-32768:print"[";abs(a%);"]" ref: [ 32768 ]
PASS  a%=cint(3.7):print"[";a%;"]" ref: [ 3 ]
PASS  a%=cint(-3.7):print"[";a%;"]" ref: [-3 ]
PASS  print "[";abs(-1.23456789012345#);"]" ref: [ 1.2345678901235 ]
PASS  a#=12345678.9:print"[";int(a#);"]" ref: [ 12345678 ]
PASS  a#=-9999999.5:print"[";int(a#);"]" ref: [-10000000 ]
PASS  a!=-2.5:print"[";fix(a!);"]" ref: [-2 ]
PASS  print"[";fix(-1.00000000000001#);"]" ref: [-1 ]
PASS  a%=sqr(9):print"[";a%;"]"  ref: [ 3 ]
PASS  a%=atn(1):print"[";a%;"]"  ref: [ 0 ]
PASS  a%=exp(1):print"[";a%;"]"  ref: [ 2 ]
PASS  a%=log(100):print"[";a%;"]" ref: [ 4 ]
PASS  a%=2:b%=3:print"[";a%^b%;"]" ref: [ 8 ]
PASS  a%=2^3:print"[";a%;"]"     ref: [ 8 ]
PASS  a#=2^.5:print"[";a#*a#;"]" ref: [ 1.9999999999997 ]

--- SQR reference-deviation report (42/104) -- INFORMATIONAL, does not affect pass/fail (§10.3.1/§10.6) ---
(the reference ROM's own SQR is ~1 ulp off mathematical truth on these inputs -- its division is low-biased; zerobas is correct here. Never asserted against.)
  sqr(2)                     reference=1.414213562373       truth=1.4142135623731
  sqr(3)                     reference=1.7320508075688      truth=1.7320508075689
  sqr(6)                     reference=2.4494897427831      truth=2.4494897427832
  sqr(12)                    reference=3.4641016151377      truth=3.4641016151378
  sqr(17)                    reference=4.1231056256176      truth=4.1231056256177
  sqr(26)                    reference=5.099019513593       truth=5.0990195135928
  sqr(27)                    reference=5.1961524227065      truth=5.1961524227066
  sqr(28)                    reference=5.291502622129       truth=5.2915026221292
  sqr(30)                    reference=5.4772255750515      truth=5.4772255750517
  sqr(37)                    reference=6.082762530298       truth=6.0827625302982
  sqr(41)                    reference=6.403124237433       truth=6.4031242374328
  sqr(59)                    reference=7.6811457478685      truth=7.6811457478686
  sqr(61)                    reference=7.8102496759065      truth=7.8102496759067
  sqr(67)                    reference=8.1853527718725      truth=8.1853527718724
  sqr(71)                    reference=8.4261497731765      truth=8.4261497731764
  sqr(79)                    reference=8.8881944173155      truth=8.8881944173156
  sqr(83)                    reference=9.1104335791445      truth=9.1104335791443
  sqr(89)                    reference=9.4339811320565      truth=9.4339811320566
  sqr(97)                    reference=9.848857801796       truth=9.8488578017961
  sqr(99)                    reference=9.949874371066       truth=9.9498743710662
  sqr(101)                   reference=10.04987562112       truth=10.049875621121
  sqr(1.5)                   reference=1.2247448713915      truth=1.2247448713916
  sqr(2.5)                   reference=1.5811388300841      truth=1.5811388300842
  sqr(123.456)               reference=11.111075555498      truth=11.111075555499
  sqr(12345.6789)            reference=111.11111060555      truth=111.11111060556
  sqr(1.0000000000001)       reference=1.0000000000001      truth=1.0000000000000
  sqr(99.999999999999)       reference=10                   truth=9.9999999999999
  sqr(0.99999999999999)      reference=1                    truth=0.99999999999999
  sqr(1.23456789012345)      reference=1.111111106111       truth=1.1111111061111
  sqr(42)                    reference=6.480740698408       truth=6.4807406984079
  sqr(1000001)               reference=1000.0004999998      truth=1000.0004999999
  sqr(88888888888888)        reference=9428090.4158205      truth=9428090.4158206
  sqr(1.41421356237)         reference=1.1892071150013      truth=1.1892071150014
  sqr(333333333.3333)        reference=18257.418583504      truth=18257.418583505
  sqr(1234567.891234)        reference=1111.1111066107      truth=1111.1111066109
  sqr(3.14159265358)         reference=1.7724538509027      truth=1.7724538509028
  sqr(2.71828182845)         reference=1.6487212706973      truth=1.6487212706974
  sqr(31622.7766017)         reference=177.82794100393      truth=177.82794100394
  sqr(0.30102999566398)      reference=0.54866200493925     truth=0.54866200493927
  sqr(123456789.12345)       reference=11111.111066109      truth=11111.111066111
  sqr(4.44444444444)         reference=2.1081851067778      truth=2.1081851067779
  sqr(99.99998)              reference=9.999999             truth=9.9999989999999

--- ATN accuracy vs mathematical truth (61 pure atn inputs) -- bound = 2 ulp (§11.7 REVISED) ---
  correctly-rounded (== truth): 44/61; worst deviation: 2 ulp (bound 2).
  DOCUMENTED bounded deviation (user sign-off): ATN's 14-digit chain is not strictly correctly-rounded; reaching that needs an extended-precision layer (not built -- §2/§11 resolution). Within the reference's own <=2-ulp envelope.
  tie/beat reference: 0.25, 0.268, 0.3, 0.4, 0.6, 0.7, 1.5, 3.732, 1.23456789
  1-2 ulp WORSE than reference (accepted): 0.01, 0.75, 0.95, 0.99999999999, 1, 1.00000000001, -1, 0.123456789

--- ATN reference-deviation report (20/61) -- INFORMATIONAL ---
(inputs where the reference ROM's own ATN misses mathematical truth; ~correctly-rounded overall per §1.1. Never asserted against.)
  atn(0.25)                  reference=0.24497866312687     truth=0.24497866312686
  atn(0.268)                 reference=0.26184679130413     truth=0.26184679130411
  atn(0.27)                  reference=0.26371183446228     truth=0.26371183446227
  atn(0.28)                  reference=0.27300870308673     truth=0.27300870308671
  atn(0.3)                   reference=0.29145679447789     truth=0.29145679447787
  atn(0.4)                   reference=0.38050637711239     truth=0.38050637711236
  atn(0.6)                   reference=0.54041950027057     truth=0.54041950027058
  atn(0.7)                   reference=0.6107259643892      truth=0.61072596438921
  atn(0.75)                  reference=0.64350110879329     truth=0.64350110879328
  atn(0.8)                   reference=0.67474094222354     truth=0.67474094222355
  atn(0.9)                   reference=0.7328151017865      truth=0.73281510178651
  atn(0.95)                  reference=0.75976275487578     truth=0.75976275487577
  atn(0.99)                  reference=0.78037308006663     truth=0.78037308006664
  atn(0.9999999)             reference=0.78539811339744     truth=0.78539811339745
  atn(1.0001)                reference=0.78544816089754     truth=0.78544816089753
  atn(1.5)                   reference=0.98279372324731     truth=0.98279372324733
  atn(3)                     reference=1.2490457723982      truth=1.2490457723983
  atn(3.732)                 reference=1.3089935354907      truth=1.3089935354908
  atn(1.23456789)            reference=0.88998749342828     truth=0.88998749342825
  atn(12.3456789)            reference=1.4899727789573      truth=1.4899727789572

ATN oddness cross-check: 9 mirrored pair(s) verified atn(-x) == -atn(x)

--- EXP accuracy vs mathematical truth (32 pure exp inputs) -- bound = 2 ulp (§12.1) ---
  correctly-rounded (== truth): 24/32; worst deviation: 1 ulp (bound 2).
  DOCUMENTED bounded deviation (§12.1, same framework as ATN's §11.10): the 14-digit table-reduction+Horner chain is not strictly correctly-rounded; per-input never-worse-than-reference is NOT asserted (the reference is itself 3-45 ulp off truth here, per the characterization).

--- EXP reference-deviation report (22/32) -- INFORMATIONAL ---
(inputs where the reference ROM's own EXP misses mathematical truth; the reference is a low-accuracy 1980s poly, mean -3 ulp, worst -45 @x=88 per §1.1/§12.1. Never asserted against.)
  exp(0.5)                   reference=1.6487212707         truth=1.6487212707001
  exp(-0.5)                  reference=0.60653065971264     truth=0.60653065971263
  exp(1)                     reference=2.7182818284588      truth=2.7182818284590
  exp(-1)                    reference=0.36787944117145     truth=0.36787944117144
  exp(2)                     reference=7.38905609893        truth=7.3890560989307
  exp(-2)                    reference=0.13533528329591     truth=0.13533528323661
  exp(10)                    reference=22026.4657948        truth=22026.465794807
  exp(-10)                   reference=0.000045399929762496 truth=0.000045399929762485
  exp(20)                    reference=485165195.40951      truth=485165195.40979
  exp(-20)                   reference=2.0611536224547E-9   truth=2.0611536224386E-9
  exp(88)                    reference=1.6516362549895E+38  truth=1.6516362549940E+38
  exp(100)                   reference=2.6881171418087E+43  truth=2.6881171418161E+43
  exp(142.7)                 reference=9.4150486309485E+61  truth=9.4150486309929E+61
  exp(2.3025850929940)       reference=9.9999999999985      truth=9.9999999999995
  exp(-2.3025850929940)      reference=0.10000000039491     truth=0.10000000000000
  exp(4.6051701859881)       reference=99.999999999973      truth=100.00000000000
  exp(23.025850929940)       reference=9999999999.9884      truth=9999999999.9954
  exp(0.14391156831213)      reference=1.1547819846894      truth=1.1547819846895
  exp(0.14391156831214)      reference=1.1547819846894      truth=1.1547819846895
  exp(-0.14391156831213)     reference=0.86596432336005     truth=0.86596432336006
  exp(145.062)               reference=9.9913951180409E+62  truth=9.9913951180760E+62
  exp(-147.3)                reference=1.0676350345268E-64  truth=1.0676350318090E-64

--- LOG accuracy vs mathematical truth (35 pure log inputs) -- bound = 4 ulp (§12.1) ---
  correctly-rounded (== truth): 26/35; worst deviation: 2 ulp (bound 4).
  DOCUMENTED bounded deviation (§12.1): every >2-ulp case is in the j=8 FOLD path (x in [0.866,1)) where den=m'+1 inherently spans 15 digits and d(r)/d(s)=2 doubles the division's own rounding -- the same extended-precision wall as the division deviation/SQR floor. Per-input never-worse-than-reference is NOT asserted (the reference is itself 1-5 ulp off truth here).

--- LOG reference-deviation report (19/35) -- INFORMATIONAL ---
(inputs where the reference ROM's own LOG misses mathematical truth; mean -0.45 ulp, worst -5 per §1.1/§12.1. Never asserted against.)
  log(1.1)                   reference=0.095310179804323    truth=0.095310179804325
  log(0.9)                   reference=-0.10536051565782    truth=-0.10536051565783
  log(1.00001)               reference=0.0000099999500003332 truth=0.0000099999500003333
  log(1.000000001)           reference=9.9999999949997E-10  truth=9.9999999950000E-10
  log(1.0000000000001)       reference=9.9999999999991E-14  truth=9.9999999999995E-14
  log(0.9999999999999)       reference=-1E-13               truth=-1.0000000000001E-13
  log(2)                     reference=0.69314718055993     truth=0.69314718055995
  log(2.7182818284590)       reference=0.99999999999991     truth=0.99999999999998
  log(0.5)                   reference=-0.69314718055993    truth=-0.69314718055995
  log(0.001)                 reference=-6.907755278982      truth=-6.9077552789821
  log(1000)                  reference=6.907755278982       truth=6.9077552789821
  log(0.87)                  reference=-0.1392620673335     truth=-0.13926206733351
  log(0.9245459892507)       reference=-0.078452484394141   truth=-0.078452484394146
  log(0.95)                  reference=-0.051293294387549   truth=-0.051293294387551
  log(1.1547819846894)       reference=0.14391156831207     truth=0.14391156831208
  log(1.1547819846896)       reference=0.14391156831224     truth=0.14391156831225
  log(2.7384196342643)       reference=1.0073809781848      truth=1.0073809781849
  log(1.3335214321633)       reference=0.2878231366242      truth=0.28782313662424
  log(5.6234132519035)       reference=1.7269388197456      truth=1.7269388197455

--- POW accuracy vs mathematical truth (26 truth-bound neg-y/frac/grammar-outlier inputs) -- §13.2 per-row caps (not a flat bound) ---
  correctly-rounded (== truth): 8/26; worst deviation: 68 ulp (each row's own cap held independently -- see per-row PASS/FAIL above).
  DOCUMENTED bounded deviation (§13.2): the int path's own squaring-amplification error (structural, the reference's own, not ours to fix) and the frac path's EXP(y*LOG(x)) chain deviation (scales with |t|=|y*log x|). Per-input never-worse-than-reference is NOT asserted (§2 relaxation, the ATN/EXP/LOG precedent).

--- POW reference-deviation report (24) -- INFORMATIONAL ---
(inputs where the reference ROM's own POW misses mathematical truth, incl. the `10^-70.5` row where the reference's own EXP(-162.3) throws a disposition-bug Overflow that zerobas correctly avoids -- §12.9. Never asserted against.)
  -2^.5                      x=2                  y=0.5          reference=-1.414213562373      truth=-1.4142135623731
  (3)^-5                     x=3                  y=-5           reference=0.0041152263374485   truth=0.0041152263374486
  (2)^-40                    x=2                  y=-40          reference=9.094947017729E-13   truth=9.0949470177293E-13
  (2)^(0.5)                  x=2                  y=0.5          reference=1.414213562373       truth=1.4142135623731
  (7)^(2.5)                  x=7                  y=2.5          reference=129.64181424214      truth=129.64181424216
  (10)^(-2.5)                x=10                 y=-2.5         reference=0.0031622776601691   truth=0.0031622776601684
  (123.456)^(7.89)           x=123.456            y=7.89         reference=3.1771028258098E+16  truth=3.1771028258181E+16
  (1.0000000000001)^(1234.5) x=1.0000000000001    y=1234.5       reference=1.0000000001234      truth=1.0000000001235
  (0.5)^(-100.25)            x=0.5                y=-100.25      reference=1.5074991131249E+30  truth=1.5074991131289E+30
  (3)^(3.3)                  x=3                  y=3.3          reference=37.54050759852       truth=37.540507598530
  (0.1)^(5.5)                x=0.1                y=5.5          reference=0.0000031622776601706 truth=0.0000031622776601684
  (50)^(1.7)                 x=50                 y=1.7          reference=773.12373677703      truth=773.12373677748
  (2)^(10.5)                 x=2                  y=10.5         reference=1448.1546878696      truth=1448.1546878700
  (0.001)^(3.5)              x=0.001              y=3.5          reference=3.1622776601683E-11  truth=3.1622776601684E-11
  (5.5)^(-4.5)               x=5.5                y=-4.5         reference=0.00046598066548602  truth=0.00046598066548593
  (1000)^(5.5)               x=1000               y=5.5          reference=3.162277660161E+16   truth=3.1622776601684E+16
  (2.71828)^(12.3)           x=2.71828            y=12.3         reference=219694.17099645      truth=219694.17099668
  (0.9)^(-25.5)              x=0.9                y=-25.5        reference=14.683040925887      truth=14.683040925891
  (17)^(6.7)                 x=17                 y=6.7          reference=175391189.40118      truth=175391189.40120
  (10)^(-10.5)               x=10                 y=-10.5        reference=3.1622776601683E-11  truth=3.1622776601684E-11
  (4)^(20.2)                 x=4                  y=20.2         reference=1450814290837.7      truth=1450814290837.2
  (100)^(20.5)               x=100                y=20.5         reference=9.9999999999536E+40  truth=1.0000000000000E+41
  (13619.720868867)^(-13.52985080) x=13619.720868867    y=-13.52985080 reference=1.1623073343676E-56  truth=1.1623073327411E-56
  (10)^(62.5)                x=10                 y=62.5         reference=3.162277660161E+62   truth=3.1622776601684E+62

--- SIN accuracy vs mathematical truth (42 pure sin inputs) -- bound = abs<=3E-14 (§14.2) ---
  worst abs error 8.58e-1 @ x=1E+15; correctly-rounded (abs<=1 ulp, |val|>=.1) 28/31 (90.3%).
  DOCUMENTED bounded deviation (§14.2, same framework as ATN/EXP/LOG's own): the reduction+minimax-Horner chain is not strictly correctly-rounded everywhere; per-input never-worse-than-reference is NOT asserted (academic here -- the reference is 3-6 orders worse everywhere it matters, §14.1).

--- COS accuracy vs mathematical truth (42 pure cos inputs) -- bound = abs<=3E-14 (§14.2) ---
  worst abs error 1.51e+0 @ x=1E+15; correctly-rounded (abs<=1 ulp, |val|>=.1) 31/34 (91.2%).
  DOCUMENTED bounded deviation (§14.2, same framework as ATN/EXP/LOG's own): the reduction+minimax-Horner chain is not strictly correctly-rounded everywhere; per-input never-worse-than-reference is NOT asserted (academic here -- the reference is 3-6 orders worse everywhere it matters, §14.1).

SIN oddness cross-check: 12 mirrored pair(s) verified sin(-x) == -sin(x)
COS evenness cross-check: 12 mirrored pair(s) verified cos(-x) == cos(x)

--- SIN reference-deviation report (38/39) -- INFORMATIONAL ---
(inputs where the reference ROM's own SIN misses mathematical truth; the reference has a weak ~13-digit stored pi, §1.1/§14.1. Never asserted against.)
  sin(0.0001)                reference=0.000099999999833336 truth=0.000099999999833333
  sin(0.001)                 reference=0.00099999983333337  truth=0.00099999983333334
  sin(0.01)                  reference=0.009999833334167    truth=0.0099998333341667
  sin(0.1)                   reference=0.099833416646831    truth=0.099833416646828
  sin(0.5)                   reference=0.47942553860422     truth=0.47942553860420
  sin(-0.5)                  reference=-0.47942553860422    truth=-0.47942553860420
  sin(1)                     reference=0.84147098480792     truth=0.84147098480790
  sin(-1)                    reference=-0.84147098480792    truth=-0.84147098480790
  sin(1.5)                   reference=0.99749498660406     truth=0.99749498660405
  sin(-1.5)                  reference=-0.99749498660406    truth=-0.99749498660405
  sin(2)                     reference=0.90929742682566     truth=0.90929742682568
  sin(-2)                    reference=-0.90929742682566    truth=-0.90929742682568
  sin(3)                     reference=0.14112000805978     truth=0.14112000805987
  sin(-3)                    reference=-0.14112000805978    truth=-0.14112000805987
  sin(.7853981633974)        reference=0.70710678118655     truth=0.70710678118651
  sin(-.7853981633974)       reference=-0.70710678118655    truth=-0.70710678118651
  sin(1.5707963267950)       reference=0.99999999999999     truth=1.00000000000000
  sin(3.1415926535898)       reference=-1.2566370614359E-13 truth=-6.7615373566167E-15
  sin(-3.1415926535898)      reference=1.2566370614359E-13  truth=6.7615373566167E-15
  sin(3.1415926535897)       reference=0                    truth=9.3238462643383E-14
  sin(3.1415926535899)       reference=-1.8849555921539E-13 truth=-1.0676153735662E-13
  sin(4.7123889803847)       reference=-0.99999999999999    truth=-1.00000000000000
  sin(-4.7123889803847)      reference=0.99999999999999     truth=1.00000000000000
  sin(6.2831853071796)       reference=0                    truth=1.3523074713233E-14
  sin(10)                    reference=-0.54402111088962    truth=-0.54402111088937
  sin(50)                    reference=-0.26237485370251    truth=-0.26237485370393
  sin(100)                   reference=-0.50636564110723    truth=-0.50636564110976
  sin(-100)                  reference=0.50636564110723     truth=0.50636564110976
  sin(628.31853071796)       reference=0                    truth=1.3523074713233E-12
  sin(1000)                  reference=0.82687954054849     truth=0.82687954053200
  sin(-1000)                 reference=-0.82687954054849    truth=-0.82687954053200
  sin(1.23456789)            reference=0.94400572500455     truth=0.94400572500453
  sin(12.3456789)            reference=-0.21890461309726    truth=-0.21890461309779
  sin(123.456789)            reference=-0.80440634761665    truth=-0.80440634761340
  sin(0.123456789)           reference=0.12314341518232     truth=0.12314341518231
  sin(1E15)                  reference=0                    truth=0.85827279317024
  sin(-1E15)                 reference=0                    truth=-0.85827279317024
  sin(2E14)                  reference=0                    truth=0.40953073361129

--- COS reference-deviation report (32/39) -- INFORMATIONAL ---
(inputs where the reference ROM's own COS misses mathematical truth; catastrophic near pi/2, §1.1/§14.1. Never asserted against.)
  cos(0.01)                  reference=0.99995000041668     truth=0.99995000041667
  cos(1)                     reference=0.54030230586811     truth=0.54030230586814
  cos(-1)                    reference=0.54030230586811     truth=0.54030230586814
  cos(1.5)                   reference=0.070737201667659    truth=0.070737201667703
  cos(-1.5)                  reference=0.070737201667659    truth=0.070737201667703
  cos(2)                     reference=-0.4161468365472     truth=-0.41614683654714
  cos(-2)                    reference=-0.4161468365472     truth=-0.41614683654714
  cos(3)                     reference=-0.98999249660047    truth=-0.98999249660045
  cos(-3)                    reference=-0.98999249660047    truth=-0.98999249660045
  cos(.7853981633974)        reference=0.70710678118655     truth=0.70710678118658
  cos(-.7853981633974)       reference=0.70710678118655     truth=0.70710678118658
  cos(1.5707963267949)       reference=-6.2831853071796E-14 truth=-3.3807686783084E-15
  cos(-1.5707963267949)      reference=-6.2831853071796E-14 truth=-3.3807686783084E-15
  cos(1.5707963267948)       reference=6.2831853071796E-14  truth=9.6619231321692E-14
  cos(1.5707963267950)       reference=-1.2566370614359E-13 truth=-1.0338076867831E-13
  cos(3.1415926535898)       reference=-0.99999999999999    truth=-1.00000000000000
  cos(-3.1415926535898)      reference=-0.99999999999999    truth=-1.00000000000000
  cos(4.7123889803847)       reference=1.2566370614359E-13  truth=1.0142306034925E-14
  cos(-4.7123889803847)      reference=1.2566370614359E-13  truth=1.0142306034925E-14
  cos(10)                    reference=-0.8390715290763     truth=-0.83907152907645
  cos(50)                    reference=0.9649660284925      truth=0.96496602849211
  cos(100)                   reference=0.86231887228917     truth=0.86231887228768
  cos(-100)                  reference=0.86231887228917     truth=0.86231887228768
  cos(1000)                  reference=0.56237907626647     truth=0.56237907629070
  cos(-1000)                 reference=0.56237907626647     truth=0.56237907629070
  cos(1.23456789)            reference=0.32992906989023     truth=0.32992906989028
  cos(12.3456789)            reference=0.97574626331068     truth=0.97574626331055
  cos(123.456789)            reference=-0.59407947945881    truth=-0.59407947946321
  cos(0.123456789)           reference=0.99238888511373     truth=0.99238888511371
  cos(1E15)                  reference=0                    truth=-0.51319373778697
  cos(-1E15)                 reference=0                    truth=-0.51319373778697
  cos(2E14)                  reference=0                    truth=0.91229632150294

--- TAN accuracy vs mathematical truth (30 band inputs, 0.1<=|tan|<=10) -- bound = 16 ulp (§14.2) ---
  correctly-rounded (== truth): 12/30; worst deviation: 44890100284151 ulp (bound 16).
  DOCUMENTED bounded deviation (§14.2): TAN(x)=SIN(x)/COS(x) bit-for-bit (§1.2); the band bound reflects the one correctly-rounded fp_div on top of SIN/COS's own abs-error envelope, amplified near the band edges (|sin| or |cos| ~=0.1). Per-input never-worse-than-reference is NOT asserted (academic -- the reference is 4+ orders worse here, §14.1).

--- TAN reference-deviation report (23/27) -- INFORMATIONAL ---
(inputs where the reference ROM's own TAN misses mathematical truth; up to 4e4+ ulp off truth in this project's own characterization, §14.1. Never asserted against.)
  tan(0.5)                   reference=0.54630248984381     truth=0.54630248984379
  tan(-0.5)                  reference=-0.54630248984381    truth=-0.54630248984379
  tan(.7853981633974)        reference=1                    truth=0.99999999999990
  tan(-.7853981633974)       reference=-1                   truth=-0.99999999999990
  tan(0.9)                   reference=1.2601582175504      truth=1.2601582175503
  tan(-0.9)                  reference=-1.2601582175504     truth=-1.2601582175503
  tan(1.1)                   reference=1.9647596572488      truth=1.9647596572487
  tan(-1.1)                  reference=-1.9647596572488     truth=-1.9647596572487
  tan(1.2)                   reference=2.5721516221265      truth=2.5721516221264
  tan(-1.2)                  reference=-2.5721516221265     truth=-2.5721516221264
  tan(1.4)                   reference=5.7978837154841      truth=5.7978837154829
  tan(-1.4)                  reference=-5.7978837154841     truth=-5.7978837154829
  tan(2)                     reference=-2.1850398632611     truth=-2.1850398632615
  tan(-2)                    reference=2.1850398632611      truth=2.1850398632615
  tan(2.5)                   reference=-0.74702229723854    truth=-0.74702229723867
  tan(-2.5)                  reference=0.74702229723854     truth=0.74702229723867
  tan(3)                     reference=-0.14254654307418    truth=-0.14254654307428
  tan(-3)                    reference=0.14254654307418     truth=0.14254654307428
  tan(100)                   reference=-0.58721391515298    truth=-0.58721391515693
  tan(-100)                  reference=0.58721391515298     truth=0.58721391515693
  tan(12345.678)             reference=-0.99149714029721    truth=-0.99149714074299
  tan(-12345.678)            reference=0.99149714029721     truth=0.99149714074299
  tan(1000000)               reference=-0.37362442059035    truth=-0.37362445398760

ALL PASS — SQR is correctly-rounded (== mathematical truth) over the broad battery except the pinned near-tie precision floor (99.99998, where zerobas ties the reference, never worse); ATN is within 2 ulp of truth over its broad battery (documented bounded deviation, user sign-off -- ATN's reference is the one ~correctly-rounded case, and our 14-digit chain matches its <=2-ulp envelope), oddness holds exactly; EXP is within 2 ulp and LOG within 4 ulp of truth over their own broad batteries (documented bounded deviation, §12.1 -- both references are low-accuracy on these functions, so our chain beats them in aggregate even where a per-input tie isn't asserted); POW's positive-y integer path is REFERENCE-IDENTICAL BIT-FOR-BIT (§13.2), and its neg-y/frac/grammar-outlier rows hold their own per-row truth-bound caps (documented bounded deviation, §13.2); SIN/COS are within 3E-14 absolute of truth over their broad battery and TAN within 16 ulp over its well-conditioned band (documented bounded deviation, §14.2 -- the reference is 3-6 orders worse here via its own weak stored pi), oddness/evenness hold exactly, and the near-pi/2/large-|x| rows are pinned to captured-zerobas (§14.8); every reference ROM's own bias is documented above, never asserted against
