pasmo -I sub --bin sub/sub.asm build/sub.rom build/sub.sym
WARNING: Switching to 3 pass mode on line 827 of file basic/sysvars.inc
WARNING: Var ACT_LOW is never used on line 140 of file basic/sysvars.inc
WARNING: Var ARL_GETBYTE is never used on line 1486 of file basic/sysvars.inc
WARNING: Var ARY_CUR is never used on line 2142 of file basic/sysvars.inc
WARNING: Var ATAN_DEG is never used on line 14 of file math-coeffs.inc
WARNING: Var BAKCLR is never used on line 116 of file basic/sysvars.inc
WARNING: Var BDRCLR is never used on line 117 of file basic/sysvars.inc
WARNING: Var BREAKX is never used on line 31 of file basic/sysvars.inc
WARNING: Var CAL_NEEDFILL is never used on line 2535 of file basic/sysvars.inc
WARNING: Var CAL_SAVE is never used on line 2552 of file basic/sysvars.inc
WARNING: Var CAS_IN_MODE is never used on line 1497 of file basic/sysvars.inc
WARNING: Var CAS_LOW_1200 is never used on line 151 of file basic/sysvars.inc
WARNING: Var CAS_LOW_2400 is never used on line 152 of file basic/sysvars.inc
WARNING: Var CAS_OUT_MODE is never used on line 1496 of file basic/sysvars.inc
WARNING: Var CAS_VERIFY is never used on line 3292 of file basic/sysvars.inc
WARNING: Var CAS_VMIS is never used on line 3293 of file basic/sysvars.inc
WARNING: Var CAS_WBUF is never used on line 3328 of file basic/sysvars.inc
WARNING: Var CAS_WCNT is never used on line 2565 of file basic/sysvars.inc
WARNING: Var CHGCLR is never used on line 14 of file basic/sysvars.inc
WARNING: Var CHGET is never used on line 17 of file basic/sysvars.inc
WARNING: Var CHGMOD is never used on line 12 of file basic/sysvars.inc
WARNING: Var CHSNS is never used on line 16 of file basic/sysvars.inc
WARNING: Var CLPTR is never used on line 800 of file basic/sysvars.inc
WARNING: Var CLR_HIMEM_MARGIN is never used on line 2200 of file basic/sysvars.inc
WARNING: Var CLR_HIMEM_TOP is never used on line 2192 of file basic/sysvars.inc
WARNING: Var CLS is never used on line 21 of file basic/sysvars.inc
WARNING: Var CONTLINE is never used on line 2445 of file basic/sysvars.inc
WARNING: Var CONTPTR is never used on line 2446 of file basic/sysvars.inc
WARNING: Var CONTVALID is never used on line 2447 of file basic/sysvars.inc
WARNING: Var CON_LASTROW is never used on line 1314 of file basic/sysvars.inc
WARNING: Var COS_COEF_DEG is never used on line 347 of file math-coeffs.inc
WARNING: Var CRT_MODE is never used on line 1488 of file basic/sysvars.inc
WARNING: Var CS120_LOW is never used on line 138 of file basic/sysvars.inc
WARNING: Var CS240_LOW is never used on line 139 of file basic/sysvars.inc
WARNING: Var CSRY is never used on line 25 of file basic/sysvars.inc
WARNING: Var CVT is never used on line 3649 of file basic/sysvars.inc
WARNING: Var CVT_MODE is never used on line 3686 of file basic/sysvars.inc
WARNING: Var DIRECTF is never used on line 964 of file basic/sysvars.inc
WARNING: Var DISKOP_SEL_FAT_ALLOC_CLUSTER is never used on line 2778 of file basic/sysvars.inc
WARNING: Var DISKOP_SEL_FAT_COUNT_FREE is never used on line 2780 of file basic/sysvars.inc
WARNING: Var DISKOP_SEL_FAT_DELETE is never used on line 2784 of file basic/sysvars.inc
WARNING: Var DISKOP_SEL_FAT_DIR_CREATE is never used on line 2782 of file basic/sysvars.inc
WARNING: Var DISKOP_SEL_FAT_DIR_UPDATE is never used on line 2783 of file basic/sysvars.inc
WARNING: Var DISKOP_SEL_FAT_FIND is never used on line 2773 of file basic/sysvars.inc
WARNING: Var DISKOP_SEL_FAT_FLUSH_DATA_SECTOR is never used on line 2781 of file basic/sysvars.inc
WARNING: Var DISKOP_SEL_FAT_MOUNT is never used on line 2772 of file basic/sysvars.inc
WARNING: Var DISKOP_SEL_FAT_OPEN is never used on line 2775 of file basic/sysvars.inc
WARNING: Var DISKOP_SEL_FAT_READ_FAT_SECTOR is never used on line 2776 of file basic/sysvars.inc
WARNING: Var DISKOP_SEL_FAT_READ_FILE_SECTOR is never used on line 2777 of file basic/sysvars.inc
WARNING: Var DISKOP_SEL_FAT_WRITE_FAT_ENTRY is never used on line 2779 of file basic/sysvars.inc
WARNING: Var DISKOP_SEL_FCH_DETACH is never used on line 2807 of file basic/sysvars.inc
WARNING: Var DISKOP_SEL_FCH_RESTAGE is never used on line 2806 of file basic/sysvars.inc
WARNING: Var DISKOP_SEL_FIA_WALKED is never used on line 2799 of file basic/sysvars.inc
WARNING: Var DISKOP_SEL_KILL is never used on line 2815 of file basic/sysvars.inc
WARNING: Var DISKOP_SEL_NAME_CMP is never used on line 2774 of file basic/sysvars.inc
WARNING: Var DISKOP_SEL_NAME_STAMP is never used on line 2816 of file basic/sysvars.inc
WARNING: Var DISKOP_SEL_RAND_GET is never used on line 2794 of file basic/sysvars.inc
WARNING: Var DISKOP_SEL_RAND_OPEN is never used on line 2793 of file basic/sysvars.inc
WARNING: Var DISKOP_SEL_RAND_PUT is never used on line 2795 of file basic/sysvars.inc
WARNING: Var DISKOP_SEL_READ_SECTOR is never used on line 2770 of file basic/sysvars.inc
WARNING: Var DISKOP_SEL_WRITE_SECTOR is never used on line 2771 of file basic/sysvars.inc
WARNING: Var DIVPAD is never used on line 3647 of file basic/sysvars.inc
WARNING: Var DIVREM is never used on line 3648 of file basic/sysvars.inc
WARNING: Var DSPFNK is never used on line 23 of file basic/sysvars.inc
WARNING: Var ENDFLAG is never used on line 2429 of file basic/sysvars.inc
WARNING: Var ERAFNK is never used on line 22 of file basic/sysvars.inc
WARNING: Var ERRLIN is never used on line 1016 of file basic/sysvars.inc
WARNING: Var EXBRSA is never used on line 4362 of file basic/sysvars.inc
WARNING: Var EXPTBL is never used on line 104 of file basic/sysvars.inc
WARNING: Var EXP_COEF_DEG is never used on line 70 of file math-coeffs.inc
WARNING: Var FCH_CEIL is never used on line 3154 of file basic/sysvars.inc
WARNING: Var FCH_MODE is never used on line 2614 of file basic/sysvars.inc
WARNING: Var FCH_NUM is never used on line 2613 of file basic/sysvars.inc
WARNING: Var FCH_RDMODE is never used on line 2615 of file basic/sysvars.inc
WARNING: Var FLD_CHAN is never used on line 788 of file basic/sysvars.inc
WARNING: Var FLD_CUROFF is never used on line 787 of file basic/sysvars.inc
WARNING: Var FLD_TABEND is never used on line 3170 of file basic/sysvars.inc
WARNING: Var FN_PAREA_END is never used on line 3477 of file basic/sysvars.inc
WARNING: Var FN_STK_FLOOR is never used on line 3491 of file basic/sysvars.inc
WARNING: Var FOMBYTES is never used on line 3599 of file basic/sysvars.inc
WARNING: Var FOR_CUR is never used on line 3369 of file basic/sysvars.inc
WARNING: Var FOR_FRAME is never used on line 3368 of file basic/sysvars.inc
WARNING: Var FOSIGCOUNT is never used on line 3597 of file basic/sysvars.inc
WARNING: Var FOSIGN is never used on line 3596 of file basic/sysvars.inc
WARNING: Var FPERR_STRLONG is never used on line 498 of file basic/sysvars.inc
WARNING: Var FPERR_STROOM is never used on line 474 of file basic/sysvars.inc
WARNING: Var FPERR_TYPEMM is never used on line 499 of file basic/sysvars.inc
WARNING: Var FPNUM_SIZE is never used on line 3629 of file basic/sysvars.inc
WARNING: Var FP_LHSVAL is never used on line 3660 of file basic/sysvars.inc
WARNING: Var FP_OPMODE is never used on line 3684 of file basic/sysvars.inc
WARNING: Var FP_RSIGN is never used on line 3664 of file basic/sysvars.inc
WARNING: Var FP_SHIFTAMT is never used on line 3659 of file basic/sysvars.inc
WARNING: Var FP_TMP_B is never used on line 3662 of file basic/sysvars.inc
WARNING: Var GFX_COLOR_OFST is never used on line 63 of file basic/sysvars.inc
WARNING: Var GFX_DESC is never used on line 1827 of file basic/sysvars.inc
WARNING: Var GFX_EVY is never used on line 652 of file basic/sysvars.inc
WARNING: Var GFX_PGEN_BASE is never used on line 62 of file basic/sysvars.inc
WARNING: Var GFX_REL is never used on line 599 of file basic/sysvars.inc
WARNING: Var GFX_SVY is never used on line 650 of file basic/sysvars.inc
WARNING: Var GOSUB_FRAME is never used on line 3400 of file basic/sysvars.inc
WARNING: Var GOTOFLAG is never used on line 2428 of file basic/sysvars.inc
WARNING: Var GOTOTGT is never used on line 2427 of file basic/sysvars.inc
WARNING: Var GP_CHAN is never used on line 3186 of file basic/sysvars.inc
WARNING: Var GP_MODE is never used on line 3185 of file basic/sysvars.inc
WARNING: Var GTPAD is never used on line 42 of file basic/sysvars.inc
WARNING: Var GTPDL is never used on line 43 of file basic/sysvars.inc
WARNING: Var GTSTCK is never used on line 40 of file basic/sysvars.inc
WARNING: Var GTTRIG is never used on line 41 of file basic/sysvars.inc
WARNING: Var H_CVD is never used on line 3060 of file basic/sysvars.inc
WARNING: Var H_CVI is never used on line 3058 of file basic/sysvars.inc
WARNING: Var H_CVS is never used on line 3059 of file basic/sysvars.inc
WARNING: Var H_DSKF is never used on line 3054 of file basic/sysvars.inc
WARNING: Var H_FILE is never used on line 3063 of file basic/sysvars.inc
WARNING: Var H_KILL is never used on line 3062 of file basic/sysvars.inc
WARNING: Var H_MKD is never used on line 3057 of file basic/sysvars.inc
WARNING: Var H_MKI is never used on line 3055 of file basic/sysvars.inc
WARNING: Var H_MKS is never used on line 3056 of file basic/sysvars.inc
WARNING: Var H_NAME is never used on line 3061 of file basic/sysvars.inc
WARNING: Var H_TIMI is never used on line 3046 of file basic/sysvars.inc
WARNING: Var H_ZKEY is never used on line 3076 of file basic/sysvars.inc
WARNING: Var INDLR_N is never used on line 782 of file basic/sysvars.inc
WARNING: Var INP_CURSOR is never used on line 832 of file basic/sysvars.inc
WARNING: Var INT_MAIN_PRIM is never used on line 3727 of file basic/sysvars.inc
WARNING: Var INT_SUB_PRIM is never used on line 3728 of file basic/sysvars.inc
WARNING: Var INT_SUB_SUBSL is never used on line 3729 of file basic/sysvars.inc
WARNING: Var IN_RDLEN is never used on line 2619 of file basic/sysvars.inc
WARNING: Var LE_OP_AUTO is never used on line 2879 of file basic/sysvars.inc
WARNING: Var LE_OP_DELRANGE is never used on line 2849 of file basic/sysvars.inc
WARNING: Var LE_OP_LLSTRANGE is never used on line 2866 of file basic/sysvars.inc
WARNING: Var LE_OP_LSTRANGE is never used on line 2851 of file basic/sysvars.inc
WARNING: Var LE_OP_RELINK is never used on line 2848 of file basic/sysvars.inc
WARNING: Var LE_OP_RENUM is never used on line 2874 of file basic/sysvars.inc
WARNING: Var LE_OP_RENUM_NEXT is never used on line 2875 of file basic/sysvars.inc
WARNING: Var LE_OP_STORE is never used on line 2847 of file basic/sysvars.inc
WARNING: Var LHS_FAC is never used on line 3655 of file basic/sysvars.inc
WARNING: Var LHS_FACTYP is never used on line 3651 of file basic/sysvars.inc
WARNING: Var LHS_VARTYPE is never used on line 3769 of file basic/sysvars.inc
WARNING: Var LINEMAX is never used on line 853 of file basic/sysvars.inc
WARNING: Var LINL32 is never used on line 113 of file basic/sysvars.inc
WARNING: Var LINL40 is never used on line 112 of file basic/sysvars.inc
WARNING: Var LOC_COL is never used on line 1347 of file basic/sysvars.inc
WARNING: Var LOC_ROW is never used on line 1348 of file basic/sysvars.inc
WARNING: Var LOG_COEF_DEG is never used on line 112 of file math-coeffs.inc
WARNING: Var LPTPOS is never used on line 2968 of file basic/sysvars.inc
WARNING: Var LPT_MODE is never used on line 1487 of file basic/sysvars.inc
WARNING: Var MC_TYPE is never used on line 3846 of file basic/sysvars.inc
WARNING: Var MRG_PTR is never used on line 783 of file basic/sysvars.inc
WARNING: Var MSGESC_HI is never used on line 4393 of file basic/sysvars.inc
WARNING: Var MSGESC_LO is never used on line 4392 of file basic/sysvars.inc
WARNING: Var MSGESC_SUB is never used on line 4412 of file basic/sysvars.inc
WARNING: Var MSGESC_UTOF is never used on line 4371 of file basic/sysvars.inc
WARNING: Var MUL32 is never used on line 3677 of file basic/sysvars.inc
WARNING: Var MULCAND is never used on line 3675 of file basic/sysvars.inc
WARNING: Var MULTPLR is never used on line 3676 of file basic/sysvars.inc
WARNING: Var MUL_ADIG is never used on line 3670 of file basic/sysvars.inc
WARNING: Var MUL_CARRY is never used on line 3671 of file basic/sysvars.inc
WARNING: Var MUL_I is never used on line 3667 of file basic/sysvars.inc
WARNING: Var MUL_PP is never used on line 3674 of file basic/sysvars.inc
WARNING: Var NEWKEY is never used on line 3080 of file basic/sysvars.inc
WARNING: Var ONELIN is never used on line 1075 of file basic/sysvars.inc
WARNING: Var OO_DEVTYPE is never used on line 1476 of file basic/sysvars.inc
WARNING: Var OO_RECLEN_CHAN is never used on line 3272 of file basic/sysvars.inc
WARNING: Var PLF_RA is never used on line 3688 of file basic/sysvars.inc
WARNING: Var PLF_RA2 is never used on line 3690 of file basic/sysvars.inc
WARNING: Var PRDEST is never used on line 1468 of file basic/sysvars.inc
WARNING: Var PRDEV is never used on line 1475 of file basic/sysvars.inc
WARNING: Var PSLTREG is never used on line 105 of file basic/sysvars.inc
WARNING: Var PU_FMTMAX is never used on line 3193 of file basic/sysvars.inc
WARNING: Var PU_WP is never used on line 3199 of file basic/sysvars.inc
WARNING: Var RDSLT is never used on line 102 of file basic/sysvars.inc
WARNING: Var RESUMEFLAG is never used on line 2436 of file basic/sysvars.inc
WARNING: Var RESUMEPTR is never used on line 2435 of file basic/sysvars.inc
WARNING: Var RL_AUTO is never used on line 2948 of file basic/sysvars.inc
WARNING: Var SAVSTK is never used on line 985 of file basic/sysvars.inc
WARNING: Var SAVTXT is never used on line 1170 of file basic/sysvars.inc
WARNING: Var SCAN_INIT is never used on line 2454 of file basic/sysvars.inc
WARNING: Var SCAN_PRIM is never used on line 2452 of file basic/sysvars.inc
WARNING: Var SCAN_SLOT is never used on line 2453 of file basic/sysvars.inc
WARNING: Var SIN_COEF_DEG is never used on line 317 of file math-coeffs.inc
WARNING: Var STATFL is never used on line 741 of file basic/sysvars.inc
WARNING: Var STMOTR is never used on line 2279 of file basic/sysvars.inc
WARNING: Var SUBROM_IDX_ARY is never used on line 61 of file equates.inc
WARNING: Var SUBROM_IDX_BEEP is never used on line 221 of file equates.inc
WARNING: Var SUBROM_IDX_CASMATCH is never used on line 134 of file equates.inc
WARNING: Var SUBROM_IDX_DETOK is never used on line 46 of file equates.inc
WARNING: Var SUBROM_IDX_DIRVERB is never used on line 113 of file equates.inc
WARNING: Var SUBROM_IDX_ERRMSG is never used on line 165 of file equates.inc
WARNING: Var SUBROM_IDX_FATPRIM is never used on line 105 of file equates.inc
WARNING: Var SUBROM_IDX_FCBNAME is never used on line 151 of file equates.inc
WARNING: Var SUBROM_IDX_FLDLOOK is never used on line 237 of file equates.inc
WARNING: Var SUBROM_IDX_FORMAT is never used on line 93 of file equates.inc
WARNING: Var SUBROM_IDX_GRAPHICS is never used on line 203 of file equates.inc
WARNING: Var SUBROM_IDX_INTTEST is never used on line 54 of file equates.inc
WARNING: Var SUBROM_IDX_LINEEDIT is never used on line 123 of file equates.inc
WARNING: Var SUBROM_IDX_LRSETST is never used on line 251 of file equates.inc
WARNING: Var SUBROM_IDX_PARSELN is never used on line 183 of file equates.inc
WARNING: Var SUBROM_IDX_PING is never used on line 44 of file equates.inc
WARNING: Var SUBROM_IDX_PLAY_PARSE is never used on line 120 of file equates.inc
WARNING: Var SUBROM_IDX_PU_TAIL is never used on line 83 of file equates.inc
WARNING: Var SUBROM_IDX_PU_TOFIELD is never used on line 82 of file equates.inc
WARNING: Var SUBROM_IDX_READVAL is never used on line 214 of file equates.inc
WARNING: Var SUBROM_IDX_SCANSTMT is never used on line 98 of file equates.inc
WARNING: Var SUBROM_IDX_STRHEAP is never used on line 73 of file equates.inc
WARNING: Var SUBROM_IDX_TITLE is never used on line 141 of file equates.inc
WARNING: Var SUBROM_IDX_TOKENISE is never used on line 45 of file equates.inc
WARNING: Var SUBSLOT is never used on line 3707 of file basic/sysvars.inc
WARNING: Var SUBSLOT_OK is never used on line 3708 of file basic/sysvars.inc
WARNING: Var SV_OP_BSV_CAS is never used on line 1285 of file basic/sysvars.inc
WARNING: Var SV_OP_BSV_DISK is never used on line 1284 of file basic/sysvars.inc
WARNING: Var SV_OP_SAV_CAS is never used on line 1287 of file basic/sysvars.inc
WARNING: Var SV_OP_SAV_DISK is never used on line 1286 of file basic/sysvars.inc
WARNING: Var SW_ADDR is never used on line 1374 of file basic/sysvars.inc
WARNING: Var SW_ADDR1 is never used on line 1376 of file basic/sysvars.inc
WARNING: Var SW_MODE is never used on line 1378 of file basic/sysvars.inc
WARNING: Var SW_TYPE is never used on line 1375 of file basic/sysvars.inc
WARNING: Var SW_TYPE1 is never used on line 1377 of file basic/sysvars.inc
WARNING: Var TOKBUFSZ is never used on line 894 of file basic/sysvars.inc
WARNING: Var TRACEFLAG is never used on line 1297 of file basic/sysvars.inc
WARNING: Var TRAPENA is never used on line 1225 of file basic/sysvars.inc
WARNING: Var TRAPPEND is never used on line 1229 of file basic/sysvars.inc
WARNING: Var TRAPSVC is never used on line 1235 of file basic/sysvars.inc
WARNING: Var TRAPS_T3 is never used on line 527 of file basic/sysvars.inc
WARNING: Var TRAPS_T4 is never used on line 535 of file basic/sysvars.inc
WARNING: Var TRAPS_T5 is never used on line 543 of file basic/sysvars.inc
WARNING: Var TRAP_FRAME is never used on line 3407 of file basic/sysvars.inc
WARNING: Var TXTTAB is never used on line 1988 of file basic/sysvars.inc
WARNING: Var USRTAB is never used on line 2204 of file basic/sysvars.inc
WARNING: Var VALTYP is never used on line 1461 of file basic/sysvars.inc
WARNING: Var VARTYPE is never used on line 3756 of file basic/sysvars.inc
WARNING: Var VCBC is never used on line 3017 of file basic/sysvars.inc
WARNING: Var VOICBQ is never used on line 3008 of file basic/sysvars.inc
WARNING: Var VOICCQ is never used on line 3009 of file basic/sysvars.inc
WARNING: Var VS_INT_VAL is never used on line 3764 of file basic/sysvars.inc
WARNING: Var VS_TARGET_TYPE is never used on line 3761 of file basic/sysvars.inc
WARNING: Var WIDIG is never used on line 3665 of file basic/sysvars.inc
WARNING: Var WRTVDP is never used on line 13 of file basic/sysvars.inc
WARNING: Var WSRC is never used on line 3679 of file basic/sysvars.inc
WARNING: Var WSRC_TYP is never used on line 3682 of file basic/sysvars.inc
WARNING: Var ZINTCNT is never used on line 1224 of file basic/sysvars.inc
WARNING: Var ZINTVAL is never used on line 1223 of file basic/sysvars.inc
WARNING: Var ZTI_INTERVAL is never used on line 1196 of file basic/sysvars.inc
WARNING: Var ZTI_KEY1 is never used on line 1200 of file basic/sysvars.inc
WARNING: Var ZTI_SPRITE is never used on line 1198 of file basic/sysvars.inc
WARNING: Var ZTI_STOP is never used on line 1197 of file basic/sysvars.inc
WARNING: Var ZTI_STRIG0 is never used on line 1199 of file basic/sysvars.inc
WARNING: Var ZTRAP is never used on line 1186 of file basic/sysvars.inc
WARNING: Var ZTRAP_ENTSZ is never used on line 1195 of file basic/sysvars.inc
WARNING: Var ZTRAP_NENT is never used on line 1201 of file basic/sysvars.inc
WARNING: Var ZTS_OFF is never used on line 1203 of file basic/sysvars.inc
WARNING: Var ZTS_ON is never used on line 1204 of file basic/sysvars.inc
WARNING: Var ZTS_PENDING is never used on line 1208 of file basic/sysvars.inc
WARNING: Var ZTS_SERVICING is never used on line 1206 of file basic/sysvars.inc
WARNING: Var ZTS_SHADOW is never used on line 1209 of file basic/sysvars.inc
WARNING: Var ZTS_STATE_MASK is never used on line 1207 of file basic/sysvars.inc
WARNING: Var ZTS_STOP is never used on line 1205 of file basic/sysvars.inc
WARNING: Var __MEAS_SUB_P0_END is never used on line 400 of file sub/sub.asm
WARNING: Var __MEAS_SUB_P1_END is never used on line 840 of file sub/sub.asm
WARNING: Var aal_ceil_try is never used on line 1213 of file arrays.asm
WARNING: Var cpt_at_c is never used on line 123 of file circleparse.asm
WARNING: Var cpt_at_start is never used on line 154 of file circleparse.asm
WARNING: Var fat_io_open is never used on line 26 of file basic/fatio-body.inc
WARNING: Var fmt_menu_text is never used on line 118 of file basic/format-body.inc
WARNING: Var fsqn_up_check is never used on line 573 of file fp_sqrt.asm
WARNING: Var g8_reprogram is never used on line 4116 of file graphics.asm
WARNING: Var graphics_selftest is never used on line 119 of file graphics.asm
WARNING: Var sap_ok is never used on line 1379 of file strheap.asm
WARNING: Var scv_ceil_try is never used on line 743 of file arrays.asm
WARNING: Var sg_walk_temps is never used on line 805 of file strheap.asm
WARNING: Var shf_fill is never used on line 1992 of file strheap.asm
WARNING: Var show_title is never used on line 23 of file ../basic/title-body.inc
WARNING: Var sub_p0_table is never used on line 130 of file sub/sub.asm
WARNING: Var sub_p1_table is never used on line 421 of file sub/sub.asm
WARNING: Var tcr_leadok is never used on line 783 of file tkfloat.asm
WARNING: Var tkf_cmp5 is never used on line 622 of file tkfloat.asm
WARNING: Var tnt_name_stamp is never used on line 76 of file dirverb.asm
python3 tools/pad_rom.py build/sub.rom 32768
build/sub.rom: 32768 bytes (exact -- the assembler wrote the whole image)
python3 tools/install-repack-machine.py --merged build/zerobas-main-eu.rom --disk-rom build/disk.rom \
	  --sub-rom build/sub.rom
wrote C-BIOS_MSX1_EU_REPACK_DISK  (-> machine "C-BIOS_MSX1_EU_REPACK_DISK": merged repack ROM in slot 0, zerobas-disk in slot 3-1, zerobas-sub in slot 3-2)
     /Users/joost/.openMSX/share/machines/C-BIOS_MSX1_EU_REPACK_DISK.xml
python3 tools/install-repack-machine.py --merged build/zerobas-main-eu.rom --sub-rom build/sub.rom \
	  --no-disk
wrote C-BIOS_MSX1_EU_REPACK_NODISK  (-> machine "C-BIOS_MSX1_EU_REPACK_NODISK": merged repack ROM in slot 0, slot 3-1 EMPTY (diskless target), zerobas-sub in slot 3-2)
     /Users/joost/.openMSX/share/machines/C-BIOS_MSX1_EU_REPACK_NODISK.xml
