python3 tools/install-repack-machine.py --merged build/zerobas-main-eu.rom --disk-rom build/disk.rom \
	  --sub-rom build/sub.rom
wrote C-BIOS_MSX1_EU_REPACK_DISK  (-> machine "C-BIOS_MSX1_EU_REPACK_DISK": merged repack ROM in slot 0, zerobas-disk in slot 3-1, zerobas-sub in slot 3-2)
     /Users/joost/.openMSX/share/machines/C-BIOS_MSX1_EU_REPACK_DISK.xml
python3 probes/basic/basic_probe_castail.py --gate \
	        --sides vg8020,cf3300,zb \
	         \
	        --repeat 1
D-CASTAIL — what a machine prints after RUN"CAS:x" / LOAD"CAS:x",R   sides: vg8020, cf3300, zb
==============================================================================
ok   cas-run-hit             vg8020='ZQ9'  cf3300='ZQ9'  zb='ZQ9'   [CONTROL]
ok   cas-run-hit-res         vg8020='ZQ9'  cf3300='ZQ9'  zb='ZQ9'
ok   cas-loadr-hit           vg8020='ZQ9'  cf3300='ZQ9'  zb='ZQ9'
ok   cas-run-brk             vg8020='<load-failed>'  cf3300='<load-failed>'  zb='<load-failed>'
ok   cas-run-brk-res         vg8020='<load-failed>'  cf3300='<load-failed>'  zb='<load-failed>'
ok   cas-loadr-brk-res       vg8020='<load-failed>'  cf3300='<load-failed>'  zb='<load-failed>'
ok   bare-run                vg8020='ZQ1'  cf3300='ZQ1'  zb='ZQ1'   [CONTROL]
ok   cas-load-plain          vg8020='<nothing>'  cf3300='<nothing>'  zb='<nothing>'
ok   cas-load-plain:listing  vg8020='10 PRINT"ZQ9"'  cf3300='10 PRINT"ZQ9"'  zb='10 PRINT"ZQ9"'   [CONTROL]
ok   cas2-load               vg8020='Skip :SK / Found:RT'  cf3300='Skip :SK / Found:RT'  zb='Skip :SK / Found:RT'
ok   cas2-load:listing       vg8020='10 PRINT"ZQ9"'  cf3300='10 PRINT"ZQ9"'  zb='10 PRINT"ZQ9"'   [CONTROL]
ok   cas2-merge              vg8020='Skip :SK / Found:RT'  cf3300='Skip :SK / Found:RT'  zb='Skip :SK / Found:RT'
ok   cas2-merge:listing      vg8020='10 PRINT"ZQ9" / 20 PRINT"ZQ1"'  cf3300='10 PRINT"ZQ9" / 20 PRINT"ZQ1"'  zb='10 PRINT"ZQ9" / 20 PRINT"ZQ1"'   [CONTROL]
ok   cas2-open               vg8020='Skip :SK / Found:RT'  cf3300='Skip :SK / Found:RT'  zb='Skip :SK / Found:RT'
ok   cas2-open:echo          vg8020='10 PRINT"ZQ9"'  cf3300='10 PRINT"ZQ9"'  zb='10 PRINT"ZQ9"'   [CONTROL]
ok   cas2-openbare           vg8020='Found:SK'  cf3300='Found:SK'  zb='Found:SK'
ok   cas2-openbare:echo      vg8020='10 PRINT"ZQ8"'  cf3300='10 PRINT"ZQ8"'  zb='10 PRINT"ZQ8"'   [CONTROL]
ok   cas2-opencase           vg8020='<load-failed>'  cf3300='<load-failed>'  zb='<load-failed>'
ok   cas2-opencase:alive     vg8020='ZQ6'  cf3300='ZQ6'  zb='ZQ6'   [CONTROL]
ok   cas2-bare               vg8020='Found:SK'  cf3300='Found:SK'  zb='Found:SK'
ok   cas2-bare:listing       vg8020='10 PRINT"ZQ8"'  cf3300='10 PRINT"ZQ8"'  zb='10 PRINT"ZQ8"'   [CONTROL]
ok   cas2-cload              vg8020='Skip :SK / Found:RT'  cf3300='Skip :SK / Found:RT'  zb='Skip :SK / Found:RT'
ok   cas2-cload:listing      vg8020='10 PRINT"ZQ9"'  cf3300='10 PRINT"ZQ9"'  zb='10 PRINT"ZQ9"'   [CONTROL]
ok   cas-openout             vg8020='<nothing>'  cf3300='<nothing>'  zb='<nothing>'
ok   cas-openout:alive       vg8020='ZQ6'  cf3300='ZQ6'  zb='ZQ6'   [CONTROL]
ok   cas-openout:tape        vg8020='WX    '  cf3300='WX    '  zb='WX    '   [CONTROL]
ok   cas-openout:data        vg8020='ZQ7'  cf3300='ZQ7'  zb='ZQ7'   [CONTROL]
ok   cas-openoutbare         vg8020='<nothing>'  cf3300='<nothing>'  zb='<nothing>'
ok   cas-openoutbare:alive   vg8020='ZQ6'  cf3300='ZQ6'  zb='ZQ6'   [CONTROL]
ok   cas-openoutbare:tape    vg8020='      '  cf3300='      '  zb='      '
ok   cas-openoutbare:data    vg8020='ZQ7'  cf3300='ZQ7'  zb='ZQ7'   [CONTROL]
PIN  cas-load-plain:search   vg8020='Found:RT'  cf3300='Found:RT'  zb='Found:RT'   [PINNED DIVERGENCE]
ROWS: 32 printed, 31 scored — 31 agree, 0 diverge, 1 pinned
==============================================================================
31/31 scored readings agree (17 cases, 15 positive controls, 1 pinned divergence row(s))
SIDES: vg8020,cf3300,zb — every MSX1 has a CASSETTE PORT, so unlike the disk battery the VG-8020 is a legitimate reference here
NORMALISED: a tail that is EXACTLY the side's own aborted-load message reads '<load-failed>' (vg8020='Device I/O error', cf3300='Device I/O error', zb='load error') — the quarantined wording divergence, not re-opened here
PINNED: the tape-search progress rows ('Found:RT', 'Skip :RT', and the same pair for 'SK') are dropped from the D-CASTAIL tails, where they are not the subject, and read UNFILTERED by every cas2-* row, where they are. All three sides print them since D-CASSEARCH, so the filter now normalises an AGREEMENT rather than blessing one machine's silence
