python3 tools/install-repack-machine.py --merged build/zerobas-main-eu.rom --disk-rom build/disk.rom \
	  --sub-rom build/sub.rom
wrote C-BIOS_MSX1_EU_REPACK_DISK  (-> machine "C-BIOS_MSX1_EU_REPACK_DISK": merged repack ROM in slot 0, zerobas-disk in slot 3-1, zerobas-sub in slot 3-2)
     /Users/joost/.openMSX/share/machines/C-BIOS_MSX1_EU_REPACK_DISK.xml
python3 probes/basic/basic_probe_dskmsg.py --gate \
	        --sides cf3300,zb \
	         \
	        --repeat 1
D-DSKMSG/D-DKNAME — KILL's and NAME's no-match message   sides: cf3300, zb
==============================================================================
ok   dsk-ctl           cf3300='HI      .TXT'  zb='HI      .TXT'   [CONTROL]
ok   dsk-killhit       cf3300='FILES / TEST    .BIN PROG    .BIN PROG    .BAS / PROG2   .BAS'  zb='FILES / TEST    .BIN PROG    .BIN PROG    .BAS / PROG2   .BAS'   [CONTROL]
ok   dsk-namehit       cf3300='FILES / TEST    .BIN BYE     .TXT PROG    .BIN / PROG    .BAS PROG2   .BAS'  zb='FILES / TEST    .BIN BYE     .TXT PROG    .BIN / PROG    .BAS PROG2   .BAS'   [CONTROL]
ok   dsk-killnone      cf3300='File not found'  zb='File not found'
ok   dsk-namenone      cf3300='File not found'  zb='File not found'
ok   dsk-loadnone      cf3300='File not found'  zb='File not found'
ok   dsk-bloadnone     cf3300='File not found'  zb='File not found'
ok   dsk-runnone       cf3300='File not found'  zb='File not found'
ok   dsk-mergenone     cf3300='File not found'  zb='File not found'
ok   dsk-opennone      cf3300='File not found'  zb='File not found'
ok   dsk-appnone       cf3300='File not found'  zb='File not found'
ok   dsk-bloadmode     cf3300='Bad file mode'  zb='Bad file mode'
ok   dsk-bloadmodbin   cf3300='Bad file mode'  zb='Bad file mode'
ok   dsk-bloadmoderun  cf3300='Bad file mode in 10'  zb='Bad file mode in 10'
ok   dsk-bloadbinrun   cf3300='[RANON]'  zb='[RANON]'   [CONTROL]
ROWS: 15 printed, 15 scored — 15 agree, 0 diverge
==============================================================================
15/15 gated rows agree
SIDES: cf3300,zb — the VG-8020 has no disk ROM and CANNOT measure any row here (stated, not silently dropped)
0 row(s) PRINTED-NOT-GATED — the holding pen is EMPTY, and it was emptied by FIXING all seven, not by deleting them: dsk-namenone (D-DKNAME 2026-08-07), the five load/run/merge/open/append faces (D-LOADERR-FIX 2026-08-20), dsk-bloadnone (D-BLNF 2026-08-21) and dsk-bloadmode (D-BLMODE 2026-08-21). Each graduated the day its ARM SPLIT landed.
