python3 tools/install-repack-machine.py --merged build/zerobas-main-eu.rom --disk-rom build/disk.rom \
	  --sub-rom build/sub.rom
wrote C-BIOS_MSX1_EU_REPACK_DISK  (-> machine "C-BIOS_MSX1_EU_REPACK_DISK": merged repack ROM in slot 0, zerobas-disk in slot 3-1, zerobas-sub in slot 3-2)
     /Users/joost/.openMSX/share/machines/C-BIOS_MSX1_EU_REPACK_DISK.xml
python3 probes/basic/basic_probe_graphics.py
=== PHASE A: pixel + colour plane differential (VG-8020 vs zerobas) ===
  PASS pset_single    ref=80/f4 zb=80/f4
  PASS pset_clash     ref=c0/64 zb=c0/64
  PASS pset_clear_bg  ref=80/f4 zb=80/f4
  PASS preset_erase   ref=00/f4 zb=00/f4
  PASS preset_color   ref=80/64 zb=80/64
  PASS pset_step      ref=c0/94 zb=c0/94
  PASS pset_mid       ref=08/94 zb=08/94
  PASS pset_default   ref=80/f4 zb=80/f4
  PASS clip_noop_x300 ref=00/04 zb=00/04
  PASS clip_noop_xneg ref=00/04 zb=00/04
  PASS clip_noop_y192 ref=00/00 zb=00/00
=== PHASE B: behavioural differential (clip / errors / POINT / STEP) ===
  PASS pset_scr0_err    ref='E 5' zb='E 5'
  PASS pset_ovf_err     ref='E 6' zb='E 6'
  PASS pset_offscr_ok   ref='OK' zb='OK'
  PASS point_vals       ref='P 9 4 -1' zb='P 9 4 -1'
  PASS point_step       ref='S 9' zb='S 9'
=== PHASE C: LINE + DRAW pixel/colour plane differential (VG-8020 vs zerobas) ===
  PASS shallow       pattern band 24B
  PASS steep         pattern band 24B
  PASS diag45        pattern band 32B
  PASS negslope      pattern band 32B
  PASS rev_shallow   pattern band 24B
  PASS horiz         pattern band 24B
  PASS vert          pattern band 24B
  PASS degenerate    pattern band 32B
  PASS continuation  pattern band 32B
  PASS step_chain    pattern band 32B
  PASS box_b         pattern band 32B
  PASS box_bf        pattern band 32B
  PASS box_rev       pattern band 32B
  PASS clash_line    colour band 16B
  PASS clip_negTL    pattern band 128B
  PASS clip_frac     pattern band 64B
  PASS clip_alloff   pattern band 128B
  PASS clampL_diag   pattern band 6144B
  PASS clampL_corner pattern band 72B
  PASS clampL_start  pattern band 1120B
  PASS clampL_box    pattern band 1120B
  PASS bfbyte_cell   pattern band 8B
  PASS bfbyte_cell_c colour band 8B
  PASS bfbyte_span   pattern band 24B
  PASS bfbyte_span_c colour band 24B
  PASS bfbyte_rev    colour band 24B
  PASS bfbyte_tall   colour band 32B
  PASS bfbyte_c0     colour band 8B
  PASS bfbyte_teeth  pattern band 8B
  PASS bfbyte_teeth_c colour band 8B
  PASS bfbyte_unalign colour band 16B
  PASS bfbyte_x255   colour band 8B
  PASS clampD_diag   pattern band 6144B
  PASS clampD_corner pattern band 72B
  PASS clampD_start  pattern band 3072B
  PASS clampD_dir    pattern band 784B
  PASS clampD_scaled pattern band 1920B
  PASS clampD_rot    pattern band 784B
  PASS clampD_two    pattern band 3944B
  PASS ctlD_clipleft pattern band 64B
=== PHASE D: LINE behaviour (errors / GRPAC / clip-ok) ===
  PASS ovf_end      ref='E 6' zb='E 6'
  PASS ovf_ok_min   ref='K' zb='K'
  PASS scr0_err     ref='E 5' zb='E 5'
  PASS bf_scr0      ref='E 5' zb='E 5'
  PASS nodash       ref='E 2' zb='E 2'
  PASS badsuffix    ref='E 2' zb='E 2'
  PASS grpac_line   ref='G 30 40' zb='G 30 40'
  PASS grpac_box    ref='B 30 20' zb='B 30 20'
  PASS off_ok       ref='K' zb='K'
=== PHASE E: CIRCLE pixel/colour plane differential (VG-8020 vs zerobas) ===
  PASS circ_r4        pattern band 32B
  PASS circ_r7        pattern band 128B
  PASS circ_r8        pattern band 128B
  PASS circ_r12       pattern band 200B
  PASS circ_r15       pattern band 200B
  PASS circ_r20       pattern band 288B
  PASS ell_a025       pattern band 288B
  PASS ell_a05        pattern band 288B
  PASS ell_a2         pattern band 288B
  PASS ell_a3         pattern band 288B
  PASS ell_a05r15     pattern band 200B
  PASS arc_0_hpi      pattern band 200B
  PASS arc_hpi_pi     pattern band 200B
  PASS arc_wrap       pattern band 200B
  PASS arc_full628    pattern band 200B
  PASS spoke_270      pattern band 200B
  PASS spoke_wedge2   pattern band 200B
  PASS clash_circle   colour band 128B
  PASS r_zero         pattern band 8B
  PASS ell_a03r128    pattern band 6144B
  PASS ell_a055r128   pattern band 6144B
  PASS ell_a01r255    pattern band 6144B
  PASS ell_a07r128    pattern band 6144B
  PASS ell_a025r128   pattern band 6144B
  PASS ell_r700a0137  pattern band 6144B
  PASS ell_a17r128    pattern band 6144B
  PASS ell_a13r128    pattern band 6144B
  PASS ell_a11r128    pattern band 6144B
  PASS ell_a2r128     pattern band 6144B
  PASS ell_a4r128     pattern band 6144B
  PASS circ_ovf_r284  pattern band 6144B
  PASS circ_ovf_r300  pattern band 6144B
  PASS ell_ovf_a05r528 pattern band 6144B
  PASS ell_ovf_a2r528 pattern band 6144B
  PASS circ_ovfc_r255 pattern band 6144B
  PASS circ_ovfc_r200 pattern band 6144B
  PASS ell_ovfc_a05r500 pattern band 6144B
  PASS ell_ovfc_a2r500 pattern band 6144B
  PASS arc_ovf_r260   pattern band 6144B
  PASS arc_ovf_wrap300 pattern band 6144B
  PASS arcmask_r200   pattern band 6144B
  PASS arcmask_sw1    pattern band 6144B
  PASS arcmask_sw2    pattern band 6144B
  PASS arcmask_lad190 pattern band 6144B
  PASS arcmask_card95 pattern band 6144B
  PASS arcmask_a137   pattern band 6144B
  PASS arcmask_spoke  pattern band 2048B
  PASS clampS_wide    pattern band 6144B
  PASS clampS_start   pattern band 6144B
=== PHASE F: CIRCLE behaviour (errors / GRPAC / work-area quirk) ===
  PASS ovf_centre       ref='E 6' zb='E 6'
  PASS ovf_radius       ref='E 6' zb='E 6'
  PASS scr0_err         ref='E 5' zb='E 5'
  PASS colour16_err     ref='E 5' zb='E 5'
  PASS aspect_neg_err   ref='E 5' zb='E 5'
  PASS clip_offscr_ok   ref='K' zb='K'
  PASS clip_neg_ok      ref='K' zb='K'
  PASS grpac_step       ref='G 15 15' zb='G 15 15'
  PASS work_quirk       ref='W 10 40' zb='W 10 40'
=== PHASE G: CIRCLE negative radius (zerobas-only; reference hangs) ===
  PASS rneg_err zb='E 5' (want 'E 5')
=== PHASE H: PAINT fill differential (VG-8020 POINT vs zerobas, step=90.0s) ===
  PASS box_bounded_c15b15     ref=[15, 15, 15, 1] zb=[15, 15, 15, 1]
  PASS box_flood_c4b15        ref=[4, 4, 4, 4] zb=[4, 4, 4, 4]
  PASS box_bounded_c9b9       ref=[9, 9, 9, 1] zb=[9, 9, 9, 1]
  PASS step_form              ref=[15, 15, 15, 1] zb=[15, 15, 15, 1]
  PASS defaults_c_and_b       ref=[15, 15, 15, 1] zb=[15, 15, 15, 1]
  PASS comma_empty_c          ref=[15, 15, 15, 1] zb=[15, 15, 15, 1]
  PASS border16_flood_ok      ref=[9, 9, 9, 9] zb=[9, 9, 9, 9]
  PASS seed_on_border_still_floods ref=[7, 7] zb=[7, 7]
  PASS seed_on_wall_pixel     ref=[7, 7, 7] zb=[7, 7, 7]
  PASS seed_already_c_noop    ref=[1, 9, 1] zb=[1, 9, 1]
  PASS seed_already_c_bg_noop ref=[9, 1] zb=[9, 1]
  PASS plain_wall_cb_bounded  ref=[7, 7, 1, 1] zb=[7, 7, 1, 1]
  PASS bf_wall_not_a_border   ref=[9, 9, 9, 9] zb=[9, 9, 9, 9]
=== PHASE H-MC: PAINT fill differential in SCREEN 3 (D-PAINTMC, step=45.0s) ===
  PASS mc_flood_default       ref=[9, 9, 9] zb=[9, 9, 9]
  PASS mc_border_stops        ref=[9, 4] zb=[9, 4]
  PASS mc_border_is_bg        ref=[4, 4] zb=[4, 4]
  PASS mc_already_c_stops     ref=[9, 4] zb=[9, 4]
  PASS mc_seed_on_border      ref=[15, 4] zb=[15, 4]
  PASS mc_seed_already_c      ref=[9, 9] zb=[9, 9]
  PASS mc_notch_one_cell      ref=[9, 9, 7, 9] zb=[9, 9, 7, 9]
  PASS mc_box_bounded         ref=[9, 4] zb=[9, 4]
  PASS mc_bg_border_walk      ref=[1, 4] zb=[1, 4]
=== PHASE I: PAINT-after-string-heavy-work aliasing stress ===
  PASS paint_after_string_heavy ref=[40, 20, 15, 15, 1] zb=[40, 20, 15, 15, 1] (L,M,P,Q,W = LEN(A$),LEN(B$),3x POINT)
=== PHASE J: PAINT errors (all pre-tenant, fast/default-step) ===
  PASS scr0_err           ref='E 5' zb='E 5'
  PASS scr1_err           ref='E 5' zb='E 5'
  PASS colour16_err       ref='E 5' zb='E 5'
  PASS colour_neg_err     ref='E 5' zb='E 5'
  PASS offscreen_pos_err  ref='E 5' zb='E 5'
  PASS offscreen_neg_err  ref='E 5' zb='E 5'
  PASS ovf_err            ref='E 6' zb='E 6'
  PASS tile_str_err       ref='E 13' zb='E 13'
  PASS fourth_arg_err     ref='E 2' zb='E 2'
  PASS b_s2_256_err       ref='E 5' zb='E 5'
  PASS b_s2_neg_err       ref='E 5' zb='E 5'
  PASS b_mc_16_err        ref='E 5' zb='E 5'
  PASS b_mc_255_err       ref='E 5' zb='E 5'
  PASS b_mc_256_err       ref='E 5' zb='E 5'
  PASS b_mc_neg_err       ref='E 5' zb='E 5'
  PASS b_s2_256_comma     ref='E 5' zb='E 5'
  PASS b_s2_16_comma      ref='E 2' zb='E 2'
  PASS b_mc_16_comma      ref='E 5' zb='E 5'
  PASS b_mc_15_comma      ref='E 2' zb='E 2'
=== PHASE K: DRAW pixel differential (POINT-sampled: pattern AND colour) ===
  PASS box_udlr                   ref=[15, 15, 15, 15, 15, 1] zb=[15, 15, 15, 15, 15, 1]
  PASS diag_e                     ref=[15, 15, 15, 1] zb=[15, 15, 15, 1]
  PASS m_line_identity            ref=[15, 15, 15, 15, 1] zb=[15, 15, 15, 15, 1]
  PASS line_for_compare           ref=[15, 15, 15, 15, 1] zb=[15, 15, 15, 15, 1]
  PASS blank_move                 ref=[15, 1, 15, 15] zb=[15, 1, 15, 15]
  PASS no_update                  ref=[15, 15, 15, 1] zb=[15, 15, 15, 1]
  PASS scale_s8                   ref=[15, 15, 15, 1] zb=[15, 15, 15, 1]
  PASS scale_s2                   ref=[15, 15, 1] zb=[15, 15, 1]
  PASS angle_a1                   ref=[15, 15, 15, 1] zb=[15, 15, 15, 1]
  PASS angle_abs_m_unrotated      ref=[15, 15, 15] zb=[15, 15, 15]
  PASS eqvar                      ref=[15, 15, 15, 1] zb=[15, 15, 15, 1]
  PASS xsub                       ref=[15, 15, 15] zb=[15, 15, 15]
  PASS xnest                      ref=[15, 15, 15] zb=[15, 15, 15]
  PASS clip_left                  ref=[15, 15, 15] zb=[15, 15, 15]
  PASS neg_and_chain              ref=[15, 15, 15, 15] zb=[15, 15, 15, 15]
  PASS c_sets                     ref=[6] zb=[6]
  PASS c_persists_next_draw       ref=[6, 6] zb=[6, 6]
  PASS inherits_from_line         ref=[4, 4] zb=[4, 4]
  PASS colourless_line_restamps   ref=[6, 15, 15] zb=[6, 15, 15]
=== PHASE L: DRAW errors + accepted edges ===
  PASS badletter      ref='ZE 5' zb='ZE 5'
  PASS bare_s         ref='ZE 5' zb='ZE 5'
  PASS bare_a         ref='ZE 5' zb='ZE 5'
  PASS bare_c         ref='ZE 5' zb='ZE 5'
  PASS bare_m         ref='ZE 5' zb='ZE 5'
  PASS angle4         ref='ZE 5' zb='ZE 5'
  PASS colour16       ref='ZE 5' zb='ZE 5'
  PASS colour_neg     ref='ZE 5' zb='ZE 5'
  PASS scale256       ref='ZE 5' zb='ZE 5'
  PASS scale255ok     ref='ZK' zb='ZK'
  PASS count_big      ref='ZE 5' zb='ZE 5'
  PASS m_missing      ref='ZE 5' zb='ZE 5'
  PASS eq_nosemi      ref='ZE 5' zb='ZE 5'
  PASS x_nosemi       ref='ZE 5' zb='ZE 5'
  PASS lead_semi      ref='ZE 5' zb='ZE 5'
  PASS dbl_semi       ref='ZE 5' zb='ZE 5'
  PASS comma_sep      ref='ZE 5' zb='ZE 5'
  PASS junk           ref='ZE 5' zb='ZE 5'
  PASS screen0        ref='ZE 5' zb='ZE 5'
  PASS screen1        ref='ZE 5' zb='ZE 5'
  PASS numeric        ref='ZE 13' zb='ZE 13'
  PASS empty          ref='ZK' zb='ZK'
  PASS bare_b         ref='ZK' zb='ZK'
  PASS offscreen      ref='ZK' zb='ZK'
  PASS scale0         ref='ZK' zb='ZK'
=== PHASE M: DRAW S/A persistence ACROSS RUN ===
  PASS after S8/A1 in a PRIOR run   ref='P 80 100' zb='P 80 100'
  PASS after an explicit S4/A0      ref='P 100 90' zb='P 100 90'
=== PHASE N: sprite tables (attribute + pattern) differential ===
  PASS pat_8_full      ref='17017017017017017017017000|0' zb='17017017017017017017017000|0'
  PASS pat_8_short     ref='255000000000|0' zb='255000000000|0'
  PASS pat_8_long      ref='2042042042042042042042040000|0' zb='2042042042042042042042040000|0'
  PASS pat_8_empty     ref='00000000|0' zb='00000000|0'
  PASS pat_8_n255      ref='204204204204204204204204|0' zb='204204204204204204204204|0'
  PASS pat_16_full     ref='17017017017017017017017017017017017017017017017017017017017017017017017017017017017017017017017000|0' zb='17017017017017017017017017017017017017017017017017017017017017017017017017017017017017017017017000|0'
  PASS pat_16_short    ref='20420420420420420420420400000000000000000000000000|0' zb='20420420420420420420420400000000000000000000000000|0'
  PASS pat_16_wrap     ref='170170170170170170170170|0' zb='170170170170170170170170|0'
  PASS read_8          ref='90|890' zb='90|890'
  PASS read_16         ref='204204|32204204' zb='204204|32204204'
  PASS read_scr0       ref='70|87' zb='70|87'
  PASS attr_full       ref='201014|0' zb='201014|0'
  PASS attr_plane5     ref='201014|0' zb='201014|0'
  PASS attr_neg_x      ref='20271132|0' zb='20271132|0'
  PASS attr_neg_x32    ref='2001132|0' zb='2001132|0'
  PASS attr_ec_clear   ref='206014|0' zb='206014|0'
  PASS attr_wrap_x     ref='204414|0' zb='204414|0'
  PASS attr_wrap_y     ref='441014|0' zb='441014|0'
  PASS attr_y209       ref='2091014|0' zb='2091014|0'
  PASS attr_omit_c     ref='403029|0' zb='403029|0'
  PASS attr_omit_p     ref='403036|0' zb='403036|0'
  PASS attr_omit_xy    ref='807019|0' zb='807019|0'
  PASS attr_omit_all   ref='807074|0' zb='807074|0'
  PASS attr_step       ref='806014|600800' zb='806014|600800'
  PASS attr_float      ref='201014|0' zb='201014|0'
  PASS attr_work       ref='44271132|251255441251255' zb='44271132|251255441251255'
  PASS attr_16_pat1    ref='201044|0' zb='201044|0'
  PASS attr_16_pat63   ref='20102524|0' zb='20102524|0'
  PASS attr_scr1       ref='201014|0' zb='201014|0'
=== PHASE O: sprite errors + accepted edges ===
  PASS spr_n256       ref='ZE 5' zb='ZE 5'
  PASS spr_n_neg      ref='ZE 5' zb='ZE 5'
  PASS spr_n255       ref='ZK' zb='ZK'
  PASS spr_numeric    ref='ZE 13' zb='ZE 13'
  PASS spr_scr0_wr    ref='ZE 5' zb='ZE 5'
  PASS spr_scr1_wr    ref='ZK' zb='ZK'
  PASS spr_read_s0    ref='ZK' zb='ZK'
  PASS spr_read256    ref='ZE 5' zb='ZE 5'
  PASS spr_noparen    ref='ZE 2' zb='ZE 2'
  PASS spr_noeq       ref='ZE 2' zb='ZE 2'
  PASS spr_bare       ref='ZE 2' zb='ZE 2'
  PASS spr_on         ref='ZK' zb='ZK'
  PASS spr_off        ref='ZK' zb='ZK'
  PASS spr_stop       ref='ZK' zb='ZK'
  PASS spr_on_s0      ref='ZK' zb='ZK'
  PASS put_plane32    ref='ZE 5' zb='ZE 5'
  PASS put_plane31    ref='ZK' zb='ZK'
  PASS put_planeneg   ref='ZE 5' zb='ZE 5'
  PASS put_col16      ref='ZE 5' zb='ZE 5'
  PASS put_colneg     ref='ZE 5' zb='ZE 5'
  PASS put_pat255     ref='ZK' zb='ZK'
  PASS put_pat256     ref='ZE 5' zb='ZE 5'
  PASS put_pat64_16   ref='ZE 5' zb='ZE 5'
  PASS put_pat63_16   ref='ZK' zb='ZK'
  PASS put_patneg     ref='ZE 5' zb='ZE 5'
  PASS put_x40000     ref='ZE 6' zb='ZE 6'
  PASS put_x300       ref='ZK' zb='ZK'
  PASS put_scr0       ref='ZE 5' zb='ZE 5'
  PASS put_scr1       ref='ZK' zb='ZK'
  PASS put_bare       ref='ZE 2' zb='ZE 2'
  PASS put_comma      ref='ZE 2' zb='ZE 2'
  PASS put_5args      ref='ZE 2' zb='ZE 2'
  PASS put_trailing   ref='ZE 2' zb='ZE 2'
  PASS put_steponly   ref='ZK' zb='ZK'
  PASS put_halfxy     ref='ZE 2' zb='ZE 2'
=== PHASE P: sprite table init, CLS, and the persistent size ===
  PASS init_planes    ref='2096001520901152090215|224' zb='2096001520901152090215|224'
  PASS init_forclr    ref='209004209014|224' zb='209004209014|224'
  PASS init_p31       ref='20903115|0' zb='20903115|0'
  PASS init_p31_x     ref='209773115|0' zb='209773115|0'
  PASS cls_keeps      ref='206014|170' zb='206014|170'
  PASS pat_survives   ref='170000|0' zb='170000|0'
  PASS size_persist   ref='90|32226' zb='90|32226'
  PASS size_persist0  ref='00|32226' zb='00|32226'
  PASS size_back      ref='00|8224' zb='00|8224'
  PASS size_mag       ref='00|8225' zb='00|8225'
  PASS size_mag3      ref='00|32227' zb='00|32227'
=== PHASE Q1: VDP/BASE state differential (table + R0..R6) ===
  PASS s0_name     regs ref=['00', 'f0', '01', '00', '01', '00', '00'] zb=['00', 'f0', '01', '00', '01', '00', '00']
  PASS s0_satr     regs ref=['00', 'f0', '00', '00', '01', '3e', '00'] zb=['00', 'f0', '00', '00', '01', '3e', '00']
  PASS s0_spat     regs ref=['00', 'f0', '00', '00', '01', '00', '06'] zb=['00', 'f0', '00', '00', '01', '00', '06']
  PASS s1_name     regs ref=['02', 'e0', '06', 'ff', '03', '36', '07'] zb=['02', 'e0', '06', 'ff', '03', '36', '07']
  PASS s1_satr     regs ref=['02', 'e0', '06', 'ff', '03', '36', '07'] zb=['02', 'e0', '06', 'ff', '03', '36', '07']
  PASS s2_name     regs ref=['00', 'e8', '02', '00', '00', '36', '07'] zb=['00', 'e8', '02', '00', '00', '36', '07']
  PASS s2_satr     regs ref=['00', 'e8', '02', '00', '00', '36', '07'] zb=['00', 'e8', '02', '00', '00', '36', '07']
  PASS s2_spat     regs ref=['00', 'e8', '02', '00', '00', '36', '07'] zb=['00', 'e8', '02', '00', '00', '36', '07']
  PASS s1_poison   regs ref=['02', 'e0', '06', 'ff', '03', '08', '07'] zb=['02', 'e0', '06', 'ff', '03', '08', '07']
  PASS s2_poison   regs ref=['00', 'e8', '02', '00', '00', '08', '07'] zb=['00', 'e8', '02', '00', '00', '08', '07']
  PASS s2_poison2  regs ref=['00', 'e8', '02', '00', '00', '36', '02'] zb=['00', 'e8', '02', '00', '00', '36', '02']
  PASS s0_desync   regs ref=['00', 'f0', '00', '00', '01', '3e', '00'] zb=['00', 'f0', '00', '00', '01', '3e', '00']
  PASS s2_desync   regs ref=['00', 'e8', '02', '00', '00', '36', '07'] zb=['00', 'e8', '02', '00', '00', '36', '07']
  PASS s2_size     regs ref=['00', 'e9', '02', '00', '00', '36', '07'] zb=['00', 'e9', '02', '00', '00', '36', '07']
  PASS s2_r1poke   regs ref=['00', 'ea', '02', '00', '00', '36', '07'] zb=['00', 'ea', '02', '00', '00', '36', '07']
  PASS x_s0_g2     table-only (cross-group: no reprogram)
  PASS x_s2_g1     table-only (cross-group: no reprogram)
  PASS x_s2_g3     table-only (cross-group: no reprogram)
  PASS vdp_r7      regs ref=['02', 'e0', '06', 'ff', '03', '36', '07'] zb=['02', 'e0', '06', 'ff', '03', '36', '07']
  PASS vdp_r2      regs ref=['02', 'e0', '07', 'ff', '03', '36', '07'] zb=['02', 'e0', '07', 'ff', '03', '36', '07']
=== PHASE Q2: VDP/BASE reads, domains, grammar ===
  PASS rd_vdp1      ref='ZK 226' zb='ZK 226'
  PASS rd_vdp8      ref='ZK 0' zb='ZK 0'
  PASS rd_vdp9      ref='ZE 5' zb='ZE 5'
  PASS rd_vdpneg    ref='ZE 5' zb='ZE 5'
  PASS rd_vdp256    ref='ZE 5' zb='ZE 5'
  PASS rd_vdpfrac   ref='ZK 226' zb='ZK 226'
  PASS rd_vdpnegfr  ref='ZK 3' zb='ZK 3'
  PASS rd_base0     ref='ZK 0' zb='ZK 0'
  PASS rd_base10    ref='ZK 6144' zb='ZK 6144'
  PASS rd_base19    ref='ZK 14336' zb='ZK 14336'
  PASS rd_base20    ref='ZE 5' zb='ZE 5'
  PASS rd_baseneg   ref='ZE 5' zb='ZE 5'
  PASS rd_base_s0   ref='ZK 6144' zb='ZK 6144'
  PASS rd_bare      ref='ZE 2' zb='ZE 2'
  PASS rd_nopar     ref='ZE 2' zb='ZE 2'
  PASS wr_vdp8      ref='ZE 5' zb='ZE 5'
  PASS wr_vdpneg    ref='ZE 5' zb='ZE 5'
  PASS wr_vdp9      ref='ZE 5' zb='ZE 5'
  PASS wr_v256      ref='ZE 5' zb='ZE 5'
  PASS wr_vneg      ref='ZE 5' zb='ZE 5'
  PASS wr_vfrac     ref='ZK 2' zb='ZK 2'
  PASS wr_vnegfrac  ref='ZK 0' zb='ZK 0'
  PASS wr_v255fr    ref='ZK 255' zb='ZK 255'
  PASS b_name_ok    ref='ZK 1024' zb='ZK 1024'
  PASS b_name_odd   ref='ZE 5' zb='ZE 5'
  PASS b_name_80    ref='ZE 5' zb='ZE 5'
  PASS b_colr_80    ref='ZK 128' zb='ZK 128'
  PASS b_colr_g2    ref='ZE 5' zb='ZE 5'
  PASS b_colr_g2ok  ref='ZK 8192' zb='ZK 8192'
  PASS b_patt_g2    ref='ZE 5' zb='ZE 5'
  PASS b_patt_g1    ref='ZK 2048' zb='ZK 2048'
  PASS b_satr_80    ref='ZK 128' zb='ZK 128'
  PASS b_spat_400   ref='ZE 5' zb='ZE 5'
  PASS b_spat_800   ref='ZK 2048' zb='ZK 2048'
  PASS b_big        ref='ZE 5' zb='ZE 5'
  PASS b_top        ref='ZK 14336' zb='ZK 14336'
  PASS b_neg        ref='ZE 5' zb='ZE 5'
  PASS b_n20        ref='ZE 5' zb='ZE 5'
  PASS b_nneg       ref='ZE 5' zb='ZE 5'
  PASS g_let_vdp    ref='ZE 2' zb='ZE 2'
  PASS g_let_base   ref='ZE 2' zb='ZE 2'
  PASS g_bare_stmt  ref='ZE 2' zb='ZE 2'
  PASS g_name_eq    ref='ZE 2' zb='ZE 2'
  PASS g_base_eq    ref='ZE 2' zb='ZE 2'
  PASS g_no_rhs     ref='ZE 24' zb='ZE 24'
  PASS g_no_paren   ref='ZE 2' zb='ZE 2'
  PASS g_two_args   ref='ZE 2' zb='ZE 2'
  PASS g_list_rhs   ref='ZE 2' zb='ZE 2'
  PASS g_self       ref='ZK 2' zb='ZK 2'
  PASS g_base_self  ref='ZK 0' zb='ZK 0'
  PASS g_str_val    ref='ZE 13' zb='ZE 13'
  PASS g_str_idx    ref='ZE 13' zb='ZE 13'
  PASS g_str_base   ref='ZE 13' zb='ZE 13'
  PASS g_for_lhs    ref='ZE 2' zb='ZE 2'
  PASS g_swap_lhs   ref='ZE 2' zb='ZE 2'
  PASS g_mid_stmt   ref='ZK 2' zb='ZK 2'
  PASS g_if_stmt    ref='ZK 2' zb='ZK 2'
=== PHASE Q3: does VDP(n)= reach the CHIP? (TIME freeze) ===
  PASS Philips  ie_off   JIFFY delta=0
  PASS Philips  control  JIFFY delta=62
  PASS C-BIOS   ie_off   JIFFY delta=0
  PASS C-BIOS   control  JIFFY delta=245
=== PHASE R: work-area residue after off-screen coordinates ===
  PASS w_line_off         ref='W 300 250 300 250' zb='W 300 250 300 250'
  PASS w_line_neg         ref='W 65486 65506 65486 65506' zb='W 65486 65506 65486 65506'
  PASS w_line_on          ref='W 100 80 100 80' zb='W 100 80 100 80'
  PASS w_box_off          ref='W 300 250 300 250' zb='W 300 250 300 250'
  PASS w_bf_off           ref='W 300 250 255 191' zb='W 300 250 255 191'
  PASS w_bf_topleft       ref='W 65506 65516 200 150' zb='W 65506 65516 200 150'
  PASS w_bf_on            ref='W 60 60 60 60' zb='W 60 60 60 60'
  PASS w_draw_m_off       ref='W 300 250 255 191' zb='W 300 250 255 191'
  PASS w_draw_up_off      ref='W 300 65486 100 150' zb='W 300 65486 100 150'
  PASS w_draw_left_down   ref='W 65436 250 0 191' zb='W 65436 250 0 191'
  PASS w_draw_blank_off   ref='W 300 250 10 10' zb='W 300 250 10 10'
  PASS w_draw_on          ref='W 100 80 100 80' zb='W 100 80 100 80'
  PASS w_step_after       ref='W 200 150 200 150' zb='W 200 150 200 150'
  PASS w_err_scr0         ref='W 300 250 300 250 5' zb='W 300 250 300 250 5'
  PASS w_err_step         ref='W 40 60 40 60 5' zb='W 40 60 40 60 5'
-------------------
graphics-acceptance: PASS
