python3 tools/redundant_load_sweep.py
== denominator ==
   119 files, 64296 lines, 2695 `call` sites walked
   5 routine(s) with a PROVEN return-the-byte contract:
     bl_skip_spaces       A=(hl   ) sub/bload.asm:77
     edt_skip_spaces      A=(hl   ) sub/deftype.asm:173
     ev_sp                A=(ix+0 ) basic/expr.asm:331
     ldr_skipsp           A=(hl   ) sub/lineedit.asm:409
     skip_spaces          A=(hl   ) sub/readdata.asm:41

== CANDIDATES — 23 site(s), 13 callee(s) ==
   (the sweep proves only the tight-skip shape; these need a human to
    read the callee's exits, and every one below has been read)
   [CLOBBER   ] basic/expr.asm:566  call check_vartype_num / ld a,(hl)
   [POINTER   ] basic/expr.asm:1152  call fch_modes_ptr / ld a,(hl)
   [POINTER   ] basic/expr.asm:1212  call pu_deref_body / ld a,(hl)
   [POINTER   ] basic/field.asm:564  call tgt_desc_fix / ld a,(hl)
   [POINTER   ] basic/files.asm:1065  call fch_modes_ptr / ld a,(hl)
   [POINTER   ] basic/files.asm:1221  call fch_modes_ptr / ld a,(hl)
   [POINTER   ] basic/files.asm:1426  call fch_modes_ptr / ld a,(hl)
   [POINTER   ] basic/files.asm:1482  call fch_modes_ptr / ld a,(hl)
   [CLOBBER   ] basic/files.asm:1797  call cas_capture_name / ld a,(hl)
   [CLOBBER   ] basic/interp.asm:624  call var_name_key / ld a,(hl)
   [CLOBBER   ] basic/interp.asm:663  call var_name_key / ld a,(hl)
   [CLOBBER   ] basic/printusing.asm:154  call print_crlf / ld a,(hl)
   [POINTER   ] basic/printusing.asm:347  call pu_deref_body / ld a,(hl)
   [CLOBBER   ] basic/save.asm:483  call tape_parse_name / ld a,(hl)
   [CLOBBER   ] basic/str-engine.asm:685  call eval_byte_arg / ld a,(hl)
   [CLOBBER   ] basic/str-engine.asm:712  call eval / ld a,(hl)
   [CLOBBER   ] basic/str-engine.asm:1204  call eval / ld a,(hl)
   [CLOBBER   ] basic/strvar.asm:68  call var_name_key / ld a,(hl)
   [CLOBBER   ] basic/strvar.asm:243  call eval / ld a,(hl)
   [CLOBBER   ] basic/strvar.asm:285  call eval / ld a,(hl)
   [POINTER   ] basic/traps.asm:424  call ztrap_entry / ld a,(hl)
   [POINTER   ] sub/dirverb.asm:215  call df_entptr / ld a,(hl)
   [POINTER   ] sub/graphics.asm:2232  call gfx_pstk_addr / ld a,(hl)

   verdicts on file (tools/redundant-load-reviewed.txt):
     cas_capture_name   CLOBBER  exits having written CAS_WANT_ON / a CF verdict
     check_vartype_num  CLOBBER  returns A = (VARTYPE)
     df_entptr          POINTER  returns HL = FSECTOR_BUF + entry offset
     eval               CLOBBER  returns the value in DE; A is scratch, HL the advanced cursor
     eval_byte_arg      CLOBBER  returns A = E, the evaluated byte
     fch_modes_ptr      POINTER  returns HL = FCH_MODES + A; the load reads the mode byte
     gfx_pstk_addr      POINTER  returns HL = GFX_PSTK + slot
     print_crlf         CLOBBER  tail-jumps into pchar with A = 10
     pu_deref_body      POINTER  returns HL = RVDESC / the body pointer it just built
     tape_parse_name    CLOBBER  exits through a djnz fill loop; A is loop residue
     tgt_desc_fix       POINTER  returns HL = offset + ARYTAB (the D-ARYLV §13a fixup)
     var_name_key       CLOBBER  returns A = the RESOLVED TYPE (VARTYPE), HL past the name
     ztrap_entry        POINTER  returns HL = ZTRAP + 3A; the load reads the trap state

== DEAD LOADS (gating) ==
   none — every call of a proven routine already relies on the contract
