python3 tools/install-repack-machine.py --merged build/zerobas-main-eu.rom --disk-rom build/disk.rom \
	  --sub-rom build/sub.rom
wrote C-BIOS_MSX1_EU_REPACK_DISK  (-> machine "C-BIOS_MSX1_EU_REPACK_DISK": merged repack ROM in slot 0, zerobas-disk in slot 3-1, zerobas-sub in slot 3-2)
     /Users/joost/.openMSX/share/machines/C-BIOS_MSX1_EU_REPACK_DISK.xml
python3 probes/basic/basic_probe_stmtpend.py --gate \
	         
D-STMTPEND — a fault that already happened outranks the rest of the statement    sides: vg8020, cf3300, zb
==============================================================================
ok   s.for.dz     vg8020=' 11 '  cf3300=' 11 '  zb=' 11 '
ok   s.for.ov     vg8020=' 6 '  cf3300=' 6 '  zb=' 6 '
ok   s.for.5      vg8020=' 5 '  cf3300=' 5 '  zb=' 5 '
ok   s.forlim     vg8020=' 11 '  cf3300=' 11 '  zb=' 11 '
ok   s.scr.dz     vg8020=' 11 '  cf3300=' 11 '  zb=' 11 '
ok   s.usr.dz     vg8020=' 11 '  cf3300=' 11 '  zb=' 11 '
ok   s.usr.ov     vg8020=' 6 '  cf3300=' 6 '  zb=' 6 '
ok   e.for.dz     vg8020=' 11 '  cf3300=' 11 '  zb=' 11 '
ok   e.for.ov     vg8020=' 6 '  cf3300=' 6 '  zb=' 6 '
ok   e.for.5      vg8020=' 5 '  cf3300=' 5 '  zb=' 5 '
ok   c.for.tm     vg8020=' 13 '  cf3300=' 13 '  zb=' 13 '
ok   c.for.mt     vg8020=' 13 '  cf3300=' 13 '  zb=' 13 '
ok   c.forlim     vg8020=' 13 '  cf3300=' 13 '  zb=' 13 '
ok   c.scr.tm     vg8020=' 13 '  cf3300=' 13 '  zb=' 13 '
ok   c.usr.tm     vg8020=' 13 '  cf3300=' 13 '  zb=' 13 '
ok   c.usr.mt     vg8020=' 13 '  cf3300=' 13 '  zb=' 13 '
ok   c.poke.tm    vg8020=' 13 '  cf3300=' 13 '  zb=' 13 '
ok   c.line.tm    vg8020=' 13 '  cf3300=' 13 '  zb=' 13 '
ok   g.hex        vg8020=' 11 '  cf3300=' 11 '  zb=' 11 '
ok   g.hex.tm     vg8020=' 13 '  cf3300=' 13 '  zb=' 13 '
ok   g.oct        vg8020=' 11 '  cf3300=' 11 '  zb=' 11 '
ok   g.wid        vg8020=' 13 '  cf3300=' 13 '  zb=' 13 '
ok   g.wid.dz     vg8020=' 11 '  cf3300=' 11 '  zb=' 11 '
ok   g.loc        vg8020=' 13 '  cf3300=' 13 '  zb=' 13 '
ok   g.prt        vg8020=' 13 '  cf3300=' 13 '  zb=' 13 '
ok   g.if         vg8020=' 13 '  cf3300=' 13 '  zb=' 13 '
ok   g.dim        vg8020=' 13 '  cf3300=' 13 '  zb=' 13 '
ok   g.ary        vg8020=' 13 '  cf3300=' 13 '  zb=' 13 '
ok   g.let        vg8020=' 13 '  cf3300=' 13 '  zb=' 13 '
ok   g.mid        vg8020=' 13 '  cf3300=' 13 '  zb=' 13 '
ok   g.strng      vg8020=' 13 '  cf3300=' 13 '  zb=' 13 '
ok   g.open       vg8020=' 13 '  cf3300=' 13 '  zb=' 13 '
ok   g.next       vg8020=' 13 '  cf3300=' 13 '  zb=' 13 '
ok   g.snd        vg8020=' 13 '  cf3300=' 13 '  zb=' 13 '
ok   g.on         vg8020=' 13 '  cf3300=' 13 '  zb=' 13 '
ok   g.poke.dz    vg8020=' 11 '  cf3300=' 11 '  zb=' 11 '
ok   g.snd.dz     vg8020=' 11 '  cf3300=' 11 '  zb=' 11 '
ok   n.syn.for    vg8020=' 2 '  cf3300=' 2 '  zb=' 2 '   [NEGATIVE CONTROL — a syntax error with NOTHING pending]
ok   n.syn.zork   vg8020=' 2 '  cf3300=' 2 '  zb=' 2 '   [NEGATIVE CONTROL — an unknown statement, nothing pending]
ok   n.syn.swap   vg8020=' 2 '  cf3300=' 2 '  zb=' 2 '   [NEGATIVE CONTROL — a malformed SWAP, nothing pending]
ok   n.ok.for     vg8020=' 0 '  cf3300=' 0 '  zb=' 0 '   [NEGATIVE CONTROL — a clean loop must stay silent]
ok   n.ok.usr     vg8020=' 0 '  cf3300=' 0 '  zb=' 0 '   [NEGATIVE CONTROL — a clean DEFUSR must stay silent]
ok   n.ok.poke    vg8020=' 0 '  cf3300=' 0 '  zb=' 0 '   [NEGATIVE CONTROL — a clean POKE must stay silent]
ok   n.ok.scr     vg8020=' 0 '  cf3300=' 0 '  zb=' 0 '   [NEGATIVE CONTROL — a clean SCREEN must stay silent]
ok   n.ok.chain   vg8020=' 0 '  cf3300=' 0 '  zb=' 0 '   [NEGATIVE CONTROL — ':'-chained statements still chain]
ok   n.dz.w       vg8020=' 11 '  cf3300=' 11 '  zb=' 11 '   [NEGATIVE CONTROL — one numeric fault at a checking reader]
ok   n.5.w        vg8020=' 5 '  cf3300=' 5 '  zb=' 5 '   [NEGATIVE CONTROL — the SQR code alone]
ok   n.ov.w       vg8020=' 6 '  cf3300=' 6 '  zb=' 6 '   [NEGATIVE CONTROL — the overflow code alone]
ok   n.tm.w       vg8020=' 13 '  cf3300=' 13 '  zb=' 13 '   [NEGATIVE CONTROL — a type fault alone is still 13]
ok   n.tm.loc     vg8020=' 13 '  cf3300=' 13 '  zb=' 13 '   [NEGATIVE CONTROL — the trapped reading itself]
ok   n.trap.res   vg8020=' 11 '  cf3300=' 11 '  zb=' 11 '   [NEGATIVE CONTROL — the handler + RESUME path is sound]
ok   u.for.dz     vg8020='Division by zero in 20'  cf3300='Division by zero in 20'  zb='Division by zero in 20'
ok   u.for.tm     vg8020='Type mismatch in 20'  cf3300='Type mismatch in 20'  zb='Type mismatch in 20'
ok   u.scr.dz     vg8020='Division by zero in 20'  cf3300='Division by zero in 20'  zb='Division by zero in 20'
ok   u.usr.tm     vg8020='Type mismatch in 20'  cf3300='Type mismatch in 20'  zb='Type mismatch in 20'
ok   u.syn.for    vg8020='Syntax error in 20'  cf3300='Syntax error in 20'  zb='Syntax error in 20'   [POSITIVE CONTROL]
ok   u.dz.w       vg8020='Division by zero in 20'  cf3300='Division by zero in 20'  zb='Division by zero in 20'   [POSITIVE CONTROL]
ok   u.tm.loc     vg8020='Type mismatch in 20'  cf3300='Type mismatch in 20'  zb='Type mismatch in 20'
ok   b.cold       vg8020='[OK]|[TWO]'  cf3300='[OK]|[TWO]'  zb='[OK]|[TWO]'
ok   b.warm       vg8020='[OK]|[TWO]'  cf3300='[OK]|[TWO]'  zb='[OK]|[TWO]'   [POSITIVE CONTROL]
ROWS: 60 printed, 60 scored — 60 agree, 0 diverge, 0 deferred (not scored)
==============================================================================
60/60 readings agree (60 cases, 5 positive controls, 14 negative controls, 0 row(s) with no oracle, 0 DEFERRED row(s) measured but not scored)
SIDES: vg8020,cf3300,zb — ON ERROR, ERR, RESUME, FOR/NEXT, SCREEN, DEF USR, POKE, LINE, WIDTH, LOCATE, PRINT, SOUND, ON..GOTO, DIM and HEX$/OCT$/STRING$/MID$ are core MSX-BASIC, present on every MSX1, so BOTH references are legitimate oracles for every row here
DENOMINATOR: (WHERE a pending error code can be LOST between the fault and a reader) x (WHICH statement is the loser). The tree has FIFTY-SIX `call`/`jp eval` / `ev_logic` sites; SEVEN of them reach `check_expr_errors`/`check_fperr_only` within eight lines and SIX reach `stmt_error` before any check, so a static scan alone cannot classify the remaining 43 -- every one of them ends at `jp exec_stmt`, whose unconditional `ld (FPERR),a` is the SINGLE point at which a live code is discarded, and `stmt_error` is the single point at which one is outranked. That is why this probe samples STATEMENTS rather than call sites: two writers to close, and a statement is the only thing that can tell you whether a given driver reaches them. Sampled: FOR (three argument positions), SCREEN, DEF USR, POKE, LINE (drivers with no check) x the four fault codes 11/6/5/13 x the two ways to arrive (the statement ENDS with a live code, or its own delimiter check fails over one) x the two string-compare mismatch SITES (ers_rhs_mismatch `Q$<5`, evr_mismatch `5<Q$`) x TRAPPED vs UNTRAPPED. The g.* rows re-measure the drivers that DO check, which is the population `make penderr-acceptance` (61) and `make tmfp-acceptance` (50) own; those two, plus `make width-acceptance` (94) and `make locarg-acceptance` (45), are this slice's green control set. NOT swept: the cursor POSITION itself, which no screen row can witness -- it is measured by freezing the machine and reading IX, docs/stmtpend-msx1-characterization.md §3.
