python3 tools/install-repack-machine.py --merged build/zerobas-main-eu.rom --disk-rom build/disk.rom \
	  --sub-rom build/sub.rom
wrote C-BIOS_MSX1_EU_REPACK_DISK  (-> machine "C-BIOS_MSX1_EU_REPACK_DISK": merged repack ROM in slot 0, zerobas-disk in slot 3-1, zerobas-sub in slot 3-2)
     /Users/joost/.openMSX/share/machines/C-BIOS_MSX1_EU_REPACK_DISK.xml
python3 probes/basic/string_acceptance.py 
PASS  a=len("ab")  [FF 92 ok]
        ref: 41 EF FF 92 28 22 61 62 22 29 00
PASS  a$=left$("hi",1)  [FF 81 ok]
        ref: 41 24 EF FF 81 28 22 68 69 22 2C 12 29 00
PASS  a$=right$("hi",1)  [FF 82 ok]
        ref: 41 24 EF FF 82 28 22 68 69 22 2C 12 29 00
PASS  a$=mid$("hi",1,1)  [FF 83 ok]
        ref: 41 24 EF FF 83 28 22 68 69 22 2C 12 2C 12 29 00
PASS  a$=chr$(65)  [FF 96 ok]
        ref: 41 24 EF FF 96 28 0F 41 29 00
PASS  a=asc("a")  [FF 95 ok]
        ref: 41 EF FF 95 28 22 61 22 29 00
PASS  a$=str$(5)  [FF 93 ok]
        ref: 41 24 EF FF 93 28 16 29 00
PASS  a=val("5")  [FF 94 ok]
        ref: 41 EF FF 94 28 22 35 22 29 00
PASS  a$=hex$(255)  [FF 9B ok]
        ref: 41 24 EF FF 9B 28 0F FF 29 00
PASS  a$=oct$(8)  [FF 9A ok]
        ref: 41 24 EF FF 9A 28 19 29 00
PASS  a$=space$(3)  [FF 99 ok]
        ref: 41 24 EF FF 99 28 14 29 00
PASS  a$=string$(3,65)  [E3 ok]
        ref: 41 24 EF E3 28 14 2C 0F 41 29 00
PASS  a=instr("ab","b")  [E5 ok]
        ref: 41 EF E5 28 22 61 62 22 2C 22 62 22 29 00
PASS  a$=inkey$  [EC ok]
        ref: 41 24 EF EC 00
PASS  sound 1,255  [C4 ok]
        ref: C4 20 12 2C 0F FF 00
PASS  play"cde"  [C1 ok]
        ref: C1 22 63 64 65 22 00
PASS  beep  [C0 ok]
        ref: C0 00
PASS  beep:beep  [C0 ok]
        ref: C0 3A C0 00
PASS  a=stick(0)  [41 ok]
        ref: 41 EF FF A2 28 11 29 00
PASS  a=strig(0)  [41 ok]
        ref: 41 EF FF A3 28 11 29 00
PASS  a=stick(0)+strig(1)  [41 ok]
        ref: 41 EF FF A2 28 11 29 F1 FF A3 28 12 29 00
PASS  for i=1 to 2 step 1:next  [82 ok]
        ref: 82 20 49 EF 12 20 D9 20 13 20 DC 20 12 3A 83 00
PASS  a$=str$(1):stop  [41 ok]
        ref: 41 24 EF FF 93 28 12 29 3A 90 00
PASS  locate 5,3  [D8 ok]
        ref: D8 20 16 2C 14 00
PASS  tron  [A2 ok]
        ref: A2 00
PASS  troff  [A3 ok]
        ref: A3 00
PASS  motor  [CE ok]
        ref: CE 00
PASS  motor on  [CE ok]
        ref: CE 20 95 00
PASS  motor off  [CE ok]
        ref: CE 20 EB 00
PASS  tron:troff:motor  [A2 ok]
        ref: A2 3A A3 3A CE 00
PASS  tron:a=stick(0)  [A2 ok]
        ref: A2 3A 41 EF FF A2 28 11 29 00
PASS  troff:a=strig(0)  [A3 ok]
        ref: A3 3A 41 EF FF A3 28 11 29 00
PASS  a=stick(0):tron:troff  [41 ok]
        ref: 41 EF FF A2 28 11 29 3A A2 3A A3 00

ALL PASS — crunch is byte-identical
PASS  concat.chain   PRINT "[";"AB"+"CD"+"EF";"]"
PASS  concat.var     A$="AB":B$="CD":PRINT "[";A$+B$;"]"
PASS  concat.litfn   PRINT "[";"N="+STR$(7);"]"
PASS  concat.fn-mid  PRINT "[";"A"+MID$("XY"+"Z",1,2)+"B";"]"
PASS  concat.fn-last PRINT "[";"A"+LEFT$("PQ"+"RS",3);"]"
PASS  concat.fn-var  A$="XY":B$="Z":PRINT "[";"A"+MID$(A$+B$,1,2)+"B";"]"
PASS  concat.fn-rt   PRINT "[";STR$(1)+"-"+STR$(2);"]"
PASS  mid.stmt.hex   A$="ZZ":MID$(A$,1)=HEX$(255):PRINT "[";A$;"]"
PASS  LEFT$          PRINT "[";LEFT$("HELLO",3);"]"
PASS  RIGHT$         PRINT "[";RIGHT$("HELLO",2);"]"
PASS  MID$           PRINT "[";MID$("HELLO",2,3);"]"
PASS  MID$.tail      PRINT "[";MID$("HELLO",4);"]"
PASS  CHR$           PRINT "[";CHR$(66);"]"
PASS  STR$           PRINT "[";STR$(42);"]"
PASS  STR$.neg       PRINT "[";STR$(-3);"]"
PASS  LEN            PRINT "[";LEN("ABCDE");"]"
PASS  ASC            PRINT "[";ASC("Z");"]"
PASS  VAL            PRINT "[";VAL("34")+1;"]"
PASS  nest           PRINT "[";LEFT$("XY"+"ZW",3);"]"
PASS  HEX$           PRINT "[";HEX$(255);"]"
PASS  OCT$           PRINT "[";OCT$(8);"]"
PASS  SPACE$         PRINT "[";SPACE$(3);"]"
PASS  STRING$        PRINT "[";STRING$(3,"*");"]"
PASS  INSTR          PRINT "[";INSTR("HELLO","LL");"]"

ALL PASS -- string engine executes correctly on the repack build
--- reference oracle lock (Philips_VG_8020, §2 contract) ---
PASS  equal            'AB'   vs 'AB'   ops['=', '<>', '<', '>', '<=', '>='] got=(-1, 0, 0, 0, -1, -1) want=(-1, 0, 0, 0, -1, -1)
PASS  prefix-shorter   'AB'   vs 'ABC'  ops['=', '<>', '<', '>', '<=', '>='] got=(0, -1, -1, 0, -1, 0) want=(0, -1, -1, 0, -1, 0)
PASS  case             'A'    vs 'a'    ops['=', '<>', '<', '>', '<=', '>='] got=(0, -1, -1, 0, -1, 0) want=(0, -1, -1, 0, -1, 0)
PASS  first-diff-byte  'ABD'  vs 'ABC'  ops['=', '<>', '<', '>', '<=', '>='] got=(0, -1, 0, -1, 0, -1) want=(0, -1, 0, -1, 0, -1)
PASS  empty-lhs        ''     vs 'A'    ops['=', '<>', '<', '>', '<=', '>='] got=(0, -1, -1, 0, -1, 0) want=(0, -1, -1, 0, -1, 0)
PASS  empty-both       ''     vs ''     ops['=', '<>', '<', '>', '<=', '>='] got=(-1, 0, 0, 0, -1, -1) want=(-1, 0, 0, 0, -1, -1)

--- zerobas == reference (C-BIOS_MSX1_EU_REPACK_DISK) ---
PASS  equal            zb=(-1, 0, 0, 0, -1, -1) ref=(-1, 0, 0, 0, -1, -1)
PASS  prefix-shorter   zb=(0, -1, -1, 0, -1, 0) ref=(0, -1, -1, 0, -1, 0)
PASS  case             zb=(0, -1, -1, 0, -1, 0) ref=(0, -1, -1, 0, -1, 0)
PASS  first-diff-byte  zb=(0, -1, 0, -1, 0, -1) ref=(0, -1, 0, -1, 0, -1)
PASS  empty-lhs        zb=(0, -1, -1, 0, -1, 0) ref=(0, -1, -1, 0, -1, 0)
PASS  empty-both       zb=(-1, 0, 0, 0, -1, -1) ref=(-1, 0, 0, 0, -1, -1)

--- reference oracle lock: unparenthesized PRINT-lead comparisons (Philips_VG_8020) ---
PASS  var-eq-true      'PRINT A$="YES"'             got=-1 want=-1
PASS  var-eq-false     'PRINT A$="NO"'              got=0 want=0
PASS  var-lt-ordering  'PRINT A$<B$'                got=-1 want=-1
PASS  var-le-compound  'PRINT A$<=B$'               got=-1 want=-1
PASS  literal-lead     'PRINT "YES"=A$'             got=-1 want=-1
PASS  function-lead    'PRINT LEFT$(A$,1)="H"'      got=-1 want=-1
PASS  concat-lead      'PRINT A$+B$="HELLO"'        got=-1 want=-1

--- zerobas == reference: unparenthesized PRINT-lead comparisons (C-BIOS_MSX1_EU_REPACK_DISK) ---
PASS  var-eq-true      zb=-1 ref=-1
PASS  var-eq-false     zb=0 ref=0
PASS  var-lt-ordering  zb=-1 ref=-1
PASS  var-le-compound  zb=-1 ref=-1
PASS  literal-lead     zb=-1 ref=-1
PASS  function-lead    zb=-1 ref=-1
PASS  concat-lead      zb=-1 ref=-1

--- reference oracle lock: unparenthesized type-mismatch abort (Philips_VG_8020) ---
PASS  abort-mismatch  ref row='  Type mismatch                         ' 'Type mismatch'=True no-value=True

--- zerobas: unparenthesized type-mismatch abort (C-BIOS_MSX1_EU_REPACK_DISK) ---
PASS  abort-mismatch  zb row=' Type mismatch                          ' 'Type mismatch'=True no-value=True

ALL PASS -- reference matches §2/§1, zerobas matches reference (the type-mismatch message text is now IDENTICAL on both sides: `Type mismatch`, D-MSGEXACT withdrew the case-wording divergence this line used to report)
--- reference oracle lock (Philips_VG_8020, §2 contract) ---
PASS  HEX$.zero        PRINT "[";HEX$(0);"]"
        got='0' want='0'
PASS  HEX$.255         PRINT "[";HEX$(255);"]"
        got='FF' want='FF'
PASS  HEX$.65535       PRINT "[";HEX$(65535);"]"
        got='FFFF' want='FFFF'
PASS  HEX$.neg1        PRINT "[";HEX$(-1);"]"
        got='FFFF' want='FFFF'
PASS  OCT$.8           PRINT "[";OCT$(8);"]"
        got='10' want='10'
PASS  OCT$.zero        PRINT "[";OCT$(0);"]"
        got='0' want='0'
PASS  OCT$.neg1        PRINT "[";OCT$(-1);"]"
        got='177777' want='177777'
PASS  SPACE$.zero      PRINT "[";SPACE$(0);"]"
        got='' want=''
PASS  SPACE$.3         PRINT "[";SPACE$(3);"]"
        got='   ' want='   '
PASS  STRING$.num      PRINT "[";STRING$(3,65);"]"
        got='AAA' want='AAA'
PASS  STRING$.str      PRINT "[";STRING$(3,"*");"]"
        got='***' want='***'
PASS  STRING$.long     PRINT "[";LEN(STRING$(100,"Z"));"]"
        got=100 want=100
PASS  INSTR.found      PRINT "[";INSTR("HELLO","LL");"]"
        got=3 want=3
PASS  INSTR.notfound   PRINT "[";INSTR("HELLO","Z");"]"
        got=0 want=0
PASS  INSTR.empty      PRINT "[";INSTR("HELLO","");"]"
        got=1 want=1
PASS  INSTR.pmid       PRINT "[";INSTR(3,"ABCABC","B");"]"
        got=5 want=5
PASS  INSTR.ppastend   PRINT "[";INSTR(10,"HELLO","L");"]"
        got=0 want=0
PASS  SPACE$.clamp     PRINT SPACE$(100) [ref, marker-measured]
        got=100 want=100

--- zerobas == reference (C-BIOS_MSX1_EU_REPACK_DISK) ---
PASS  HEX$.zero        zb='0' ref='0'
PASS  HEX$.255         zb='FF' ref='FF'
PASS  HEX$.65535       zb='FFFF' ref='FFFF'
PASS  HEX$.neg1        zb='FFFF' ref='FFFF'
PASS  OCT$.8           zb='10' ref='10'
PASS  OCT$.zero        zb='0' ref='0'
PASS  OCT$.neg1        zb='177777' ref='177777'
PASS  SPACE$.zero      zb='' ref=''
PASS  SPACE$.3         zb='   ' ref='   '
PASS  STRING$.num      zb='AAA' ref='AAA'
PASS  STRING$.str      zb='***' ref='***'
PASS  STRING$.long     zb=100 ref=100
PASS  INSTR.found      zb=3 ref=3
PASS  INSTR.notfound   zb=0 ref=0
PASS  INSTR.empty      zb=1 ref=1
PASS  INSTR.pmid       zb=5 ref=5
PASS  INSTR.ppastend   zb=0 ref=0
PASS  SPACE$.long      zb=100 want=100 (ref=100) [heap-backed SPACE$(100)=100, no old-64 clamp (STRMAX=255)]

ALL PASS -- reference matches §2, zerobas matches reference (clamp cases match zerobas's own documented D-3 semantics)
--- reference oracle lock (Philips_VG_8020, §2 contract) ---
PASS  empty        got='' want=''
PASS  key.letter   got='Z' want='Z'
PASS  key.digit    got='5' want='5'

--- zerobas == reference (C-BIOS_MSX1_EU_REPACK_DISK) ---
PASS  empty        zb='' ref=''
PASS  key.letter   zb='Z' ref='Z'
PASS  key.digit    zb='5' ref='5'

ALL PASS -- reference matches §2, zerobas matches reference
--- reference oracle lock (Philips_VG_8020, §2 contract) ---
PASS  basic     got='HXYZO' want='HXYZO'
PASS  no-m      got='HEXYO' want='HEXYO'
PASS  at-1      got='XYLLO' want='XYLLO'
PASS  at-end    got='HELLZ' want='HELLZ'
PASS  b-long    got='HELWX' want='HELWX'
PASS  m-over    got='HELWX' want='HELWX'
PASS  m-short   got='ABLLO' want='ABLLO'
PASS  b-empty   got='HELLO' want='HELLO'
PASS  m-zero    got='HELLO' want='HELLO'

--- zerobas == reference (C-BIOS_MSX1_EU_REPACK_DISK) ---
PASS  basic     zb='HXYZO' ref='HXYZO'
PASS  no-m      zb='HEXYO' ref='HEXYO'
PASS  at-1      zb='XYLLO' ref='XYLLO'
PASS  at-end    zb='HELLZ' ref='HELLZ'
PASS  b-long    zb='HELWX' ref='HELWX'
PASS  m-over    zb='HELWX' ref='HELWX'
PASS  m-short   zb='ABLLO' ref='ABLLO'
PASS  b-empty   zb='HELLO' ref='HELLO'
PASS  m-zero    zb='HELLO' ref='HELLO'

--- range error n>LEN(A$) [reference and zerobas both 'Illegal function call'; A$ must be unmutated] ---
PASS  range-err ref: 'Illegal function call'=True, A$ unchanged=True
PASS  range-err zb:  'Illegal function call'=True, A$ unchanged=True

ALL PASS -- reference matches §2, zerobas matches reference (range error included: same message, both abort, A$ unmutated)

===== CRUNCH (8 string keywords, repack vs VG-8020 + §4 table) =====
----- CRUNCH (8 string keywords, repack vs VG-8020 + §4 table): PASS -----

===== EXECUTE (verbs + concat, live on the repack build) =====
----- EXECUTE (verbs + concat, live on the repack build): PASS -----

===== COMPARE (6 relational operators on strings, repack vs VG-8020) =====
----- COMPARE (6 relational operators on strings, repack vs VG-8020): PASS -----

===== FUNCTIONS (HEX$/OCT$/SPACE$/STRING$/INSTR, repack vs VG-8020) =====
----- FUNCTIONS (HEX$/OCT$/SPACE$/STRING$/INSTR, repack vs VG-8020): PASS -----

===== INKEY$ (keyboard read, empty + injected key, repack vs VG-8020) =====
----- INKEY$ (keyboard read, empty + injected key, repack vs VG-8020): PASS -----

===== MID$ STATEMENT (in-place overwrite MID$(A$,n,m)=B$, repack vs VG-8020) =====
----- MID$ STATEMENT (in-place overwrite MID$(A$,n,m)=B$, repack vs VG-8020): PASS -----

=====================
crunch    (byte-identical tokenise) : PASS
execute   (correct screen output)   : PASS
compare   (string relops vs oracle) : PASS
functions (HEX$/OCT$/SPACE$/STRING$/INSTR vs oracle): PASS
inkey     (INKEY$ keyboard read vs oracle): PASS
mid-stmt  (MID$(A$,n,m)=B$ overwrite vs oracle): PASS
string-acceptance: PASS
