python3 tools/install-repack-machine.py --merged build/zerobas-main-eu.rom --disk-rom build/disk.rom \
	  --sub-rom build/sub.rom
wrote C-BIOS_MSX1_EU_REPACK_DISK  (-> machine "C-BIOS_MSX1_EU_REPACK_DISK": merged repack ROM in slot 0, zerobas-disk in slot 3-1, zerobas-sub in slot 3-2)
     /Users/joost/.openMSX/share/machines/C-BIOS_MSX1_EU_REPACK_DISK.xml
python3 probes/basic/basic_probe_missing.py --gate \
	        --zb-machine C-BIOS_MSX1_EU_REPACK_DISK  \
	        
# 214 two-sided -> Philips_VG_8020 + C-BIOS_MSX1_EU_REPACK_DISK

=== CALIBRATION / GATE (must AGREE) ===
PASS  cal      cal-home       WIDTH 40:CLS:PRINT CHR$(35)        ref=                   0,0  zb=                   0,0
PASS  cal      cal-lead2      WIDTH 40:CLS:PRINT "AB";CHR$(35)   ref=                   0,2  zb=                   0,2
PASS  cal      cal-row1       WIDTH 40:CLS:PRINT "A":PRINT CHR$( ref=                   1,0  zb=                   1,0
PASS  cal      cal-row2       WIDTH 40:CLS:PRINT:PRINT:PRINT CHR ref=                   2,0  zb=                   2,0
PASS  cal      cal-xchg-num   A=1:B=2:C=A:A=B:B=C:PRINT "[";A;B; ref=                   2 1  zb=                   2 1
PASS  cal      cal-xchg-str   A$="P":B$="QQ":C$=A$:A$=B$:B$=C$:P ref=                   QQP  zb=                   QQP
PASS  cal      cal-xchg-int   A%=1:B%=2:C%=A%:A%=B%:B%=C%:PRINT  ref=                   2 1  zb=                   2 1
PASS  cal      cal-xchg-arr   DIM Q(3):Q(0)=7:Q(1)=9:C=Q(0):Q(0) ref=                   9 7  zb=                   9 7
PASS  cal      cal-undef      PRINT "[";B;"]"                    ref=                     0  zb=                     0
PASS  cal      cal-undef-str  PRINT "[";B$;"]"                   ref=                        zb=                      
PASS  cal      cal-err-type   A=1:A$=A                           ref=         Type mismatch  zb=         Type mismatch
PASS  cal      cal-err-syn    PRINT 1,,,                         ref=                     1  zb=                     1
PASS  cal      cal-err-fc     PRINT ASC("")                      ref= Illegal function call  zb= Illegal function call
PASS  cal      cal-trace-null CLS:PRINT "A":PRINT "B"            ref=                   A/B  zb=                   A/B
PASS  cal      d1-str-num-var A=1:A$=A                           ref=         Type mismatch  zb=         Type mismatch
PASS  cal      d1-str-num-lit A$=1                               ref=         Type mismatch  zb=         Type mismatch
PASS  cal      d1-str-num-exp A$=1+1                             ref=         Type mismatch  zb=         Type mismatch
PASS  cal      d1-str-num-fn  A$=LEN("x")                        ref=         Type mismatch  zb=         Type mismatch
PASS  cal      d1-str-let     A=1:LET A$=A                       ref=         Type mismatch  zb=         Type mismatch
PASS  cal      d1-str-typed   A%=1:A$=A%                         ref=         Type mismatch  zb=         Type mismatch
PASS  cal      d1-num-str-var A$="x":A=A$                        ref=         Type mismatch  zb=         Type mismatch
PASS  cal      d1-num-str-lit A="x"                              ref=         Type mismatch  zb=         Type mismatch
PASS  cal      d1-num-str-fn  A=CHR$(65)                         ref=         Type mismatch  zb=         Type mismatch
PASS  cal      d1-arr-str-num DIM Q$(3):Q$(0)=1                  ref=         Type mismatch  zb=         Type mismatch
PASS  cal      d1-arr-num-str DIM Q(3):Q(0)="x"                  ref=         Type mismatch  zb=         Type mismatch
PASS  cal      d2-chr-0       PRINT "[";LEN(CHR$(0));"]"         ref=                     1  zb=                     1
PASS  cal      d2-chr-65      PRINT "[";CHR$(65);"]"             ref=                     A  zb=                     A
PASS  cal      d2-chr-255     PRINT "[";LEN(CHR$(255));"]"       ref=                     1  zb=                     1
PASS  cal      d2-chr-frac    PRINT "[";CHR$(65.7);"]"           ref=                     A  zb=                     A
PASS  cal      d2-chr-round   PRINT "[";CHR$(64.5);"]"           ref=                     @  zb=                     @
PASS  cal      d2-chr-256     PRINT LEN(CHR$(256))               ref= Illegal function call  zb= Illegal function call
PASS  cal      d2-chr-neg     PRINT LEN(CHR$(-1))                ref= Illegal function call  zb= Illegal function call
PASS  cal      d2-chr-huge    PRINT LEN(CHR$(99999))             ref=              Overflow  zb=              Overflow
PASS  cal      d2-chr-32768   PRINT LEN(CHR$(32768))             ref=              Overflow  zb=              Overflow
PASS  cal      d2-string-neg  PRINT LEN(STRING$(-1,65))          ref= Illegal function call  zb= Illegal function call
PASS  cal      d2-string-256  PRINT LEN(STRING$(256,65))         ref= Illegal function call  zb= Illegal function call
PASS  cal      d2-left-neg    PRINT LEN(LEFT$("abc",-1))         ref= Illegal function call  zb= Illegal function call
PASS  cal      d2-right-neg   PRINT LEN(RIGHT$("abc",-1))        ref= Illegal function call  zb= Illegal function call
PASS  cal      d2-mid-neg     PRINT LEN(MID$("abc",-1))          ref= Illegal function call  zb= Illegal function call
PASS  cal      d2-mid-zero    PRINT LEN(MID$("abc",0))           ref= Illegal function call  zb= Illegal function call
PASS  cal      d2-space-neg   PRINT LEN(SPACE$(-1))              ref= Illegal function call  zb= Illegal function call
PASS  locate   loc-5-3        WIDTH 40:KEY OFF:CLS:LOCATE 5,3:PR ref=                   3,5  zb=                   3,5
PASS  locate   loc-0-0        WIDTH 40:KEY OFF:CLS:LOCATE 0,0:PR ref=                   0,0  zb=                   0,0
PASS  locate   loc-home-after WIDTH 40:KEY OFF:CLS:PRINT "AAA":L ref=                   0,0  zb=                   0,0
PASS  locate   loc-col-only   WIDTH 40:KEY OFF:CLS:PRINT "AAA":L ref=                   1,7  zb=                   1,7
PASS  locate   loc-row-only   WIDTH 40:KEY OFF:CLS:PRINT "AAA";: ref=                   4,3  zb=                   4,3
PASS  locate   loc-bare-semi  WIDTH 40:KEY OFF:CLS:PRINT "AAA";: ref=                  none  zb=                  none
PASS  locate   loc-col0-only  WIDTH 40:KEY OFF:CLS:PRINT "AAA";: ref=                   0,0  zb=                   0,0
PASS  locate   loc-float      WIDTH 40:KEY OFF:CLS:LOCATE 5.7,3. ref=                   3,5  zb=                   3,5
PASS  locate   loc-float-up   WIDTH 40:KEY OFF:CLS:LOCATE 4.5,2. ref=                   2,4  zb=                   2,4
PASS  locate   loc-expr       WIDTH 40:KEY OFF:CLS:LOCATE 2+3,1+ ref=                   3,5  zb=                   3,5
PASS  locate   loc-var        WIDTH 40:KEY OFF:CLS:X=6:Y=2:LOCAT ref=                   2,6  zb=                   2,6
PASS  locate   loc-cur-0      WIDTH 40:KEY OFF:CLS:LOCATE 5,3,0: ref=                   3,5  zb=                   3,5
PASS  locate   loc-cur-1      WIDTH 40:KEY OFF:CLS:LOCATE 5,3,1: ref=                   3,5  zb=                   3,5
PASS  locate   loc-max-col    WIDTH 40:KEY OFF:CLS:LOCATE 39,3:P ref=                  3,39  zb=                  3,39
XDIV  locate   loc-max-row    WIDTH 40:KEY OFF:CLS:LOCATE 5,22:P ref=                  21,5  zb=                  22,5
PASS  locate   loc-w32-31     WIDTH 32:KEY OFF:CLS:LOCATE 31,3:P ref=                  3,35  zb=                  3,35
PASS  locate   loc-w32-0      WIDTH 32:KEY OFF:CLS:LOCATE 0,3:PR ref=                   3,4  zb=                   3,4
PASS  locate   loc-twice      WIDTH 40:KEY OFF:CLS:LOCATE 20,5:L ref=                   1,3  zb=                   1,3
PASS  locate   loc-then-print WIDTH 40:KEY OFF:CLS:LOCATE 5,3:PR ref=                   3,7  zb=                   3,7
PASS  locate   loc-wrap       WIDTH 40:KEY OFF:CLS:LOCATE 38,3:P ref=                   4,0  zb=                   4,0
PASS  locerr   le-col-w       CLS:WIDTH 40:LOCATE 40,0           ref=               <blank>  zb=               <blank>
PASS  locerr   le-col-41      CLS:WIDTH 40:LOCATE 41,0           ref=               <blank>  zb=               <blank>
PASS  locerr   le-col-255     CLS:LOCATE 255,0                   ref=               <blank>  zb=               <blank>
PASS  locerr   le-col-256     CLS:LOCATE 256,0                   ref= Illegal function call  zb= Illegal function call
PASS  locerr   le-col-neg     CLS:LOCATE -1,0                    ref= Illegal function call  zb= Illegal function call
PASS  locerr   le-row-24      CLS:LOCATE 0,24                    ref=               <blank>  zb=               <blank>
PASS  locerr   le-row-23      CLS:LOCATE 0,23                    ref=               <blank>  zb=               <blank>
PASS  locerr   le-row-neg     CLS:LOCATE 0,-1                    ref= Illegal function call  zb= Illegal function call
PASS  locerr   le-row-255     CLS:LOCATE 0,255                   ref=               <blank>  zb=               <blank>
PASS  locerr   le-row-256     CLS:LOCATE 0,256                   ref= Illegal function call  zb= Illegal function call
PASS  locerr   le-w32-32      CLS:WIDTH 32:LOCATE 32,0           ref=               <blank>  zb=               <blank>
PASS  locerr   le-w32-39      CLS:WIDTH 32:LOCATE 39,0           ref=               <blank>  zb=               <blank>
PASS  locerr   le-bare        CLS:LOCATE                         ref=       Missing operand  zb=       Missing operand
PASS  locerr   le-comma       CLS:LOCATE ,                       ref=       Missing operand  zb=       Missing operand
PASS  locerr   le-comma3      CLS:LOCATE ,,                      ref=       Missing operand  zb=       Missing operand
PASS  locerr   le-three       CLS:LOCATE 1,1,1                   ref=               <blank>  zb=               <blank>
PASS  locerr   le-four        CLS:LOCATE 1,1,1,1                 ref=          Syntax error  zb=          Syntax error
PASS  locerr   le-five        CLS:LOCATE 1,1,1,1,1               ref=          Syntax error  zb=          Syntax error
PASS  locerr   le-cur-2       CLS:LOCATE 5,3,2                   ref=               <blank>  zb=               <blank>
PASS  locerr   le-cur-255     CLS:LOCATE 5,3,255                 ref=               <blank>  zb=               <blank>
PASS  locerr   le-cur-256     CLS:LOCATE 5,3,256                 ref= Illegal function call  zb= Illegal function call
PASS  locerr   le-cur-neg     CLS:LOCATE 5,3,-1                  ref= Illegal function call  zb= Illegal function call
PASS  locerr   le-col-32768   CLS:LOCATE 32768,0                 ref=              Overflow  zb=              Overflow
PASS  locerr   le-col-99999   CLS:LOCATE 99999,0                 ref=              Overflow  zb=              Overflow
PASS  locerr   le-row-32768   CLS:LOCATE 0,32768                 ref=              Overflow  zb=              Overflow
PASS  locerr   le-cur-32768   CLS:LOCATE 5,3,32768               ref=              Overflow  zb=              Overflow
PASS  locerr   le-col-neg32k  CLS:LOCATE -32769,0                ref=              Overflow  zb=              Overflow
PASS  locerr   le-str         CLS:LOCATE "5",3                   ref=         Type mismatch  zb=         Type mismatch
PASS  locerr   le-trail       CLS:LOCATE 5,3,                    ref=       Missing operand  zb=       Missing operand
PASS  locerr   le-scr2        SCREEN 2:LOCATE 5,3:SCREEN 0       ref=               <blank>  zb=               <blank>
PASS  locerr   le-scr1        SCREEN 1:LOCATE 5,3:SCREEN 0       ref=               <blank>  zb=               <blank>
PASS  locerr   la-col-40      WIDTH 40:KEY OFF:CLS:LOCATE 40,3:P ref=                  3,39  zb=                  3,39
PASS  locerr   la-col-41      WIDTH 40:KEY OFF:CLS:LOCATE 41,3:P ref=                  3,39  zb=                  3,39
PASS  locerr   la-col-255     WIDTH 40:KEY OFF:CLS:LOCATE 255,3: ref=                  3,39  zb=                  3,39
XDIV  locerr   la-row-23      WIDTH 40:KEY OFF:CLS:LOCATE 5,23:P ref=                  21,5  zb=                  22,5
XDIV  locerr   la-row-24      WIDTH 40:KEY OFF:CLS:LOCATE 5,24:P ref=                  21,5  zb=                  22,5
PASS  locerr   la-w32-32      WIDTH 32:KEY OFF:CLS:LOCATE 32,3:P ref=                  3,35  zb=                  3,35
PASS  locerr   la-w32-39      WIDTH 32:KEY OFF:CLS:LOCATE 39,3:P ref=                  3,35  zb=                  3,35
PASS  locerr   la-cur-2       WIDTH 40:KEY OFF:CLS:LOCATE 5,3,2: ref=                   3,5  zb=                   3,5
PASS  locrow   lr-in-5-3      WIDTH 40:KEY ON:CLS:LOCATE 5,3:Y=C ref=                   3 5  zb=                   3 5
PASS  locrow   lr-in-21       WIDTH 40:KEY ON:CLS:LOCATE 5,21:Y= ref=                  21 5  zb=                  21 5
PASS  locrow   lr-in-22       WIDTH 40:KEY ON:CLS:LOCATE 5,22:Y= ref=                  22 5  zb=                  22 5
XDIV  locrow   lr-row-23      WIDTH 40:KEY ON:CLS:LOCATE 5,23:Y= ref=                  22 5  zb=                  23 5
XDIV  locrow   lr-row-24      WIDTH 40:KEY ON:CLS:LOCATE 5,24:Y= ref=                  22 5  zb=                  23 5
XDIV  locrow   lr-row-25      WIDTH 40:KEY ON:CLS:LOCATE 5,25:Y= ref=                  22 5  zb=                  23 5
XDIV  locrow   lr-row-255     WIDTH 40:KEY ON:CLS:LOCATE 5,255:Y ref=                  22 5  zb=                  23 5
PASS  locrow   lr-key-off-22  WIDTH 40:CLS:KEY OFF:LOCATE 5,22:Y ref=                  22 5  zb=                  22 5
PASS  locrow   lr-key-off-23  WIDTH 40:CLS:KEY OFF:LOCATE 5,23:Y ref=                  23 5  zb=                  23 5
PASS  locrow   lr-key-off-24  WIDTH 40:CLS:KEY OFF:LOCATE 5,24:Y ref=                  23 5  zb=                  23 5
PASS  locrow   lr-key-off-255 WIDTH 40:CLS:KEY OFF:LOCATE 5,255: ref=                  23 5  zb=                  23 5
PASS  locrow   lr-col-39      WIDTH 40:KEY ON:CLS:LOCATE 39,3:Y= ref=                  3 39  zb=                  3 39
PASS  locrow   lr-col-40      WIDTH 40:KEY ON:CLS:LOCATE 40,3:Y= ref=                  3 39  zb=                  3 39
PASS  locrow   lr-col-255     WIDTH 40:KEY ON:CLS:LOCATE 255,3:Y ref=                  3 39  zb=                  3 39
PASS  locrow   lr-w32-31      WIDTH 32:KEY ON:CLS:LOCATE 31,3:Y= ref=                  3 31  zb=                  3 31
PASS  locrow   lr-w32-32      WIDTH 32:KEY ON:CLS:LOCATE 32,3:Y= ref=                  3 31  zb=                  3 31
PASS  locrow   lr-w32-255     WIDTH 32:KEY ON:CLS:LOCATE 255,3:Y ref=                  3 31  zb=                  3 31
XDIV  locrow   lr-both-255    WIDTH 40:KEY ON:CLS:LOCATE 255,255 ref=                 22 39  zb=                 23 39
PASS  xchk     xc-5-3         WIDTH 40:KEY ON:CLS:LOCATE 5,3:PRI ref=                   3 9  zb=                   3 9
PASS  xchk     xc-0-0         WIDTH 40:KEY ON:CLS:LOCATE 0,0:PRI ref=                   0 4  zb=                   0 4
PASS  xchk     xc-col-only    WIDTH 40:KEY ON:CLS:PRINT "AAA":LO ref=                  1 11  zb=                  1 11
PASS  xchk     xc-row-only    WIDTH 40:KEY ON:CLS:PRINT "AAA";:L ref=                   4 7  zb=                   4 7
XDIV  xchk     xc-max         WIDTH 40:KEY ON:CLS:LOCATE 39,22:P ref=                  22 4  zb=                  23 4
PASS  swap     sw-num         A=1:B=2:SWAP A,B:PRINT "[";A;B;"]" ref=                   2 1  zb=                   2 1
PASS  swap     sw-float       A=1.5:B=2.25:SWAP A,B:PRINT "[";A; ref=              2.25 1.5  zb=              2.25 1.5
PASS  swap     sw-str         A$="P":B$="QQ":SWAP A$,B$:PRINT "[ ref=                   QQP  zb=                   QQP
PASS  swap     sw-str-empty   A$="":B$="Q":SWAP A$,B$:PRINT "["; ref=                    Q/  zb=                    Q/
PASS  swap     sw-int         A%=1:B%=2:SWAP A%,B%:PRINT "[";A%; ref=                   2 1  zb=                   2 1
PASS  swap     sw-sng         A!=1.5:B!=2.5:SWAP A!,B!:PRINT "[" ref=               2.5 1.5  zb=               2.5 1.5
PASS  swap     sw-dbl         A#=1.5:B#=2.5:SWAP A#,B#:PRINT "[" ref=               2.5 1.5  zb=               2.5 1.5
PASS  swap     sw-self        A=7:SWAP A,A:PRINT "[";A;"]"       ref=                     7  zb=                     7
PASS  swap     sw-twice       A=1:B=2:SWAP A,B:SWAP A,B:PRINT "[ ref=                   1 2  zb=                   1 2
PASS  swap     sw-undef-r     A=1:SWAP A,B:PRINT "[";A;B;"]"     ref=ERR:Illegal function c  zb=ERR:Illegal function c
PASS  swap     sw-undef-l     B=1:SWAP A,B:PRINT "[";A;B;"]"     ref=                   1 0  zb=                   1 0
PASS  swap     sw-undef-both  SWAP A,B:PRINT "[";A;B;"]"         ref=ERR:Illegal function c  zb=ERR:Illegal function c
PASS  swap     sw-undef-str   A$="P":SWAP A$,B$:PRINT "[";A$;"/" ref=             <aborted>  zb=             <aborted>
PASS  swap     sw-arr         DIM Q(3):Q(0)=7:Q(1)=9:SWAP Q(0),Q ref=                   9 7  zb=                   9 7
PASS  swap     sw-arr-scalar  DIM Q(3):A=1:Q(0)=5:SWAP A,Q(0):PR ref=                   5 1  zb=                   5 1
PASS  swap     sw-arr-str     DIM Q$(3):Q$(0)="P":Q$(1)="QQ":SWA ref=                   QQP  zb=                   QQP
PASS  swap     sw-arr-same    DIM Q(3):Q(0)=7:SWAP Q(0),Q(0):PRI ref=                     7  zb=                     7
PASS  swap     sw-str-len     A$="XY":B$=STRING$(20,66):SWAP A$, ref=                  20 2  zb=                  20 2
PASS  swap     sw-str-alias   A$="P":B$=A$:SWAP A$,B$:PRINT "["; ref=                    PP  zb=                    PP
PASS  swap     sw-str-gc      A$="XY":B$=STRING$(20,66):SWAP A$, ref=                  20 2  zb=                  20 2
PASS  swaperr  se-mixed       CLS:A=1:B$="x":SWAP A,B$           ref=         Type mismatch  zb=         Type mismatch
PASS  swaperr  se-mixed-rev   CLS:A=1:B$="x":SWAP B$,A           ref=         Type mismatch  zb=         Type mismatch
PASS  swaperr  se-int-sng     CLS:A%=1:B!=2.5:SWAP A%,B!         ref=         Type mismatch  zb=         Type mismatch
PASS  swaperr  se-int-dbl     CLS:A%=1:B#=2.5:SWAP A%,B#         ref=         Type mismatch  zb=         Type mismatch
PASS  swaperr  se-sng-dbl     CLS:A!=1.5:B#=2.5:SWAP A!,B#       ref=         Type mismatch  zb=         Type mismatch
PASS  swaperr  se-int-plain   CLS:A%=1:B=2.5:SWAP A%,B           ref=         Type mismatch  zb=         Type mismatch
PASS  swaperr  se-defint      CLS:DEFINT C:C=1:D=2.5:SWAP C,D    ref=         Type mismatch  zb=         Type mismatch
PASS  swaperr  se-defint-ok   CLS:DEFINT C,D:C=1:D=2:SWAP C,D    ref=               <blank>  zb=               <blank>
PASS  swaperr  se-one         CLS:A=1:SWAP A                     ref=          Syntax error  zb=          Syntax error
PASS  swaperr  se-none        CLS:SWAP                           ref=          Syntax error  zb=          Syntax error
PASS  swaperr  se-three       CLS:SWAP A,B,C                     ref= Illegal function call  zb= Illegal function call
PASS  swaperr  se-lit-r       CLS:A=1:SWAP A,1                   ref=          Syntax error  zb=          Syntax error
PASS  swaperr  se-lit-l       CLS:A=1:SWAP 1,A                   ref=          Syntax error  zb=          Syntax error
PASS  swaperr  se-expr        CLS:A=1:B=2:SWAP A,B+0             ref=          Syntax error  zb=          Syntax error
PASS  swaperr  se-fn          CLS:A=1:SWAP A,LEN("x")            ref=          Syntax error  zb=          Syntax error
PASS  swaperr  se-paren       CLS:A=1:B=2:SWAP (A),B             ref=          Syntax error  zb=          Syntax error
PASS  swaperr  se-trail       CLS:A=1:B=2:SWAP A,B,              ref=          Syntax error  zb=          Syntax error
PASS  swaperr  se-arr-auto    CLS:A=1:SWAP A,Q(0)                ref=               <blank>  zb=               <blank>
PASS  swaperr  se-arr-oob     CLS:DIM Q(2):A=1:SWAP A,Q(9)       ref=Subscript out of range  zb=Subscript out of range
PASS  swaperr  sf-int-sng     A%=1:B!=2.5:SWAP A%,B!:PRINT "[";A ref=             <aborted>  zb=             <aborted>
PASS  swaperr  sf-int-dbl     A%=1:B#=2.5:SWAP A%,B#:PRINT "[";A ref=             <aborted>  zb=             <aborted>
PASS  swaperr  sf-sng-dbl     A!=1.5:B#=2.5:SWAP A!,B#:PRINT "[" ref=             <aborted>  zb=             <aborted>
PASS  swaperr  sf-int-plain   A%=1:B=2.5:SWAP A%,B:PRINT "[";A%; ref=             <aborted>  zb=             <aborted>
PASS  swaperr  sf-defint      DEFINT C:C=1:D=2.5:SWAP C,D:PRINT  ref=             <aborted>  zb=             <aborted>
PASS  swaperr  sf-arr-auto    A=1:SWAP A,Q(0):PRINT "[";A;Q(0);" ref=                   0 1  zb=                   0 1
PASS  trace    tr-basic       CLS:TRON : PRINT "A" : TROFF : PRI ref=           [20]A/[30]B  zb=           [20]A/[30]B
PASS  trace    tr-all         CLS:TRON : PRINT "A" : PRINT "B"   ref=           [20]A/[30]B  zb=           [20]A/[30]B
PASS  trace    tr-multi-stmt  CLS:TRON : PRINT "A":PRINT "B" : P ref=         [20]A/B/[30]C  zb=         [20]A/B/[30]C
PASS  trace    tr-goto        CLS:TRON : GOTO 40 : PRINT "SKIP"  ref=             [20][40]D  zb=             [20][40]D
PASS  trace    tr-forloop     CLS:TRON : FOR I=1 TO 2 : NEXT : T ref=      [20][30][30][40]  zb=      [20][30][30][40]
PASS  trace    tr-gosub       CLS:TRON:GOSUB 40 : TROFF : END :  ref=              [40][20]  zb=              [40][20]
PASS  trace    tr-off-first   CLS:TROFF : PRINT "A"              ref=                     A  zb=                     A
PASS  trace    tr-off-mid     CLS:TRON : PRINT "A" : TROFF : PRI ref=     [20]A/[30]B/[60]C  zb=     [20]A/[30]B/[60]C
PASS  trace    tr-semi        CLS:TRON : PRINT "A"; : PRINT "B"; ref=        [20]A[30]B[40]  zb=        [20]A[30]B[40]
PASS  trace    tr-bignum      1 CLS:TRON : 30000 PRINT "A" : 327 ref=      [30000]A/[32767]  zb=      [30000]A/[32767]
PASS  trace    trd-direct     CLS:TRON:PRINT "A":TROFF           ref=                     A  zb=                     A
PASS  trace    trd-bare       CLS:TRON:TROFF                     ref=               <blank>  zb=               <blank>
PASS  trace    trd-arg        CLS:TRON 1                         ref=          Syntax error  zb=          Syntax error
PASS  trace    trd-troff-arg  CLS:TROFF 1                        ref=          Syntax error  zb=          Syntax error
PASS  trace    trs-direct-into-run 10 CLS : 20 PRINT "A" : TRON : RUN ref=                 [20]A  zb=                 [20]A
PASS  trace    trs-survives-run 10 CLS : 20 TRON : 30 PRINT "A" :  ref=             [20][30]A  zb=             [20][30]A
PASS  trace    trs-after-end  10 CLS:TRON : 20 PRINT "A" : 30 EN ref=            [20]A/[30]  zb=            [20]A/[30]
PASS  trace    trs-new-clears 10 CLS:TRON : 20 PRINT "A" : RUN : ref=                     B  zb=                     B
PASS  motor    mo-bare        CLS:MOTOR                          ref=               <blank>  zb=               <blank>
PASS  motor    mo-on          CLS:MOTOR ON                       ref=               <blank>  zb=               <blank>
PASS  motor    mo-off         CLS:MOTOR OFF                      ref=               <blank>  zb=               <blank>
PASS  motor    mo-onoff       CLS:MOTOR ON:MOTOR OFF             ref=               <blank>  zb=               <blank>
PASS  motor    mo-twice       CLS:MOTOR:MOTOR                    ref=               <blank>  zb=               <blank>
PASS  motor    mo-stop        CLS:MOTOR STOP                     ref=          Syntax error  zb=          Syntax error
PASS  motor    mo-num         CLS:MOTOR 1                        ref=          Syntax error  zb=          Syntax error
PASS  motor    mo-zero        CLS:MOTOR 0                        ref=          Syntax error  zb=          Syntax error
PASS  motor    mo-str         CLS:MOTOR "ON"                     ref=          Syntax error  zb=          Syntax error
PASS  motor    mo-var         CLS:A=1:MOTOR A                    ref=          Syntax error  zb=          Syntax error
PASS  motor    mo-comma       CLS:MOTOR ON,OFF                   ref=          Syntax error  zb=          Syntax error
PASS  motor    mo-trail       CLS:MOTOR ON,                      ref=          Syntax error  zb=          Syntax error
PASS  detok    dt-tron-stick  10 TRON:A=STICK(0) : CLS : LIST    ref=LIST/10 TRON:A=STICK(0  zb=LIST/10 TRON:A=STICK(0
PASS  detok    dt-troff-strig 10 TROFF:A=STRIG(0) : CLS : LIST   ref=LIST/10 TROFF:A=STRIG(  zb=LIST/10 TROFF:A=STRIG(
PASS  detok    dt-both        10 A=STICK(0)+STRIG(1):TRON:TROFF  ref=LIST/10 A=STICK(0)+STR  zb=LIST/10 A=STICK(0)+STR
PASS  detok    dt-locate      10 LOCATE 5,3 : CLS : LIST         ref=    LIST/10 LOCATE 5,3  zb=    LIST/10 LOCATE 5,3
PASS  detok    dt-locate-omit 10 LOCATE ,4 : CLS : LIST          ref=     LIST/10 LOCATE ,4  zb=     LIST/10 LOCATE ,4
PASS  detok    dt-motor       10 MOTOR:MOTOR ON:MOTOR OFF : CLS  ref=LIST/10 MOTOR:MOTOR ON  zb=LIST/10 MOTOR:MOTOR ON
PASS  motorline mo-l-ctl-1     ?255AND16                          ref=                    16  zb=                    16
PASS  motorline mo-l-ctl-0     ?239AND16                          ref=                     0  zb=                     0
PASS  motorline mo-l-boot      ?INP(170)AND16                     ref=                     0  zb=                     0
PASS  motorline mo-l-on        MOTOR ON:?INP(170)AND16            ref=                     0  zb=                     0
PASS  motorline mo-l-off       MOTOR OFF:?INP(170)AND16           ref=                    16  zb=                    16
PASS  motorline mo-l-bare      MOTOR:?INP(170)AND16               ref=                     0  zb=                     0
PASS  motorline mo-l-twice     MOTOR:MOTOR:?INP(170)AND16         ref=                     0  zb=                     0
PASS  motorline mo-l-on-on     MOTOR ON:MOTOR ON:?INP(170)AND16   ref=                     0  zb=                     0
PASS  motorline mo-l-on-off    MOTOR ON:MOTOR OFF:?INP(170)AND16  ref=                    16  zb=                    16
PASS  motorline mo-l-on-bare   MOTOR ON:MOTOR:?INP(170)AND16      ref=                    16  zb=                    16
--- 214/214 as recorded   (9 expected-divergent, see XDIVERGENT)

=== LOCATE -- POSITIONS (row,col of the marker) — the ROM dictates ===
  loc-5-3        WIDTH 40:KEY OFF:CLS:LOCATE 5,3:PRINT CHR$(3 -> 3,5
                     zb=3,5
  loc-0-0        WIDTH 40:KEY OFF:CLS:LOCATE 0,0:PRINT CHR$(3 -> 0,0
                     zb=0,0
  loc-home-after WIDTH 40:KEY OFF:CLS:PRINT "AAA":LOCATE 0,0: -> 0,0
                     zb=0,0
  loc-col-only   WIDTH 40:KEY OFF:CLS:PRINT "AAA":LOCATE 7:PR -> 1,7
                     zb=1,7
  loc-row-only   WIDTH 40:KEY OFF:CLS:PRINT "AAA";:LOCATE ,4: -> 4,3
                     zb=4,3
  loc-bare-semi  WIDTH 40:KEY OFF:CLS:PRINT "AAA";:LOCATE :PR -> none
                     zb=none
  loc-col0-only  WIDTH 40:KEY OFF:CLS:PRINT "AAA";:LOCATE 0:P -> 0,0
                     zb=0,0
  loc-float      WIDTH 40:KEY OFF:CLS:LOCATE 5.7,3.2:PRINT CH -> 3,5
                     zb=3,5
  loc-float-up   WIDTH 40:KEY OFF:CLS:LOCATE 4.5,2.5:PRINT CH -> 2,4
                     zb=2,4
  loc-expr       WIDTH 40:KEY OFF:CLS:LOCATE 2+3,1+2:PRINT CH -> 3,5
                     zb=3,5
  loc-var        WIDTH 40:KEY OFF:CLS:X=6:Y=2:LOCATE X,Y:PRIN -> 2,6
                     zb=2,6
  loc-cur-0      WIDTH 40:KEY OFF:CLS:LOCATE 5,3,0:PRINT CHR$ -> 3,5
                     zb=3,5
  loc-cur-1      WIDTH 40:KEY OFF:CLS:LOCATE 5,3,1:PRINT CHR$ -> 3,5
                     zb=3,5
  loc-max-col    WIDTH 40:KEY OFF:CLS:LOCATE 39,3:PRINT CHR$( -> 3,39
                     zb=3,39
  loc-max-row    WIDTH 40:KEY OFF:CLS:LOCATE 5,22:PRINT CHR$( -> 21,5
                     zb=22,5
  loc-w32-31     WIDTH 32:KEY OFF:CLS:LOCATE 31,3:PRINT CHR$( -> 3,35
                     zb=3,35
  loc-w32-0      WIDTH 32:KEY OFF:CLS:LOCATE 0,3:PRINT CHR$(3 -> 3,4
                     zb=3,4
  loc-twice      WIDTH 40:KEY OFF:CLS:LOCATE 20,5:LOCATE 3,1: -> 1,3
                     zb=1,3
  loc-then-print WIDTH 40:KEY OFF:CLS:LOCATE 5,3:PRINT "AB";C -> 3,7
                     zb=3,7
  loc-wrap       WIDTH 40:KEY OFF:CLS:LOCATE 38,3:PRINT "AB"; -> 4,0
                     zb=4,0

=== LOCATE -- ERRORS / BOUNDS — the ROM dictates ===
  le-col-w       CLS:WIDTH 40:LOCATE 40,0                     -> <blank>
                     zb=<blank>
  le-col-41      CLS:WIDTH 40:LOCATE 41,0                     -> <blank>
                     zb=<blank>
  le-col-255     CLS:LOCATE 255,0                             -> <blank>
                     zb=<blank>
  le-col-256     CLS:LOCATE 256,0                             -> Illegal function call
                     zb=Illegal function call
  le-col-neg     CLS:LOCATE -1,0                              -> Illegal function call
                     zb=Illegal function call
  le-row-24      CLS:LOCATE 0,24                              -> <blank>
                     zb=<blank>
  le-row-23      CLS:LOCATE 0,23                              -> <blank>
                     zb=<blank>
  le-row-neg     CLS:LOCATE 0,-1                              -> Illegal function call
                     zb=Illegal function call
  le-row-255     CLS:LOCATE 0,255                             -> <blank>
                     zb=<blank>
  le-row-256     CLS:LOCATE 0,256                             -> Illegal function call
                     zb=Illegal function call
  le-w32-32      CLS:WIDTH 32:LOCATE 32,0                     -> <blank>
                     zb=<blank>
  le-w32-39      CLS:WIDTH 32:LOCATE 39,0                     -> <blank>
                     zb=<blank>
  le-bare        CLS:LOCATE                                   -> Missing operand
                     zb=Missing operand
  le-comma       CLS:LOCATE ,                                 -> Missing operand
                     zb=Missing operand
  le-comma3      CLS:LOCATE ,,                                -> Missing operand
                     zb=Missing operand
  le-three       CLS:LOCATE 1,1,1                             -> <blank>
                     zb=<blank>
  le-four        CLS:LOCATE 1,1,1,1                           -> Syntax error
                     zb=Syntax error
  le-five        CLS:LOCATE 1,1,1,1,1                         -> Syntax error
                     zb=Syntax error
  le-cur-2       CLS:LOCATE 5,3,2                             -> <blank>
                     zb=<blank>
  le-cur-255     CLS:LOCATE 5,3,255                           -> <blank>
                     zb=<blank>
  le-cur-256     CLS:LOCATE 5,3,256                           -> Illegal function call
                     zb=Illegal function call
  le-cur-neg     CLS:LOCATE 5,3,-1                            -> Illegal function call
                     zb=Illegal function call
  le-col-32768   CLS:LOCATE 32768,0                           -> Overflow
                     zb=Overflow
  le-col-99999   CLS:LOCATE 99999,0                           -> Overflow
                     zb=Overflow
  le-row-32768   CLS:LOCATE 0,32768                           -> Overflow
                     zb=Overflow
  le-cur-32768   CLS:LOCATE 5,3,32768                         -> Overflow
                     zb=Overflow
  le-col-neg32k  CLS:LOCATE -32769,0                          -> Overflow
                     zb=Overflow
  le-str         CLS:LOCATE "5",3                             -> Type mismatch
                     zb=Type mismatch
  le-trail       CLS:LOCATE 5,3,                              -> Missing operand
                     zb=Missing operand
  le-scr2        SCREEN 2:LOCATE 5,3:SCREEN 0                 -> <blank>
                     zb=<blank>
  le-scr1        SCREEN 1:LOCATE 5,3:SCREEN 0                 -> <blank>
                     zb=<blank>
  la-col-40      WIDTH 40:KEY OFF:CLS:LOCATE 40,3:PRINT CHR$( -> 3,39
                     zb=3,39
  la-col-41      WIDTH 40:KEY OFF:CLS:LOCATE 41,3:PRINT CHR$( -> 3,39
                     zb=3,39
  la-col-255     WIDTH 40:KEY OFF:CLS:LOCATE 255,3:PRINT CHR$ -> 3,39
                     zb=3,39
  la-row-23      WIDTH 40:KEY OFF:CLS:LOCATE 5,23:PRINT CHR$( -> 21,5
                     zb=22,5
  la-row-24      WIDTH 40:KEY OFF:CLS:LOCATE 5,24:PRINT CHR$( -> 21,5
                     zb=22,5
  la-w32-32      WIDTH 32:KEY OFF:CLS:LOCATE 32,3:PRINT CHR$( -> 3,35
                     zb=3,35
  la-w32-39      WIDTH 32:KEY OFF:CLS:LOCATE 39,3:PRINT CHR$( -> 3,35
                     zb=3,35
  la-cur-2       WIDTH 40:KEY OFF:CLS:LOCATE 5,3,2:PRINT CHR$ -> 3,5
                     zb=3,5

=== LOCATE -- O-1: WHERE an out-of-range arg LANDS (scroll-free) — the ROM dictates ===
  lr-in-5-3      WIDTH 40:KEY ON:CLS:LOCATE 5,3:Y=CSRLIN:X=PO -> 3 5
                     zb=3 5
  lr-in-21       WIDTH 40:KEY ON:CLS:LOCATE 5,21:Y=CSRLIN:X=P -> 21 5
                     zb=21 5
  lr-in-22       WIDTH 40:KEY ON:CLS:LOCATE 5,22:Y=CSRLIN:X=P -> 22 5
                     zb=22 5
  lr-row-23      WIDTH 40:KEY ON:CLS:LOCATE 5,23:Y=CSRLIN:X=P -> 22 5
                     zb=23 5
  lr-row-24      WIDTH 40:KEY ON:CLS:LOCATE 5,24:Y=CSRLIN:X=P -> 22 5
                     zb=23 5
  lr-row-25      WIDTH 40:KEY ON:CLS:LOCATE 5,25:Y=CSRLIN:X=P -> 22 5
                     zb=23 5
  lr-row-255     WIDTH 40:KEY ON:CLS:LOCATE 5,255:Y=CSRLIN:X= -> 22 5
                     zb=23 5
  lr-key-off-22  WIDTH 40:CLS:KEY OFF:LOCATE 5,22:Y=CSRLIN:X= -> 22 5
                     zb=22 5
  lr-key-off-23  WIDTH 40:CLS:KEY OFF:LOCATE 5,23:Y=CSRLIN:X= -> 23 5
                     zb=23 5
  lr-key-off-24  WIDTH 40:CLS:KEY OFF:LOCATE 5,24:Y=CSRLIN:X= -> 23 5
                     zb=23 5
  lr-key-off-255 WIDTH 40:CLS:KEY OFF:LOCATE 5,255:Y=CSRLIN:X -> 23 5
                     zb=23 5
  lr-col-39      WIDTH 40:KEY ON:CLS:LOCATE 39,3:Y=CSRLIN:X=P -> 3 39
                     zb=3 39
  lr-col-40      WIDTH 40:KEY ON:CLS:LOCATE 40,3:Y=CSRLIN:X=P -> 3 39
                     zb=3 39
  lr-col-255     WIDTH 40:KEY ON:CLS:LOCATE 255,3:Y=CSRLIN:X= -> 3 39
                     zb=3 39
  lr-w32-31      WIDTH 32:KEY ON:CLS:LOCATE 31,3:Y=CSRLIN:X=P -> 3 31
                     zb=3 31
  lr-w32-32      WIDTH 32:KEY ON:CLS:LOCATE 32,3:Y=CSRLIN:X=P -> 3 31
                     zb=3 31
  lr-w32-255     WIDTH 32:KEY ON:CLS:LOCATE 255,3:Y=CSRLIN:X= -> 3 31
                     zb=3 31
  lr-both-255    WIDTH 40:KEY ON:CLS:LOCATE 255,255:Y=CSRLIN: -> 22 39
                     zb=23 39

=== LOCATE read back by CSRLIN/POS (declared cross-check) — the ROM dictates ===
  xc-5-3         WIDTH 40:KEY ON:CLS:LOCATE 5,3:PRINT "[";CSR -> 3 9
                     zb=3 9
  xc-0-0         WIDTH 40:KEY ON:CLS:LOCATE 0,0:PRINT "[";CSR -> 0 4
                     zb=0 4
  xc-col-only    WIDTH 40:KEY ON:CLS:PRINT "AAA":LOCATE 7:PRI -> 1 11
                     zb=1 11
  xc-row-only    WIDTH 40:KEY ON:CLS:PRINT "AAA";:LOCATE ,4:P -> 4 7
                     zb=4 7
  xc-max         WIDTH 40:KEY ON:CLS:LOCATE 39,22:PRINT "[";C -> 22 4
                     zb=23 4

=== SWAP -- VALUES — the ROM dictates ===
  sw-num         A=1:B=2:SWAP A,B:PRINT "[";A;B;"]"           -> 2 1
                     zb=2 1
  sw-float       A=1.5:B=2.25:SWAP A,B:PRINT "[";A;B;"]"      -> 2.25 1.5
                     zb=2.25 1.5
  sw-str         A$="P":B$="QQ":SWAP A$,B$:PRINT "[";A$;B$;"] -> QQP
                     zb=QQP
  sw-str-empty   A$="":B$="Q":SWAP A$,B$:PRINT "[";A$;"/";B$; -> Q/
                     zb=Q/
  sw-int         A%=1:B%=2:SWAP A%,B%:PRINT "[";A%;B%;"]"     -> 2 1
                     zb=2 1
  sw-sng         A!=1.5:B!=2.5:SWAP A!,B!:PRINT "[";A!;B!;"]" -> 2.5 1.5
                     zb=2.5 1.5
  sw-dbl         A#=1.5:B#=2.5:SWAP A#,B#:PRINT "[";A#;B#;"]" -> 2.5 1.5
                     zb=2.5 1.5
  sw-self        A=7:SWAP A,A:PRINT "[";A;"]"                 -> 7
                     zb=7
  sw-twice       A=1:B=2:SWAP A,B:SWAP A,B:PRINT "[";A;B;"]"  -> 1 2
                     zb=1 2
  sw-undef-r     A=1:SWAP A,B:PRINT "[";A;B;"]"               -> ERR:Illegal function call
                     zb=ERR:Illegal function call
  sw-undef-l     B=1:SWAP A,B:PRINT "[";A;B;"]"               -> 1 0
                     zb=1 0
  sw-undef-both  SWAP A,B:PRINT "[";A;B;"]"                   -> ERR:Illegal function call
                     zb=ERR:Illegal function call
  sw-undef-str   A$="P":SWAP A$,B$:PRINT "[";A$;"/";B$;"]"    -> <aborted>
                     zb=<aborted>
  sw-arr         DIM Q(3):Q(0)=7:Q(1)=9:SWAP Q(0),Q(1):PRINT  -> 9 7
                     zb=9 7
  sw-arr-scalar  DIM Q(3):A=1:Q(0)=5:SWAP A,Q(0):PRINT "[";A; -> 5 1
                     zb=5 1
  sw-arr-str     DIM Q$(3):Q$(0)="P":Q$(1)="QQ":SWAP Q$(0),Q$ -> QQP
                     zb=QQP
  sw-arr-same    DIM Q(3):Q(0)=7:SWAP Q(0),Q(0):PRINT "[";Q(0 -> 7
                     zb=7
  sw-str-len     A$="XY":B$=STRING$(20,66):SWAP A$,B$:PRINT " -> 20 2
                     zb=20 2
  sw-str-alias   A$="P":B$=A$:SWAP A$,B$:PRINT "[";A$;B$;"]"  -> PP
                     zb=PP
  sw-str-gc      A$="XY":B$=STRING$(20,66):SWAP A$,B$:C$=STRI -> 20 2
                     zb=20 2

=== SWAP -- REJECTS / TYPE RULE — the ROM dictates ===
  se-mixed       CLS:A=1:B$="x":SWAP A,B$                     -> Type mismatch
                     zb=Type mismatch
  se-mixed-rev   CLS:A=1:B$="x":SWAP B$,A                     -> Type mismatch
                     zb=Type mismatch
  se-int-sng     CLS:A%=1:B!=2.5:SWAP A%,B!                   -> Type mismatch
                     zb=Type mismatch
  se-int-dbl     CLS:A%=1:B#=2.5:SWAP A%,B#                   -> Type mismatch
                     zb=Type mismatch
  se-sng-dbl     CLS:A!=1.5:B#=2.5:SWAP A!,B#                 -> Type mismatch
                     zb=Type mismatch
  se-int-plain   CLS:A%=1:B=2.5:SWAP A%,B                     -> Type mismatch
                     zb=Type mismatch
  se-defint      CLS:DEFINT C:C=1:D=2.5:SWAP C,D              -> Type mismatch
                     zb=Type mismatch
  se-defint-ok   CLS:DEFINT C,D:C=1:D=2:SWAP C,D              -> <blank>
                     zb=<blank>
  se-one         CLS:A=1:SWAP A                               -> Syntax error
                     zb=Syntax error
  se-none        CLS:SWAP                                     -> Syntax error
                     zb=Syntax error
  se-three       CLS:SWAP A,B,C                               -> Illegal function call
                     zb=Illegal function call
  se-lit-r       CLS:A=1:SWAP A,1                             -> Syntax error
                     zb=Syntax error
  se-lit-l       CLS:A=1:SWAP 1,A                             -> Syntax error
                     zb=Syntax error
  se-expr        CLS:A=1:B=2:SWAP A,B+0                       -> Syntax error
                     zb=Syntax error
  se-fn          CLS:A=1:SWAP A,LEN("x")                      -> Syntax error
                     zb=Syntax error
  se-paren       CLS:A=1:B=2:SWAP (A),B                       -> Syntax error
                     zb=Syntax error
  se-trail       CLS:A=1:B=2:SWAP A,B,                        -> Syntax error
                     zb=Syntax error
  se-arr-auto    CLS:A=1:SWAP A,Q(0)                          -> <blank>
                     zb=<blank>
  se-arr-oob     CLS:DIM Q(2):A=1:SWAP A,Q(9)                 -> Subscript out of range
                     zb=Subscript out of range
  sf-int-sng     A%=1:B!=2.5:SWAP A%,B!:PRINT "[";A%;B!;"]"   -> <aborted>
                     zb=<aborted>
  sf-int-dbl     A%=1:B#=2.5:SWAP A%,B#:PRINT "[";A%;B#;"]"   -> <aborted>
                     zb=<aborted>
  sf-sng-dbl     A!=1.5:B#=2.5:SWAP A!,B#:PRINT "[";A!;B#;"]" -> <aborted>
                     zb=<aborted>
  sf-int-plain   A%=1:B=2.5:SWAP A%,B:PRINT "[";A%;B;"]"      -> <aborted>
                     zb=<aborted>
  sf-defint      DEFINT C:C=1:D=2.5:SWAP C,D:PRINT "[";C;D;"] -> <aborted>
                     zb=<aborted>
  sf-arr-auto    A=1:SWAP A,Q(0):PRINT "[";A;Q(0);"]"         -> 0 1
                     zb=0 1

=== TRON / TROFF -- SCREEN — the ROM dictates ===
  tr-basic       CLS:TRON : PRINT "A" : TROFF : PRINT "B"     -> [20]A/[30]B
                     zb=[20]A/[30]B
  tr-all         CLS:TRON : PRINT "A" : PRINT "B"             -> [20]A/[30]B
                     zb=[20]A/[30]B
  tr-multi-stmt  CLS:TRON : PRINT "A":PRINT "B" : PRINT "C"   -> [20]A/B/[30]C
                     zb=[20]A/B/[30]C
  tr-goto        CLS:TRON : GOTO 40 : PRINT "SKIP" : PRINT "D -> [20][40]D
                     zb=[20][40]D
  tr-forloop     CLS:TRON : FOR I=1 TO 2 : NEXT : TROFF       -> [20][30][30][40]
                     zb=[20][30][30][40]
  tr-gosub       CLS:TRON:GOSUB 40 : TROFF : END : RETURN     -> [40][20]
                     zb=[40][20]
  tr-off-first   CLS:TROFF : PRINT "A"                        -> A
                     zb=A
  tr-off-mid     CLS:TRON : PRINT "A" : TROFF : PRINT "B" : T -> [20]A/[30]B/[60]C
                     zb=[20]A/[30]B/[60]C
  tr-semi        CLS:TRON : PRINT "A"; : PRINT "B"; : TROFF   -> [20]A[30]B[40]
                     zb=[20]A[30]B[40]
  tr-bignum      1 CLS:TRON : 30000 PRINT "A" : 32767 TROFF   -> [30000]A/[32767]
                     zb=[30000]A/[32767]
  trd-direct     CLS:TRON:PRINT "A":TROFF                     -> A
                     zb=A
  trd-bare       CLS:TRON:TROFF                               -> <blank>
                     zb=<blank>
  trd-arg        CLS:TRON 1                                   -> Syntax error
                     zb=Syntax error
  trd-troff-arg  CLS:TROFF 1                                  -> Syntax error
                     zb=Syntax error
  trs-direct-into-run 10 CLS : 20 PRINT "A" : TRON : RUN           -> [20]A
                     zb=[20]A
  trs-survives-run 10 CLS : 20 TRON : 30 PRINT "A" : RUN : RUN  -> [20][30]A
                     zb=[20][30]A
  trs-after-end  10 CLS:TRON : 20 PRINT "A" : 30 END : RUN    -> [20]A/[30]
                     zb=[20]A/[30]
  trs-new-clears 10 CLS:TRON : 20 PRINT "A" : RUN : NEW : 10  -> B
                     zb=B

=== MOTOR -- LANGUAGE SURFACE ONLY (never 'the relay closed') — the ROM dictates ===
  mo-bare        CLS:MOTOR                                    -> <blank>
                     zb=<blank>
  mo-on          CLS:MOTOR ON                                 -> <blank>
                     zb=<blank>
  mo-off         CLS:MOTOR OFF                                -> <blank>
                     zb=<blank>
  mo-onoff       CLS:MOTOR ON:MOTOR OFF                       -> <blank>
                     zb=<blank>
  mo-twice       CLS:MOTOR:MOTOR                              -> <blank>
                     zb=<blank>
  mo-stop        CLS:MOTOR STOP                               -> Syntax error
                     zb=Syntax error
  mo-num         CLS:MOTOR 1                                  -> Syntax error
                     zb=Syntax error
  mo-zero        CLS:MOTOR 0                                  -> Syntax error
                     zb=Syntax error
  mo-str         CLS:MOTOR "ON"                               -> Syntax error
                     zb=Syntax error
  mo-var         CLS:A=1:MOTOR A                              -> Syntax error
                     zb=Syntax error
  mo-comma       CLS:MOTOR ON,OFF                             -> Syntax error
                     zb=Syntax error
  mo-trail       CLS:MOTOR ON,                                -> Syntax error
                     zb=Syntax error

OK
