=== warm-up (serial build of shared artifacts) ===
warm-up 14s
=== 13 units, J=6, lineerr in 8 shards, nice=0 solo=None ===
  rc=0    193s  penderr-acceptance
  rc=0    221s  screenerr-acceptance
  rc=0    158s  tmfp-acceptance
  rc=0    201s  stmtpend-acceptance
  rc=0    137s  deffn-strict
  rc=0    136s  lineerr#1/8
  rc=0    124s  lineerr#2/8
  rc=0    128s  lineerr#3/8
  rc=1    116s  lineerr#4/8
  rc=0    112s  lineerr#5/8
  rc=0    104s  lineerr#6/8
  rc=0     96s  lineerr#7/8
  rc=0     77s  lineerr#8/8

=== retrying 1 red unit(s) SERIALLY (flake vs real) ===
  retry lineerr#4/8: rc 1->0  FLAKE (green on retry)

=== wall 415s (14s build + 401s gates) ===
GATES: 6/6 green
recovered flakes (green on serial retry): lineerr#4/8
hashes: 41b8c4ed ae796ccb 7d27b871
