python3 tools/audit_citations.py 
clean-room citation audit (mechanical half — not a full paper trail)
rule self-test 10/10, listing self-test 11/11, dump self-test 12/12, section self-test 14/14

== disk == (8 files scanned, 97 provenance-bearing)
  [acknowledged] disk/driver.asm:87: section header without inline citation: 'write path' (aa89e15851ff) — 'write path' — the write twin of the read path in the same file. Its body cites nothing itself because it mirrors dskio's read loop instruction for instruction ("Mirrors the read loop's structure exactly"), and the read path's own header block carries the PROVENANCE.md §FDC / §DSKIO interface citation that both rest on. A single shared citation for a mirrored pair is the honest shape; duplicating it would be prose written to satisfy a scanner. Human judgement, 2026-07-04, re-confirmed 2026-08-06.
  [acknowledged] disk/kernel.asm:65: section header without inline citation: 'MSX-DOS-1 kernel SETDTA-time entry: $5058 (M19)' (77d4c39b0be0) — 'MSX-DOS-1 kernel SETDTA-time entry: $5058 (M19)' — attested in full, in vocabulary CITATION does not carry: 12 comment lines naming the finding (M19), the probes (callseq / capture / callwatch causal pin), the black-box contract (entry register, write target, the register-identical 51-call comparison) and the clean-room line ("no stock routine internals decoded"). Widening CITATION with black-box was measured and DECLINED — docs/spec-audit-citations-review.md §2.5 records the numbers and the bar to re-open it. Kept as a review candidate deliberately: what counts as a citation is a judgement this tool declines to make.
  [acknowledged] disk/kernel.asm:2052: section header without inline citation: 'contract bodies (stubs; filled in milestone 4; added as each veneer lands)' (b7535589959f) — 'contract bodies (stubs; filled in milestone 4; added as each veneer lands)' — a table of bare `ret` stubs at pinned kernel addresses. It names no derived behaviour, so there is nothing to cite; each stub acquires its own citation in the comment block above it as the milestone that fills it lands (see the k_47B2 block immediately below, which cites tier2-m31-rdblk-randrecord-spec.md). Structural in substance but not in STRUCTURAL_HDR's vocabulary, and widening that regex to catch it would exempt far more than this one header.
  [acknowledged] disk/runtime.asm:423: section header without inline citation: 'int_h_body - the OLD page-1 $0038 handler (A-2/A-2b) — SUPERSEDED by A-3' (d8340dfd8ba4) — 'int_h_body - the OLD page-1 $0038 handler (A-2/A-2b) — SUPERSEDED by A-3' — a genuinely uncited header, and the only one this project has ever had that was hidden by the vocabulary rather than by the distance rule. Its block attests in prose — "the MSX1 standard, BIOS-agnostic" — which names a standard but no document: no §, no spec filename, no URL, no datasheet. It was exempt only because the sentence "A bare VDP ack is not enough" contains the word VDP, which was a CITATION token until 2026-08-06. The finding it restates DOES exist: provider-oracle-scope.md §8.70 (O-2, the KEYINT chaining contract — the stock $0038 handler, the main-ROM KEYINT body, the H.KEYI/H.TIMI hooks, all from black-box probe runs). The header's own name once carried the reference, "(A-2/8.70)", a bare number the rule cannot match either, and lost it in the A-3 rename (71b1096). The human's remedy is to name §8.70 in the block, or to delete the dead body this header describes (it says DEAD/SUPERSEDED itself, kept net-zero pending removal). Which of those is right is a judgement this tool declines to make.
  clean — attestations present, no unattested forbidden source  (4 advisory review candidate(s))

== basic == (110 files scanned, 212 provenance-bearing)
  clean — attestations present, no unattested forbidden source

== tape == (1 files scanned, 15 provenance-bearing)
  clean — attestations present, no unattested forbidden source

== listing shape == (867 files swept, 2 allowlisted)
  [allowed] probes/lib/latch_check.py:82: 2-line listing (5565467e6422) — C-BIOS, same window and same adjudication as the omsx_repl.py entry below: the two comment lines restate the chget_char boundaries this checker scores (D-LATCH2, docs/spec-probe-latch2.md). Surfaced only after knife K1b forced the comment leaders `; # //` into the prefix class — under the first cut this file was invisible, which is the whole reason that fix landed.
  [allowed] probes/lib/omsx_repl.py:366: 3-line listing (edb676f694b2) — C-BIOS, not a proprietary reference ROM: allowed-sources.md grades C-BIOS source B/Conditional — a peer clean-room reimplementation under BSD-2 whose source this project already patches (cbios-repack/), and NOT the reference implementation zerobas reimplements. The run is 3 instructions of the keyboard-buffer path, in a docstring explaining the D-LATCH2 injection window (docs/spec-probe-latch2.md §5.5); the same docstring is explicit about the line it stays on ("locating chget in the reference needs a disassembly this project does not do"). Probe source, not shipped ROM source. Flagged for the human paper trail 2026-08-06 (D-DOCJUDGE §2.6) — a judgement docs/clean-room-audit.md reserves for a human, which is why it is written down here rather than decided by the tool.
  clean — no unallowlisted decoded-instruction listings

== hex-dump rows == (867 files swept, 1 allowlisted)
  [allowed] tools/audit_citations.py:428: hex-dump row (0c30593198a1) — The check's own synthetic self-test vector (_DUMP_VEC). INVENTED bytes — no provenance, no derivation, not decoded from anything — so recording it forbids nothing; a REAL positive vector would be the artifact this check refuses and would make the tool its own first finding. Unlike check 5's LISTING_LINE this rule is not anchored at line start (a dump lives inside a markdown table cell), so the vector is necessarily a hit on this file. That is turned into the canary rather than worked around: if this line stops matching, check 6 has gone blind and exits 2 rather than printing "clean".
  clean — no unallowlisted hex-dump rows  (narrow by design: this is the dump ROW only, not the raw-byte class — docs/spec-audit-citations-bytes.md §3.1)

ADVISORY: 4 section header(s) without an inline citation, all acknowledged — review candidates for the human paper trail, not gate failures. The SET is pinned (citations-advisory-allow.txt); the judgement is not.

CLEAN (gating checks). The non-mechanical hop — 'is each cited probe genuinely black-box?' — still requires a human paper-trail pass.
