=== warm-up (serial build of shared artifacts) ===
warm-up 7s
=== 13 units, J=6, lineerr in 8 shards, nice=0 solo=None ===
  rc=0    144s  penderr-acceptance
  rc=2    153s  screenerr-acceptance
  rc=0    118s  tmfp-acceptance
  rc=0    151s  stmtpend-acceptance
  rc=0     96s  deffn-strict
  rc=0     96s  lineerr#1/8
  rc=0     90s  lineerr#2/8
  rc=0     98s  lineerr#3/8
  rc=0     88s  lineerr#4/8
  rc=0     82s  lineerr#5/8
  rc=0     75s  lineerr#6/8
  rc=0     75s  lineerr#7/8
  rc=0     60s  lineerr#8/8

=== retrying 1 red unit(s) SERIALLY (flake vs real) ===
  retry screenerr-acceptance: rc 2->0  FLAKE (green on retry)

=== wall 337s (7s build + 331s gates) ===
GATES: 6/6 green
recovered flakes (green on serial retry): screenerr-acceptance
hashes: 41b8c4ed ae796ccb 7d27b871
