== STOCK (12.6575..12.66 s): 0 reads by COMMAND.COM's transient code
== OURS (14.437..14.49 s): 23 reads by COMMAND.COM's transient code
  14.437064  $D3DF  42  pc=$C430
  14.437066  $D0F1  56  pc=$C431
  14.437134  $D0FB  4D  pc=$C431
  14.437202  $D105  42  pc=$C431
  14.437215  $D3E0  41  pc=$C430
  14.437217  $D106  41  pc=$C431
  14.437229  $D3E1  53  pc=$C430
  14.437231  $D107  53  pc=$C431
  14.437244  $D3E2  49  pc=$C430
  14.437246  $D108  49  pc=$C431
  14.437258  $D3E3  43  pc=$C430
  14.437260  $D109  43  pc=$C431
  14.437273  $D3E4  20  pc=$C430
  14.437275  $D10A  20  pc=$C431
  14.437287  $D3E5  20  pc=$C430
  14.437289  $D10B  20  pc=$C431
  14.437302  $D3E6  20  pc=$C430
  14.437304  $D10C  20  pc=$C431
  14.437315  $D10D  6E  pc=$C438
  14.437319  $D10E  D0  pc=$C43A
  14.437341  $F23B  00  pc=$D01B
