python3 tools/install-repack-machine.py --merged build/zerobas-main-eu.rom --disk-rom build/disk.rom \
	  --sub-rom build/sub.rom
wrote C-BIOS_MSX1_EU_REPACK_DISK  (-> machine "C-BIOS_MSX1_EU_REPACK_DISK": merged repack ROM in slot 0, zerobas-disk in slot 3-1, zerobas-sub in slot 3-2)
     /Users/joost/.openMSX/share/machines/C-BIOS_MSX1_EU_REPACK_DISK.xml
python3 tools/install-repack-machine.py --merged build/zerobas-main-eu.rom --sub-rom build/sub.rom \
	  --no-disk
wrote C-BIOS_MSX1_EU_REPACK_NODISK  (-> machine "C-BIOS_MSX1_EU_REPACK_NODISK": merged repack ROM in slot 0, slot 3-1 EMPTY (diskless target), zerobas-sub in slot 3-2)
     /Users/joost/.openMSX/share/machines/C-BIOS_MSX1_EU_REPACK_NODISK.xml
python3 probes/basic/basic_probe_arrays.py
  PASS  autodim.bound10.ok     
  PASS  autodim.11.oor         
  PASS  autodim.touch.max      
  PASS  dim.inclusive          
  PASS  dim.over.oor           
  PASS  base0                  
  PASS  autoinit0              
  PASS  redim                  
  PASS  multidim.val           
  PASS  multidim.init0         
  PASS  multidim.wrongn.oor    
  PASS  typeindep              
  PASS  neg.illegal            
  PASS  float.elem             
  PASS  multi.array.per.dim    
  PASS  ordering.2x2           
  PASS  var.subscript          
  PASS  var.dim.bound          
  PASS  nested.subscript       
  PASS  for.loop.fill          
  PASS  dim.then.use.4d        
  PASS  dim.oom.casing         
  PASS  dim.neg.illegal        
  PASS  erase.then.print       
  PASS  erase.then.autodim     
  PASS  erase.preserves.other  
  PASS  erase.middle.compacts  
  PASS  erase.list.two         
  PASS  erase.type.indep       
  PASS  erase.typed.pct        
  PASS  erase.enables.redim    
  PASS  erase.longname         
  PASS  erase.redim.diffdim    
  PASS  erase.hash.matches     
  PASS  undeclared.erase       
  PASS  double.erase           
  PASS  erase.wrongtype        
  PASS  erase.bang.matches     
  PASS  erase.str.undeclared   
  PASS  erase.bang.undecl      
  PASS  erase.str.after.dim    
  PASS  erase.partial.first    
  PASS  erase.badname.first    
  PASS  erase.bare.noarg       
  PASS  erase.leading.comma    
  PASS  erase.number           
  PASS  erase.trailing.comma   
  PASS  erase.double.comma     
  PASS  erase.paren.form       
  PASS  erase.sub.form         
  PASS  strarr.store.load      
  PASS  strarr.autodim.bound10.ok 
  PASS  strarr.autodim.11.oor  
  PASS  strarr.autoinit.empty  
  PASS  strarr.autoinit.len0   
  PASS  strarr.dim.inclusive   
  PASS  strarr.base0           
  PASS  strarr.dim.over.oor    
  PASS  strarr.redim           
  PASS  strarr.neg.illegal     
  PASS  strarr.multidim.val    
  PASS  strarr.multidim.init0  
  PASS  strarr.multidim.wrongn.oor 
  PASS  strarr.typeindep.dbl   
  PASS  strarr.typeindep.pct   
  PASS  strarr.len             
  PASS  strarr.mid             
  PASS  strarr.left            
  PASS  strarr.concat          
  PASS  strarr.copy.scalar2elem 
  PASS  strarr.copy.elem2elem  
  PASS  strarr.copy.elem2scalar 
  PASS  strarr.noalias         
  PASS  strarr.erase.frees     
  PASS  strarr.clear.frees     
  PASS  strarr.longstr.90      
  PASS  strarr.varsub          
  PASS  strarr.nestsub         
  PASS  strarr.selfconcat.var  
  PASS  strarr.two.elem.concat 
  PASS  strarr.for.store       
  PASS  strarr.md.varsub       
  PASS  strarr.if.cmp          
  PASS  strarr.dim.varbound    
  PASS  strarr.dim.bare.dollar 
  PASS  strarr.dim.digit.name  
  PASS  strarr.dim.large.ok    
  PASS  strarr.dim.aftergc     
  PASS  strarr.gc.churn        
  PASS  scalar.types.roundtrip 
  PASS  scalar.many.overflow128 
  PASS  scalar.array.interleave 
  PASS  strarr.scalar.shift.survive 
  PASS  scalar.edit.clears     
  PASS  scalar.varptr.value    
  PASS  scalar.varptr.str.value 
  PASS  scalar.for.read.typed  
  PASS  scalar.collision.gc.ok 
  PASS  h1.srcarrelem          
  PASS  h1.srcconcat           
  PASS  h1.self                
  PASS  gcroot.scalars.survive 
  PASS  scalar.edit.clears.str 
  PASS  scalar.str.chain.oom   
  PASS  arrelem.varptr.num     
  PASS  arrelem.varptr.multidim 
  PASS  arrelem.varptr.str     
  PASS  arrelem.varptr.autodim 
  PASS  arrelem.varptr.distinct 
  PASS  arrelem.varptr.oor     
  PASS  arrelem.varptr.neg     
  PASS  arrelem.varptr.empty   
  PASS  arrelem.varptr.nested  
  PASS  arrelem.varptr.varsub  
  PASS  arrelem.varptr.noparen 
  PASS  crunch.erase.a         
  PASS  crunch.erase.ab        
  PASS  crunch.dim.s5          
--- BUG A/B/C regressions (Fable 2026-07-17; zb house behaviour) ---
  PASS  bugA.mid3temp          
  PASS  bugC.concat.typemis    
  PASS  bugC.leftmiss.syntax   
  PASS  bugC.midmiss.syntax    
  PASS  bugC.left.ok           
  PASS  bugC.strcmp.ok         
  PASS  bugC.cvi.noparen       
  PASS  bugC.cvi.ok            
  PASS  ifc.instr.zero         
  PASS  ifc.instr.neg          
  PASS  ifc.asc.empty          
  PASS  ifc.instr.ok           
  PASS  ifc.instr.ok2          
  PASS  ifc.asc.ok             
  PASS  tmm.len.num            
  PASS  tmm.asc.num            
  PASS  tmm.val.num            
  PASS  tmm.len.nested.syn     
  PASS  tmm.rt.nested.syn      
  PASS  tmm.len.chr.ok         
  PASS  tmm.len.str.ok         
--- S6 GC-stress (zb-only; DETOKBUF sort / gc_slow / disk-cell intact) ---
  PASS  gc.n270.slow           
  PASS  gc.n200.detok          
  PASS  gc.n256.edge           
  PASS  gc.n257.edge           
  PASS  gc.diskcells           
  PASS  gc.bugB.phantom        
--- INPUT chain-OOM (post-4c Fix 1; zb-only) ---
  PASS  scalar.input.chain.oom 
=== arrays: 146/146 ALL PASS ===
refcache: 9 hit, 3 miss, 3 stored
