python3 tools/run_gates.py 
=== warm-up (serial build of shared artifacts) ===
warm-up 7s
=== refcache OFF for every unit: a gate measures, it never replays (docs/spec-refcache.md §7) ===
=== emulator tier RUNS: ROM images differ from the last green battery ===
=== 4 tree-mutating unit(s), SERIAL (they rewrite a shared tracked file) ===
  rc=0              1s  switch-build-check
  rc=0              5s  diskdep-check
  rc=0              0s  wall-literal-check
  rc=0             45s  selftest-check
  (post-mutator refresh 7s -- the plants moved mtimes, so the pool would otherwise race a rebuild)
=== 118 units, J=8, lineerr in 8 shards, nice=0 solo=None ===
  rc=0              3s  basic-reloc
  rc=0              0s  subrom-abi-check
  rc=0              0s  diskrom-abi-check
  rc=0              0s  rom-parts-check
  rc=0              1s  subrom-closure-check
  rc=0             27s  unit-test
  rc=0              0s  deadcode
  rc=0              3s  wall-assertion-check
  rc=0              0s  ram-claim-check
  rc=0              0s  build-assert-check
  rc=0              3s  needle-case-check
  rc=0              0s  redundant-load-check
  rc=0              1s  rowshape-check
  rc=0              5s  injector-check
  rc=0              1s  temp-root-check
  rc=0              2s  todo-citation-check
  rc=0              0s  todo-marker-check
  rc=0              0s  deferral-pin-check
  rc=0              1s  error-alphabet-check
  rc=0              2s  chokepoint-check
  rc=0              0s  shared-body-check
  rc=0              0s  probe-reach-check
  rc=0              0s  battery-membership-check
  rc=0              0s  fixture-integrity-check
  rc=0              1s  preflight-check
  rc=0              4s  latch-check
  rc=0             18s  kwsweep
  rc=0             11s  patch-freshness-check
  rc=0              1s  refcache-check
  rc=0              0s  knife-guard-check
  rc=0              1s  knife-rom-guard-check
  rc=0              0s  deffn-selftest
  rc=0              0s  probe-sides-selftest
  rc=0              1s  banner-acceptance
  rc=0             35s  string-acceptance
  rc=0             17s  str-domain-acceptance
  rc=0             11s  strparen-acceptance
  rc=0             42s  penderr-acceptance
  rc=0             44s  missing-acceptance
  rc=0             12s  error-acceptance
  rc=0             67s  error-trap-acceptance
  rc=0             93s  onerr0-acceptance
  rc=0            112s  math-acceptance
  rc=0             77s  float-acceptance
  rc=0             45s  intarg-acceptance
  rc=0             33s  logicops-acceptance
  rc=0            233s  screenerr-acceptance
  rc=0             49s  tmfp-acceptance
  rc=0             51s  stmtpend-acceptance
  rc=0            107s  array-acceptance
  rc=0            127s  deffn-strict
  rc=0            374s  graphics-acceptance
  rc=0             55s  abort-acceptance
  rc=0            145s  interval-trap-acceptance
  rc=0             87s  clearpool-acceptance
  rc=0            129s  stackpool-acceptance
  rc=0            161s  trapdepth-acceptance
  rc=0             74s  ctlcross-acceptance
  rc=0            384s  ctllim-acceptance
  rc=0            406s  ramfree-acceptance
  rc=0             17s  txtceil-acceptance
  rc=0             16s  cursor-acceptance
  rc=0             87s  time-acceptance
  rc=0            291s  namspc-acceptance
  rc=0            100s  arrdim-acceptance
  rc=0             46s  arylv-acceptance
  rc=0             56s  badfnum-acceptance
  rc=0              8s  beep-acceptance
  rc=0             22s  binfre-acceptance
  rc=0             20s  cassave-acceptance
  rc=0             77s  castail-acceptance
  rc=0            114s  deffn-acceptance
  rc=0             44s  direct-ctrl-acceptance
  rc=0             11s  dskmsg-acceptance
  rc=0             83s  editverb-acceptance
  rc=0             31s  fldary-acceptance
  rc=0             93s  fldwidth-acceptance
  rc=0             25s  forvar-acceptance
  rc=0             48s  gicini-acceptance
  rc=0              6s  graphics-floor-acceptance
  rc=0            151s  ifsem-acceptance
  rc=0              3s  input-acceptance
  rc=0             62s  nodisk-acceptance
  rc=0             77s  pusing-acceptance
  rc=0             44s  catterm-acceptance
  rc=0             14s  catusr-acceptance
  rc=0             18s  nameord-acceptance
  rc=0              6s  namegate-acceptance
  rc=0             38s  inputary-acceptance
  rc=0            137s  key-trap-acceptance
  rc=0             54s  linemax-acceptance
  rc=0            134s  lnblank-acceptance
  rc=0             45s  locarg-acceptance
  rc=0             43s  lof-acceptance
  rc=0             91s  lptverb-acceptance
  rc=0             56s  lrvar-acceptance
  rc=0             58s  lvfix-acceptance
  rc=0             29s  nxary-acceptance
  rc=0             30s  nxlist-acceptance
  rc=0             30s  play-acceptance
  rc=0             10s  play-trace-acceptance
  rc=0             22s  readvar-acceptance
  rc=0              7s  runtail-acceptance
  rc=0             23s  sound-acceptance
  rc=0             68s  sprite-trap-acceptance
  rc=0             54s  stop-trap-acceptance
  rc=0            149s  strig-trap-acceptance
  rc=0              0s  subrom-acceptance
  rc=0             70s  tgtspc-acceptance
  rc=0             69s  width-acceptance
  rc=0            105s  lineerr#1/8
  rc=0            106s  lineerr#2/8
  rc=0            105s  lineerr#3/8
  rc=0            104s  lineerr#4/8
  rc=0             99s  lineerr#5/8
  rc=0             94s  lineerr#6/8
  rc=0             88s  lineerr#7/8
  rc=0             63s  lineerr#8/8

=== wall 860s (7s build + 854s gates) ===
GATES: 115/115 green
hashes: 9414dfb6 44dcfac9 5936b6d7 0e4e7b26
recorded: this full green battery is now the baseline a future skip must prove itself against
