python3 tools/pick_gates.py --run 
=== warm-up (serial build of shared artifacts) ===
warm-up 8s
=== refcache OFF for every unit: a gate measures, it never replays (docs/spec-refcache.md §7) ===
=== emulator tier RUNS: forced by --full ===
=== 4 tree-mutating unit(s), SERIAL (they rewrite a shared tracked file) ===
  rc=0              1s  switch-build-check
  rc=0              6s  diskdep-check
  rc=0              0s  wall-literal-check
  rc=0             58s  selftest-check
  (post-mutator refresh 8s -- the plants moved mtimes, so the pool would otherwise race a rebuild)
=== 139 units, J=8, lineerr in 8 shards, nice=0 solo=None ===
  rc=0              4s  basic-reloc
  rc=0              0s  deps-check
  rc=0              0s  subrom-abi-check
  rc=0              0s  diskrom-abi-check
  rc=0              0s  rom-parts-check
  rc=0              1s  subrom-closure-check
  rc=0             28s  unit-test
  rc=0              1s  deadcode
  rc=0              4s  wall-assertion-check
  rc=0              0s  ram-claim-check
  rc=0              2s  ram-map-check
  rc=0              0s  build-assert-check
  rc=0              4s  needle-case-check
  rc=0              0s  redundant-load-check
  rc=0              2s  rowshape-check
  rc=0              6s  injector-check
  rc=0              0s  dead-alias-check
  rc=0              1s  temp-root-check
  rc=0              4s  todo-citation-check
  rc=0              0s  todo-marker-check
  rc=0              0s  deferral-pin-check
  rc=0              1s  error-alphabet-check
  rc=0              2s  chokepoint-check
  rc=0              0s  filed-pin-check
  rc=0              2s  disk-mount-check
  rc=0              0s  shared-body-check
  rc=0              0s  probe-reach-check
  rc=0              0s  battery-membership-check
  rc=0              0s  fixture-integrity-check
  rc=0              0s  hook-equate-check
  rc=0              1s  preflight-check
  rc=0              5s  latch-check
  rc=0            713s  kwsweep
  rc=0           1307s  kwtime
  rc=0             12s  patch-freshness-check
  rc=0              2s  refcache-check
  rc=0              0s  knife-guard-check
  rc=0              1s  knife-rom-guard-check
  rc=0              0s  deffn-selftest
  rc=0              0s  probe-sides-selftest
  rc=0              1s  banner-acceptance
  rc=0             27s  string-acceptance
  rc=0             22s  str-domain-acceptance
  rc=0             18s  strparen-acceptance
  rc=0             64s  penderr-acceptance
  rc=0             60s  missing-acceptance
  rc=0             11s  error-acceptance
  rc=0             72s  error-trap-acceptance
  rc=0            101s  onerr0-acceptance
  rc=0            144s  math-acceptance
  rc=0             86s  float-acceptance
  rc=0             70s  intarg-acceptance
  rc=0             46s  logicops-acceptance
  rc=0            261s  screenerr-acceptance
  rc=0             58s  tmfp-acceptance
  rc=0             69s  stmtpend-acceptance
  rc=0            142s  array-acceptance
  rc=0            143s  deffn-strict
  rc=0            423s  graphics-acceptance
  rc=0             66s  abort-acceptance
  rc=0            150s  interval-trap-acceptance
  rc=0            103s  clearpool-acceptance
  rc=0            134s  stackpool-acceptance
  rc=0            165s  trapdepth-acceptance
  rc=0             63s  trapsvc-acceptance
  rc=0             67s  ctlcross-acceptance
  rc=0            700s  ctllim-acceptance
  rc=0            575s  ramfree-acceptance
  rc=0             18s  txtceil-acceptance
  rc=0              8s  runline-acceptance
  rc=0             11s  keystr-acceptance
  rc=0              8s  loc-acceptance
  rc=0              5s  dskio-acceptance
  rc=0             11s  copy-acceptance
  rc=0             15s  screditor-acceptance
  rc=0             18s  nodiskerr-acceptance
  rc=0             17s  parennest-acceptance
  rc=0             11s  diskascii-acceptance
  rc=0             17s  cursor-acceptance
  rc=0             90s  time-acceptance
  rc=0            323s  namspc-acceptance
  rc=0            103s  arrdim-acceptance
  rc=0             25s  asciidigit-acceptance
  rc=0             62s  arylv-acceptance
  rc=0             59s  badfnum-acceptance
  rc=0              8s  beep-acceptance
  rc=0             42s  binfre-acceptance
  rc=0             34s  perf-pin-check
  rc=0             19s  cassave-acceptance
  rc=0             83s  castail-acceptance
  rc=0              9s  cas-ascii-acceptance
  rc=0             33s  wprotect-acceptance
  rc=0            145s  deffn-acceptance
  rc=0             56s  direct-ctrl-acceptance
  rc=0             10s  dskmsg-acceptance
  rc=0             95s  editverb-acceptance
  rc=0             35s  fldary-acceptance
  rc=0            105s  fldwidth-acceptance
  rc=0             37s  forvar-acceptance
  rc=0             61s  gicini-acceptance
  rc=0              3s  graphics-floor-acceptance
  rc=0            139s  ifsem-acceptance
  rc=0              4s  input-acceptance
  rc=0            115s  nodisk-acceptance
  rc=0             95s  pusing-acceptance
  rc=0             43s  catterm-acceptance
  rc=0             19s  catusr-acceptance
  rc=0             13s  nameord-acceptance
  rc=0             15s  namegate-acceptance
  rc=0             40s  inputary-acceptance
  rc=0            139s  key-trap-acceptance
  rc=0             59s  linemax-acceptance
  rc=0            179s  lnblank-acceptance
  rc=0             58s  locarg-acceptance
  rc=0             43s  lof-acceptance
  rc=0             96s  lptverb-acceptance
  rc=0             58s  lrvar-acceptance
  rc=0             62s  lvfix-acceptance
  rc=0             25s  nxary-acceptance
  rc=0             23s  nxlist-acceptance
  rc=0             35s  play-acceptance
  rc=0             17s  play-trace-acceptance
  rc=0             24s  readvar-acceptance
  rc=0              8s  runtail-acceptance
  rc=0             32s  sound-acceptance
  rc=0             74s  sprite-trap-acceptance
  rc=0             62s  stop-trap-acceptance
  rc=0            155s  strig-trap-acceptance
  rc=0              0s  subrom-acceptance
  rc=0             74s  tgtspc-acceptance
  rc=0            104s  width-acceptance
  rc=0            122s  lineerr#1/8
  rc=0            130s  lineerr#2/8
  rc=0            124s  lineerr#3/8
  rc=0            123s  lineerr#4/8
  rc=0            119s  lineerr#5/8
  rc=0            110s  lineerr#6/8
  rc=0             92s  lineerr#7/8
  rc=0             89s  lineerr#8/8
=== 1 post-pool unit(s), SERIAL (they read what the pool just wrote) ===
  rc=2              0s  tiers-md-check

=== wall 1325s (8s build + 1318s gates) ===
GATES: 136/137 green
RED: tiers-md-check
hashes: e58548a2 14910713 f6aa8884 58643f0e
GATE TIER: FULL
  why: the every-5th rule: 4 commit(s) since the last full green
  commits since the last full green: 4 (full every 5)
GATE TIER RAN: FULL
make: *** [gates-scoped] Error 1
