python3 tools/install-repack-machine.py --merged build/zerobas-main-eu.rom --disk-rom build/disk.rom \
	  --sub-rom build/sub.rom
wrote C-BIOS_MSX1_EU_REPACK_DISK  (-> machine "C-BIOS_MSX1_EU_REPACK_DISK": merged repack ROM in slot 0, zerobas-disk in slot 3-1, zerobas-sub in slot 3-2)
     /Users/joost/.openMSX/share/machines/C-BIOS_MSX1_EU_REPACK_DISK.xml
python3 tools/install-repack-machine.py --merged build/zerobas-main-eu.rom --sub-rom build/sub.rom \
	  --no-disk
wrote C-BIOS_MSX1_EU_REPACK_NODISK  (-> machine "C-BIOS_MSX1_EU_REPACK_NODISK": merged repack ROM in slot 0, slot 3-1 EMPTY (diskless target), zerobas-sub in slot 3-2)
     /Users/joost/.openMSX/share/machines/C-BIOS_MSX1_EU_REPACK_NODISK.xml
ZEROBAS_BASIC_MACHINE=C-BIOS_MSX1_EU_REPACK_DISK python3 probes/disk/disk_probe_dosbasic.py
--- STOCK screen at 38 s:
   |  MSX BASIC version 1.0
   |  Copyright 1983 by Microsoft
   |  23430 Bytes free
   |  Disk BASIC version 1.0
   |  Ok
   |  color auto  goto  list  run
--- STOCK screen at 58 s:
   |  MSX BASIC version 1.0
   |  Copyright 1983 by Microsoft
   |  23430 Bytes free
   |  Disk BASIC version 1.0
   |  Ok
   |  NEW
   |  Ok
   |  10 REM
   |  SAVE"DDB.BAS"
   |  Ok
   |  color auto  goto  list  run
STOCK: DDB.BAS time 0000 date 279F = 1999-12-31  size 9
--- OURS screen at 38 s:
   |  zerobas version 0.1
   |  clean-room MSX1 BASIC
   |  zerobas Disk BASIC
   |  ZB
   |  S
   |  Syntax error
   |  ZB
   |  BASIC
   |  Syntax error
   |  ZB
   |  color  auto   goto   list   run
--- OURS screen at 58 s:
   |  zerobas version 0.1
   |  clean-room MSX1 BASIC
   |  zerobas Disk BASIC
   |  ZB
   |  S
   |  Syntax error
   |  ZB
   |  BASIC
   |  Syntax error
   |  ZB
   |  NEW
   |  ZB
   |  10 REM
   |  SAVE"DDB.BAS"
   |  ZB
   |  color  auto   goto   list   run
OURS: DDB.BAS time 0000 date 279F = 1999-12-31  size 9

PASS: A>BASIC, then SAVE, matches the CF-3300
