== STOCK: 211 slot calls, 12.0 .. 13.0 s
  12.0086 CALSLT A=FF HL=4010 DE=FF0C IY=0000 IX=0038 SP=DDAC
  12.0088 CALLF A=9F HL=0038 DE=0003 IY=0000 IX=0038 SP=DD90
  12.0118 CALSLT A=00 HL=EB95 DE=0009 IY=8722 IX=4010 SP=DBDE
  12.0402 CALSLT A=FF HL=4010 DE=FF0C IY=0000 IX=0038 SP=DDAC
  12.0403 CALLF A=9F HL=0038 DE=0003 IY=0000 IX=0038 SP=DD90
  12.0444 ENASLT A=83 HL=400D DE=DA5F IY=ECF5 IX=F195 SP=DBF2
  12.0452 ENASLT A=87 HL=4001 DE=D428 IY=ECF5 IX=F195 SP=DBF0
  12.0456 ENASLT A=83 HL=4001 DE=D428 IY=ECF5 IX=F195 SP=DBF2
  12.0465 ENASLT A=87 HL=4001 DE=DA40 IY=ECF5 IX=F195 SP=DBF0
  12.0472 CALSLT A=FF HL=FCC8 DE=F304 IY=0000 IX=0038 SP=DDAC
  12.0473 CALLF A=9F HL=0038 DE=0003 IY=0000 IX=0038 SP=DD90
  12.0509 CALSLT A=00 HL=ED95 DE=02AA IY=8722 IX=4010 SP=DBE2
  12.0638 CALSLT A=FF HL=4010 DE=FF0C IY=0000 IX=0038 SP=DDAC
  12.0640 CALLF A=9F HL=0038 DE=0003 IY=0000 IX=0038 SP=DD90
  12.0805 CALSLT A=FF HL=4010 DE=FF0C IY=0000 IX=0038 SP=DDAC
  12.0807 CALLF A=9F HL=0038 DE=0003 IY=0000 IX=0038 SP=DD90
  12.0972 CALSLT A=FF HL=4010 DE=FF0C IY=0000 IX=0038 SP=DDAC
  12.0974 CALLF A=9F HL=0038 DE=0003 IY=0000 IX=0038 SP=DD90
  12.1139 CALSLT A=FF HL=4010 DE=FF0C IY=0000 IX=0038 SP=DDAC
  12.1141 CALLF A=9F HL=0038 DE=0003 IY=0000 IX=0038 SP=DD90
  12.1306 CALSLT A=FF HL=4010 DE=FF0C IY=0000 IX=0038 SP=DDAC
  12.1308 CALLF A=9F HL=0038 DE=0003 IY=0000 IX=0038 SP=DD90
  12.1473 CALSLT A=FF HL=4010 DE=FF0C IY=0000 IX=0038 SP=DDAC
  12.1475 CALLF A=9F HL=0038 DE=0003 IY=0000 IX=0038 SP=DD90
  12.1640 CALSLT A=FF HL=4010 DE=FF0C IY=0000 IX=0038 SP=DDAC
  12.1642 CALLF A=9F HL=0038 DE=0003 IY=0000 IX=0038 SP=DD90
  12.1807 CALSLT A=FF HL=4010 DE=FF0C IY=0000 IX=0038 SP=DDAC
  12.1808 CALLF A=9F HL=0038 DE=0003 IY=0000 IX=0038 SP=DD90
  12.1973 CALSLT A=FF HL=4010 DE=FF0C IY=0000 IX=0038 SP=DDAC
  12.1975 CALLF A=9F HL=0038 DE=0003 IY=0000 IX=0038 SP=DD90
  12.2140 CALSLT A=FF HL=4010 DE=FF0C IY=0000 IX=0038 SP=DDAC
  12.2142 CALLF A=9F HL=0038 DE=0003 IY=0000 IX=0038 SP=DD90
  12.2307 CALSLT A=FF HL=4010 DE=FF0C IY=0000 IX=0038 SP=DDAC
  12.2309 CALLF A=9F HL=0038 DE=0003 IY=0000 IX=0038 SP=DD90
  12.2474 CALSLT A=FF HL=4010 DE=FF0C IY=0000 IX=0038 SP=DDAC
  12.2476 CALLF A=9F HL=0038 DE=0003 IY=0000 IX=0038 SP=DD90
  12.2641 CALSLT A=FF HL=4010 DE=FF0C IY=0000 IX=0038 SP=DDAC
  12.2643 CALLF A=9F HL=0038 DE=0003 IY=0000 IX=0038 SP=DD90
  12.2808 CALSLT A=FF HL=4010 DE=FF0C IY=0000 IX=0038 SP=DDAC
  12.2810 CALLF A=9F HL=0038 DE=0003 IY=0000 IX=0038 SP=DD90
  12.2975 CALSLT A=FF HL=4010 DE=FF0C IY=0000 IX=0038 SP=DDAC
  12.2977 CALLF A=9F HL=0038 DE=0003 IY=0000 IX=0038 SP=DD90
  12.3142 CALSLT A=FF HL=4010 DE=FF0C IY=0000 IX=0038 SP=DDAC
  12.3143 CALLF A=9F HL=0038 DE=0003 IY=0000 IX=0038 SP=DD90
  12.3309 CALSLT A=FF HL=4010 DE=FF0C IY=0000 IX=0038 SP=DDAC
  12.3310 CALLF A=9F HL=0038 DE=0003 IY=0000 IX=0038 SP=DD90
  12.3475 CALSLT A=FF HL=4010 DE=FF0C IY=0000 IX=0038 SP=DDAC
  12.3477 CALLF A=9F HL=0038 DE=0003 IY=0000 IX=0038 SP=DD90
  12.3642 CALSLT A=FF HL=4010 DE=FF0C IY=0000 IX=0038 SP=DDAC
  12.3644 CALLF A=9F HL=0038 DE=0003 IY=0000 IX=0038 SP=DD90
  12.3809 CALSLT A=FF HL=4010 DE=FF0C IY=0000 IX=0038 SP=DDAC
  12.3811 CALLF A=9F HL=0038 DE=0003 IY=0000 IX=0038 SP=DD90
  12.3976 CALSLT A=FF HL=4010 DE=FF0C IY=0000 IX=0038 SP=DDAC
  12.3978 CALLF A=9F HL=0038 DE=0003 IY=0000 IX=0038 SP=DD90
  12.4143 CALSLT A=FF HL=4010 DE=FF0C IY=0000 IX=0038 SP=DDAC
  12.4145 CALLF A=9F HL=0038 DE=0003 IY=0000 IX=0038 SP=DD90
  12.4310 CALSLT A=FF HL=4010 DE=FF0C IY=0000 IX=0038 SP=DDAC
  12.4312 CALLF A=9F HL=0038 DE=0003 IY=0000 IX=0038 SP=DD90
  12.4477 CALSLT A=FF HL=4010 DE=FF0C IY=0000 IX=0038 SP=DDAC
  12.4479 CALLF A=9F HL=0038 DE=0003 IY=0000 IX=0038 SP=DD90
  12.4644 CALSLT A=FF HL=4010 DE=FF0C IY=0000 IX=0038 SP=DDAC
  12.4645 CALLF A=9F HL=0038 DE=0003 IY=0000 IX=0038 SP=DD90
  12.4810 CALSLT A=FF HL=4010 DE=FF0C IY=0000 IX=0038 SP=DDAC
  12.4812 CALLF A=9F HL=0038 DE=0003 IY=0000 IX=0038 SP=DD90
  12.5875 CALSLT A=FF HL=4010 DE=FF0C IY=0000 IX=0038 SP=DDAC
  12.5877 CALLF A=9F HL=0038 DE=0003 IY=0000 IX=0038 SP=DD90
  12.5890 ENASLT A=83 HL=4095 DE=D428 IY=DA40 IX=F195 SP=DBEE
  12.5894 ENASLT A=87 HL=4096 DE=D429 IY=DA40 IX=F195 SP=DBEE
  12.5904 ENASLT A=83 HL=4001 DE=0000 IY=DA40 IX=F195 SP=DBF2
  12.5913 ENASLT A=87 HL=4000 DE=D342 IY=DA40 IX=F195 SP=DBF0
  12.5917 CALSLT A=42 HL=5800 DE=D342 IY=0000 IX=00B7 SP=DBF0
  12.5920 CALSLT A=00 HL=5800 DE=D342 IY=0000 IX=009C SP=DBF0
  12.5922 CALSLT A=42 HL=5800 DE=D342 IY=0000 IX=00A2 SP=DBF2
  12.5927 ENASLT A=83 HL=4000 DE=D342 IY=DA40 IX=F195 SP=DBF2
  12.5936 ENASLT A=87 HL=4001 DE=DA40 IY=DA40 IX=F195 SP=DBF0
  12.5967 ENASLT A=83 HL=4096 DE=D428 IY=DA40 IX=F195 SP=DBEE
  12.5970 ENASLT A=87 HL=4097 DE=D429 IY=DA40 IX=F195 SP=DBEE
  12.5982 ENASLT A=83 HL=4001 DE=0000 IY=DA40 IX=F195 SP=DBF2
  12.5986 CALSLT A=FF HL=00A2 DE=0003 IY=0000 IX=0038 SP=DDAC
  12.5988 CALLF A=9F HL=0038 DE=0003 IY=0000 IX=0038 SP=DD90
  12.6002 ENASLT A=87 HL=4000 DE=D341 IY=DA40 IX=F195 SP=DBF0
  12.6007 CALSLT A=41 HL=5800 DE=D341 IY=0000 IX=00B7 SP=DBF0
  12.6009 CALSLT A=00 HL=5800 DE=D341 IY=0000 IX=009C SP=DBF0
  12.6012 CALSLT A=41 HL=5800 DE=D341 IY=0000 IX=00A2 SP=DBF2
  12.6017 ENASLT A=83 HL=4000 DE=D341 IY=DA40 IX=F195 SP=DBF2
  12.6025 ENASLT A=87 HL=4001 DE=DA40 IY=DA40 IX=F195 SP=DBF0
  12.6056 ENASLT A=83 HL=4097 DE=D428 IY=DA40 IX=F195 SP=DBEE
  12.6060 ENASLT A=87 HL=4098 DE=D429 IY=DA40 IX=F195 SP=DBEE
  12.6071 ENASLT A=83 HL=4001 DE=0000 IY=DA40 IX=F195 SP=DBF2
  12.6080 ENASLT A=87 HL=4000 DE=D353 IY=DA40 IX=F195 SP=DBF0
  12.6085 CALSLT A=53 HL=5800 DE=D353 IY=0000 IX=00B7 SP=DBF0
  12.6087 CALSLT A=00 HL=5800 DE=D353 IY=0000 IX=009C SP=DBF0
  12.6089 CALSLT A=53 HL=5800 DE=D353 IY=0000 IX=00A2 SP=DBF2
  12.6094 ENASLT A=83 HL=4000 DE=D353 IY=DA40 IX=F195 SP=DBF2
  12.6103 ENASLT A=87 HL=4001 DE=DA40 IY=DA40 IX=F195 SP=DBF0
  12.6134 ENASLT A=83 HL=4098 DE=D428 IY=DA40 IX=F195 SP=DBEE
  12.6138 ENASLT A=87 HL=4099 DE=D429 IY=DA40 IX=F195 SP=DBEE
  12.6149 ENASLT A=83 HL=4001 DE=0000 IY=DA40 IX=F195 SP=DBF2
  12.6153 CALSLT A=FF HL=00A2 DE=0003 IY=0000 IX=0038 SP=DDAC
  12.6155 CALLF A=9F HL=0038 DE=0003 IY=0000 IX=0038 SP=DD90
  12.6182 ENASLT A=87 HL=4000 DE=D349 IY=DA40 IX=F195 SP=DBF0
  12.6186 CALSLT A=49 HL=5800 DE=D349 IY=0000 IX=00B7 SP=DBF0
  12.6189 CALSLT A=00 HL=5800 DE=D349 IY=0000 IX=009C SP=DBF0
  12.6191 CALSLT A=49 HL=5800 DE=D349 IY=0000 IX=00A2 SP=DBF2
  12.6196 ENASLT A=83 HL=4000 DE=D349 IY=DA40 IX=F195 SP=DBF2
  12.6205 ENASLT A=87 HL=4001 DE=DA40 IY=DA40 IX=F195 SP=DBF0
  12.6236 ENASLT A=83 HL=4099 DE=D428 IY=DA40 IX=F195 SP=DBEE
  12.6240 ENASLT A=87 HL=409A DE=D429 IY=DA40 IX=F195 SP=DBEE
  12.6251 ENASLT A=83 HL=4001 DE=0000 IY=DA40 IX=F195 SP=DBF2
  12.6259 ENASLT A=87 HL=4000 DE=D343 IY=DA40 IX=F195 SP=DBF0
  12.6264 CALSLT A=43 HL=5800 DE=D343 IY=0000 IX=00B7 SP=DBF0
  12.6266 CALSLT A=00 HL=5800 DE=D343 IY=0000 IX=009C SP=DBF0
  12.6269 CALSLT A=43 HL=5800 DE=D343 IY=0000 IX=00A2 SP=DBF2
  12.6274 ENASLT A=83 HL=4000 DE=D343 IY=DA40 IX=F195 SP=DBF2
  12.6282 ENASLT A=87 HL=4001 DE=DA40 IY=DA40 IX=F195 SP=DBF0
  12.6312 CALSLT A=FF HL=00A2 DE=0003 IY=0000 IX=0038 SP=DDAC
  12.6314 CALLF A=9F HL=0038 DE=0003 IY=0000 IX=0038 SP=DD90
  12.6325 ENASLT A=83 HL=409A DE=D428 IY=DA40 IX=F195 SP=DBEE
  12.6329 ENASLT A=87 HL=409B DE=D429 IY=DA40 IX=F195 SP=DBEE
  12.6340 ENASLT A=83 HL=4001 DE=0000 IY=DA40 IX=F195 SP=DBF2
  12.6349 ENASLT A=87 HL=4000 DE=D30D IY=DA40 IX=F195 SP=DBF0
  12.6353 CALSLT A=0D HL=5800 DE=D30D IY=0000 IX=00B7 SP=DBF0
  12.6355 CALSLT A=00 HL=5800 DE=D30D IY=0000 IX=009C SP=DBF0
  12.6358 CALSLT A=0D HL=5800 DE=D30D IY=0000 IX=00A2 SP=DBF2
  12.6363 ENASLT A=83 HL=4000 DE=D30D IY=DA40 IX=F195 SP=DBF2
  12.6372 ENASLT A=87 HL=4001 DE=DA40 IY=DA40 IX=F195 SP=DBF0
  12.6403 ENASLT A=83 HL=409B DE=D428 IY=DA40 IX=F195 SP=DBEE
  12.6407 ENASLT A=87 HL=409C DE=D429 IY=DA40 IX=F195 SP=DBEE
  12.6418 ENASLT A=83 HL=4001 DE=0000 IY=DA40 IX=F195 SP=DBF2
  12.6426 ENASLT A=87 HL=4000 DE=D30A IY=DA40 IX=F195 SP=DBF0
  12.6431 CALSLT A=0A HL=5800 DE=D30A IY=0000 IX=00B7 SP=DBF0
  12.6433 CALSLT A=00 HL=5800 DE=D30A IY=0000 IX=009C SP=DBF0
  12.6435 CALSLT A=0A HL=5800 DE=D30A IY=0000 IX=00A2 SP=DBF2
  12.6440 ENASLT A=83 HL=4000 DE=D30A IY=DA40 IX=F195 SP=DBF2
  12.6475 ENASLT A=87 HL=406E DE=D342 IY=DA40 IX=F195 SP=DBF0
  12.6479 CALSLT A=FF HL=00A2 DE=0003 IY=0000 IX=0038 SP=DDAC
  12.6481 CALLF A=9F HL=0038 DE=0003 IY=0000 IX=0038 SP=DD90
  12.6491 ENASLT A=83 HL=406E DE=D342 IY=DA40 IX=F195 SP=DBF2
  12.6495 ENASLT A=87 HL=406E DE=D342 IY=DA40 IX=F195 SP=DBF2
  12.6500 CALSLT A=1B HL=D06E DE=D343 IY=0000 IX=00B7 SP=DBEE
  12.6502 CALSLT A=00 HL=D06E DE=D343 IY=0000 IX=009C SP=DBEE
  12.6505 CALSLT A=1B HL=D06E DE=D343 IY=0000 IX=00A2 SP=DBF0
  12.6510 ENASLT A=83 HL=406E DE=D343 IY=DA40 IX=F195 SP=DBF2
  12.6514 ENASLT A=87 HL=406E DE=D343 IY=DA40 IX=F195 SP=DBF2
  12.6519 CALSLT A=78 HL=D06E DE=D344 IY=0000 IX=00B7 SP=DBEE
  12.6521 CALSLT A=00 HL=D06E DE=D344 IY=0000 IX=009C SP=DBEE
  12.6523 CALSLT A=78 HL=D06E DE=D344 IY=0000 IX=00A2 SP=DBF0
  12.6530 ENASLT A=83 HL=406E DE=D344 IY=DA40 IX=F195 SP=DBF2
  12.6534 ENASLT A=87 HL=406E DE=D344 IY=DA40 IX=F195 SP=DBF2
  12.6539 CALSLT A=35 HL=D06E DE=D345 IY=0000 IX=00B7 SP=DBEE
  12.6541 CALSLT A=00 HL=D06E DE=D345 IY=0000 IX=009C SP=DBEE
  12.6543 CALSLT A=35 HL=D06E DE=D345 IY=0000 IX=00A2 SP=DBF0
  12.6547 ENASLT A=83 HL=406E DE=D345 IY=DA40 IX=F195 SP=DBF2
  12.6551 ENASLT A=87 HL=406E DE=D345 IY=DA40 IX=F195 SP=DBF2
  12.6556 CALSLT A=0D HL=D06E DE=D346 IY=0000 IX=00B7 SP=DBEE
  12.6558 CALSLT A=00 HL=D06E DE=D346 IY=0000 IX=009C SP=DBEE
  12.6560 CALSLT A=0D HL=D06E DE=D346 IY=0000 IX=00A2 SP=DBF0
  12.6566 ENASLT A=83 HL=406E DE=D346 IY=DA40 IX=F195 SP=DBF2
  12.6570 ENASLT A=87 HL=406E DE=D346 IY=DA40 IX=F195 SP=DBF2
  12.6574 ENASLT A=83 HL=406E DE=D347 IY=DA40 IX=F195 SP=DBF2
  12.6578 ENASLT A=87 HL=406E DE=D347 IY=DA40 IX=F195 SP=D51D
  12.6584 ENASLT A=83 HL=8080 DE=F579 IY=DA40 IX=F195 SP=C1FE
  12.6587 ENASLT A=00 HL=0080 DE=FF30 IY=DA40 IX=F195 SP=C1FE
  12.6646 CALLF A=9F HL=00A2 DE=0003 IY=DA40 IX=F195 SP=DB6D
  12.6813 CALLF A=9F HL=7D31 DE=000C IY=0000 IX=7D31 SP=DB71
  12.6980 CALLF A=9F HL=7D31 DE=000C IY=0000 IX=7D31 SP=DB67
  12.7132 CALSLT A=0D HL=5BDE DE=001A IY=0000 IX=00A2 SP=DB89
  12.7137 CALSLT A=0A HL=5BDF DE=001A IY=0000 IX=00A2 SP=DB89
  12.7142 CALSLT A=44 HL=5BE0 DE=001A IY=0000 IX=00A2 SP=DB89
  12.7147 CALLF A=9F HL=00A2 DE=0003 IY=0000 IX=00A2 SP=DB5F
  12.7169 CALSLT A=69 HL=5BE1 DE=001A IY=0000 IX=00A2 SP=DB89
  12.7174 CALSLT A=73 HL=5BE2 DE=001A IY=0000 IX=00A2 SP=DB89
  12.7180 CALSLT A=6B HL=5BE3 DE=001A IY=0000 IX=00A2 SP=DB89
  12.7185 CALSLT A=20 HL=5BE4 DE=001A IY=0000 IX=00A2 SP=DB89
  12.7190 CALSLT A=42 HL=5BE5 DE=001A IY=0000 IX=00A2 SP=DB89
  12.7195 CALSLT A=41 HL=5BE6 DE=001A IY=0000 IX=00A2 SP=DB89
  12.7200 CALSLT A=53 HL=5BE7 DE=001A IY=0000 IX=00A2 SP=DB89
  12.7206 CALSLT A=49 HL=5BE8 DE=001A IY=0000 IX=00A2 SP=DB89
  12.7211 CALSLT A=43 HL=5BE9 DE=001A IY=0000 IX=00A2 SP=DB89
  12.7216 CALSLT A=20 HL=5BEA DE=001A IY=0000 IX=00A2 SP=DB89
  12.7221 CALSLT A=76 HL=5BEB DE=001A IY=0000 IX=00A2 SP=DB89
  12.7226 CALSLT A=65 HL=5BEC DE=001A IY=0000 IX=00A2 SP=DB89
  12.7232 CALSLT A=72 HL=5BED DE=001A IY=0000 IX=00A2 SP=DB89
  12.7237 CALSLT A=73 HL=5BEE DE=001A IY=0000 IX=00A2 SP=DB89
  12.7242 CALSLT A=69 HL=5BEF DE=001A IY=0000 IX=00A2 SP=DB89
  12.7247 CALSLT A=6F HL=5BF0 DE=001A IY=0000 IX=00A2 SP=DB89
  12.7252 CALSLT A=6E HL=5BF1 DE=001A IY=0000 IX=00A2 SP=DB89
  12.7258 CALSLT A=20 HL=5BF2 DE=001A IY=0000 IX=00A2 SP=DB89
  12.7263 CALSLT A=31 HL=5BF3 DE=001A IY=0000 IX=00A2 SP=DB89
  12.7268 CALSLT A=2E HL=5BF4 DE=001A IY=0000 IX=00A2 SP=DB89
  12.7273 CALSLT A=30 HL=5BF5 DE=001A IY=0000 IX=00A2 SP=DB89
  12.7278 CALSLT A=0D HL=5BF6 DE=001A IY=0000 IX=00A2 SP=DB89
  12.7283 CALSLT A=0A HL=5BF7 DE=001A IY=0000 IX=00A2 SP=DB89
  12.7289 ENASLT A=00 HL=409F DE=001A IY=0000 IX=7D31 SP=DB91
  12.7315 CALLF A=9F HL=00A2 DE=0003 IY=0000 IX=7D31 SP=DB79
  12.7480 CALLF A=9F HL=00A2 DE=0003 IY=0000 IX=7D31 SP=DB69
  12.7647 CALLF A=9F HL=00A2 DE=0003 IY=0000 IX=7D31 SP=DB71
  12.7814 CALLF A=9F HL=00A2 DE=0003 IY=0000 IX=7D31 SP=DB67
  12.7981 CALLF A=9F HL=00A2 DE=0003 IY=0000 IX=7D31 SP=DB67
  12.8148 CALLF A=9F HL=00A2 DE=0003 IY=0000 IX=7D31 SP=DB67
  12.8315 CALLF A=9F HL=00A2 DE=0003 IY=0000 IX=7D31 SP=DB69
  12.8482 CALLF A=9F HL=00A2 DE=0003 IY=0000 IX=7D31 SP=DB6F
  12.8649 CALLF A=9F HL=00A2 DE=0003 IY=0000 IX=7D31 SP=DB69
  12.8816 CALLF A=9F HL=00A2 DE=0003 IY=0000 IX=7D31 SP=DB6B
  12.8982 CALLF A=9F HL=00A2 DE=0003 IY=0000 IX=7D31 SP=DB69
  12.9149 CALLF A=9F HL=00A2 DE=0003 IY=0000 IX=7D31 SP=DB6B
  12.9316 CALLF A=9F HL=00A2 DE=0003 IY=0000 IX=7D31 SP=DB6D
  12.9483 CALLF A=9F HL=00A2 DE=0003 IY=0000 IX=7D31 SP=DB67
  12.9650 CALLF A=9F HL=00A2 DE=0003 IY=0000 IX=7D31 SP=DB6D
  12.9817 CALLF A=9F HL=00A2 DE=0003 IY=0000 IX=7D31 SP=DB69
  12.9984 CALLF A=9F HL=00A2 DE=0003 IY=0000 IX=7D31 SP=DB6F
== OURS: 0 slot calls, 14.4 .. 15.0 s
