python3 tools/run_gates.py 
=== warm-up (serial build of shared artifacts) ===
warm-up 7s
=== refcache OFF for every unit: a gate measures, it never replays (docs/spec-refcache.md §7) ===
=== emulator tier RUNS: probes/tests/tools or the Makefile changed ===
=== 4 tree-mutating unit(s), SERIAL (they rewrite a shared tracked file) ===
  rc=0              1s  switch-build-check
  rc=0              5s  diskdep-check
  rc=0              0s  wall-literal-check
  rc=0             43s  selftest-check
  (post-mutator refresh 7s -- the plants moved mtimes, so the pool would otherwise race a rebuild)
=== 112 units, J=8, lineerr in 8 shards, nice=0 solo=None ===
  rc=0              3s  basic-reloc
  rc=0              0s  subrom-abi-check
  rc=0              0s  diskrom-abi-check
  rc=0              0s  rom-parts-check
  rc=0              1s  subrom-closure-check
  rc=0             22s  unit-test
  rc=0              0s  deadcode
  rc=0              3s  wall-assertion-check
  rc=0              0s  ram-claim-check
  rc=0              0s  build-assert-check
  rc=0              0s  redundant-load-check
  rc=0              1s  rowshape-check
  rc=0              4s  injector-check
  rc=0              1s  temp-root-check
  rc=0              1s  todo-citation-check
  rc=0              2s  chokepoint-check
  rc=0              0s  shared-body-check
  rc=0              0s  probe-reach-check
  rc=0              0s  battery-membership-check
  rc=0              0s  fixture-integrity-check
  rc=0              1s  preflight-check
  rc=0              4s  latch-check
  rc=0             18s  kwsweep
  rc=0             11s  patch-freshness-check
  rc=0              2s  refcache-check
  rc=0              0s  knife-guard-check
  rc=0              0s  knife-rom-guard-check
  rc=0              0s  deffn-selftest
  rc=0              0s  banner-acceptance
  rc=0             34s  string-acceptance
  rc=0             17s  str-domain-acceptance
  rc=0             11s  strparen-acceptance
  rc=0             51s  penderr-acceptance
  rc=0             44s  missing-acceptance
  rc=0             12s  error-acceptance
  rc=0             66s  error-trap-acceptance
  rc=0             91s  onerr0-acceptance
  rc=0            107s  math-acceptance
  rc=0            100s  float-acceptance
  rc=0             42s  intarg-acceptance
  rc=0             33s  logicops-acceptance
  rc=0            229s  screenerr-acceptance
  rc=0             42s  tmfp-acceptance
  rc=0             62s  stmtpend-acceptance
  rc=0            105s  array-acceptance
  rc=0            124s  deffn-strict
  rc=0            367s  graphics-acceptance
  rc=0             55s  abort-acceptance
  rc=0            137s  interval-trap-acceptance
  rc=0             80s  clearpool-acceptance
  rc=0            128s  stackpool-acceptance
  rc=0            159s  trapdepth-acceptance
  rc=0             73s  ctlcross-acceptance
  rc=0            395s  ctllim-acceptance
  rc=0            404s  ramfree-acceptance
  rc=0             11s  cursor-acceptance
  rc=0             88s  time-acceptance
  rc=0            272s  namspc-acceptance
  rc=0             93s  arrdim-acceptance
  rc=0             44s  arylv-acceptance
  rc=0             54s  badfnum-acceptance
  rc=0              7s  beep-acceptance
  rc=0             21s  binfre-acceptance
  rc=0             25s  cassave-acceptance
  rc=0             76s  castail-acceptance
  rc=0            126s  deffn-acceptance
  rc=0             45s  direct-ctrl-acceptance
  rc=0             16s  dskmsg-acceptance
  rc=0             85s  editverb-acceptance
  rc=0             30s  fldary-acceptance
  rc=0             93s  fldwidth-acceptance
  rc=0             24s  forvar-acceptance
  rc=0             47s  gicini-acceptance
  rc=0              5s  graphics-floor-acceptance
  rc=0            140s  ifsem-acceptance
  rc=0              4s  input-acceptance
  rc=0             56s  nodisk-acceptance
  rc=0             74s  pusing-acceptance
  rc=0             42s  catterm-acceptance
  rc=0             18s  catusr-acceptance
  rc=0             12s  nameord-acceptance
  rc=0             10s  namegate-acceptance
  rc=0             33s  inputary-acceptance
  rc=0            134s  key-trap-acceptance
  rc=0             58s  linemax-acceptance
  rc=0            153s  lnblank-acceptance
  rc=0             46s  locarg-acceptance
  rc=0             41s  lof-acceptance
  rc=0             78s  lptverb-acceptance
  rc=0             47s  lrvar-acceptance
  rc=0             53s  lvfix-acceptance
  rc=0             25s  nxary-acceptance
  rc=0             23s  nxlist-acceptance
  rc=0             29s  play-acceptance
  rc=0             10s  play-trace-acceptance
  rc=0             20s  readvar-acceptance
  rc=0             10s  runtail-acceptance
  rc=0             23s  sound-acceptance
  rc=0             72s  sprite-trap-acceptance
  rc=0             54s  stop-trap-acceptance
  rc=0            148s  strig-trap-acceptance
  rc=0              0s  subrom-acceptance
  rc=0             71s  tgtspc-acceptance
  rc=0             72s  width-acceptance
  rc=0            106s  lineerr#1/8
  rc=0            107s  lineerr#2/8
  rc=0            105s  lineerr#3/8
  rc=0            104s  lineerr#4/8
  rc=0            103s  lineerr#5/8
  rc=0             95s  lineerr#6/8
  rc=0             90s  lineerr#7/8
  rc=0             62s  lineerr#8/8

=== wall 851s (7s build + 845s gates) ===
GATES: 109/109 green
hashes: 496da3db f980489f 35377711 99a63f2e
recorded: this full green battery is now the baseline a future skip must prove itself against
