WARNING: Var start is never used on line 27 of file /Users/joost/projects/zerobas/probes/disk/wrblk_alt.asm
  OURS  phases: write 17.80 s, RDBLK read 23.60 s, RDRND read 25.40 s, SEEK read (32 KB) 45.35 s, 0 wrong block(s), WSEEK write (32 KB) 271.91 s
  OURS  FCB after FOPEN   00 42 49 47 20 20 20 20 20 42 49 4E 00 00 00 80 00 80 00 00 00 00 00 00 40 2C 52 01 52 01 00 00 00 00 00 00 00
  OURS  FCB after block 0 00 42 49 47 20 20 20 20 20 42 49 4E 00 00 01 00 00 80 00 00 00 00 00 00 40 2C 52 01 52 01 00 00 00 00 01 00 00
  OURS  FCB after block 5 00 42 49 47 20 20 20 20 20 42 49 4E 00 00 01 00 00 80 00 00 00 00 00 00 40 2C 52 01 53 01 01 00 00 00 06 00 00
  OURS  FCB after write 5 00 42 49 47 57 20 20 20 20 42 49 4E 00 00 01 00 00 06 00 00 21 08 00 00 00 33 79 01 7A 01 01 00 00 00 06 00 00
  OURS  FCB after FMAKE   00 42 49 47 57 20 20 20 20 42 49 4E 00 00 00 00 00 00 00 00 21 08 00 00 40 33 00 00 00 00 00 00 00 00 00 00 00
  OURS  ALT1.BIN size=1024 chain=[372] eoc=True blocks=['0x11', '0x13', '0x15', '0x17'] AS EXPECTED
  OURS  ALT2.BIN size=1024 chain=[373] eoc=True blocks=['0x12', '0x14', '0x16', '0x18'] AS EXPECTED
  OURS  OUT.BIN size=2048 chain=[374, 375] eoc=True blocks=['0x11', '0x12', '0x13', '0x14', '0x15', '0x16', '0x17', '0x18'] AS EXPECTED
  OURS  OUT2.BIN size=1024 chain=[376] eoc=True blocks=['0x11', '0x12', '0x13', '0x14', '0x15', '0x16', '0x17', '0x18'] AS EXPECTED
  OURS  BIGW.BIN size=32768 chain=[377, 378, 379, 380, '...'] eoc=True blocks=['0x0', '0x1', '0x2', '0x3', '0x4', '0x5', '...', '0x7e', '0x7f'] AS EXPECTED
  STOCK phases: write 9.65 s, RDBLK read 9.10 s, RDRND read 10.00 s, SEEK read (32 KB) 14.65 s, 0 wrong block(s), WSEEK write (32 KB) 30.95 s
  STOCK FCB after FOPEN   00 42 49 47 20 20 20 20 20 42 49 4E 00 00 00 80 00 80 00 00 00 00 00 00 40 2C 52 01 52 01 00 00 00 00 00 00 00
  STOCK FCB after block 0 00 42 49 47 20 20 20 20 20 42 49 4E 00 00 01 00 00 80 00 00 00 00 00 00 40 2C 52 01 52 01 00 00 00 00 01 00 00
  STOCK FCB after block 5 00 42 49 47 20 20 20 20 20 42 49 4E 00 00 01 00 00 80 00 00 00 00 00 00 40 2C 52 01 53 01 01 00 00 00 06 00 00
  STOCK FCB after write 5 00 42 49 47 57 20 20 20 20 42 49 4E 00 00 01 00 00 06 00 00 21 08 00 00 00 33 79 01 7A 01 01 00 00 00 06 00 00
  STOCK FCB after FMAKE   00 42 49 47 57 20 20 20 20 42 49 4E 00 00 00 00 00 00 00 00 21 08 00 00 40 33 00 00 00 00 00 00 00 00 00 00 00
  STOCK ALT1.BIN size=1024 chain=[372] eoc=True blocks=['0x11', '0x13', '0x15', '0x17'] AS EXPECTED
  STOCK ALT2.BIN size=1024 chain=[373] eoc=True blocks=['0x12', '0x14', '0x16', '0x18'] AS EXPECTED
  STOCK OUT.BIN size=2048 chain=[374, 375] eoc=True blocks=['0x11', '0x12', '0x13', '0x14', '0x15', '0x16', '0x17', '0x18'] AS EXPECTED
  STOCK OUT2.BIN size=1024 chain=[376] eoc=True blocks=['0x11', '0x12', '0x13', '0x14', '0x15', '0x16', '0x17', '0x18'] AS EXPECTED
  STOCK BIGW.BIN size=32768 chain=[377, 378, 379, 380, '...'] eoc=True blocks=['0x0', '0x1', '0x2', '0x3', '0x4', '0x5', '...', '0x7e', '0x7f'] AS EXPECTED
  FCB after FOPEN   differs at [] (byte-identical)
  FCB after block 0 differs at [] (byte-identical)
  FCB after block 5 differs at [] (byte-identical)
  FCB after write 5 differs at [] (byte-identical)
  FCB after FMAKE   differs at [] (byte-identical)
  SEEK: ours 45.35 s / CF-3300 14.65 s = 3.1x (within T2's 10x)
  WSEEK: ours 271.91 s / CF-3300 30.95 s = 8.8x (within T2's 10x)

PASS: two FCBs alternating block/random I/O persist as written on both machines
