== dosboot CF
   |A>VER
   |Bad command or file name
   |A>
🔴 omsx_repl: NOT CACHING C-BIOS_MSX1_EU_REPACK_DISK -- all 5 echo slots read BLIND/mode (SCRMOD != 0): the capture is not the text plane. The readings below are returned as measured, but they are a scrape of the wrong VRAM plane, not the text screen. A stock MSX1 boots SCREEN 1; this module's scrape assumes SCREEN 0 (40 cols at 0x0000), so a machine whose `reset` does not put it there reads the pattern generator table as if it were text.
== dosboot ZB
   |        <B    B<<~    ~<l  DD(   (D D(
   | 88   8  8||  8                 <B    B<
   |  ~~~~     p  p  p  p p  0((    8<$$
   | D8 8D     8
   |                         B$  $B       @
   | @                              PP
   | P P P   p p(p      X   ` `  `  @@
   | @@@@              pP                @@
   |             @      @   p    p   `   p
   |p  p      0  p   0P       p  p  0@p  p
   |        p p  p  p  x p    @  @    @  @@
   |  ` `             0 0   p 0     p     @
   |p               p    p   HHHH
   |        p    p          p    p  8    p
   |                                p    p
   |        p    h          p p
   |     x     PP            P P      p
   |   @    p@@@@p    @     p    p  @
   |                  x  h            x  x
   |  x  x    p  x  0H@@ @@@  x  x p
   |  `  p    0    `         @@@@p
   |          p  p            x  x
   |  x     @@ @H0       x      P
== dos40 CF
   |A>DIR
   |MSXDOS   SYS    2432 84-01-01
   |COMMAND  COM    6656 84-01-01
   |DOSHLP   COM   36224 86-11-22 11:19a
   |       3 files   681984 bytes free
   |A>
== dos40 ZB
   |ZB
   |PRINT "[IN BASIC]"
   |[IN BASIC]
   |ZB
   |CALL SYSTEM
   |Syntax error
   |ZB
   |MODE 40
   |Syntax error
   |ZB
   |DIR
   |Syntax error
   |ZB
   |color   auto    goto    list    run
refcache: 0 hit, 4 miss, 3 stored
