python3 tools/run_gates.py 
=== warm-up (serial build of shared artifacts) ===
warm-up 7s
=== refcache OFF for every unit: a gate measures, it never replays (docs/spec-refcache.md §7) ===
=== emulator tier RUNS: ROM images differ from the last green battery ===
=== 4 tree-mutating unit(s), SERIAL (they rewrite a shared tracked file) ===
  rc=0              1s  switch-build-check
  rc=0              5s  diskdep-check
  rc=0              0s  wall-literal-check
  rc=0             48s  selftest-check
  (post-mutator refresh 7s -- the plants moved mtimes, so the pool would otherwise race a rebuild)
=== 117 units, J=8, lineerr in 8 shards, nice=0 solo=None ===
  rc=0              3s  basic-reloc
  rc=0              0s  subrom-abi-check
  rc=0              0s  diskrom-abi-check
  rc=0              0s  rom-parts-check
  rc=0              1s  subrom-closure-check
  rc=0             30s  unit-test
  rc=0              1s  deadcode
  rc=0              3s  wall-assertion-check
  rc=0              0s  ram-claim-check
  rc=0              0s  build-assert-check
  rc=0              4s  needle-case-check
  rc=0              0s  redundant-load-check
  rc=0              2s  rowshape-check
  rc=0              5s  injector-check
  rc=0              1s  temp-root-check
  rc=0              2s  todo-citation-check
  rc=0              0s  todo-marker-check
  rc=0              0s  deferral-pin-check
  rc=0              1s  error-alphabet-check
  rc=0              2s  chokepoint-check
  rc=0              0s  shared-body-check
  rc=0              0s  probe-reach-check
  rc=0              0s  battery-membership-check
  rc=0              0s  fixture-integrity-check
  rc=0              1s  preflight-check
  rc=0              5s  latch-check
  rc=0             26s  kwsweep
  rc=0             13s  patch-freshness-check
  rc=0              2s  refcache-check
  rc=0              0s  knife-guard-check
  rc=0              1s  knife-rom-guard-check
  rc=0              0s  deffn-selftest
  rc=0              1s  banner-acceptance
  rc=0             33s  string-acceptance
  rc=0             21s  str-domain-acceptance
  rc=0             12s  strparen-acceptance
  rc=0             54s  penderr-acceptance
  rc=0             61s  missing-acceptance
  rc=0             12s  error-acceptance
  rc=0             73s  error-trap-acceptance
  rc=0            115s  onerr0-acceptance
  rc=0            143s  math-acceptance
  rc=0            106s  float-acceptance
  rc=0             52s  intarg-acceptance
  rc=0             38s  logicops-acceptance
  rc=0            348s  screenerr-acceptance
  rc=0             64s  tmfp-acceptance
  rc=0             98s  stmtpend-acceptance
  rc=0            175s  array-acceptance
  rc=0            182s  deffn-strict
  rc=0            516s  graphics-acceptance
  rc=0             97s  abort-acceptance
  rc=0            217s  interval-trap-acceptance
  rc=0            143s  clearpool-acceptance
  rc=0            147s  stackpool-acceptance
  rc=0            252s  trapdepth-acceptance
  rc=0            110s  ctlcross-acceptance
  rc=0            471s  ctllim-acceptance
  rc=0            498s  ramfree-acceptance
  rc=0             28s  txtceil-acceptance
  rc=0             25s  cursor-acceptance
  rc=0            100s  time-acceptance
  rc=0            347s  namspc-acceptance
  rc=0            150s  arrdim-acceptance
  rc=0             91s  arylv-acceptance
  rc=0             77s  badfnum-acceptance
  rc=0             11s  beep-acceptance
  rc=0             29s  binfre-acceptance
  rc=0             25s  cassave-acceptance
  rc=0             82s  castail-acceptance
  rc=0            126s  deffn-acceptance
  rc=0             52s  direct-ctrl-acceptance
  rc=0              8s  dskmsg-acceptance
  rc=0             83s  editverb-acceptance
  rc=0             32s  fldary-acceptance
  rc=0             95s  fldwidth-acceptance
  rc=0             24s  forvar-acceptance
  rc=0             48s  gicini-acceptance
  rc=0              5s  graphics-floor-acceptance
  rc=0            149s  ifsem-acceptance
  rc=0              4s  input-acceptance
  rc=0             54s  nodisk-acceptance
  rc=0             73s  pusing-acceptance
  rc=0             41s  catterm-acceptance
  rc=0             14s  catusr-acceptance
  rc=0             19s  nameord-acceptance
  rc=0             11s  namegate-acceptance
  rc=0             41s  inputary-acceptance
  rc=0            145s  key-trap-acceptance
  rc=0             54s  linemax-acceptance
  rc=0            158s  lnblank-acceptance
  rc=0             37s  locarg-acceptance
  rc=0             43s  lof-acceptance
  rc=0             84s  lptverb-acceptance
  rc=0             55s  lrvar-acceptance
  rc=0             54s  lvfix-acceptance
  rc=0             23s  nxary-acceptance
  rc=0             22s  nxlist-acceptance
  rc=0             32s  play-acceptance
  rc=0             11s  play-trace-acceptance
  rc=0             18s  readvar-acceptance
  rc=0             10s  runtail-acceptance
  rc=0             29s  sound-acceptance
  rc=0             68s  sprite-trap-acceptance
  rc=0             56s  stop-trap-acceptance
  rc=0            153s  strig-trap-acceptance
  rc=0              0s  subrom-acceptance
  rc=0             73s  tgtspc-acceptance
  rc=0             74s  width-acceptance
  rc=0            108s  lineerr#1/8
  rc=0            113s  lineerr#2/8
  rc=0            104s  lineerr#3/8
  rc=0            108s  lineerr#4/8
  rc=0            101s  lineerr#5/8
  rc=0             93s  lineerr#6/8
  rc=0             92s  lineerr#7/8
  rc=0             69s  lineerr#8/8

=== wall 1033s (7s build + 1026s gates) ===
GATES: 114/114 green
hashes: c4b39931 dd98db58 169d1a9b 9a96945d
recorded: this full green battery is now the baseline a future skip must prove itself against
