python3 tools/run_gates.py --full 
=== warm-up (serial build of shared artifacts) ===
warm-up 8s
=== refcache OFF for every unit: a gate measures, it never replays (docs/spec-refcache.md §7) ===
=== emulator tier RUNS: forced by --full ===
=== 4 tree-mutating unit(s), SERIAL (they rewrite a shared tracked file) ===
  rc=0              1s  switch-build-check
  rc=0              6s  diskdep-check
  rc=0              0s  wall-literal-check
  rc=0             49s  selftest-check
  (post-mutator refresh 7s -- the plants moved mtimes, so the pool would otherwise race a rebuild)
=== 117 units, J=8, lineerr in 8 shards, nice=0 solo=None ===
  rc=0              3s  basic-reloc
  rc=0              0s  subrom-abi-check
  rc=0              0s  diskrom-abi-check
  rc=0              0s  rom-parts-check
  rc=0              1s  subrom-closure-check
  rc=0             29s  unit-test
  rc=0              0s  deadcode
  rc=0              4s  wall-assertion-check
  rc=0              0s  ram-claim-check
  rc=0              0s  build-assert-check
  rc=0              4s  needle-case-check
  rc=0              0s  redundant-load-check
  rc=0              2s  rowshape-check
  rc=0              5s  injector-check
  rc=0              1s  temp-root-check
  rc=0              2s  todo-citation-check
  rc=0              0s  todo-marker-check
  rc=0              0s  deferral-pin-check
  rc=0              1s  error-alphabet-check
  rc=0              2s  chokepoint-check
  rc=0              0s  shared-body-check
  rc=0              0s  probe-reach-check
  rc=0              0s  battery-membership-check
  rc=0              0s  fixture-integrity-check
  rc=0              1s  preflight-check
  rc=0              5s  latch-check
  rc=0             26s  kwsweep
  rc=0             13s  patch-freshness-check
  rc=0              2s  refcache-check
  rc=0              0s  knife-guard-check
  rc=0              1s  knife-rom-guard-check
  rc=0              0s  deffn-selftest
  rc=0              1s  banner-acceptance
  rc=0             33s  string-acceptance
  rc=0             20s  str-domain-acceptance
  rc=0             11s  strparen-acceptance
  rc=0             54s  penderr-acceptance
  rc=0             61s  missing-acceptance
  rc=0             11s  error-acceptance
  rc=0             67s  error-trap-acceptance
  rc=0            101s  onerr0-acceptance
  rc=0            125s  math-acceptance
  rc=0             96s  float-acceptance
  rc=0             50s  intarg-acceptance
  rc=0             37s  logicops-acceptance
  rc=0            266s  screenerr-acceptance
  rc=0             54s  tmfp-acceptance
  rc=0             79s  stmtpend-acceptance
  rc=0            110s  array-acceptance
  rc=0            137s  deffn-strict
  rc=0            416s  graphics-acceptance
  rc=0             65s  abort-acceptance
  rc=0            166s  interval-trap-acceptance
  rc=0             90s  clearpool-acceptance
  rc=0            142s  stackpool-acceptance
  rc=0            172s  trapdepth-acceptance
  rc=0             76s  ctlcross-acceptance
  rc=0            406s  ctllim-acceptance
  rc=0            461s  ramfree-acceptance
  rc=0             17s  txtceil-acceptance
  rc=0             15s  cursor-acceptance
  rc=0            102s  time-acceptance
  rc=0            345s  namspc-acceptance
  rc=0            109s  arrdim-acceptance
  rc=0             64s  arylv-acceptance
  rc=0             70s  badfnum-acceptance
  rc=0              8s  beep-acceptance
  rc=0             27s  binfre-acceptance
  rc=0             24s  cassave-acceptance
  rc=0            100s  castail-acceptance
  rc=0            139s  deffn-acceptance
  rc=0             53s  direct-ctrl-acceptance
  rc=0             11s  dskmsg-acceptance
  rc=0             95s  editverb-acceptance
  rc=0             41s  fldary-acceptance
  rc=0            103s  fldwidth-acceptance
  rc=0             26s  forvar-acceptance
  rc=0             52s  gicini-acceptance
  rc=0              0s  graphics-floor-acceptance
  rc=0            160s  ifsem-acceptance
  rc=0              7s  input-acceptance
  rc=0             63s  nodisk-acceptance
  rc=0             82s  pusing-acceptance
  rc=0             47s  catterm-acceptance
  rc=0             14s  catusr-acceptance
  rc=0             19s  nameord-acceptance
  rc=0             11s  namegate-acceptance
  rc=0             48s  inputary-acceptance
  rc=0            142s  key-trap-acceptance
  rc=0             63s  linemax-acceptance
  rc=0            156s  lnblank-acceptance
  rc=0             41s  locarg-acceptance
  rc=0             45s  lof-acceptance
  rc=0             87s  lptverb-acceptance
  rc=0             56s  lrvar-acceptance
  rc=0             62s  lvfix-acceptance
  rc=0             22s  nxary-acceptance
  rc=0             22s  nxlist-acceptance
  rc=0             28s  play-acceptance
  rc=0             12s  play-trace-acceptance
  rc=0             32s  readvar-acceptance
  rc=0              9s  runtail-acceptance
  rc=0             29s  sound-acceptance
  rc=0             75s  sprite-trap-acceptance
  rc=0             56s  stop-trap-acceptance
  rc=0            168s  strig-trap-acceptance
  rc=0              0s  subrom-acceptance
  rc=0             74s  tgtspc-acceptance
  rc=0             80s  width-acceptance
  rc=0            117s  lineerr#1/8
  rc=0            122s  lineerr#2/8
  rc=0            115s  lineerr#3/8
  rc=0            121s  lineerr#4/8
  rc=0            107s  lineerr#5/8
  rc=0            103s  lineerr#6/8
  rc=0             98s  lineerr#7/8
  rc=0             72s  lineerr#8/8

=== wall 958s (8s build + 951s gates) ===
GATES: 114/114 green
hashes: d1dc5de5 bd57af78 9bb08b22 9a96945d
recorded: this full green battery is now the baseline a future skip must prove itself against
