file                             B  strict-fatal  pruned-fatal   surviving blockers
basic/playsvc.asm              229             0             0   -- NONE --
basic/fat.asm                  180             0             0   -- NONE --
basic/field.asm                589             6             1   call_strheap
basic/subrom-boot.asm           86             0             0   RDSLT
basic/initext.asm              173             0             0   CALSLT, RDSLT
basic/list.asm                 187             4             4   CHPUT, LPTOUT, TAPOOF, TAPOON...
basic/expr.asm                1919           209           209   BREAKX, CHGET, CHPUT, CHSNS...
basic/graphics.asm            1313           302           301   BREAKX, CHGET, CHPUT, CHSNS...
basic/interp.asm              1201           295           295   BREAKX, CHGET, CHPUT, CHSNS...
basic/printusing.asm           446           306           306   BREAKX, CHGET, CHPUT, CHSNS...
basic/missing.asm              422           313           310   BREAKX, CHGET, CHPUT, CHSNS...
basic/traps.asm                329           314           311   BREAKX, CHGET, CHPUT, CHSNS...
basic/strvar.asm               318           279           278   BREAKX, CHGET, CHPUT, CHSNS...
basic/deffn.asm                258           301           301   BREAKX, CHGET, CHPUT, CHSNS...
basic/usr.asm                  204           313           310   BREAKX, CHGET, CHPUT, CHSNS...
basic/time.asm                  56           315           312   BREAKX, CHGET, CHPUT, CHSNS...
basic/main.asm                  17           315           312   BREAKX, CHGET, CHPUT, CHSNS...
basic/save.asm                 593           307           307   BREAKX, CHGET, CHPUT, CHSNS...
basic/bload.asm                137           311           311   BREAKX, CHGET, CHPUT, CHSNS...
basic/vdpio.asm                 60           314           311   BREAKX, CHGET, CHPUT, CHSNS...
basic/program.asm             2421           308           308   BREAKX, CHGET, CHPUT, CHSNS...
basic/vars.asm                 711           274           274   BREAKX, CHGET, CHPUT, CHSNS...
basic/clear.asm                 55           317           314   BREAKX, CHGET, CHPUT, CHSNS...
basic/files.asm               1629           314           312   BREAKX, CHGET, CHPUT, CHSNS...
basic/repl.asm                 130           314           310   BREAKX, CHGET, CHPUT, CHSNS...
basic/cload.asm                961           313           313   BREAKX, CHGET, CHPUT, CHSNS...
basic/print.asm                628           333           330   BREAKX, CHGET, CHPUT, CHSNS...
