python3 tools/check_report_shape.py 

probe .py files walked             : 197
  unparseable                      : 0
  print a width-padded label line  : 77
  print a REPORT ROW (spec s3)     : 51
  IN CONTRACT (rows on exit 2 AND  : 27
              another path)
    conform                        : 27
    VIOLATIONS                     : 0
      ok   probes/basic/basic_probe_arylv.py
      ok   probes/basic/basic_probe_cassave.py
      ok   probes/basic/basic_probe_castail.py
      ok   probes/basic/basic_probe_dskmsg.py
      ok   probes/basic/basic_probe_fldary.py
      ok   probes/basic/basic_probe_fldwidth.py
      ok   probes/basic/basic_probe_forvar.py
      ok   probes/basic/basic_probe_inputary.py
      ok   probes/basic/basic_probe_lineerr.py
      ok   probes/basic/basic_probe_locarg.py
      ok   probes/basic/basic_probe_lrvar.py
      ok   probes/basic/basic_probe_lvfix.py
      ok   probes/basic/basic_probe_lvsites.py
      ok   probes/basic/basic_probe_namspc.py
      ok   probes/basic/basic_probe_nxary.py
      ok   probes/basic/basic_probe_nxlist.py
      ok   probes/basic/basic_probe_onerr0.py
      ok   probes/basic/basic_probe_penderr.py
      ok   probes/basic/basic_probe_readvar.py
      ok   probes/basic/basic_probe_runtail.py
      ok   probes/basic/basic_probe_screenerr.py
      ok   probes/basic/basic_probe_stmtpend.py
      ok   probes/basic/basic_probe_strparen.py
      ok   probes/basic/basic_probe_tgtspc.py
      ok   probes/basic/basic_probe_tmfp.py
      ok   probes/basic/basic_probe_width.py
      ok   probes/disk/disk_probe_fat_error_disposition.py

ALL PASS -- 27 probe(s) print two exit paths' worth of report rows,
and every one of them prints ONE grammar on both.
