python3 tools/run_gates.py 
=== warm-up (serial build of shared artifacts) ===
warm-up 7s
=== refcache OFF for every unit: a gate measures, it never replays (docs/spec-refcache.md §7) ===
=== emulator tier RUNS: ROM images differ from the last green battery ===
=== 4 tree-mutating unit(s), SERIAL (they rewrite a shared tracked file) ===
  rc=0              1s  switch-build-check
  rc=0              5s  diskdep-check
  rc=0              0s  wall-literal-check
  rc=0             45s  selftest-check
  (post-mutator refresh 7s -- the plants moved mtimes, so the pool would otherwise race a rebuild)
=== 118 units, J=8, lineerr in 8 shards, nice=0 solo=None ===
  rc=0              3s  basic-reloc
  rc=0              0s  subrom-abi-check
  rc=0              0s  diskrom-abi-check
  rc=0              0s  rom-parts-check
  rc=0              1s  subrom-closure-check
  rc=0             26s  unit-test
  rc=0              0s  deadcode
  rc=0              3s  wall-assertion-check
  rc=0              0s  ram-claim-check
  rc=0              0s  build-assert-check
  rc=0              3s  needle-case-check
  rc=0              0s  redundant-load-check
  rc=0              1s  rowshape-check
  rc=0              5s  injector-check
  rc=0              1s  temp-root-check
  rc=0              2s  todo-citation-check
  rc=0              0s  todo-marker-check
  rc=0              0s  deferral-pin-check
  rc=0              1s  error-alphabet-check
  rc=0              2s  chokepoint-check
  rc=0              0s  shared-body-check
  rc=0              0s  probe-reach-check
  rc=0              0s  battery-membership-check
  rc=0              0s  fixture-integrity-check
  rc=0              1s  preflight-check
  rc=0              4s  latch-check
  rc=0             18s  kwsweep
  rc=0             11s  patch-freshness-check
  rc=0              2s  refcache-check
  rc=0              0s  knife-guard-check
  rc=0              1s  knife-rom-guard-check
  rc=0              0s  deffn-selftest
  rc=0              0s  probe-sides-selftest
  rc=0              0s  banner-acceptance
  rc=0             35s  string-acceptance
  rc=0             18s  str-domain-acceptance
  rc=0             11s  strparen-acceptance
  rc=0             42s  penderr-acceptance
  rc=0             50s  missing-acceptance
  rc=0             12s  error-acceptance
  rc=0             67s  error-trap-acceptance
  rc=0             93s  onerr0-acceptance
  rc=0            111s  math-acceptance
  rc=0             77s  float-acceptance
  rc=0             46s  intarg-acceptance
  rc=0             35s  logicops-acceptance
  rc=0            229s  screenerr-acceptance
  rc=0             43s  tmfp-acceptance
  rc=0             50s  stmtpend-acceptance
  rc=0            115s  array-acceptance
  rc=0            125s  deffn-strict
  rc=0            372s  graphics-acceptance
  rc=0             55s  abort-acceptance
  rc=0            140s  interval-trap-acceptance
  rc=0             87s  clearpool-acceptance
  rc=0            132s  stackpool-acceptance
  rc=0            163s  trapdepth-acceptance
  rc=0             76s  ctlcross-acceptance
  rc=0            394s  ctllim-acceptance
  rc=0            409s  ramfree-acceptance
  rc=0             20s  txtceil-acceptance
  rc=0             13s  cursor-acceptance
  rc=0             87s  time-acceptance
  rc=0            287s  namspc-acceptance
  rc=0            101s  arrdim-acceptance
  rc=0             48s  arylv-acceptance
  rc=0             57s  badfnum-acceptance
  rc=0              3s  beep-acceptance
  rc=0             30s  binfre-acceptance
  rc=0             25s  cassave-acceptance
  rc=0             82s  castail-acceptance
  rc=0            118s  deffn-acceptance
  rc=0             44s  direct-ctrl-acceptance
  rc=0             12s  dskmsg-acceptance
  rc=0             83s  editverb-acceptance
  rc=0             31s  fldary-acceptance
  rc=0             87s  fldwidth-acceptance
  rc=0             24s  forvar-acceptance
  rc=0             47s  gicini-acceptance
  rc=0              0s  graphics-floor-acceptance
  rc=0            141s  ifsem-acceptance
  rc=0              8s  input-acceptance
  rc=0             62s  nodisk-acceptance
  rc=0             75s  pusing-acceptance
  rc=0             43s  catterm-acceptance
  rc=0             19s  catusr-acceptance
  rc=0             12s  nameord-acceptance
  rc=0              5s  namegate-acceptance
  rc=0             37s  inputary-acceptance
  rc=0            136s  key-trap-acceptance
  rc=0             52s  linemax-acceptance
  rc=0            148s  lnblank-acceptance
  rc=0             38s  locarg-acceptance
  rc=0             43s  lof-acceptance
  rc=0             86s  lptverb-acceptance
  rc=0             56s  lrvar-acceptance
  rc=0             61s  lvfix-acceptance
  rc=0             30s  nxary-acceptance
  rc=0             27s  nxlist-acceptance
  rc=0             31s  play-acceptance
  rc=0             11s  play-trace-acceptance
  rc=0             20s  readvar-acceptance
  rc=0              8s  runtail-acceptance
  rc=0             23s  sound-acceptance
  rc=0             69s  sprite-trap-acceptance
  rc=0             55s  stop-trap-acceptance
  rc=0            147s  strig-trap-acceptance
  rc=0              0s  subrom-acceptance
  rc=0             66s  tgtspc-acceptance
  rc=0             68s  width-acceptance
  rc=0            110s  lineerr#1/8
  rc=0            106s  lineerr#2/8
  rc=0            110s  lineerr#3/8
  rc=0            105s  lineerr#4/8
  rc=0            101s  lineerr#5/8
  rc=0             95s  lineerr#6/8
  rc=0             89s  lineerr#7/8
  rc=0             58s  lineerr#8/8

=== wall 863s (7s build + 856s gates) ===
GATES: 115/115 green
hashes: c2ef4c7d dd98db58 5c812342 9a96945d
recorded: this full green battery is now the baseline a future skip must prove itself against
