python3 tools/run_gates.py 
=== warm-up (serial build of shared artifacts) ===
warm-up 8s
=== refcache OFF for every unit: a gate measures, it never replays (docs/spec-refcache.md §7) ===
=== emulator tier RUNS: ROM images differ from the last green battery ===
=== 4 tree-mutating unit(s), SERIAL (they rewrite a shared tracked file) ===
  rc=0              1s  switch-build-check
  rc=0              6s  diskdep-check
  rc=0              0s  wall-literal-check
  rc=0             49s  selftest-check
  (post-mutator refresh 7s -- the plants moved mtimes, so the pool would otherwise race a rebuild)
=== 118 units, J=8, lineerr in 8 shards, nice=0 solo=None ===
  rc=0              3s  basic-reloc
  rc=0              0s  subrom-abi-check
  rc=0              0s  diskrom-abi-check
  rc=0              0s  rom-parts-check
  rc=0              1s  subrom-closure-check
  rc=0             29s  unit-test
  rc=0              0s  deadcode
  rc=0              3s  wall-assertion-check
  rc=0              0s  ram-claim-check
  rc=0              0s  build-assert-check
  rc=0              3s  needle-case-check
  rc=0              0s  redundant-load-check
  rc=0              1s  rowshape-check
  rc=0              5s  injector-check
  rc=0              1s  temp-root-check
  rc=0              2s  todo-citation-check
  rc=0              0s  todo-marker-check
  rc=0              0s  deferral-pin-check
  rc=0              1s  error-alphabet-check
  rc=0              2s  chokepoint-check
  rc=0              0s  shared-body-check
  rc=0              0s  probe-reach-check
  rc=0              0s  battery-membership-check
  rc=0              0s  fixture-integrity-check
  rc=0              1s  preflight-check
  rc=0              4s  latch-check
  rc=0             19s  kwsweep
  rc=0             13s  patch-freshness-check
  rc=0              2s  refcache-check
  rc=0              0s  knife-guard-check
  rc=0              1s  knife-rom-guard-check
  rc=0              0s  deffn-selftest
  rc=0              0s  probe-sides-selftest
  rc=0              1s  banner-acceptance
  rc=0             32s  string-acceptance
  rc=0             20s  str-domain-acceptance
  rc=0             12s  strparen-acceptance
  rc=0             52s  penderr-acceptance
  rc=0             55s  missing-acceptance
  rc=0             11s  error-acceptance
  rc=0             67s  error-trap-acceptance
  rc=0             99s  onerr0-acceptance
  rc=0            113s  math-acceptance
  rc=0             96s  float-acceptance
  rc=0             51s  intarg-acceptance
  rc=0             35s  logicops-acceptance
  rc=0            243s  screenerr-acceptance
  rc=0             50s  tmfp-acceptance
  rc=0             63s  stmtpend-acceptance
  rc=0            106s  array-acceptance
  rc=0            126s  deffn-strict
  rc=0            394s  graphics-acceptance
  rc=0             56s  abort-acceptance
  rc=0            150s  interval-trap-acceptance
  rc=0             93s  clearpool-acceptance
  rc=0            136s  stackpool-acceptance
  rc=0            151s  trapdepth-acceptance
  rc=0             76s  ctlcross-acceptance
  rc=0            390s  ctllim-acceptance
  rc=0            424s  ramfree-acceptance
  rc=0             18s  txtceil-acceptance
  rc=0             21s  cursor-acceptance
  rc=0             87s  time-acceptance
  rc=0            311s  namspc-acceptance
  rc=0            105s  arrdim-acceptance
  rc=0             55s  arylv-acceptance
  rc=0             61s  badfnum-acceptance
  rc=0              9s  beep-acceptance
  rc=0             29s  binfre-acceptance
  rc=0             24s  cassave-acceptance
  rc=0             77s  castail-acceptance
  rc=0            128s  deffn-acceptance
  rc=0             51s  direct-ctrl-acceptance
  rc=0             10s  dskmsg-acceptance
  rc=0             85s  editverb-acceptance
  rc=0             34s  fldary-acceptance
  rc=0             99s  fldwidth-acceptance
  rc=0             26s  forvar-acceptance
  rc=0             54s  gicini-acceptance
  rc=0              5s  graphics-floor-acceptance
  rc=0            162s  ifsem-acceptance
  rc=0              4s  input-acceptance
  rc=0             63s  nodisk-acceptance
  rc=0             78s  pusing-acceptance
  rc=0             43s  catterm-acceptance
  rc=0             19s  catusr-acceptance
  rc=0             12s  nameord-acceptance
  rc=0              5s  namegate-acceptance
  rc=0             43s  inputary-acceptance
  rc=0            154s  key-trap-acceptance
  rc=0             58s  linemax-acceptance
  rc=0            158s  lnblank-acceptance
  rc=0             37s  locarg-acceptance
  rc=0             48s  lof-acceptance
  rc=0             94s  lptverb-acceptance
  rc=0             57s  lrvar-acceptance
  rc=0             61s  lvfix-acceptance
  rc=0             21s  nxary-acceptance
  rc=0             28s  nxlist-acceptance
  rc=0             32s  play-acceptance
  rc=0             10s  play-trace-acceptance
  rc=0             22s  readvar-acceptance
  rc=0             11s  runtail-acceptance
  rc=0             30s  sound-acceptance
  rc=0             73s  sprite-trap-acceptance
  rc=0             63s  stop-trap-acceptance
  rc=0            166s  strig-trap-acceptance
  rc=0              0s  subrom-acceptance
  rc=0             67s  tgtspc-acceptance
  rc=0             79s  width-acceptance
  rc=0            113s  lineerr#1/8
  rc=0            114s  lineerr#2/8
  rc=0            106s  lineerr#3/8
  rc=0            112s  lineerr#4/8
  rc=0            110s  lineerr#5/8
  rc=0            103s  lineerr#6/8
  rc=0             91s  lineerr#7/8
  rc=0             72s  lineerr#8/8

=== wall 915s (8s build + 908s gates) ===
GATES: 115/115 green
hashes: 1d3cee1d b07272ff ed79a5c1 0e4e7b26
recorded: this full green battery is now the baseline a future skip must prove itself against
