WARNING: Switching to 3 pass mode on line 836 of file basic/sysvars.inc
WARNING: Var ACT_LOW is never used on line 140 of file basic/sysvars.inc
WARNING: Var ARL_GETBYTE is never used on line 1509 of file basic/sysvars.inc
WARNING: Var ARY_CUR is never used on line 2165 of file basic/sysvars.inc
WARNING: Var ATAN_DEG is never used on line 14 of file math-coeffs.inc
WARNING: Var BAKCLR is never used on line 116 of file basic/sysvars.inc
WARNING: Var BDRCLR is never used on line 117 of file basic/sysvars.inc
WARNING: Var BREAKX is never used on line 31 of file basic/sysvars.inc
WARNING: Var CAL_NEEDFILL is never used on line 2558 of file basic/sysvars.inc
WARNING: Var CAL_SAVE is never used on line 2575 of file basic/sysvars.inc
WARNING: Var CAS_IN_MODE is never used on line 1520 of file basic/sysvars.inc
WARNING: Var CAS_LOW_1200 is never used on line 151 of file basic/sysvars.inc
WARNING: Var CAS_LOW_2400 is never used on line 152 of file basic/sysvars.inc
WARNING: Var CAS_OUT_MODE is never used on line 1519 of file basic/sysvars.inc
WARNING: Var CAS_VERIFY is never used on line 3335 of file basic/sysvars.inc
WARNING: Var CAS_VMIS is never used on line 3336 of file basic/sysvars.inc
WARNING: Var CAS_WBUF is never used on line 3371 of file basic/sysvars.inc
WARNING: Var CAS_WCNT is never used on line 2588 of file basic/sysvars.inc
WARNING: Var CHGCLR is never used on line 14 of file basic/sysvars.inc
WARNING: Var CHGET is never used on line 17 of file basic/sysvars.inc
WARNING: Var CHGMOD is never used on line 12 of file basic/sysvars.inc
WARNING: Var CHSNS is never used on line 16 of file basic/sysvars.inc
WARNING: Var CLPTR is never used on line 809 of file basic/sysvars.inc
WARNING: Var CLR_HIMEM_MARGIN is never used on line 2223 of file basic/sysvars.inc
WARNING: Var CLR_HIMEM_TOP is never used on line 2215 of file basic/sysvars.inc
WARNING: Var CLS is never used on line 21 of file basic/sysvars.inc
WARNING: Var CONTLINE is never used on line 2468 of file basic/sysvars.inc
WARNING: Var CONTPTR is never used on line 2469 of file basic/sysvars.inc
WARNING: Var CONTVALID is never used on line 2470 of file basic/sysvars.inc
WARNING: Var CON_LASTROW is never used on line 1337 of file basic/sysvars.inc
WARNING: Var COS_COEF_DEG is never used on line 347 of file math-coeffs.inc
WARNING: Var CRT_MODE is never used on line 1511 of file basic/sysvars.inc
WARNING: Var CS120_LOW is never used on line 138 of file basic/sysvars.inc
WARNING: Var CS240_LOW is never used on line 139 of file basic/sysvars.inc
WARNING: Var CSRY is never used on line 25 of file basic/sysvars.inc
WARNING: Var CVT is never used on line 3721 of file basic/sysvars.inc
WARNING: Var CVT_MODE is never used on line 3758 of file basic/sysvars.inc
WARNING: Var DIRECTF is never used on line 973 of file basic/sysvars.inc
WARNING: Var DISKOP_SEL_FAT_ALLOC_CLUSTER is never used on line 2801 of file basic/sysvars.inc
WARNING: Var DISKOP_SEL_FAT_COUNT_FREE is never used on line 2803 of file basic/sysvars.inc
WARNING: Var DISKOP_SEL_FAT_DELETE is never used on line 2807 of file basic/sysvars.inc
WARNING: Var DISKOP_SEL_FAT_DIR_CREATE is never used on line 2805 of file basic/sysvars.inc
WARNING: Var DISKOP_SEL_FAT_DIR_UPDATE is never used on line 2806 of file basic/sysvars.inc
WARNING: Var DISKOP_SEL_FAT_FIND is never used on line 2796 of file basic/sysvars.inc
WARNING: Var DISKOP_SEL_FAT_FLUSH_DATA_SECTOR is never used on line 2804 of file basic/sysvars.inc
WARNING: Var DISKOP_SEL_FAT_MOUNT is never used on line 2795 of file basic/sysvars.inc
WARNING: Var DISKOP_SEL_FAT_OPEN is never used on line 2798 of file basic/sysvars.inc
WARNING: Var DISKOP_SEL_FAT_READ_FAT_SECTOR is never used on line 2799 of file basic/sysvars.inc
WARNING: Var DISKOP_SEL_FAT_READ_FILE_SECTOR is never used on line 2800 of file basic/sysvars.inc
WARNING: Var DISKOP_SEL_FAT_WRITE_FAT_ENTRY is never used on line 2802 of file basic/sysvars.inc
WARNING: Var DISKOP_SEL_FCH_DETACH is never used on line 2830 of file basic/sysvars.inc
WARNING: Var DISKOP_SEL_FCH_RESTAGE is never used on line 2829 of file basic/sysvars.inc
WARNING: Var DISKOP_SEL_FIA_WALKED is never used on line 2822 of file basic/sysvars.inc
WARNING: Var DISKOP_SEL_KILL is never used on line 2838 of file basic/sysvars.inc
WARNING: Var DISKOP_SEL_NAME_CMP is never used on line 2797 of file basic/sysvars.inc
WARNING: Var DISKOP_SEL_NAME_STAMP is never used on line 2839 of file basic/sysvars.inc
WARNING: Var DISKOP_SEL_RAND_GET is never used on line 2817 of file basic/sysvars.inc
WARNING: Var DISKOP_SEL_RAND_OPEN is never used on line 2816 of file basic/sysvars.inc
WARNING: Var DISKOP_SEL_RAND_PUT is never used on line 2818 of file basic/sysvars.inc
WARNING: Var DISKOP_SEL_READ_SECTOR is never used on line 2793 of file basic/sysvars.inc
WARNING: Var DISKOP_SEL_WRITE_SECTOR is never used on line 2794 of file basic/sysvars.inc
WARNING: Var DIVPAD is never used on line 3719 of file basic/sysvars.inc
WARNING: Var DIVREM is never used on line 3720 of file basic/sysvars.inc
WARNING: Var DSPFNK is never used on line 23 of file basic/sysvars.inc
WARNING: Var ENDFLAG is never used on line 2452 of file basic/sysvars.inc
WARNING: Var ERAFNK is never used on line 22 of file basic/sysvars.inc
WARNING: Var ERRLIN is never used on line 1025 of file basic/sysvars.inc
WARNING: Var EXBRSA is never used on line 4434 of file basic/sysvars.inc
WARNING: Var EXPTBL is never used on line 104 of file basic/sysvars.inc
WARNING: Var EXP_COEF_DEG is never used on line 70 of file math-coeffs.inc
WARNING: Var FCH_CEIL is never used on line 3177 of file basic/sysvars.inc
WARNING: Var FCH_MODE is never used on line 2637 of file basic/sysvars.inc
WARNING: Var FCH_NUM is never used on line 2636 of file basic/sysvars.inc
WARNING: Var FCH_RDMODE is never used on line 2638 of file basic/sysvars.inc
WARNING: Var FLD_CHAN is never used on line 797 of file basic/sysvars.inc
WARNING: Var FLD_CUROFF is never used on line 796 of file basic/sysvars.inc
WARNING: Var FLD_TABEND is never used on line 3213 of file basic/sysvars.inc
WARNING: Var FN_PAREA_END is never used on line 3549 of file basic/sysvars.inc
WARNING: Var FN_STK_FLOOR is never used on line 3563 of file basic/sysvars.inc
WARNING: Var FOMBYTES is never used on line 3671 of file basic/sysvars.inc
WARNING: Var FOR_CUR is never used on line 3412 of file basic/sysvars.inc
WARNING: Var FOR_FRAME is never used on line 3411 of file basic/sysvars.inc
WARNING: Var FOSIGCOUNT is never used on line 3669 of file basic/sysvars.inc
WARNING: Var FOSIGN is never used on line 3668 of file basic/sysvars.inc
WARNING: Var FPERR_STRLONG is never used on line 507 of file basic/sysvars.inc
WARNING: Var FPERR_STROOM is never used on line 483 of file basic/sysvars.inc
WARNING: Var FPERR_TYPEMM is never used on line 508 of file basic/sysvars.inc
WARNING: Var FPNUM_SIZE is never used on line 3701 of file basic/sysvars.inc
WARNING: Var FP_LHSVAL is never used on line 3732 of file basic/sysvars.inc
WARNING: Var FP_OPMODE is never used on line 3756 of file basic/sysvars.inc
WARNING: Var FP_RSIGN is never used on line 3736 of file basic/sysvars.inc
WARNING: Var FP_SHIFTAMT is never used on line 3731 of file basic/sysvars.inc
WARNING: Var FP_TMP_B is never used on line 3734 of file basic/sysvars.inc
WARNING: Var GFX_COLOR_OFST is never used on line 63 of file basic/sysvars.inc
WARNING: Var GFX_DESC is never used on line 1850 of file basic/sysvars.inc
WARNING: Var GFX_EVY is never used on line 661 of file basic/sysvars.inc
WARNING: Var GFX_PGEN_BASE is never used on line 62 of file basic/sysvars.inc
WARNING: Var GFX_REL is never used on line 608 of file basic/sysvars.inc
WARNING: Var GFX_SVY is never used on line 659 of file basic/sysvars.inc
WARNING: Var GOSUB_FRAME is never used on line 3443 of file basic/sysvars.inc
WARNING: Var GOTOFLAG is never used on line 2451 of file basic/sysvars.inc
WARNING: Var GOTOTGT is never used on line 2450 of file basic/sysvars.inc
WARNING: Var GP_CHAN is never used on line 3229 of file basic/sysvars.inc
WARNING: Var GP_MODE is never used on line 3228 of file basic/sysvars.inc
WARNING: Var GTPAD is never used on line 42 of file basic/sysvars.inc
WARNING: Var GTPDL is never used on line 43 of file basic/sysvars.inc
WARNING: Var GTSTCK is never used on line 40 of file basic/sysvars.inc
WARNING: Var GTTRIG is never used on line 41 of file basic/sysvars.inc
WARNING: Var H_CVD is never used on line 3083 of file basic/sysvars.inc
WARNING: Var H_CVI is never used on line 3081 of file basic/sysvars.inc
WARNING: Var H_CVS is never used on line 3082 of file basic/sysvars.inc
WARNING: Var H_DSKF is never used on line 3077 of file basic/sysvars.inc
WARNING: Var H_FILE is never used on line 3086 of file basic/sysvars.inc
WARNING: Var H_KILL is never used on line 3085 of file basic/sysvars.inc
WARNING: Var H_MKD is never used on line 3080 of file basic/sysvars.inc
WARNING: Var H_MKI is never used on line 3078 of file basic/sysvars.inc
WARNING: Var H_MKS is never used on line 3079 of file basic/sysvars.inc
WARNING: Var H_NAME is never used on line 3084 of file basic/sysvars.inc
WARNING: Var H_TIMI is never used on line 3069 of file basic/sysvars.inc
WARNING: Var H_ZKEY is never used on line 3099 of file basic/sysvars.inc
WARNING: Var INDLR_N is never used on line 791 of file basic/sysvars.inc
WARNING: Var INP_CURSOR is never used on line 841 of file basic/sysvars.inc
WARNING: Var INT_MAIN_PRIM is never used on line 3799 of file basic/sysvars.inc
WARNING: Var INT_SUB_PRIM is never used on line 3800 of file basic/sysvars.inc
WARNING: Var INT_SUB_SUBSL is never used on line 3801 of file basic/sysvars.inc
WARNING: Var IN_RDLEN is never used on line 2642 of file basic/sysvars.inc
WARNING: Var LE_OP_AUTO is never used on line 2902 of file basic/sysvars.inc
WARNING: Var LE_OP_DELRANGE is never used on line 2872 of file basic/sysvars.inc
WARNING: Var LE_OP_LLSTRANGE is never used on line 2889 of file basic/sysvars.inc
WARNING: Var LE_OP_LSTRANGE is never used on line 2874 of file basic/sysvars.inc
WARNING: Var LE_OP_RELINK is never used on line 2871 of file basic/sysvars.inc
WARNING: Var LE_OP_RENUM is never used on line 2897 of file basic/sysvars.inc
WARNING: Var LE_OP_RENUM_NEXT is never used on line 2898 of file basic/sysvars.inc
WARNING: Var LE_OP_STORE is never used on line 2870 of file basic/sysvars.inc
WARNING: Var LHS_FAC is never used on line 3727 of file basic/sysvars.inc
WARNING: Var LHS_FACTYP is never used on line 3723 of file basic/sysvars.inc
WARNING: Var LHS_VARTYPE is never used on line 3841 of file basic/sysvars.inc
WARNING: Var LINEMAX is never used on line 862 of file basic/sysvars.inc
WARNING: Var LINL32 is never used on line 113 of file basic/sysvars.inc
WARNING: Var LINL40 is never used on line 112 of file basic/sysvars.inc
WARNING: Var LOC_COL is never used on line 1370 of file basic/sysvars.inc
WARNING: Var LOC_ROW is never used on line 1371 of file basic/sysvars.inc
WARNING: Var LOG_COEF_DEG is never used on line 112 of file math-coeffs.inc
WARNING: Var LPTPOS is never used on line 2991 of file basic/sysvars.inc
WARNING: Var LPT_MODE is never used on line 1510 of file basic/sysvars.inc
WARNING: Var MC_TYPE is never used on line 3918 of file basic/sysvars.inc
WARNING: Var MRG_PTR is never used on line 792 of file basic/sysvars.inc
WARNING: Var MSGESC_HI is never used on line 4465 of file basic/sysvars.inc
WARNING: Var MSGESC_LO is never used on line 4464 of file basic/sysvars.inc
WARNING: Var MSGESC_SUB is never used on line 4484 of file basic/sysvars.inc
WARNING: Var MSGESC_UTOF is never used on line 4443 of file basic/sysvars.inc
WARNING: Var MUL32 is never used on line 3749 of file basic/sysvars.inc
WARNING: Var MULCAND is never used on line 3747 of file basic/sysvars.inc
WARNING: Var MULTPLR is never used on line 3748 of file basic/sysvars.inc
WARNING: Var MUL_ADIG is never used on line 3742 of file basic/sysvars.inc
WARNING: Var MUL_CARRY is never used on line 3743 of file basic/sysvars.inc
WARNING: Var MUL_I is never used on line 3739 of file basic/sysvars.inc
WARNING: Var MUL_PP is never used on line 3746 of file basic/sysvars.inc
WARNING: Var NEWKEY is never used on line 3103 of file basic/sysvars.inc
WARNING: Var ONELIN is never used on line 1084 of file basic/sysvars.inc
WARNING: Var OO_DEVTYPE is never used on line 1499 of file basic/sysvars.inc
WARNING: Var OO_RECLEN_CHAN is never used on line 3315 of file basic/sysvars.inc
WARNING: Var PLF_RA is never used on line 3760 of file basic/sysvars.inc
WARNING: Var PLF_RA2 is never used on line 3762 of file basic/sysvars.inc
WARNING: Var PRDEST is never used on line 1491 of file basic/sysvars.inc
WARNING: Var PRDEV is never used on line 1498 of file basic/sysvars.inc
WARNING: Var PSLTREG is never used on line 105 of file basic/sysvars.inc
WARNING: Var PU_FMTMAX is never used on line 3236 of file basic/sysvars.inc
WARNING: Var PU_WP is never used on line 3242 of file basic/sysvars.inc
WARNING: Var RDSLT is never used on line 102 of file basic/sysvars.inc
WARNING: Var RESUMEFLAG is never used on line 2459 of file basic/sysvars.inc
WARNING: Var RESUMEPTR is never used on line 2458 of file basic/sysvars.inc
WARNING: Var RL_AUTO is never used on line 2971 of file basic/sysvars.inc
WARNING: Var SAVSTK is never used on line 994 of file basic/sysvars.inc
WARNING: Var SAVTXT is never used on line 1179 of file basic/sysvars.inc
WARNING: Var SCAN_INIT is never used on line 2477 of file basic/sysvars.inc
WARNING: Var SCAN_PRIM is never used on line 2475 of file basic/sysvars.inc
WARNING: Var SCAN_SLOT is never used on line 2476 of file basic/sysvars.inc
WARNING: Var SIN_COEF_DEG is never used on line 317 of file math-coeffs.inc
WARNING: Var STATFL is never used on line 750 of file basic/sysvars.inc
WARNING: Var STMOTR is never used on line 2302 of file basic/sysvars.inc
WARNING: Var SUBROM_IDX_ARY is never used on line 61 of file equates.inc
WARNING: Var SUBROM_IDX_BEEP is never used on line 221 of file equates.inc
WARNING: Var SUBROM_IDX_CASMATCH is never used on line 134 of file equates.inc
WARNING: Var SUBROM_IDX_DETOK is never used on line 46 of file equates.inc
WARNING: Var SUBROM_IDX_DIRVERB is never used on line 113 of file equates.inc
WARNING: Var SUBROM_IDX_ERRMSG is never used on line 165 of file equates.inc
WARNING: Var SUBROM_IDX_FATPRIM is never used on line 105 of file equates.inc
WARNING: Var SUBROM_IDX_FCBNAME is never used on line 151 of file equates.inc
WARNING: Var SUBROM_IDX_FLDLOOK is never used on line 237 of file equates.inc
WARNING: Var SUBROM_IDX_FORMAT is never used on line 93 of file equates.inc
WARNING: Var SUBROM_IDX_GRAPHICS is never used on line 203 of file equates.inc
WARNING: Var SUBROM_IDX_INTTEST is never used on line 54 of file equates.inc
WARNING: Var SUBROM_IDX_LINEEDIT is never used on line 123 of file equates.inc
WARNING: Var SUBROM_IDX_LRSETST is never used on line 251 of file equates.inc
WARNING: Var SUBROM_IDX_PARSELN is never used on line 183 of file equates.inc
WARNING: Var SUBROM_IDX_PING is never used on line 44 of file equates.inc
WARNING: Var SUBROM_IDX_PLAY_PARSE is never used on line 120 of file equates.inc
WARNING: Var SUBROM_IDX_PU_TAIL is never used on line 83 of file equates.inc
WARNING: Var SUBROM_IDX_PU_TOFIELD is never used on line 82 of file equates.inc
WARNING: Var SUBROM_IDX_READVAL is never used on line 214 of file equates.inc
WARNING: Var SUBROM_IDX_SCANSTMT is never used on line 98 of file equates.inc
WARNING: Var SUBROM_IDX_STRHEAP is never used on line 73 of file equates.inc
WARNING: Var SUBROM_IDX_TITLE is never used on line 141 of file equates.inc
WARNING: Var SUBROM_IDX_TOKENISE is never used on line 45 of file equates.inc
WARNING: Var SUBSLOT is never used on line 3779 of file basic/sysvars.inc
WARNING: Var SUBSLOT_OK is never used on line 3780 of file basic/sysvars.inc
WARNING: Var SV_OP_BSV_CAS is never used on line 1308 of file basic/sysvars.inc
WARNING: Var SV_OP_BSV_DISK is never used on line 1307 of file basic/sysvars.inc
WARNING: Var SV_OP_SAV_CAS is never used on line 1310 of file basic/sysvars.inc
WARNING: Var SV_OP_SAV_DISK is never used on line 1309 of file basic/sysvars.inc
WARNING: Var SW_ADDR is never used on line 1397 of file basic/sysvars.inc
WARNING: Var SW_ADDR1 is never used on line 1399 of file basic/sysvars.inc
WARNING: Var SW_MODE is never used on line 1401 of file basic/sysvars.inc
WARNING: Var SW_TYPE is never used on line 1398 of file basic/sysvars.inc
WARNING: Var SW_TYPE1 is never used on line 1400 of file basic/sysvars.inc
WARNING: Var TOKBUFSZ is never used on line 903 of file basic/sysvars.inc
WARNING: Var TRACEFLAG is never used on line 1320 of file basic/sysvars.inc
WARNING: Var TRAPENA is never used on line 1245 of file basic/sysvars.inc
WARNING: Var TRAPPEND is never used on line 1249 of file basic/sysvars.inc
WARNING: Var TRAPSVC is never used on line 1255 of file basic/sysvars.inc
WARNING: Var TRAPS_T3 is never used on line 536 of file basic/sysvars.inc
WARNING: Var TRAPS_T4 is never used on line 544 of file basic/sysvars.inc
WARNING: Var TRAPS_T5 is never used on line 552 of file basic/sysvars.inc
WARNING: Var TRAP_FRAME is never used on line 3450 of file basic/sysvars.inc
WARNING: Var TXTTAB is never used on line 2011 of file basic/sysvars.inc
WARNING: Var USRTAB is never used on line 2227 of file basic/sysvars.inc
WARNING: Var VALTYP is never used on line 1484 of file basic/sysvars.inc
WARNING: Var VARTYPE is never used on line 3828 of file basic/sysvars.inc
WARNING: Var VCBC is never used on line 3040 of file basic/sysvars.inc
WARNING: Var VOICBQ is never used on line 3031 of file basic/sysvars.inc
WARNING: Var VOICCQ is never used on line 3032 of file basic/sysvars.inc
WARNING: Var VS_INT_VAL is never used on line 3836 of file basic/sysvars.inc
WARNING: Var VS_TARGET_TYPE is never used on line 3833 of file basic/sysvars.inc
WARNING: Var WIDIG is never used on line 3737 of file basic/sysvars.inc
WARNING: Var WRTVDP is never used on line 13 of file basic/sysvars.inc
WARNING: Var WSRC is never used on line 3751 of file basic/sysvars.inc
WARNING: Var WSRC_TYP is never used on line 3754 of file basic/sysvars.inc
WARNING: Var ZINTCNT is never used on line 1244 of file basic/sysvars.inc
WARNING: Var ZINTVAL is never used on line 1243 of file basic/sysvars.inc
WARNING: Var ZTI_INTERVAL is never used on line 1205 of file basic/sysvars.inc
WARNING: Var ZTI_KEY1 is never used on line 1209 of file basic/sysvars.inc
WARNING: Var ZTI_SPRITE is never used on line 1207 of file basic/sysvars.inc
WARNING: Var ZTI_STOP is never used on line 1206 of file basic/sysvars.inc
WARNING: Var ZTI_STRIG0 is never used on line 1208 of file basic/sysvars.inc
WARNING: Var ZTRAP is never used on line 1195 of file basic/sysvars.inc
WARNING: Var ZTRAP_ENTSZ is never used on line 1204 of file basic/sysvars.inc
WARNING: Var ZTRAP_NENT is never used on line 1221 of file basic/sysvars.inc
WARNING: Var ZTS_OFF is never used on line 1223 of file basic/sysvars.inc
WARNING: Var ZTS_ON is never used on line 1224 of file basic/sysvars.inc
WARNING: Var ZTS_PENDING is never used on line 1228 of file basic/sysvars.inc
WARNING: Var ZTS_SERVICING is never used on line 1226 of file basic/sysvars.inc
WARNING: Var ZTS_SHADOW is never used on line 1229 of file basic/sysvars.inc
WARNING: Var ZTS_STATE_MASK is never used on line 1227 of file basic/sysvars.inc
WARNING: Var ZTS_STOP is never used on line 1225 of file basic/sysvars.inc
WARNING: Var __MEAS_SUB_P0_END is never used on line 400 of file sub/sub.asm
WARNING: Var __MEAS_SUB_P1_END is never used on line 840 of file sub/sub.asm
WARNING: Var aal_ceil_try is never used on line 1213 of file arrays.asm
WARNING: Var cpt_at_c is never used on line 123 of file circleparse.asm
WARNING: Var cpt_at_start is never used on line 154 of file circleparse.asm
WARNING: Var fat_io_open is never used on line 26 of file basic/fatio-body.inc
WARNING: Var fmt_menu_text is never used on line 118 of file basic/format-body.inc
WARNING: Var fsqn_up_check is never used on line 573 of file fp_sqrt.asm
WARNING: Var g8_reprogram is never used on line 4159 of file graphics.asm
WARNING: Var graphics_selftest is never used on line 119 of file graphics.asm
WARNING: Var sap_ok is never used on line 1379 of file strheap.asm
WARNING: Var scv_ceil_try is never used on line 743 of file arrays.asm
WARNING: Var sg_walk_temps is never used on line 805 of file strheap.asm
WARNING: Var shf_fill is never used on line 1992 of file strheap.asm
WARNING: Var show_title is never used on line 23 of file ../basic/title-body.inc
WARNING: Var sub_p0_table is never used on line 130 of file sub/sub.asm
WARNING: Var sub_p1_table is never used on line 421 of file sub/sub.asm
WARNING: Var tcr_leadok is never used on line 783 of file tkfloat.asm
WARNING: Var tkf_cmp5 is never used on line 622 of file tkfloat.asm
WARNING: Var tnt_name_stamp is never used on line 76 of file dirverb.asm
build/sub.rom: 32768 bytes (exact -- the assembler wrote the whole image)
wrote C-BIOS_MSX1_EU_REPACK_DISK  (-> machine "C-BIOS_MSX1_EU_REPACK_DISK": merged repack ROM in slot 0, zerobas-disk in slot 3-1, zerobas-sub in slot 3-2)
     /Users/joost/.openMSX/share/machines/C-BIOS_MSX1_EU_REPACK_DISK.xml
wrote C-BIOS_MSX1_EU_REPACK_NODISK  (-> machine "C-BIOS_MSX1_EU_REPACK_NODISK": merged repack ROM in slot 0, slot 3-1 EMPTY (diskless target), zerobas-sub in slot 3-2)
     /Users/joost/.openMSX/share/machines/C-BIOS_MSX1_EU_REPACK_NODISK.xml
