python3 tools/run_gates.py --full 
=== warm-up (serial build of shared artifacts) ===
warm-up 8s
=== refcache OFF for every unit: a gate measures, it never replays (docs/spec-refcache.md §7) ===
=== emulator tier RUNS: forced by --full ===
=== 4 tree-mutating unit(s), SERIAL (they rewrite a shared tracked file) ===
  rc=2              1s  switch-build-check
  rc=0              6s  diskdep-check
  rc=0              0s  wall-literal-check
  rc=0             48s  selftest-check
  (post-mutator refresh 7s -- the plants moved mtimes, so the pool would otherwise race a rebuild)
=== 117 units, J=8, lineerr in 8 shards, nice=0 solo=None ===
  rc=0              3s  basic-reloc
  rc=0              0s  subrom-abi-check
  rc=0              0s  diskrom-abi-check
  rc=0              0s  rom-parts-check
  rc=0              1s  subrom-closure-check
  rc=0             28s  unit-test
  rc=0              0s  deadcode
  rc=0              3s  wall-assertion-check
  rc=0              0s  ram-claim-check
  rc=0              0s  build-assert-check
  rc=0              4s  needle-case-check
  rc=0              0s  redundant-load-check
  rc=0              2s  rowshape-check
  rc=0              5s  injector-check
  rc=0              1s  temp-root-check
  rc=0              2s  todo-citation-check
  rc=0              0s  todo-marker-check
  rc=0              0s  deferral-pin-check
  rc=0              1s  error-alphabet-check
  rc=0              2s  chokepoint-check
  rc=0              0s  shared-body-check
  rc=0              0s  probe-reach-check
  rc=0              0s  battery-membership-check
  rc=0              0s  fixture-integrity-check
  rc=0              1s  preflight-check
  rc=0              4s  latch-check
  rc=0             26s  kwsweep
  rc=0             12s  patch-freshness-check
  rc=0              2s  refcache-check
  rc=0              0s  knife-guard-check
  rc=0              1s  knife-rom-guard-check
  rc=0              0s  deffn-selftest
  rc=0              1s  banner-acceptance
  rc=0             34s  string-acceptance
  rc=0             20s  str-domain-acceptance
  rc=0             12s  strparen-acceptance
  rc=0             52s  penderr-acceptance
  rc=0             60s  missing-acceptance
  rc=0             11s  error-acceptance
  rc=0             62s  error-trap-acceptance
  rc=0             99s  onerr0-acceptance
  rc=0            123s  math-acceptance
  rc=0             97s  float-acceptance
  rc=0             44s  intarg-acceptance
  rc=0             37s  logicops-acceptance
  rc=0            258s  screenerr-acceptance
  rc=0             43s  tmfp-acceptance
  rc=0             71s  stmtpend-acceptance
  rc=0            125s  array-acceptance
  rc=0            140s  deffn-strict
  rc=0            416s  graphics-acceptance
  rc=0             65s  abort-acceptance
  rc=0            157s  interval-trap-acceptance
  rc=0             89s  clearpool-acceptance
  rc=0            147s  stackpool-acceptance
  rc=0            165s  trapdepth-acceptance
  rc=0             76s  ctlcross-acceptance
  rc=0            390s  ctllim-acceptance
  rc=0            459s  ramfree-acceptance
  rc=0             18s  txtceil-acceptance
  rc=0             17s  cursor-acceptance
  rc=0             81s  time-acceptance
  rc=0            317s  namspc-acceptance
  rc=0            101s  arrdim-acceptance
  rc=0             56s  arylv-acceptance
  rc=0             60s  badfnum-acceptance
  rc=0              8s  beep-acceptance
  rc=0             26s  binfre-acceptance
  rc=0             29s  cassave-acceptance
  rc=0             87s  castail-acceptance
  rc=0            129s  deffn-acceptance
  rc=0             46s  direct-ctrl-acceptance
  rc=0             18s  dskmsg-acceptance
  rc=0             85s  editverb-acceptance
  rc=0             33s  fldary-acceptance
  rc=0            105s  fldwidth-acceptance
  rc=0             33s  forvar-acceptance
  rc=0             55s  gicini-acceptance
  rc=0              5s  graphics-floor-acceptance
  rc=0            164s  ifsem-acceptance
  rc=0              4s  input-acceptance
  rc=0             63s  nodisk-acceptance
  rc=0             83s  pusing-acceptance
  rc=0             44s  catterm-acceptance
  rc=0             19s  catusr-acceptance
  rc=0             19s  nameord-acceptance
  rc=0              7s  namegate-acceptance
  rc=0             46s  inputary-acceptance
  rc=0            150s  key-trap-acceptance
  rc=0             65s  linemax-acceptance
  rc=0            157s  lnblank-acceptance
  rc=0             36s  locarg-acceptance
  rc=0             50s  lof-acceptance
  rc=0             90s  lptverb-acceptance
  rc=0             62s  lrvar-acceptance
  rc=0             63s  lvfix-acceptance
  rc=0             22s  nxary-acceptance
  rc=0             22s  nxlist-acceptance
  rc=0             29s  play-acceptance
  rc=0             12s  play-trace-acceptance
  rc=0             21s  readvar-acceptance
  rc=0             18s  runtail-acceptance
  rc=0             23s  sound-acceptance
  rc=0             74s  sprite-trap-acceptance
  rc=0             55s  stop-trap-acceptance
  rc=0            153s  strig-trap-acceptance
  rc=0              0s  subrom-acceptance
  rc=0             71s  tgtspc-acceptance
  rc=0             78s  width-acceptance
  rc=0            113s  lineerr#1/8
  rc=0            116s  lineerr#2/8
  rc=0            116s  lineerr#3/8
  rc=0            111s  lineerr#4/8
  rc=0            110s  lineerr#5/8
  rc=0            105s  lineerr#6/8
  rc=0             96s  lineerr#7/8
  rc=0             72s  lineerr#8/8

=== wall 935s (8s build + 927s gates) ===
GATES: 113/114 green
RED: switch-build-check
hashes: 2e8c360f bd57af78 8ba43c67 9a96945d
make: *** [gates-full] Error 1
