=== D-CASFCH: GET/PUT/FIELD/INPUT$ on a CAS: channel, MEASURED ===

program (identical on both sides):
    10 ONERRORGOTO900
    20 E=0:OPEN"CAS:T"FOR OUTPUT AS#1:POKE&HD005,E
    30 E=0:FIELD#1,10 AS A$:POKE&HD006,E
    40 E=0:GET#1,1:POKE&HD007,E
    50 E=0:PUT#1,1:POKE&HD008,E
    60 E=0:A$=INPUT$(1,#1):POKE&HD009,E
    65 POKE&HD00A,&HA5
    70 E=0:OPEN"LPT:"FOR OUTPUT AS#2:POKE&HD00B,E
    72 E=0:FIELD#2,10 AS B$:POKE&HD00C,E
    74 E=0:GET#2,1:POKE&HD00D,E
    76 E=0:A$=INPUT$(1,#2):POKE&HD00E,E
    78 POKE&HD00F,&HA5
    80 END
    900 E=ERR:RESUME NEXT

-- zerobas (typed, repack disk machine) --

-- CF-3300 (stock, AUTOEXEC.BAS from disk, RAM read back) --

  slot     statement                      CF-3300   zerobas
  open     OPEN"CAS:T"FOR OUTPUT AS#1           0         0
  field    FIELD#1,10 AS A$                     5         5
  get      GET#1,1                             58        58
  put      PUT#1,1                             58        58
  inp      A$=INPUT$(1,#1)                     55        55
  MARK     -- cas done marker &HA5 --         165       165  (ran)
  l.open   OPEN"LPT:"FOR OUTPUT AS#2           52        52
  l.field  FIELD#2,10 AS B$                    52        52
  l.get    GET#2,1                             52        52
  l.inp    A$=INPUT$(1,#2)                     52        52
  LMARK    -- lpt done marker &HA5 --         165       165  (ran)

ALL AGREE — the inference is CONFIRMED by measurement
refcache: 0 hit, 1 miss, 1 stored
