python3 tools/run_gates.py --full 
=== warm-up (serial build of shared artifacts) ===
warm-up 7s
=== refcache OFF for every unit: a gate measures, it never replays (docs/spec-refcache.md §7) ===
=== emulator tier RUNS: forced by --full ===
=== 4 tree-mutating unit(s), SERIAL (they rewrite a shared tracked file) ===
  rc=0              1s  switch-build-check
  rc=0              5s  diskdep-check
  rc=0              0s  wall-literal-check
  rc=0             47s  selftest-check
  (post-mutator refresh 7s -- the plants moved mtimes, so the pool would otherwise race a rebuild)
=== 117 units, J=8, lineerr in 8 shards, nice=0 solo=None ===
  rc=0              3s  basic-reloc
  rc=0              0s  subrom-abi-check
  rc=0              0s  diskrom-abi-check
  rc=0              0s  rom-parts-check
  rc=0              1s  subrom-closure-check
  rc=0             28s  unit-test
  rc=0              0s  deadcode
  rc=0              3s  wall-assertion-check
  rc=0              0s  ram-claim-check
  rc=0              0s  build-assert-check
  rc=0              4s  needle-case-check
  rc=0              0s  redundant-load-check
  rc=0              1s  rowshape-check
  rc=0              5s  injector-check
  rc=0              1s  temp-root-check
  rc=0              2s  todo-citation-check
  rc=0              0s  todo-marker-check
  rc=0              0s  deferral-pin-check
  rc=0              1s  error-alphabet-check
  rc=0              2s  chokepoint-check
  rc=0              0s  shared-body-check
  rc=0              0s  probe-reach-check
  rc=0              0s  battery-membership-check
  rc=0              0s  fixture-integrity-check
  rc=0              1s  preflight-check
  rc=0              4s  latch-check
  rc=0             18s  kwsweep
  rc=0             12s  patch-freshness-check
  rc=0              3s  refcache-check
  rc=0              0s  knife-guard-check
  rc=0              1s  knife-rom-guard-check
  rc=0              0s  deffn-selftest
  rc=0              0s  banner-acceptance
  rc=0             36s  string-acceptance
  rc=0             18s  str-domain-acceptance
  rc=0             11s  strparen-acceptance
  rc=0             52s  penderr-acceptance
  rc=0             45s  missing-acceptance
  rc=0             12s  error-acceptance
  rc=0             67s  error-trap-acceptance
  rc=0            102s  onerr0-acceptance
  rc=0            124s  math-acceptance
  rc=0             97s  float-acceptance
  rc=0             43s  intarg-acceptance
  rc=0             34s  logicops-acceptance
  rc=0            321s  screenerr-acceptance
  rc=0             45s  tmfp-acceptance
  rc=0             74s  stmtpend-acceptance
  rc=0            135s  array-acceptance
  rc=0            157s  deffn-strict
  rc=0            574s  graphics-acceptance
  rc=0             74s  abort-acceptance
  rc=0            206s  interval-trap-acceptance
  rc=0            116s  clearpool-acceptance
  rc=0            158s  stackpool-acceptance
  rc=0            221s  trapdepth-acceptance
  rc=0            103s  ctlcross-acceptance
  rc=0            710s  ctllim-acceptance
  rc=0            760s  ramfree-acceptance
  rc=0             27s  txtceil-acceptance
  rc=0             18s  cursor-acceptance
  rc=0            108s  time-acceptance
  rc=0            482s  namspc-acceptance
  rc=0            178s  arrdim-acceptance
  rc=0            106s  arylv-acceptance
  rc=0            116s  badfnum-acceptance
  rc=0             19s  beep-acceptance
  rc=0             61s  binfre-acceptance
  rc=0             41s  cassave-acceptance
  rc=0            126s  castail-acceptance
  rc=0            183s  deffn-acceptance
  rc=0             84s  direct-ctrl-acceptance
  rc=0             19s  dskmsg-acceptance
  rc=0            123s  editverb-acceptance
  rc=0             52s  fldary-acceptance
  rc=0            142s  fldwidth-acceptance
  rc=0             35s  forvar-acceptance
  rc=0             73s  gicini-acceptance
  rc=0              1s  graphics-floor-acceptance
  rc=0            230s  ifsem-acceptance
  rc=0              9s  input-acceptance
  rc=0             94s  nodisk-acceptance
  rc=0            122s  pusing-acceptance
  rc=0             73s  catterm-acceptance
  rc=0             24s  catusr-acceptance
  rc=0             31s  nameord-acceptance
  rc=0             13s  namegate-acceptance
  rc=0             70s  inputary-acceptance
  rc=0            217s  key-trap-acceptance
  rc=0            106s  linemax-acceptance
  rc=0            284s  lnblank-acceptance
  rc=0             85s  locarg-acceptance
  rc=0             73s  lof-acceptance
  rc=0            141s  lptverb-acceptance
  rc=0             88s  lrvar-acceptance
  rc=0             83s  lvfix-acceptance
  rc=0             31s  nxary-acceptance
  rc=0             37s  nxlist-acceptance
  rc=0             49s  play-acceptance
  rc=0             17s  play-trace-acceptance
  rc=0             27s  readvar-acceptance
  rc=0             11s  runtail-acceptance
  rc=0             40s  sound-acceptance
  rc=0            104s  sprite-trap-acceptance
  rc=0             82s  stop-trap-acceptance
  rc=0            216s  strig-trap-acceptance
  rc=0              0s  subrom-acceptance
  rc=0            104s  tgtspc-acceptance
  rc=0            127s  width-acceptance
  rc=0            168s  lineerr#1/8
  rc=0            169s  lineerr#2/8
  rc=0            174s  lineerr#3/8
  rc=0            166s  lineerr#4/8
  rc=0            157s  lineerr#5/8
  rc=0            157s  lineerr#6/8
  rc=0            142s  lineerr#7/8
  rc=0            107s  lineerr#8/8

=== wall 1330s (7s build + 1323s gates) ===
GATES: 114/114 green
hashes: c04615fe 80bd3b7d bb2c1f7a c31d6239
recorded: this full green battery is now the baseline a future skip must prove itself against
