python3 tools/run_gates.py 
=== warm-up (serial build of shared artifacts) ===
warm-up 7s
=== refcache OFF for every unit: a gate measures, it never replays (docs/spec-refcache.md §7) ===
=== emulator tier RUNS: ROM images differ from the last green battery ===
=== 4 tree-mutating unit(s), SERIAL (they rewrite a shared tracked file) ===
  rc=0              1s  switch-build-check
  rc=0              6s  diskdep-check
  rc=0              0s  wall-literal-check
  rc=0             50s  selftest-check
  (post-mutator refresh 7s -- the plants moved mtimes, so the pool would otherwise race a rebuild)
=== 131 units, J=8, lineerr in 8 shards, nice=0 solo=None ===
  rc=0              3s  basic-reloc
  rc=0              0s  deps-check
  rc=0              0s  subrom-abi-check
  rc=0              0s  diskrom-abi-check
  rc=0              0s  rom-parts-check
  rc=0              1s  subrom-closure-check
  rc=0             27s  unit-test
  rc=0              0s  deadcode
  rc=0              3s  wall-assertion-check
  rc=0              0s  ram-claim-check
  rc=0              0s  build-assert-check
  rc=0              3s  needle-case-check
  rc=0              0s  redundant-load-check
  rc=0              1s  rowshape-check
  rc=0              5s  injector-check
  rc=0              1s  temp-root-check
  rc=0              2s  todo-citation-check
  rc=0              0s  todo-marker-check
  rc=0              0s  deferral-pin-check
  rc=0              1s  error-alphabet-check
  rc=0              2s  chokepoint-check
  rc=0              0s  filed-pin-check
  rc=0              2s  disk-mount-check
  rc=0              0s  shared-body-check
  rc=0              0s  probe-reach-check
  rc=0              0s  battery-membership-check
  rc=0              0s  fixture-integrity-check
  rc=0              1s  preflight-check
  rc=0              4s  latch-check
  rc=0             67s  kwsweep
  rc=0             11s  patch-freshness-check
  rc=0              1s  refcache-check
  rc=0              0s  knife-guard-check
  rc=0              1s  knife-rom-guard-check
  rc=0              0s  deffn-selftest
  rc=0              0s  probe-sides-selftest
  rc=0              0s  banner-acceptance
  rc=0             36s  string-acceptance
  rc=0             18s  str-domain-acceptance
  rc=0             12s  strparen-acceptance
  rc=0             53s  penderr-acceptance
  rc=0             45s  missing-acceptance
  rc=0             11s  error-acceptance
  rc=0             67s  error-trap-acceptance
  rc=0             93s  onerr0-acceptance
  rc=0            113s  math-acceptance
  rc=0             89s  float-acceptance
  rc=0             63s  intarg-acceptance
  rc=0             45s  logicops-acceptance
  rc=0            234s  screenerr-acceptance
  rc=0             43s  tmfp-acceptance
  rc=0             61s  stmtpend-acceptance
  rc=0            113s  array-acceptance
  rc=0            126s  deffn-strict
  rc=0            367s  graphics-acceptance
  rc=0             55s  abort-acceptance
  rc=0            137s  interval-trap-acceptance
  rc=0             89s  clearpool-acceptance
  rc=0            128s  stackpool-acceptance
  rc=0            149s  trapdepth-acceptance
  rc=0             63s  trapsvc-acceptance
  rc=0             74s  ctlcross-acceptance
  rc=0            397s  ctllim-acceptance
  rc=0            393s  ramfree-acceptance
  rc=0             18s  txtceil-acceptance
  rc=0              7s  runline-acceptance
  rc=0             10s  keystr-acceptance
  rc=0              4s  loc-acceptance
  rc=0              9s  dskio-acceptance
  rc=0             11s  copy-acceptance
  rc=0             10s  screditor-acceptance
  rc=0             13s  nodiskerr-acceptance
  rc=0             20s  parennest-acceptance
  rc=0             14s  cursor-acceptance
  rc=0             88s  time-acceptance
  rc=0            287s  namspc-acceptance
  rc=0            101s  arrdim-acceptance
  rc=0             19s  asciidigit-acceptance
  rc=0             55s  arylv-acceptance
  rc=0             60s  badfnum-acceptance
  rc=0              9s  beep-acceptance
  rc=0             22s  binfre-acceptance
  rc=0             17s  cassave-acceptance
  rc=0             74s  castail-acceptance
  rc=0            117s  deffn-acceptance
  rc=0             50s  direct-ctrl-acceptance
  rc=0             11s  dskmsg-acceptance
  rc=0             80s  editverb-acceptance
  rc=0             30s  fldary-acceptance
  rc=0             95s  fldwidth-acceptance
  rc=0             26s  forvar-acceptance
  rc=0             46s  gicini-acceptance
  rc=0              4s  graphics-floor-acceptance
  rc=0            144s  ifsem-acceptance
  rc=0              4s  input-acceptance
  rc=0             73s  nodisk-acceptance
  rc=0             85s  pusing-acceptance
  rc=0             43s  catterm-acceptance
  rc=0             13s  catusr-acceptance
  rc=0             19s  nameord-acceptance
  rc=0             14s  namegate-acceptance
  rc=0             33s  inputary-acceptance
  rc=0            132s  key-trap-acceptance
  rc=0             53s  linemax-acceptance
  rc=0            120s  lnblank-acceptance
  rc=0             45s  locarg-acceptance
  rc=0             42s  lof-acceptance
  rc=0             86s  lptverb-acceptance
  rc=0             49s  lrvar-acceptance
  rc=0             54s  lvfix-acceptance
  rc=0             29s  nxary-acceptance
  rc=0             28s  nxlist-acceptance
  rc=0             30s  play-acceptance
  rc=0             11s  play-trace-acceptance
  rc=0             21s  readvar-acceptance
  rc=0             10s  runtail-acceptance
  rc=0             29s  sound-acceptance
  rc=0             72s  sprite-trap-acceptance
  rc=0             55s  stop-trap-acceptance
  rc=0            133s  strig-trap-acceptance
  rc=0              0s  subrom-acceptance
  rc=0             71s  tgtspc-acceptance
  rc=0             79s  width-acceptance
  rc=0            106s  lineerr#1/8
  rc=0            106s  lineerr#2/8
  rc=0            104s  lineerr#3/8
  rc=0            102s  lineerr#4/8
  rc=0             95s  lineerr#5/8
  rc=0             93s  lineerr#6/8
  rc=0             81s  lineerr#7/8
  rc=0             61s  lineerr#8/8

=== wall 896s (7s build + 889s gates) ===
GATES: 128/128 green
hashes: 1a1a18cd 974f164c 15ee616b fc5ed2de
recorded: this full green battery is now the baseline a future skip must prove itself against
