  ran zb      h.none    'SAME'
  ran zb      h.ok      'SAME'
  ran zb      h.set     'SAME'
  ran zb      h.trail   'SAME'
  ran zb      h.comma   'SAME'
  ran zb      h.div     'SAME'
  ran zb      h.str     'SAME'
  ran zb      h.ovf     'SAME'
  ran zb      h.hd000   'SAME'
  ran zb      h.neg     'SAME'

  h.none   zb='SAME'   (zb only)
  h.ok     zb='SAME'   (zb only)
  h.set    zb='SAME'   (zb only)
  h.trail  zb='SAME'   (zb only)
  h.comma  zb='SAME'   (zb only)
  h.div    zb='SAME'   (zb only)
  h.str    zb='SAME'   (zb only)
  h.ovf    zb='SAME'   (zb only)
  h.hd000  zb='SAME'   (zb only)
  h.neg    zb='SAME'   (zb only)

ROWS: 10 printed, 0 scored -- 0 DIFF
