  ran zb      q.trail   '2 0'
  ran zb      q.kcolon  '2 0'
  ran zb      q.comma   '2 0'
  ran zb      q.commak  '2 0'
  ran zb      q.conly   '2 0'
  ran zb      q.div     '2 0'
  ran zb      q.str     '2 0'
  ran zb      q.ovf     '2 0'
  ran zb      q.ok      '0 0'
  ran zb      q.both    '2 0'
  ran zb      q.bare    '0 0'
  ran zb      q.kbare   '0 0'
  ran zb      z.hd000   '2 0'
  ran zb      z.seq     'UNTRAPPED Syntax error in 30'
  ran zb      z.neg     '2 0'
  ran zb      t.notrap  '11 0'

  q.trail   zb='2 0'   (zb only)
  q.kcolon  zb='2 0'   (zb only)
  q.comma   zb='2 0'   (zb only)
  q.commak  zb='2 0'   (zb only)
  q.conly   zb='2 0'   (zb only)
  q.div     zb='2 0'   (zb only)
  q.str     zb='2 0'   (zb only)
  q.ovf     zb='2 0'   (zb only)
  q.ok      zb='0 0'   (zb only)
  q.both    zb='2 0'   (zb only)
  q.bare    zb='0 0'   (zb only)
  q.kbare   zb='0 0'   (zb only)
  z.hd000   zb='2 0'   (zb only)
  z.seq     zb='UNTRAPPED Syntax error in 30'   (zb only)
  z.neg     zb='2 0'   (zb only)
  t.notrap  zb='11 0'   (zb only)

ROWS: 16 printed, 0 scored -- 0 DIFF
