FILE: PRINT #1,<v> then INPUT #1,X
value              National_CF-3300   C-BIOS_MSX1_EU_REPAC
  '5'                         [ 5 0 ]                [ 5 0 ]
  '-3'                        [-3 0 ]                [-3 0 ]
  '1.5'                     [ 1.5 0 ]              [ 1.5 0 ]
  '40000'                 [ 40000 0 ]            [ 40000 0 ]
  '1E3'                    [ 1000 0 ]             [ 1000 0 ]
  '-2.5E-2'                [-.025 0 ]             [-.025 0 ]
  '1/3'         [ .33333333333333 0 ]  [ .33333333333333 0 ]
  '123456789'         [ 123456789 0 ]        [ 123456789 0 ]
  'A%'                        [ 4 0 ]                [ 4 0 ]
  '1#/3'        [ .33333333333333 0 ]  [ .33333333333333 0 ]
FILE round 3: what a numeric item consumes (X X$ | EOF after | LINE INPUT rest | LEN ERR)
value              National_CF-3300   C-BIOS_MSX1_EU_REPAC
  'blankcr'        [ 1 | 0 |XY| 2 0 ]     [ 1 | 0 |XY| 2 0 ]
  'twoitems'       [ 1 | 0 |2 | 2 0 ]     [ 1 | 0 |2 | 2 0 ]
  'comma'           [ 1 | 0 |2| 1 0 ]      [ 1 | 0 |2| 1 0 ]
  'blanks'          [ 1 | 0 |2| 1 0 ]      [ 1 | 0 |2| 1 0 ]
  'strafter'    [ 0 AB | 0 |CD| 2 0 ]  [ 0 AB | 0 |CD| 2 0 ]
  'eoflast'             [ 1 |-1 | 0 ]          [ 1 |-1 | 0 ]
FILE round 2: PRINT #1,<v> then INPUT #1,X,Y (X Y ERR)
value              National_CF-3300   C-BIOS_MSX1_EU_REPAC
  '1;2'                     [ 1 2 0 ]              [ 1 2 0 ]
  '1,2'                     [ 1 2 0 ]              [ 1 2 0 ]
  '"12X"'                 [ 12 0 55 ]            [ 12 0 55 ]
  '"  3"'                  [ 3 0 55 ]             [ 3 0 55 ]
  '"1 2"'                   [ 1 2 0 ]              [ 1 2 0 ]
  '""'                     [ 0 0 55 ]             [ 0 0 55 ]
  '"&H10"'                [ 16 0 55 ]            [ 16 0 55 ]
  '"3,4"'                   [ 3 4 0 ]              [ 3 4 0 ]
  '"5":PRINT #1,"6"'              [ 5 6 0 ]              [ 5 6 0 ]
  '-1;-2'                  [-1 -2 0 ]             [-1 -2 0 ]
refcache: 0 hit, 52 miss, 52 stored
