=== warm-up (serial build of shared artifacts) ===
warm-up 7s
=== 48 units, J=8, lineerr in 8 shards, nice=0 solo=None ===
  rc=0              2s  basic-reloc
  rc=0              0s  subrom-abi-check
  rc=0              1s  subrom-closure-check
  rc=0             23s  unit-test
  rc=0              0s  deadcode
  rc=0              3s  wall-assertion-check
  rc=0              0s  redundant-load-check
  rc=0              1s  rowshape-check
  rc=0              4s  injector-check
  rc=0              0s  temp-root-check
  rc=0              1s  todo-citation-check
  rc=0              2s  chokepoint-check
  rc=0              1s  preflight-check
  rc=0              4s  latch-check
  rc=0              4s  diskdep-check
  rc=0              1s  switch-build-check
  rc=0             28s  kwsweep
  rc=0              6s  patch-freshness-check
  rc=0              0s  deffn-selftest
  rc=0             32s  string-acceptance
  rc=0             18s  str-domain-acceptance
  rc=0             35s  strparen-acceptance
  rc=0            170s  penderr-acceptance
  rc=0             44s  missing-acceptance
  rc=0             16s  error-acceptance
  rc=0             69s  error-trap-acceptance
  rc=0             70s  onerr0-acceptance
  rc=0             99s  math-acceptance
  rc=0             92s  float-acceptance
  rc=0             43s  intarg-acceptance
  rc=0             44s  logicops-acceptance
  rc=0            203s  screenerr-acceptance
  rc=0            141s  tmfp-acceptance
  rc=0            182s  stmtpend-acceptance
  rc=0            110s  array-acceptance
  rc=0            127s  deffn-strict
  rc=0            305s  graphics-acceptance
  rc=0             61s  abort-acceptance
  rc=0            149s  interval-trap-acceptance
  rc=0             75s  clearpool-acceptance
  rc=0            115s  lineerr#1/8
  rc=0            115s  lineerr#2/8
  rc=0            114s  lineerr#3/8
  rc=0            105s  lineerr#4/8
  rc=0            104s  lineerr#5/8
  rc=0            100s  lineerr#6/8
  rc=0             74s  lineerr#7/8
  rc=0             73s  lineerr#8/8

=== wall 435s (7s build + 428s gates) ===
GATES: 41/41 green
hashes: 350db281 33ba143a eced167f
