case                    VG-8020  zerobas   (ERR; 0 = drew)
  start 6.28                  0        0
  end 6.28                    0        0
  start 6.2831                0        0
  end 6.2831                  0        0
  start 6.28318               0        0
  end 6.28318                 0        0
  start 6.283185              0        0
  end 6.283185                0        0
  start 6.2831853             0        0
  end 6.2831853               0        0
  start 6.28319               0        0
  end 6.28319                 0        0
  start 6.2832                0        0
  end 6.2832                  0        0
  start -6.2831               0        0
  end -6.2831                 0        0
  start -6.2832               0        0
  end -6.2832                 0        0
✗ start 7                     5        0
✗ end 7                       5        0
  start 6.283185307#          0        0
  end 6.283185307#            0        0
  start 6.28318531#           0        0
  end 6.28318531#             0        0
refcache: 0 hit, 2 miss, 2 stored
