case                    VG-8020  zerobas   (ERR; 0 = drew)
✗ start 6.2835                5        0
✗ end 6.2835                  5        0
✗ start 6.284                 5        0
✗ end 6.284                   5        0
✗ start 6.285                 5        0
✗ end 6.285                   5        0
✗ start 6.29                  5        0
✗ end 6.29                    5        0
✗ start 6.295                 5        0
✗ end 6.295                   5        0
✗ start 6.3                   5        0
✗ end 6.3                     5        0
✗ start 6.4                   5        0
✗ end 6.4                     5        0
✗ start 6.5                   5        0
✗ end 6.5                     5        0
✗ start -6.3                  5        0
✗ end -6.3                    5        0
✗ start -7                    5        0
✗ end -7                      5        0
refcache: 0 hit, 2 miss, 2 stored
