  ran vg8020  p.colour   '24 4'
  ran vg8020  p.kcolour  '24 4'
  ran vg8020  p.b        '24 4'
  ran vg8020  p.kb       '24 4'
  ran vg8020  p.cc       '24 4'
  ran vg8020  p.kcc      '24 4'
  ran vg8020  p.none     '0 15'
  ran vg8020  p.omit     '0 15'
  ran vg8020  p.plain    '0 15'
  ran vg8020  p.ok       '0 15'
  ran vg8020  q.trail    '24 0'
  ran vg8020  q.kcolon   '24 0'
  ran vg8020  q.comma    '2 0'
  ran vg8020  q.ok       '0 0'
  ran vg8020  t.after    '<NO OUTPUT>'
      RAW: ['  MSX BASIC version 1.0                   Copyright 1983 by Microsoft             28815 Bytes free                        Ok                                      NEW                                     Ok                                      10 ONERRORGOTO900                       20 PRINT"<A>";                          30 CLEAR 200                            40 A=1/0                                50 PRINT"[";ERR;0;"]":END               900 PRINT"[";ERR;0;"]":END              RUN                                     <A>                                     Division by zero in 40                  Ok                                                                                                                                                                                                                                                                                                                              color  auto   goto   list   run']
  ran vg8020  t.notrap   '11 0'
  ran cf3300  p.colour   '24 4'
  ran cf3300  p.kcolour  '24 4'
  ran cf3300  p.b        '24 4'
  ran cf3300  p.kb       '24 4'
  ran cf3300  p.cc       '24 4'
  ran cf3300  p.kcc      '24 4'
  ran cf3300  p.none     '0 15'
  ran cf3300  p.omit     '0 15'
  ran cf3300  p.plain    '0 15'
  ran cf3300  p.ok       '0 15'
  ran cf3300  q.trail    '24 0'
  ran cf3300  q.kcolon   '24 0'
  ran cf3300  q.comma    '2 0'
  ran cf3300  q.ok       '0 0'
  ran cf3300  t.after    '<NO OUTPUT>'
      RAW: [' Ok                                      NEW                                     Ok                                      10 ONERRORGOTO900                       20 PRINT"<A>";                          30 CLEAR 200                            40 A=1/0                                50 PRINT"[";ERR;0;"]":END               900 PRINT"[";ERR;0;"]":END              RUN                                     <A>                                     Division by zero in 40                  Ok                                                                                                                                                                                                                                                                                                                                                                                                                                                      color   auto    goto    list    run']
  ran cf3300  t.notrap   '11 0'
  ran zb      p.colour   '0 15'
  ran zb      p.kcolour  '0 15'
  ran zb      p.b        '0 15'
  ran zb      p.kb       '0 15'
  ran zb      p.cc       '0 15'
  ran zb      p.kcc      '0 15'
  ran zb      p.none     '0 15'
  ran zb      p.omit     '0 15'
  ran zb      p.plain    '0 15'
  ran zb      p.ok       '0 15'
  ran zb      q.trail    'UNTRAPPED Missing operand in 30'
      RAW: [' zerobas version 0.1                     clean-room MSX-BASIC program loader                                             ZBNEW                                   ZB10 ONERRORGOTO900                     ZB20 PRINT"<A>";                        ZB30 CLEAR 200,                         ZB40 PRINT"[";ERR;0;"]":END             ZB900 PRINT"[";ERR;0;"]":END            ZBRUN                                   <A>                                     Missing operand in 30                   ZB']
  ran zb      q.kcolon   'UNTRAPPED Missing operand in 30'
      RAW: [' zerobas version 0.1                     clean-room MSX-BASIC program loader                                             ZBNEW                                   ZB10 ONERRORGOTO900                     ZB20 PRINT"<A>";                        ZB30 CLEAR 200,:A=1                     ZB40 PRINT"[";ERR;0;"]":END             ZB900 PRINT"[";ERR;0;"]":END            ZBRUN                                   <A>                                     Missing operand in 30                   ZB']
  ran zb      q.comma    '0 0'
  ran zb      q.ok       '0 0'
  ran zb      t.after    '<NO OUTPUT>'
      RAW: [' zerobas version 0.1                     clean-room MSX-BASIC program loader                                             ZBNEW                                   ZB10 ONERRORGOTO900                     ZB20 PRINT"<A>";                        ZB30 CLEAR 200                          ZB40 A=1/0                              ZB50 PRINT"[";ERR;0;"]":END             ZB900 PRINT"[";ERR;0;"]":END            ZBRUN                                   <A>                                     Division by zero in 40                  ZB']
  ran zb      t.notrap   '11 0'

  p.colour   vg8020='24 4'  cf3300='24 4'  zb='0 15'   *** DIFF
  p.kcolour  vg8020='24 4'  cf3300='24 4'  zb='0 15'   *** DIFF
  p.b        vg8020='24 4'  cf3300='24 4'  zb='0 15'   *** DIFF
  p.kb       vg8020='24 4'  cf3300='24 4'  zb='0 15'   *** DIFF
  p.cc       vg8020='24 4'  cf3300='24 4'  zb='0 15'   *** DIFF
  p.kcc      vg8020='24 4'  cf3300='24 4'  zb='0 15'   *** DIFF
  p.none     vg8020='0 15'  cf3300='0 15'  zb='0 15'
  p.omit     vg8020='0 15'  cf3300='0 15'  zb='0 15'
  p.plain    vg8020='0 15'  cf3300='0 15'  zb='0 15'
  p.ok       vg8020='0 15'  cf3300='0 15'  zb='0 15'
  q.trail    vg8020='24 0'  cf3300='24 0'  zb='UNTRAPPED Missing operand in 30'   *** DIFF
  q.kcolon   vg8020='24 0'  cf3300='24 0'  zb='UNTRAPPED Missing operand in 30'   *** DIFF
  q.comma    vg8020='2 0'  cf3300='2 0'  zb='0 0'   *** DIFF
  q.ok       vg8020='0 0'  cf3300='0 0'  zb='0 0'
  t.after    vg8020='<NO OUTPUT>'  cf3300='<NO OUTPUT>'  zb='<NO OUTPUT>'   .... NOT MEASURED
  t.notrap   vg8020='11 0'  cf3300='11 0'  zb='11 0'

ROWS: 16 printed, 15 scored -- 9 DIFF
