  ran vg8020  c.colour   '24 4'
  ran vg8020  c.start    '24 4'
  ran vg8020  c.end      '24 4'
  ran vg8020  c.aspect   '24 4'
  ran vg8020  k.colour   '24 4'
  ran vg8020  k.start    '24 4'
  ran vg8020  k.end      '24 4'
  ran vg8020  k.aspect   '24 4'
  ran vg8020  o.none     '0 15'
  ran vg8020  o.colour   '0 15'
  ran vg8020  o.start    '0 5'
  ran vg8020  o.end      '0 5'
  ran vg8020  x.extra    '2 4'
  ran vg8020  x.extra2   '2 5'
  ran vg8020  r.miss     '24 4'
  ran vg8020  r.nocomma  '2 4'
  ran vg8020  c.ok       '0 5'
  ran cf3300  c.colour   '24 4'
  ran cf3300  c.start    '24 4'
  ran cf3300  c.end      '24 4'
  ran cf3300  c.aspect   '24 4'
  ran cf3300  k.colour   '24 4'
  ran cf3300  k.start    '24 4'
  ran cf3300  k.end      '24 4'
  ran cf3300  k.aspect   '24 4'
  ran cf3300  o.none     '0 15'
  ran cf3300  o.colour   '0 15'
  ran cf3300  o.start    '0 5'
  ran cf3300  o.end      '0 5'
  ran cf3300  x.extra    '2 4'
  ran cf3300  x.extra2   '2 5'
  ran cf3300  r.miss     '24 4'
  ran cf3300  r.nocomma  '2 4'
  ran cf3300  c.ok       '0 5'
  ran zb      c.colour   '0 15'
  ran zb      c.start    '0 5'
  ran zb      c.end      '0 5'
  ran zb      c.aspect   '0 5'
  ran zb      k.colour   '0 15'
  ran zb      k.start    '0 5'
  ran zb      k.end      '0 5'
  ran zb      k.aspect   '0 5'
  ran zb      o.none     '0 15'
  ran zb      o.colour   '0 15'
  ran zb      o.start    '0 5'
  ran zb      o.end      '0 5'
  ran zb      x.extra    '2 4'
  ran zb      x.extra2   '2 4'
  ran zb      r.miss     '24 4'
  ran zb      r.nocomma  '2 4'
  ran zb      c.ok       '0 5'

  c.colour   vg8020='24 4'  cf3300='24 4'  zb='0 15'   *** DIFF
  c.start    vg8020='24 4'  cf3300='24 4'  zb='0 5'   *** DIFF
  c.end      vg8020='24 4'  cf3300='24 4'  zb='0 5'   *** DIFF
  c.aspect   vg8020='24 4'  cf3300='24 4'  zb='0 5'   *** DIFF
  k.colour   vg8020='24 4'  cf3300='24 4'  zb='0 15'   *** DIFF
  k.start    vg8020='24 4'  cf3300='24 4'  zb='0 5'   *** DIFF
  k.end      vg8020='24 4'  cf3300='24 4'  zb='0 5'   *** DIFF
  k.aspect   vg8020='24 4'  cf3300='24 4'  zb='0 5'   *** DIFF
  o.none     vg8020='0 15'  cf3300='0 15'  zb='0 15'
  o.colour   vg8020='0 15'  cf3300='0 15'  zb='0 15'
  o.start    vg8020='0 5'  cf3300='0 5'  zb='0 5'
  o.end      vg8020='0 5'  cf3300='0 5'  zb='0 5'
  x.extra    vg8020='2 4'  cf3300='2 4'  zb='2 4'
  x.extra2   vg8020='2 5'  cf3300='2 5'  zb='2 4'   *** DIFF
  r.miss     vg8020='24 4'  cf3300='24 4'  zb='24 4'
  r.nocomma  vg8020='2 4'  cf3300='2 4'  zb='2 4'
  c.ok       vg8020='0 5'  cf3300='0 5'  zb='0 5'

ROWS: 17 printed, 17 scored -- 9 DIFF
