== clear500   CF-3300 : E 80 END 100 PRINT;ERR;:RESUME NEXT RUN E 59 WL 11 #
   screen tail: OTO 100 50 PRINT#1,:PRINT; 60 CLOSE#1 70 OPENFOR INPUT AS#1:PRINT; LOF(1);:CLOSE 80 END 100 PRINT;ERR;:RESUME NEXT RUN E 59 WL 11 # Ok color auto goto list run 
== clear500   OURS    : E 80 END 100 PRINT;ERR;:RESUME NEXT RUN E 59 WL 11 #
   screen tail: GOTO 100 50 PRINT#1,:PRINT; 60 CLOSE#1 70 OPENFOR INPUT AS#1:PRINT;LOF(1);:CLOSE 80 END 100 PRINT;ERR;:RESUME NEXT RUN E 59 WL 11 # ZB color auto goto list run 
== clearhimem CF-3300 : E 80 END 100 PRINT;ERR;:RESUME NEXT RUN E 59 WL 11 #
   screen tail: OTO 100 50 PRINT#1,:PRINT; 60 CLOSE#1 70 OPENFOR INPUT AS#1:PRINT; LOF(1);:CLOSE 80 END 100 PRINT;ERR;:RESUME NEXT RUN E 59 WL 11 # Ok color auto goto list run 
== clearhimem OURS    : E 80 END 100 PRINT;ERR;:RESUME NEXT RUN E 59 WL 11 #
   screen tail: GOTO 100 50 PRINT#1,:PRINT; 60 CLOSE#1 70 OPENFOR INPUT AS#1:PRINT;LOF(1);:CLOSE 80 END 100 PRINT;ERR;:RESUME NEXT RUN E 59 WL 11 # ZB color auto goto list run 
== control    CF-3300 : E 80 END 100 PRINT;ERR;:RESUME NEXT RUN WL 16 #
   screen tail: ROR GOTO 100 50 PRINT#1,:PRINT; 60 CLOSE#1 70 OPENFOR INPUT AS#1:PRINT; LOF(1);:CLOSE 80 END 100 PRINT;ERR;:RESUME NEXT RUN WL 16 # Ok color auto goto list run 
== control    OURS    : E 80 END 100 PRINT;ERR;:RESUME NEXT RUN WL 16 #
   screen tail: RROR GOTO 100 50 PRINT#1,:PRINT; 60 CLOSE#1 70 OPENFOR INPUT AS#1:PRINT;LOF(1);:CLOSE 80 END 100 PRINT;ERR;:RESUME NEXT RUN WL 16 # ZB color auto goto list run 
== bare       CF-3300 : E 80 END 100 PRINT;ERR;:RESUME NEXT RUN E 59 WL 11 #
   screen tail: OTO 100 50 PRINT#1,:PRINT; 60 CLOSE#1 70 OPENFOR INPUT AS#1:PRINT; LOF(1);:CLOSE 80 END 100 PRINT;ERR;:RESUME NEXT RUN E 59 WL 11 # Ok color auto goto list run 
== bare       OURS    : E 80 END 100 PRINT;ERR;:RESUME NEXT RUN E 59 WL 11 #
   screen tail: GOTO 100 50 PRINT#1,:PRINT; 60 CLOSE#1 70 OPENFOR INPUT AS#1:PRINT;LOF(1);:CLOSE 80 END 100 PRINT;ERR;:RESUME NEXT RUN E 59 WL 11 # ZB color auto goto list run 
== rejneg     CF-3300 : E 80 END 100 PRINT;ERR;:RESUME NEXT RUN E 5 WL 16 #
   screen tail: GOTO 100 50 PRINT#1,:PRINT; 60 CLOSE#1 70 OPENFOR INPUT AS#1:PRINT; LOF(1);:CLOSE 80 END 100 PRINT;ERR;:RESUME NEXT RUN E 5 WL 16 # Ok color auto goto list run 
== rejneg     OURS    : E 80 END 100 PRINT;ERR;:RESUME NEXT RUN E 5 WL 16 #
   screen tail:  GOTO 100 50 PRINT#1,:PRINT; 60 CLOSE#1 70 OPENFOR INPUT AS#1:PRINT;LOF(1);:CLOSE 80 END 100 PRINT;ERR;:RESUME NEXT RUN E 5 WL 16 # ZB color auto goto list run 
== rejoom     CF-3300 : E 80 END 100 PRINT;ERR;:RESUME NEXT RUN E 7 WL 16 #
   screen tail: GOTO 100 50 PRINT#1,:PRINT; 60 CLOSE#1 70 OPENFOR INPUT AS#1:PRINT; LOF(1);:CLOSE 80 END 100 PRINT;ERR;:RESUME NEXT RUN E 7 WL 16 # Ok color auto goto list run 
== rejoom     OURS    : E 80 END 100 PRINT;ERR;:RESUME NEXT RUN E 7 WL 16 #
   screen tail:  GOTO 100 50 PRINT#1,:PRINT; 60 CLOSE#1 70 OPENFOR INPUT AS#1:PRINT;LOF(1);:CLOSE 80 END 100 PRINT;ERR;:RESUME NEXT RUN E 7 WL 16 # ZB color auto goto list run 
== rejhim     CF-3300 : E 80 END 100 PRINT;ERR;:RESUME NEXT RUN E 5 WL 16 #
   screen tail: GOTO 100 50 PRINT#1,:PRINT; 60 CLOSE#1 70 OPENFOR INPUT AS#1:PRINT; LOF(1);:CLOSE 80 END 100 PRINT;ERR;:RESUME NEXT RUN E 5 WL 16 # Ok color auto goto list run 
== rejhim     OURS    : E 80 END 100 PRINT;ERR;:RESUME NEXT RUN E 5 WL 16 #
   screen tail:  GOTO 100 50 PRINT#1,:PRINT; 60 CLOSE#1 70 OPENFOR INPUT AS#1:PRINT;LOF(1);:CLOSE 80 END 100 PRINT;ERR;:RESUME NEXT RUN E 5 WL 16 # ZB color auto goto list run 
refcache: 0 hit, 14 miss, 14 stored
