python3 tools/pick_gates.py --run 
=== warm-up (serial build of shared artifacts) ===
warm-up 8s
=== refcache OFF for every unit: a gate measures, it never replays (docs/spec-refcache.md §7) ===
=== emulator tier RUNS: forced by --full ===
=== 4 tree-mutating unit(s), SERIAL (they rewrite a shared tracked file) ===
  rc=0              1s  switch-build-check
  rc=0              6s  diskdep-check
  rc=0              0s  wall-literal-check
  rc=0             62s  selftest-check
  (post-mutator refresh 8s -- the plants moved mtimes, so the pool would otherwise race a rebuild)
=== 144 units, J=8, lineerr in 8 shards, nice=0 solo=None ===
  rc=0              4s  basic-reloc
  rc=0              0s  deps-check
  rc=0              0s  subrom-abi-check
  rc=0              0s  diskrom-abi-check
  rc=0              0s  rom-parts-check
  rc=0              1s  subrom-closure-check
  rc=0             28s  unit-test
  rc=0              1s  deadcode
  rc=0              4s  wall-assertion-check
  rc=0              0s  ram-claim-check
  rc=0              2s  ram-map-check
  rc=0              0s  build-assert-check
  rc=0              5s  needle-case-check
  rc=0              0s  redundant-load-check
  rc=0              2s  rowshape-check
  rc=0              6s  injector-check
  rc=0              0s  dead-alias-check
  rc=0              2s  hostkill-check
  rc=0              1s  temp-root-check
  rc=0              4s  todo-citation-check
  rc=0              0s  todo-marker-check
  rc=0              0s  deferral-pin-check
  rc=0              1s  error-alphabet-check
  rc=0              2s  chokepoint-check
  rc=0              0s  filed-pin-check
  rc=0              3s  disk-mount-check
  rc=0              0s  shared-body-check
  rc=0              0s  probe-reach-check
  rc=0              0s  battery-membership-check
  rc=0              0s  fixture-integrity-check
  rc=0              0s  hook-equate-check
  rc=0              1s  preflight-check
  rc=0              5s  latch-check
  rc=0            746s  kwsweep
  rc=0           1673s  kwtime
  rc=0           1919s  kwram
  rc=0             12s  patch-freshness-check
  rc=0              3s  refcache-check
  rc=0              0s  knife-guard-check
  rc=0              1s  knife-rom-guard-check
  rc=0              0s  deffn-selftest
  rc=0              0s  probe-sides-selftest
  rc=0              1s  banner-acceptance
  rc=0             35s  string-acceptance
  rc=0             20s  str-domain-acceptance
  rc=0             15s  strparen-acceptance
  rc=0             56s  penderr-acceptance
  rc=0             61s  missing-acceptance
  rc=0             12s  error-acceptance
  rc=0             73s  error-trap-acceptance
  rc=0            104s  onerr0-acceptance
  rc=0            145s  math-acceptance
  rc=0             95s  float-acceptance
  rc=0             72s  intarg-acceptance
  rc=0             51s  logicops-acceptance
  rc=0            253s  screenerr-acceptance
  rc=0             53s  tmfp-acceptance
  rc=0             63s  stmtpend-acceptance
  rc=0            137s  array-acceptance
  rc=0            134s  deffn-strict
  rc=0            400s  graphics-acceptance
  rc=0             70s  abort-acceptance
  rc=0            137s  interval-trap-acceptance
  rc=0            101s  clearpool-acceptance
  rc=0            128s  stackpool-acceptance
  rc=0            171s  trapdepth-acceptance
  rc=0             55s  trapsvc-acceptance
  rc=0             65s  ctlcross-acceptance
  rc=0            691s  ctllim-acceptance
  rc=0            562s  ramfree-acceptance
  rc=0             17s  txtceil-acceptance
  rc=0              3s  runline-acceptance
  rc=0              9s  keystr-acceptance
  rc=0              9s  loc-acceptance
  rc=0              9s  dskio-acceptance
  rc=0             14s  copy-acceptance
  rc=0             10s  screditor-acceptance
  rc=0             17s  nodiskerr-acceptance
  rc=0             16s  parennest-acceptance
  rc=0             10s  diskascii-acceptance
  rc=0             14s  cursor-acceptance
  rc=0             80s  time-acceptance
  rc=0            308s  namspc-acceptance
  rc=0            103s  arrdim-acceptance
  rc=0             18s  asciidigit-acceptance
  rc=0             61s  arylv-acceptance
  rc=0             54s  badfnum-acceptance
  rc=0              8s  beep-acceptance
  rc=0             31s  binfre-acceptance
  rc=0             43s  perf-pin-check
  rc=0             18s  cassave-acceptance
  rc=0            125s  castail-acceptance
  rc=0             10s  cas-ascii-acceptance
  rc=0             33s  wprotect-acceptance
  rc=0            137s  deffn-acceptance
  rc=0             59s  direct-ctrl-acceptance
  rc=0             12s  dskmsg-acceptance
  rc=0             84s  editverb-acceptance
  rc=0             33s  fldary-acceptance
  rc=0             96s  fldwidth-acceptance
  rc=0             38s  forvar-acceptance
  rc=0             55s  gicini-acceptance
  rc=0              3s  graphics-floor-acceptance
  rc=0            128s  ifsem-acceptance
  rc=0              4s  input-acceptance
  rc=0            111s  nodisk-acceptance
  rc=0             90s  pusing-acceptance
  rc=0             41s  catterm-acceptance
  rc=0             18s  catusr-acceptance
  rc=0             13s  nameord-acceptance
  rc=0             14s  namegate-acceptance
  rc=0             39s  inputary-acceptance
  rc=0            132s  key-trap-acceptance
  rc=0             63s  linemax-acceptance
  rc=0            169s  lnblank-acceptance
  rc=0             48s  locarg-acceptance
  rc=0             43s  lof-acceptance
  rc=0             93s  lptverb-acceptance
  rc=0             54s  lrvar-acceptance
  rc=0             61s  lvfix-acceptance
  rc=0             20s  nxary-acceptance
  rc=0             21s  nxlist-acceptance
  rc=0             40s  play-acceptance
  rc=0             18s  play-trace-acceptance
  rc=0             24s  readvar-acceptance
  rc=0              5s  runtail-acceptance
  rc=0             33s  sound-acceptance
  rc=0             72s  sprite-trap-acceptance
  rc=0             55s  stop-trap-acceptance
  rc=0            140s  strig-trap-acceptance
  rc=0              6s  subrom-acceptance
  rc=0             66s  tgtspc-acceptance
  rc=0            105s  width-acceptance
  rc=0              5s  eofcas-acceptance
  rc=0             23s  wrblkalt-acceptance
  rc=0              6s  savedate-acceptance
  rc=0            114s  lineerr#1/8
  rc=0            121s  lineerr#2/8
  rc=0            111s  lineerr#3/8
  rc=0            116s  lineerr#4/8
  rc=0            106s  lineerr#5/8
  rc=0            102s  lineerr#6/8
  rc=0             93s  lineerr#7/8
  rc=0             92s  lineerr#8/8
=== 1 post-pool unit(s), SERIAL (they read what the pool just wrote) ===
  rc=0              0s  tiers-md-check

=== wall 1932s (8s build + 1924s gates) ===
GATES: 142/142 green
hashes: 746944c7 8b2686c8 7111a2d6 fd0d71af
recorded: this full green battery is now the baseline a future skip must prove itself against
GATE TIER: FULL
  why: shared code changed: disk/kernel.asm
  why: disk/driver.asm: a changed line has no enclosing ex_ handler -- unknown blast radius, treated as shared
  commits since the last full green: 1 (full every 5)
  excluded-five suites: bdos-acceptance diskbasic-acceptance fat-error-acceptance input-devices-acceptance lnblank-say-acceptance
bdos-acceptance exit=0
diskbasic-acceptance exit=0
fat-error-acceptance exit=0
input-devices-acceptance exit=0
lnblank-say-acceptance exit=0
GATE TIER RAN: FULL
