  ran vg8020  q.trail   '24 0'
  ran vg8020  q.kcolon  '24 0'
  ran vg8020  q.comma   '2 0'
  ran vg8020  q.commak  '2 0'
  ran vg8020  q.conly   '2 0'
  ran vg8020  q.div     '11 0'
  ran vg8020  q.str     '13 0'
  ran vg8020  q.ovf     '6 0'
  ran vg8020  q.ok      '0 0'
  ran vg8020  q.both    '0 0'
  ran vg8020  q.bare    '0 0'
  ran vg8020  q.kbare   '0 0'
  ran vg8020  z.hd000   '2 0'
  ran vg8020  z.seq     'UNTRAPPED Syntax error in 30'
  ran vg8020  z.neg     '5 0'
  ran vg8020  t.notrap  '11 0'
  ran cf3300  q.trail   '24 0'
  ran cf3300  q.kcolon  '24 0'
  ran cf3300  q.comma   '2 0'
  ran cf3300  q.commak  '2 0'
  ran cf3300  q.conly   '2 0'
  ran cf3300  q.div     '11 0'
  ran cf3300  q.str     '13 0'
  ran cf3300  q.ovf     '6 0'
  ran cf3300  q.ok      '0 0'
  ran cf3300  q.both    '0 0'
  ran cf3300  q.bare    '0 0'
  ran cf3300  q.kbare   '0 0'
  ran cf3300  z.hd000   '2 0'
  ran cf3300  z.seq     'UNTRAPPED Syntax error in 30'
  ran cf3300  z.neg     '5 0'
  ran cf3300  t.notrap  '11 0'
  ran zb      q.trail   '24 0'
  ran zb      q.kcolon  '24 0'
  ran zb      q.comma   '2 0'
  ran zb      q.commak  '2 0'
  ran zb      q.conly   '2 0'
  ran zb      q.div     '11 0'
  ran zb      q.str     '13 0'
  ran zb      q.ovf     '6 0'
  ran zb      q.ok      '0 0'
  ran zb      q.both    '0 0'
  ran zb      q.bare    '0 0'
  ran zb      q.kbare   '0 0'
  ran zb      z.hd000   '2 0'
  ran zb      z.seq     'UNTRAPPED Syntax error in 30'
  ran zb      z.neg     '0 0'
  ran zb      t.notrap  '11 0'

  q.trail   vg8020='24 0'  cf3300='24 0'  zb='24 0'
  q.kcolon  vg8020='24 0'  cf3300='24 0'  zb='24 0'
  q.comma   vg8020='2 0'  cf3300='2 0'  zb='2 0'
  q.commak  vg8020='2 0'  cf3300='2 0'  zb='2 0'
  q.conly   vg8020='2 0'  cf3300='2 0'  zb='2 0'
  q.div     vg8020='11 0'  cf3300='11 0'  zb='11 0'
  q.str     vg8020='13 0'  cf3300='13 0'  zb='13 0'
  q.ovf     vg8020='6 0'  cf3300='6 0'  zb='6 0'
  q.ok      vg8020='0 0'  cf3300='0 0'  zb='0 0'
  q.both    vg8020='0 0'  cf3300='0 0'  zb='0 0'
  q.bare    vg8020='0 0'  cf3300='0 0'  zb='0 0'
  q.kbare   vg8020='0 0'  cf3300='0 0'  zb='0 0'
  z.hd000   vg8020='2 0'  cf3300='2 0'  zb='2 0'
  z.seq     vg8020='UNTRAPPED Syntax error in 30'  cf3300='UNTRAPPED Syntax error in 30'  zb='UNTRAPPED Syntax error in 30'
  z.neg     vg8020='5 0'  cf3300='5 0'  zb='0 0'   *** DIFF
  t.notrap  vg8020='11 0'  cf3300='11 0'  zb='11 0'

ROWS: 16 printed, 16 scored -- 1 DIFF
