  ran vg8020  q.trail   '24 0'
  ran vg8020  q.kcolon  '24 0'
  ran vg8020  q.comma   '2 0'
  ran vg8020  q.commak  '2 0'
  ran vg8020  q.conly   '2 0'
  ran vg8020  q.div     '11 0'
  ran vg8020  q.str     '13 0'
  ran vg8020  q.ovf     '6 0'
  ran vg8020  q.ok      '0 0'
  ran vg8020  q.both    '0 0'
  ran vg8020  q.bare    '0 0'
  ran vg8020  q.kbare   '0 0'
  ran vg8020  t.notrap  '11 0'
  ran cf3300  q.trail   '24 0'
  ran cf3300  q.kcolon  '24 0'
  ran cf3300  q.comma   '2 0'
  ran cf3300  q.commak  '2 0'
  ran cf3300  q.conly   '2 0'
  ran cf3300  q.div     '11 0'
  ran cf3300  q.str     '13 0'
  ran cf3300  q.ovf     '6 0'
  ran cf3300  q.ok      '0 0'
  ran cf3300  q.both    '0 0'
  ran cf3300  q.bare    '0 0'
  ran cf3300  q.kbare   '0 0'
  ran cf3300  t.notrap  '11 0'
  ran zb      q.trail   'UNTRAPPED Missing operand in 30'
  ran zb      q.kcolon  'UNTRAPPED Missing operand in 30'
  ran zb      q.comma   '0 0'
  ran zb      q.commak  'UNTRAPPED Out of memory in 30'
  ran zb      q.conly   'UNTRAPPED Missing operand in 30'
  ran zb      q.div     'UNTRAPPED Division by zero in 30'
  ran zb      q.str     'UNTRAPPED Type mismatch in 30'
  ran zb      q.ovf     '0 0'
  ran zb      q.ok      '0 0'
  ran zb      q.both    '0 0'
  ran zb      q.bare    '0 0'
  ran zb      q.kbare   '0 0'
  ran zb      t.notrap  '11 0'

  q.trail   vg8020='24 0'  cf3300='24 0'  zb='UNTRAPPED Missing operand in 30'   *** DIFF
  q.kcolon  vg8020='24 0'  cf3300='24 0'  zb='UNTRAPPED Missing operand in 30'   *** DIFF
  q.comma   vg8020='2 0'  cf3300='2 0'  zb='0 0'   *** DIFF
  q.commak  vg8020='2 0'  cf3300='2 0'  zb='UNTRAPPED Out of memory in 30'   *** DIFF
  q.conly   vg8020='2 0'  cf3300='2 0'  zb='UNTRAPPED Missing operand in 30'   *** DIFF
  q.div     vg8020='11 0'  cf3300='11 0'  zb='UNTRAPPED Division by zero in 30'   *** DIFF
  q.str     vg8020='13 0'  cf3300='13 0'  zb='UNTRAPPED Type mismatch in 30'   *** DIFF
  q.ovf     vg8020='6 0'  cf3300='6 0'  zb='0 0'   *** DIFF
  q.ok      vg8020='0 0'  cf3300='0 0'  zb='0 0'
  q.both    vg8020='0 0'  cf3300='0 0'  zb='0 0'
  q.bare    vg8020='0 0'  cf3300='0 0'  zb='0 0'
  q.kbare   vg8020='0 0'  cf3300='0 0'  zb='0 0'
  t.notrap  vg8020='11 0'  cf3300='11 0'  zb='11 0'

ROWS: 13 printed, 13 scored -- 8 DIFF
