STOCK: 0 COMMAND.COM reads over 0 addresses
OURS: 456 COMMAND.COM reads over 456 addresses

addresses COMMAND.COM reads on the CF-3300 but NOT on ours:

addresses COMMAND.COM reads on OURS but not on the CF-3300 (with ours' values):
  $C10C  t=14.4904 n=1 pc=$0523 values=78
  $C112  t=14.4905 n=1 pc=$0523 values=78
  $C202  t=14.4905 n=1 pc=$0523 values=19
  $C205  t=14.4905 n=1 pc=$0523 values=07
  $C208  t=14.4905 n=1 pc=$0523 values=1A
  $C213  t=14.4906 n=1 pc=$0523 values=1A
  $C227  t=14.4906 n=1 pc=$0523 values=1A
  $C22A  t=14.4926 n=1 pc=$0523 values=1A
  $C22E  t=14.4926 n=1 pc=$0523 values=07
  $C232  t=14.4926 n=1 pc=$0523 values=1A
  $C235  t=14.4927 n=1 pc=$0523 values=06
  $C23D  t=14.4927 n=1 pc=$0523 values=06
  $C240  t=14.4927 n=1 pc=$0523 values=1A
  $C248  t=14.4927 n=1 pc=$0523 values=1A
  $C256  t=14.4928 n=1 pc=$0523 values=1A
  $C259  t=14.4928 n=1 pc=$0523 values=1A
  $C25D  t=14.4928 n=1 pc=$0523 values=1A
  $C262  t=14.4929 n=1 pc=$0523 values=1A
  $C265  t=14.4929 n=1 pc=$0523 values=07
  $C273  t=14.4929 n=1 pc=$0523 values=0F
  $C276  t=14.4930 n=1 pc=$0523 values=07
  $C302  t=14.4930 n=1 pc=$0523 values=19
  $C30C  t=14.4930 n=1 pc=$0523 values=18
  $C30F  t=14.4930 n=1 pc=$0523 values=12
  $C317  t=14.4931 n=1 pc=$0523 values=18
  $C31C  t=14.4931 n=1 pc=$0523 values=12
  $C321  t=14.4931 n=1 pc=$0523 values=12
  $C324  t=14.4932 n=1 pc=$0523 values=17
  $C327  t=14.4932 n=1 pc=$0523 values=17
  $C32A  t=14.4932 n=1 pc=$0523 values=1A
  $C331  t=14.4932 n=1 pc=$0523 values=17
  $C33D  t=14.4933 n=1 pc=$0523 values=07
  $C340  t=14.4933 n=1 pc=$0523 values=12
  $C345  t=14.4933 n=1 pc=$0523 values=07
  $C355  t=14.4934 n=1 pc=$0523 values=1A
  $C369  t=14.4934 n=1 pc=$0523 values=12
  $C36E  t=14.4934 n=1 pc=$0523 values=15
  $C376  t=14.4935 n=1 pc=$0523 values=15
  $C383  t=14.4935 n=1 pc=$0523 values=07
  $C386  t=14.4935 n=1 pc=$0523 values=1A
  $C394  t=14.4935 n=1 pc=$0523 values=1A
  $C397  t=14.4936 n=1 pc=$0523 values=18
  $C39F  t=14.4936 n=1 pc=$0523 values=17
  $C3A2  t=14.4936 n=1 pc=$0523 values=12
  $C3A7  t=14.4937 n=1 pc=$0523 values=07
  $C3AC  t=14.4937 n=1 pc=$0523 values=12
  $C3B6  t=14.4937 n=1 pc=$0523 values=17
  $C3B9  t=14.4938 n=1 pc=$0523 values=12
  $C3BE  t=14.4938 n=1 pc=$0523 values=12
  $C3C1  t=14.4938 n=1 pc=$0523 values=17
  $C3C7  t=14.4938 n=1 pc=$0523 values=17
  $C3CA  t=14.4939 n=1 pc=$0523 values=17
  $C3CD  t=14.4939 n=1 pc=$0523 values=07
  $C3D0  t=14.4939 n=1 pc=$0523 values=17
  $C3D3  t=14.4940 n=1 pc=$0523 values=17
  $C3D6  t=14.4940 n=1 pc=$0523 values=12
  $C3ED  t=14.4940 n=1 pc=$0523 values=13
  $C3F0  t=14.4941 n=1 pc=$0523 values=17
  $C3F6  t=14.4941 n=1 pc=$0523 values=12
  $C3F9  t=14.4941 n=1 pc=$0523 values=13
  $C3FC  t=14.4941 n=1 pc=$0523 values=17
  $C402  t=14.4942 n=1 pc=$0523 values=12
  $C405  t=14.4942 n=1 pc=$0523 values=13
  $C408  t=14.4942 n=1 pc=$0523 values=17
  $C40F  t=14.4943 n=1 pc=$0523 values=17
  $C415  t=14.4943 n=1 pc=$0523 values=15
  $C418  t=14.4943 n=1 pc=$0523 values=08
  $C420  t=14.4944 n=1 pc=$0523 values=17
  $C425  t=14.4944 n=1 pc=$0523 values=07
  $C428  t=14.4944 n=1 pc=$0523 values=14
  $C42F  t=14.4944 n=1 pc=$0523 values=17
  $C43D  t=14.4945 n=1 pc=$0523 values=07
  $C442  t=14.4945 n=1 pc=$0523 values=14
  $C455  t=14.4945 n=1 pc=$0523 values=07
  $C458  t=14.4946 n=1 pc=$0523 values=17
  $C462  t=14.4946 n=1 pc=$0523 values=17
  $C467  t=14.4946 n=1 pc=$0523 values=17
  $C46A  t=14.4947 n=1 pc=$0523 values=18
  $C474  t=14.4947 n=1 pc=$0523 values=17
  $C47D  t=14.4947 n=1 pc=$0523 values=17
  $C480  t=14.4947 n=1 pc=$0523 values=08
  $C483  t=14.4948 n=1 pc=$0523 values=09
  $C486  t=14.4948 n=1 pc=$0523 values=17
  $C489  t=14.4948 n=1 pc=$0523 values=08
  $C492  t=14.4949 n=1 pc=$0523 values=18
  $C497  t=14.4949 n=1 pc=$0523 values=0E
  $C49B  t=14.4949 n=1 pc=$0523 values=18
  $C4A6  t=14.4950 n=1 pc=$0523 values=18
  $C4A9  t=14.4950 n=1 pc=$0523 values=18
  $C4AD  t=14.4950 n=1 pc=$0523 values=18
  $C4B2  t=14.4950 n=1 pc=$0523 values=14
  $C4B5  t=14.4951 n=1 pc=$0523 values=1A
  $C4BF  t=14.4951 n=1 pc=$0523 values=17
  $C4C2  t=14.4951 n=1 pc=$0523 values=1A
  $C4C5  t=14.4952 n=1 pc=$0523 values=1A
  $C4C8  t=14.4952 n=1 pc=$0523 values=13
  $C4D6  t=14.4952 n=1 pc=$0523 values=13
  $C4E7  t=14.4953 n=1 pc=$0523 values=15
  $C4EF  t=14.4953 n=1 pc=$0523 values=07
  $C4F2  t=14.4953 n=1 pc=$0523 values=18
  $C4F5  t=14.4953 n=1 pc=$0523 values=1A
  $C4FF  t=14.4954 n=1 pc=$0523 values=1A
  $C502  t=14.4954 n=1 pc=$0523 values=07
  $C505  t=14.4954 n=1 pc=$0523 values=14
  $C510  t=14.4955 n=1 pc=$0523 values=07
  $C517  t=14.4955 n=1 pc=$0523 values=18
  $C520  t=14.4955 n=1 pc=$0523 values=15
  $C52D  t=14.4956 n=1 pc=$0523 values=19
  $C53F  t=14.4956 n=1 pc=$0523 values=13
  $C545  t=14.4956 n=1 pc=$0523 values=13
  $C54B  t=14.4956 n=1 pc=$0523 values=13
  $C551  t=14.4957 n=1 pc=$0523 values=12
  $C554  t=14.4957 n=1 pc=$0523 values=17
  $C557  t=14.4957 n=1 pc=$0523 values=17
  $C572  t=14.4958 n=1 pc=$0523 values=19
  $C575  t=14.4958 n=1 pc=$0523 values=19
  $C57A  t=14.4958 n=1 pc=$0523 values=19
  $C57E  t=14.4959 n=1 pc=$0523 values=19
  $C58B  t=14.4959 n=1 pc=$0523 values=0D
  $C58E  t=14.4959 n=1 pc=$0523 values=0A
  $C591  t=14.4959 n=1 pc=$0523 values=18
  $C596  t=14.4960 n=1 pc=$0523 values=0A
  $C599  t=14.4960 n=1 pc=$0523 values=19
  $C59D  t=14.4960 n=1 pc=$0523 values=0A
  $C5A0  t=14.4961 n=1 pc=$0523 values=17
  $C5A5  t=14.4961 n=1 pc=$0523 values=0A
  $C5A8  t=14.4961 n=1 pc=$0523 values=18
  $C5AF  t=14.4961 n=1 pc=$0523 values=17
  $C5BD  t=14.4962 n=1 pc=$0523 values=0A
  $C5C6  t=14.4962 n=1 pc=$0523 values=0A
  $C5C9  t=14.4962 n=1 pc=$0523 values=12
  $C5CC  t=14.4963 n=1 pc=$0523 values=18
  $C5E3  t=14.4963 n=1 pc=$0523 values=12
  $C5FA  t=14.4963 n=1 pc=$0523 values=11
  $C607  t=14.4964 n=1 pc=$0523 values=0B
  $C60E  t=14.4964 n=1 pc=$0523 values=0B
  $C611  t=14.4964 n=1 pc=$0523 values=18
  $C628  t=14.4964 n=1 pc=$0523 values=12
  $C63D  t=14.4965 n=1 pc=$0523 values=11
  $C642  t=14.4965 n=1 pc=$0523 values=0B
  $C645  t=14.4965 n=1 pc=$0523 values=17
  $C648  t=14.4966 n=1 pc=$0523 values=12
  $C64B  t=14.4966 n=1 pc=$0523 values=19
  $C651  t=14.4966 n=1 pc=$0523 values=19
  $C654  t=14.4967 n=1 pc=$0523 values=19
  $C65C  t=14.4967 n=1 pc=$0523 values=12
  $C676  t=14.4967 n=1 pc=$0523 values=17
  $C67D  t=14.4967 n=1 pc=$0523 values=19
  $C685  t=14.4968 n=1 pc=$0523 values=0B
  $C688  t=14.4968 n=1 pc=$0523 values=12
  $C68B  t=14.4968 n=1 pc=$0523 values=0D
  $C68E  t=14.4969 n=1 pc=$0523 values=09
  $C693  t=14.4969 n=1 pc=$0523 values=12
  $C698  t=14.4969 n=1 pc=$0523 values=19
  $C69C  t=14.4970 n=1 pc=$0523 values=15
  $C69F  t=14.4970 n=1 pc=$0523 values=08
  $C6A2  t=14.4970 n=1 pc=$0523 values=19
  $C6A9  t=14.4970 n=1 pc=$0523 values=12
  $C6AC  t=14.4971 n=1 pc=$0523 values=0A
  $C6B5  t=14.4971 n=1 pc=$0523 values=12
  $C6B9  t=14.4971 n=1 pc=$0523 values=12
  $C6CB  t=14.4972 n=1 pc=$0523 values=13
  $C6CF  t=14.4972 n=1 pc=$0523 values=13
  $C6D5  t=14.4972 n=1 pc=$0523 values=12
  $C6D8  t=14.4973 n=1 pc=$0523 values=15
  $C6E1  t=14.4973 n=1 pc=$0523 values=19
  $C6EA  t=14.4973 n=1 pc=$0523 values=12
  $C6ED  t=14.4973 n=1 pc=$0523 values=15
  $C6F5  t=14.4974 n=1 pc=$0523 values=19
  $C6FC  t=14.4974 n=1 pc=$0523 values=12
  $C6FF  t=14.4974 n=1 pc=$0523 values=18
  $C704  t=14.4975 n=1 pc=$0523 values=0B
  $C707  t=14.4975 n=1 pc=$0523 values=12
  $C70E  t=14.4975 n=1 pc=$0523 values=12
  $C714  t=14.4976 n=1 pc=$0523 values=15
  $C722  t=14.4976 n=1 pc=$0523 values=13
  $C736  t=14.4976 n=1 pc=$0523 values=15
  $C739  t=14.4976 n=1 pc=$0523 values=08
  $C74C  t=14.4977 n=1 pc=$0523 values=06
  $C75F  t=14.4977 n=1 pc=$0523 values=12
  $C769  t=14.4977 n=1 pc=$0523 values=13
  $C776  t=14.4978 n=1 pc=$0523 values=16
  $C779  t=14.4978 n=1 pc=$0523 values=08
  $C77C  t=14.4978 n=1 pc=$0523 values=13
  $C78C  t=14.4979 n=1 pc=$0523 values=15
  $C7A0  t=14.4979 n=1 pc=$0523 values=12
  $C7AF  t=14.4979 n=1 pc=$0523 values=15
  $C7B2  t=14.4979 n=1 pc=$0523 values=08
  $C7DA  t=14.4980 n=1 pc=$0523 values=16
  $C7DD  t=14.4980 n=1 pc=$0523 values=08
  $C7E1  t=14.4980 n=1 pc=$0523 values=19
  $C7E4  t=14.4981 n=1 pc=$0523 values=19
  $C7EA  t=14.4981 n=1 pc=$0523 values=13
  $C7F0  t=14.4981 n=1 pc=$0523 values=0D
  $C7F3  t=14.4982 n=1 pc=$0523 values=19
  $C7F6  t=14.4982 n=1 pc=$0523 values=0D
  $C7FB  t=14.4982 n=1 pc=$0523 values=18
  $C7FE  t=14.4982 n=1 pc=$0523 values=0D
  $C802  t=14.4983 n=1 pc=$0523 values=17
  $C808  t=14.4983 n=1 pc=$0523 values=13
  $C80B  t=14.4983 n=1 pc=$0523 values=18
  $C80E  t=14.4984 n=1 pc=$0523 values=19
  $C817  t=14.4984 n=1 pc=$0523 values=0D
  $C81D  t=14.4984 n=1 pc=$0523 values=19
  $C820  t=14.4985 n=1 pc=$0523 values=19
  $C823  t=14.4985 n=1 pc=$0523 values=0F
  $C82D  t=14.4985 n=1 pc=$0523 values=0F
  $C832  t=14.4985 n=1 pc=$0523 values=19
  $C836  t=14.4986 n=1 pc=$0523 values=19
  $C839  t=14.4986 n=1 pc=$0523 values=19
  $C83E  t=14.4986 n=1 pc=$0523 values=19
  $C841  t=14.4987 n=1 pc=$0523 values=17
  $C844  t=14.4987 n=1 pc=$0523 values=0D
  $C847  t=14.4987 n=1 pc=$0523 values=17
  $C84A  t=14.4987 n=1 pc=$0523 values=0D
  $C84D  t=14.4988 n=1 pc=$0523 values=17
  $C852  t=14.4988 n=1 pc=$0523 values=0D
  $C855  t=14.4988 n=1 pc=$0523 values=15
  $C858  t=14.4989 n=1 pc=$0523 values=08
  $C85D  t=14.4989 n=1 pc=$0523 values=19
  $C864  t=14.4989 n=1 pc=$0523 values=0D
  $C867  t=14.4990 n=1 pc=$0523 values=19
  $C871  t=14.4990 n=1 pc=$0523 values=19
  $C877  t=14.4990 n=1 pc=$0523 values=0D
  $C87A  t=14.4990 n=1 pc=$0523 values=19
  $C881  t=14.4991 n=1 pc=$0523 values=0D
  $C884  t=14.4991 n=1 pc=$0523 values=15
  $C887  t=14.4991 n=1 pc=$0523 values=08
  $C88A  t=14.4992 n=1 pc=$0523 values=0E
  $C88D  t=14.4992 n=1 pc=$0523 values=0D
  $C894  t=14.4992 n=1 pc=$0523 values=0E
  $C897  t=14.4993 n=1 pc=$0523 values=0E
  $C89A  t=14.4993 n=1 pc=$0523 values=0A
  $C89D  t=14.4993 n=1 pc=$0523 values=16
  $C8A0  t=14.4993 n=1 pc=$0523 values=08
  $C8A3  t=14.4994 n=1 pc=$0523 values=18
  $C8A6  t=14.4994 n=1 pc=$0523 values=19
  $C8AE  t=14.4994 n=1 pc=$0523 values=0D
  $C8B1  t=14.4995 n=1 pc=$0523 values=19
  $C8B7  t=14.4995 n=1 pc=$0523 values=19
  $C8BA  t=14.4995 n=1 pc=$0523 values=0D
  $C8BF  t=14.4996 n=1 pc=$0523 values=19
  $C8C2  t=14.4996 n=1 pc=$0523 values=19
  $C8C5  t=14.4996 n=1 pc=$0523 values=19
  $C8CC  t=14.4996 n=1 pc=$0523 values=0A
  $C8CF  t=14.4997 n=1 pc=$0523 values=12
  $C8D2  t=14.4997 n=1 pc=$0523 values=0D
  $C8D7  t=14.4997 n=1 pc=$0523 values=19
  $C8DC  t=14.4998 n=1 pc=$0523 values=16
  $C8DF  t=14.4998 n=1 pc=$0523 values=0F
  $C8E4  t=14.4998 n=1 pc=$0523 values=19
  $C8E8  t=14.4999 n=1 pc=$0523 values=19
  $C8F0  t=14.4999 n=1 pc=$0523 values=19
  $C8F6  t=14.4999 n=1 pc=$0523 values=19
  $C8F9  t=14.4999 n=1 pc=$0523 values=0E
  $C8FC  t=14.5000 n=1 pc=$0523 values=0E
  $C900  t=14.5000 n=1 pc=$0523 values=19
  $C903  t=14.5000 n=1 pc=$0523 values=0E
  $C909  t=14.5001 n=1 pc=$0523 values=19
  $C92B  t=14.5001 n=1 pc=$0523 values=0E
  $C92E  t=14.5001 n=1 pc=$0523 values=19
  $C933  t=14.5002 n=1 pc=$0523 values=0C
  $C936  t=14.5002 n=1 pc=$0523 values=19
  $C939  t=14.5002 n=1 pc=$0523 values=0D
  $C93F  t=14.5002 n=1 pc=$0523 values=18
  $C945  t=14.5003 n=1 pc=$0523 values=19
  $C948  t=14.5003 n=1 pc=$0523 values=0D
  $C94B  t=14.5003 n=1 pc=$0523 values=0E
  $C951  t=14.5004 n=1 pc=$0523 values=0E
  $C954  t=14.5004 n=1 pc=$0523 values=17
  $C957  t=14.5004 n=1 pc=$0523 values=19
  $C95A  t=14.5005 n=1 pc=$0523 values=0D
  $C95D  t=14.5005 n=1 pc=$0523 values=0C
  $C960  t=14.5005 n=1 pc=$0523 values=19
  $C963  t=14.5005 n=1 pc=$0523 values=05
  $C969  t=14.5006 n=1 pc=$0523 values=0E
  $C96D  t=14.5006 n=1 pc=$0523 values=19
  $C971  t=14.5006 n=1 pc=$0523 values=19
  $C978  t=14.5007 n=1 pc=$0523 values=19
  $C987  t=14.5007 n=1 pc=$0523 values=18
  $C98A  t=14.5007 n=1 pc=$0523 values=13
  $C993  t=14.5008 n=1 pc=$0523 values=19
  $C998  t=14.5008 n=1 pc=$0523 values=12
  $C9A4  t=14.5008 n=1 pc=$0523 values=18
  $C9A9  t=14.5008 n=1 pc=$0523 values=13
  $C9AC  t=14.5009 n=1 pc=$0523 values=0D
  $C9B7  t=14.5009 n=1 pc=$0523 values=15
  $C9BA  t=14.5009 n=1 pc=$0523 values=0F
  $C9C0  t=14.5010 n=1 pc=$0523 values=0F
  $C9C8  t=14.5010 n=1 pc=$0523 values=18
  $C9DB  t=14.5010 n=1 pc=$0523 values=0D
  $C9E0  t=14.5011 n=1 pc=$0523 values=19
  $C9E5  t=14.5011 n=1 pc=$0523 values=19
  $C9E8  t=14.5011 n=1 pc=$0523 values=19
  $C9FF  t=14.5011 n=1 pc=$0523 values=19
  $CA02  t=14.5012 n=1 pc=$0523 values=18
  $CA0F  t=14.5012 n=1 pc=$0523 values=0D
  $CA14  t=14.5012 n=1 pc=$0523 values=19
  $CA19  t=14.5013 n=1 pc=$0523 values=16
  $CA25  t=14.5013 n=1 pc=$0523 values=18
  $CA28  t=14.5013 n=1 pc=$0523 values=18
  $CA2C  t=14.5014 n=1 pc=$0523 values=18
  $CA2F  t=14.5014 n=1 pc=$0523 values=18
  $CA39  t=14.5014 n=1 pc=$0523 values=19
  $CA41  t=14.5014 n=1 pc=$0523 values=18
  $CA4C  t=14.5015 n=1 pc=$0523 values=18
  $CA50  t=14.5015 n=1 pc=$0523 values=19
  $CA5A  t=14.5015 n=1 pc=$0523 values=06
  $CA60  t=14.5016 n=1 pc=$0523 values=18
  $CA69  t=14.5016 n=1 pc=$0523 values=19
  $CA6D  t=14.5016 n=1 pc=$0523 values=19
  $CA77  t=14.5016 n=1 pc=$0523 values=19
  $CA84  t=14.5017 n=1 pc=$0523 values=19
  $CA87  t=14.5017 n=1 pc=$0523 values=19
  $CA8F  t=14.5017 n=1 pc=$0523 values=19
  $CAA1  t=14.5018 n=1 pc=$0523 values=06
  $CAA7  t=14.5018 n=1 pc=$0523 values=0E
  $CAAA  t=14.5018 n=1 pc=$0523 values=0E
  $CAAE  t=14.5019 n=1 pc=$0523 values=19
  $CAB5  t=14.5019 n=1 pc=$0523 values=17
  $CAB8  t=14.5019 n=1 pc=$0523 values=0D
  $CABC  t=14.5019 n=1 pc=$0523 values=19
  $CAC2  t=14.5020 n=1 pc=$0523 values=19
  $CAC5  t=14.5020 n=1 pc=$0523 values=19
  $CAD8  t=14.5020 n=1 pc=$0523 values=19
  $CAE2  t=14.5021 n=1 pc=$0523 values=19
  $CAEB  t=14.5021 n=1 pc=$0523 values=19
  $CAEE  t=14.5021 n=1 pc=$0523 values=0F
  $CAF2  t=14.5022 n=1 pc=$0523 values=19
  $CAFB  t=14.5022 n=1 pc=$0523 values=19
  $CB1E  t=14.5022 n=1 pc=$0523 values=19
  $CB2C  t=14.5022 n=1 pc=$0523 values=19
  $CB41  t=14.5023 n=1 pc=$0523 values=19
  $CB4F  t=14.5023 n=1 pc=$0523 values=16
  $CB58  t=14.5023 n=1 pc=$0523 values=19
  $CB60  t=14.5024 n=1 pc=$0523 values=16
  $CB66  t=14.5024 n=1 pc=$0523 values=19
  $CB7F  t=14.5024 n=1 pc=$0523 values=19
  $CB95  t=14.5025 n=1 pc=$0523 values=19
  $CB9C  t=14.5025 n=1 pc=$0523 values=19
  $CBAE  t=14.5025 n=1 pc=$0523 values=19
  $CBB9  t=14.5025 n=1 pc=$0523 values=19
  $CBC4  t=14.5026 n=1 pc=$0523 values=16
  $CBCC  t=14.5026 n=1 pc=$0523 values=0C
  $CBF4  t=14.5026 n=1 pc=$0523 values=11
  $CBF9  t=14.5027 n=1 pc=$0523 values=16
  $CC0D  t=14.5027 n=1 pc=$0523 values=17
  $CC13  t=14.5027 n=1 pc=$0523 values=0B
  $CC16  t=14.5028 n=1 pc=$0523 values=12
  $CC1A  t=14.5028 n=1 pc=$0523 values=11
  $CC30  t=14.5028 n=1 pc=$0523 values=0B
  $CC33  t=14.5028 n=1 pc=$0523 values=16
  $CC36  t=14.5029 n=1 pc=$0523 values=11
  $CC44  t=14.5029 n=1 pc=$0523 values=10
  $CC47  t=14.5029 n=1 pc=$0523 values=10
  $CC52  t=14.5030 n=1 pc=$0523 values=11
  $CC5B  t=14.5030 n=1 pc=$0523 values=10
  $CC66  t=14.5030 n=1 pc=$0523 values=10
  $CC89  t=14.5031 n=1 pc=$0523 values=16
  $CC93  t=14.5031 n=1 pc=$0523 values=11
  $CC99  t=14.5031 n=1 pc=$0523 values=11
  $CC9F  t=14.5031 n=1 pc=$0523 values=11
  $CCAE  t=14.5032 n=1 pc=$0523 values=13
  $CCDB  t=14.5032 n=1 pc=$0523 values=11
  $CCE1  t=14.5032 n=1 pc=$0523 values=11
  $CCE6  t=14.5033 n=1 pc=$0523 values=16
  $CCF3  t=14.5033 n=1 pc=$0523 values=11
  $CCF8  t=14.5033 n=1 pc=$0523 values=0B
  $CCFB  t=14.5034 n=1 pc=$0523 values=17
  $CCFE  t=14.5034 n=1 pc=$0523 values=17
  $CD01  t=14.5034 n=1 pc=$0523 values=17
  $CD04  t=14.5034 n=1 pc=$0523 values=11
  $CD14  t=14.5035 n=1 pc=$0523 values=11
  $CD20  t=14.5035 n=1 pc=$0523 values=11
  $CD4B  t=14.5035 n=1 pc=$0523 values=16
  $CD66  t=14.5036 n=1 pc=$0523 values=17
  $CD6E  t=14.5036 n=1 pc=$0523 values=12
  $CD71  t=14.5036 n=1 pc=$0523 values=17
  $CD74  t=14.5037 n=1 pc=$0523 values=13
  $CD7A  t=14.5037 n=1 pc=$0523 values=11
  $CD7F  t=14.5037 n=1 pc=$0523 values=11
  $CDA3  t=14.5037 n=1 pc=$0523 values=13
  $CDBB  t=14.5038 n=1 pc=$0523 values=12
  $CDC4  t=14.5038 n=1 pc=$0523 values=11
  $CDC8  t=14.5038 n=1 pc=$0523 values=17
  $CDCB  t=14.5039 n=1 pc=$0523 values=17
  $CDD5  t=14.5039 n=1 pc=$0523 values=17
  $CDDA  t=14.5039 n=1 pc=$0523 values=17
  $CDDF  t=14.5040 n=1 pc=$0523 values=17
  $CDE2  t=14.5040 n=1 pc=$0523 values=17
  $CDE7  t=14.5040 n=1 pc=$0523 values=17
  $CDEC  t=14.5040 n=1 pc=$0523 values=17
  $CDFC  t=14.5041 n=1 pc=$0523 values=17
  $CE0D  t=14.5041 n=1 pc=$0523 values=12
  $CE12  t=14.5041 n=1 pc=$0523 values=17
  $CE17  t=14.5042 n=1 pc=$0523 values=17
  $CE1C  t=14.5042 n=1 pc=$0523 values=17
  $CE1F  t=14.5042 n=1 pc=$0523 values=17
  $CE22  t=14.5043 n=1 pc=$0523 values=17
  $CE26  t=14.5043 n=1 pc=$0523 values=17
  $CE2A  t=14.5043 n=1 pc=$0523 values=12
  $CE2E  t=14.5043 n=1 pc=$0523 values=12
  $CE32  t=14.5044 n=1 pc=$0523 values=12
  $CE36  t=14.5044 n=1 pc=$0523 values=12
  $CE3B  t=14.5044 n=1 pc=$0523 values=17
  $CE65  t=14.5045 n=1 pc=$0523 values=12
  $CE6C  t=14.5045 n=1 pc=$0523 values=18
  $CE70  t=14.5045 n=1 pc=$0523 values=18
  $CE77  t=14.5045 n=1 pc=$0523 values=19
  $CE7B  t=14.5046 n=1 pc=$0523 values=19
  $CE86  t=14.5046 n=1 pc=$0523 values=19
  $CE99  t=14.5046 n=1 pc=$0523 values=19
  $CEA1  t=14.5047 n=1 pc=$0523 values=12
  $CEAC  t=14.5047 n=1 pc=$0523 values=12
  $CEBB  t=14.5047 n=1 pc=$0523 values=12
  $CEC1  t=14.5048 n=1 pc=$0523 values=1A
  $CED2  t=14.5048 n=1 pc=$0523 values=18
  $CED9  t=14.5048 n=1 pc=$0523 values=1A
  $CEF1  t=14.5048 n=1 pc=$0523 values=13
  $CEF4  t=14.5049 n=1 pc=$0523 values=13
  $CEFA  t=14.5049 n=1 pc=$0523 values=13
  $CEFD  t=14.5049 n=1 pc=$0523 values=13
  $CF14  t=14.5050 n=1 pc=$0523 values=18
  $CF26  t=14.5050 n=1 pc=$0523 values=13
  $CF30  t=14.5050 n=1 pc=$0523 values=13
  $CF36  t=14.5051 n=1 pc=$0523 values=13
  $CF3E  t=14.5051 n=1 pc=$0523 values=13
  $CF47  t=14.5051 n=1 pc=$0523 values=13
  $CF6A  t=14.5051 n=1 pc=$0523 values=13
  $CF71  t=14.5052 n=1 pc=$0523 values=13
  $CF81  t=14.5052 n=1 pc=$0523 values=13
  $CFA3  t=14.5052 n=1 pc=$0523 values=15
  $CFA6  t=14.5053 n=1 pc=$0523 values=08
  $CFAB  t=14.5053 n=1 pc=$0523 values=13
  $D015  t=14.5053 n=1 pc=$0523 values=17
  $D01A  t=14.5054 n=1 pc=$0523 values=17
  $D034  t=14.5054 n=1 pc=$0523 values=13
  $D037  t=14.5054 n=1 pc=$0523 values=11
  $D044  t=14.5054 n=1 pc=$0523 values=13
  $D067  t=14.5055 n=1 pc=$0523 values=16
  $D079  t=14.5055 n=1 pc=$0523 values=06
  $D08C  t=14.5055 n=1 pc=$0523 values=09
  $D096  t=14.5056 n=1 pc=$0523 values=0B
  $D0A0  t=14.5056 n=1 pc=$0523 values=0B
  $D0AA  t=14.5056 n=1 pc=$0523 values=0B
  $D0B4  t=14.5057 n=1 pc=$0523 values=0B
  $D0BE  t=14.5057 n=1 pc=$0523 values=0F
  $D0C8  t=14.5057 n=1 pc=$0523 values=10
  $D0D2  t=14.5057 n=1 pc=$0523 values=0B
  $D0DC  t=14.5058 n=1 pc=$0523 values=0B
  $D0E6  t=14.5058 n=1 pc=$0523 values=0B
  $D0F0  t=14.5058 n=1 pc=$0523 values=07
  $D0FA  t=14.5059 n=1 pc=$0523 values=0B
  $D104  t=14.5059 n=1 pc=$0523 values=14
  $D10E  t=14.5059 n=1 pc=$0523 values=14
  $D118  t=14.5060 n=1 pc=$0523 values=14
