  c.ctl       None             vg=continued  zb=continued 
  restore     RESTORE          vg=continued  zb=continued 
  cls         CLS              vg=continued  zb=continued 
  tron        TRON             vg=continued  zb=continued 
  troff       TROFF            vg=continued  zb=continued 
  beep        BEEP             vg=continued  zb=continued 
  motoroff    MOTOR OFF        vg=continued  zb=continued 
  keyoff      KEY OFF          vg=continued  zb=continued 
  width       WIDTH 40         vg=continued  zb=continued 
  color       COLOR 15,4,4     vg=continued  zb=continued 
  screen      SCREEN 0         vg=continued  zb=continued 
  sound       SOUND 0,0        vg=continued  zb=continued 
  poke        POKE&HC000,0     vg=continued  zb=continued 
  vpoke       VPOKE 0,0        vg=continued  zb=continued 
  defint      DEFINT Z         vg=continued  zb=continued 
  clear       CLEAR            vg=continued  zb=continued 
  maxfiles    MAXFILES=1       vg=continued  zb=continued 
  time        TIME=0           vg=continued  zb=continued 
  locate      LOCATE 0,0       vg=continued  zb=continued 
  out         OUT &H99,0       vg=SWALLOWED  zb=SWALLOWED 
  wait        WAIT &H99,0,0    vg=SWALLOWED  zb=SWALLOWED 
  swap        SWAP A,B         vg=continued  zb=continued 
  erase       ERASE Q          vg=continued  zb=continued 
  randomize   RANDOMIZE 1      vg=SWALLOWED  zb=SWALLOWED 

=== 0 divergence(s): none ===
    NB ['out', 'wait', 'randomize'] swallowed on BOTH -- agreement, and worth reading: either the verb legitimately ends the line, or the minimal form errored and no row saw anything.
