python3 tools/run_gates.py 
=== warm-up (serial build of shared artifacts) ===
warm-up 8s
=== refcache OFF for every unit: a gate measures, it never replays (docs/spec-refcache.md §7) ===
=== emulator tier RUNS: probes/tests/tools or the Makefile changed ===
=== 4 tree-mutating unit(s), SERIAL (they rewrite a shared tracked file) ===
  rc=0              1s  switch-build-check
  rc=0              6s  diskdep-check
  rc=0              0s  wall-literal-check
  rc=0             53s  selftest-check
  (post-mutator refresh 7s -- the plants moved mtimes, so the pool would otherwise race a rebuild)
=== 131 units, J=8, lineerr in 8 shards, nice=0 solo=None ===
  rc=0              3s  basic-reloc
  rc=0              0s  deps-check
  rc=0              0s  subrom-abi-check
  rc=0              0s  diskrom-abi-check
  rc=0              0s  rom-parts-check
  rc=0              1s  subrom-closure-check
  rc=0             27s  unit-test
  rc=0              0s  deadcode
  rc=0              3s  wall-assertion-check
  rc=0              0s  ram-claim-check
  rc=0              0s  build-assert-check
  rc=0              4s  needle-case-check
  rc=0              0s  redundant-load-check
  rc=0              1s  rowshape-check
  rc=0              5s  injector-check
  rc=0              1s  temp-root-check
  rc=0              2s  todo-citation-check
  rc=0              0s  todo-marker-check
  rc=0              0s  deferral-pin-check
  rc=0              1s  error-alphabet-check
  rc=0              2s  chokepoint-check
  rc=0              0s  filed-pin-check
  rc=0              2s  disk-mount-check
  rc=0              0s  shared-body-check
  rc=0              0s  probe-reach-check
  rc=0              0s  battery-membership-check
  rc=0              0s  fixture-integrity-check
  rc=0              1s  preflight-check
  rc=0              4s  latch-check
  rc=0             79s  kwsweep
  rc=0             12s  patch-freshness-check
  rc=0              2s  refcache-check
  rc=0              0s  knife-guard-check
  rc=0              1s  knife-rom-guard-check
  rc=0              0s  deffn-selftest
  rc=0              0s  probe-sides-selftest
  rc=0              1s  banner-acceptance
  rc=0             32s  string-acceptance
  rc=0             18s  str-domain-acceptance
  rc=0             11s  strparen-acceptance
  rc=0             52s  penderr-acceptance
  rc=0             44s  missing-acceptance
  rc=0             10s  error-acceptance
  rc=0             56s  error-trap-acceptance
  rc=0             91s  onerr0-acceptance
  rc=0            105s  math-acceptance
  rc=0             86s  float-acceptance
  rc=0             56s  intarg-acceptance
  rc=0             45s  logicops-acceptance
  rc=0            222s  screenerr-acceptance
  rc=0             39s  tmfp-acceptance
  rc=0             62s  stmtpend-acceptance
  rc=0            106s  array-acceptance
  rc=0            121s  deffn-strict
  rc=0            370s  graphics-acceptance
  rc=0             55s  abort-acceptance
  rc=0            139s  interval-trap-acceptance
  rc=0             80s  clearpool-acceptance
  rc=0            129s  stackpool-acceptance
  rc=0            147s  trapdepth-acceptance
  rc=0             63s  trapsvc-acceptance
  rc=0             70s  ctlcross-acceptance
  rc=0            378s  ctllim-acceptance
  rc=0            414s  ramfree-acceptance
  rc=0             19s  txtceil-acceptance
  rc=0              7s  runline-acceptance
  rc=0             10s  keystr-acceptance
  rc=0              4s  loc-acceptance
  rc=0              8s  dskio-acceptance
  rc=0             10s  copy-acceptance
  rc=0             10s  screditor-acceptance
  rc=0             12s  nodiskerr-acceptance
  rc=0             14s  parennest-acceptance
  rc=0             14s  cursor-acceptance
  rc=0             88s  time-acceptance
  rc=0            298s  namspc-acceptance
  rc=0            103s  arrdim-acceptance
  rc=0             19s  asciidigit-acceptance
  rc=0             62s  arylv-acceptance
  rc=0             55s  badfnum-acceptance
  rc=0              8s  beep-acceptance
  rc=0             29s  binfre-acceptance
  rc=0             18s  cassave-acceptance
  rc=0             76s  castail-acceptance
  rc=0            125s  deffn-acceptance
  rc=0             46s  direct-ctrl-acceptance
  rc=0             11s  dskmsg-acceptance
  rc=0             83s  editverb-acceptance
  rc=0             32s  fldary-acceptance
  rc=0             95s  fldwidth-acceptance
  rc=0             26s  forvar-acceptance
  rc=0             53s  gicini-acceptance
  rc=0              0s  graphics-floor-acceptance
  rc=0            150s  ifsem-acceptance
  rc=0              9s  input-acceptance
  rc=0             74s  nodisk-acceptance
  rc=0             87s  pusing-acceptance
  rc=0             45s  catterm-acceptance
  rc=0             13s  catusr-acceptance
  rc=0             13s  nameord-acceptance
  rc=0             13s  namegate-acceptance
  rc=0             39s  inputary-acceptance
  rc=0            136s  key-trap-acceptance
  rc=0             57s  linemax-acceptance
  rc=0            128s  lnblank-acceptance
  rc=0             39s  locarg-acceptance
  rc=0             45s  lof-acceptance
  rc=0             93s  lptverb-acceptance
  rc=0             57s  lrvar-acceptance
  rc=0             53s  lvfix-acceptance
  rc=0             21s  nxary-acceptance
  rc=0             31s  nxlist-acceptance
  rc=0             30s  play-acceptance
  rc=0             11s  play-trace-acceptance
  rc=0             22s  readvar-acceptance
  rc=0              8s  runtail-acceptance
  rc=0             24s  sound-acceptance
  rc=0             68s  sprite-trap-acceptance
  rc=0             56s  stop-trap-acceptance
  rc=0            135s  strig-trap-acceptance
  rc=0              0s  subrom-acceptance
  rc=0             72s  tgtspc-acceptance
  rc=0             80s  width-acceptance
  rc=0            115s  lineerr#1/8
  rc=0            112s  lineerr#2/8
  rc=0            110s  lineerr#3/8
  rc=0            111s  lineerr#4/8
  rc=0            101s  lineerr#5/8
  rc=0             94s  lineerr#6/8
  rc=0             81s  lineerr#7/8
  rc=0             61s  lineerr#8/8

=== wall 900s (8s build + 893s gates) ===
GATES: 128/128 green
hashes: 844c9814 c3df5c56 c35d5500 fc5ed2de
recorded: this full green battery is now the baseline a future skip must prove itself against
