pasmo -I sub --bin sub/sub.asm build/sub.rom build/sub.sym
WARNING: Switching to 3 pass mode on line 908 of file basic/sysvars.inc
WARNING: Var ACT_LOW is never used on line 159 of file basic/sysvars.inc
WARNING: Var ARL_GETBYTE is never used on line 1657 of file basic/sysvars.inc
WARNING: Var ARY_CUR is never used on line 2436 of file basic/sysvars.inc
WARNING: Var ATAN_DEG is never used on line 14 of file math-coeffs.inc
WARNING: Var BAKCLR is never used on line 130 of file basic/sysvars.inc
WARNING: Var BASIC_DISK_ID is never used on line 2936 of file basic/sysvars.inc
WARNING: Var BDRCLR is never used on line 131 of file basic/sysvars.inc
WARNING: Var BREAKX is never used on line 37 of file basic/sysvars.inc
WARNING: Var CAS_IN_MODE is never used on line 1668 of file basic/sysvars.inc
WARNING: Var CAS_LOW_1200 is never used on line 170 of file basic/sysvars.inc
WARNING: Var CAS_LOW_2400 is never used on line 171 of file basic/sysvars.inc
WARNING: Var CAS_OUT_MODE is never used on line 1667 of file basic/sysvars.inc
WARNING: Var CAS_VERIFY is never used on line 3733 of file basic/sysvars.inc
WARNING: Var CAS_VMIS is never used on line 3734 of file basic/sysvars.inc
WARNING: Var CAS_WBUF is never used on line 3769 of file basic/sysvars.inc
WARNING: Var CAS_WCNT is never used on line 2866 of file basic/sysvars.inc
WARNING: Var CHGCLR is never used on line 14 of file basic/sysvars.inc
WARNING: Var CHGET is never used on line 18 of file basic/sysvars.inc
WARNING: Var CHGMOD is never used on line 12 of file basic/sysvars.inc
WARNING: Var CHSNS is never used on line 17 of file basic/sysvars.inc
WARNING: Var CLIKSW is never used on line 509 of file basic/sysvars.inc
WARNING: Var CLPTR is never used on line 881 of file basic/sysvars.inc
WARNING: Var CLR_HIMEM_MARGIN is never used on line 2494 of file basic/sysvars.inc
WARNING: Var CLR_HIMEM_TOP is never used on line 2486 of file basic/sysvars.inc
WARNING: Var CLR_SAVE is never used on line 3976 of file basic/sysvars.inc
WARNING: Var CLS is never used on line 22 of file basic/sysvars.inc
WARNING: Var CNSDFG is never used on line 1437 of file basic/sysvars.inc
WARNING: Var CONTLINE is never used on line 2745 of file basic/sysvars.inc
WARNING: Var CONTPTR is never used on line 2746 of file basic/sysvars.inc
WARNING: Var CONTVALID is never used on line 2747 of file basic/sysvars.inc
WARNING: Var CON_LASTROW is never used on line 1424 of file basic/sysvars.inc
WARNING: Var CON_ROWS_KEYON is never used on line 1481 of file basic/sysvars.inc
WARNING: Var COPY_CLUS is never used on line 3927 of file basic/sysvars.inc
WARNING: Var COPY_LEFT is never used on line 3928 of file basic/sysvars.inc
WARNING: Var COPY_SRC is never used on line 3926 of file basic/sysvars.inc
WARNING: Var COS_COEF_DEG is never used on line 347 of file math-coeffs.inc
WARNING: Var CRT_MODE is never used on line 1659 of file basic/sysvars.inc
WARNING: Var CS120_LOW is never used on line 157 of file basic/sysvars.inc
WARNING: Var CS240_LOW is never used on line 158 of file basic/sysvars.inc
WARNING: Var CSRSW is never used on line 515 of file basic/sysvars.inc
WARNING: Var CVT is never used on line 4277 of file basic/sysvars.inc
WARNING: Var CVT_MODE is never used on line 4319 of file basic/sysvars.inc
WARNING: Var DAC is never used on line 4134 of file basic/sysvars.inc
WARNING: Var DIRECTF is never used on line 1057 of file basic/sysvars.inc
WARNING: Var DISKOP_SEL_COPY is never used on line 3157 of file basic/sysvars.inc
WARNING: Var DISKOP_SEL_COPYSTASH is never used on line 3156 of file basic/sysvars.inc
WARNING: Var DISKOP_SEL_FAT_ALLOC_CLUSTER is never used on line 3107 of file basic/sysvars.inc
WARNING: Var DISKOP_SEL_FAT_COUNT_FREE is never used on line 3109 of file basic/sysvars.inc
WARNING: Var DISKOP_SEL_FAT_DELETE is never used on line 3113 of file basic/sysvars.inc
WARNING: Var DISKOP_SEL_FAT_DIR_CREATE is never used on line 3111 of file basic/sysvars.inc
WARNING: Var DISKOP_SEL_FAT_DIR_UPDATE is never used on line 3112 of file basic/sysvars.inc
WARNING: Var DISKOP_SEL_FAT_FIND is never used on line 3102 of file basic/sysvars.inc
WARNING: Var DISKOP_SEL_FAT_FLUSH_DATA_SECTOR is never used on line 3110 of file basic/sysvars.inc
WARNING: Var DISKOP_SEL_FAT_MOUNT is never used on line 3101 of file basic/sysvars.inc
WARNING: Var DISKOP_SEL_FAT_OPEN is never used on line 3104 of file basic/sysvars.inc
WARNING: Var DISKOP_SEL_FAT_READ_FAT_SECTOR is never used on line 3105 of file basic/sysvars.inc
WARNING: Var DISKOP_SEL_FAT_READ_FILE_SECTOR is never used on line 3106 of file basic/sysvars.inc
WARNING: Var DISKOP_SEL_FAT_WRITE_FAT_ENTRY is never used on line 3108 of file basic/sysvars.inc
WARNING: Var DISKOP_SEL_FCH_DETACH is never used on line 3136 of file basic/sysvars.inc
WARNING: Var DISKOP_SEL_FCH_RESTAGE is never used on line 3135 of file basic/sysvars.inc
WARNING: Var DISKOP_SEL_FIA_WALKED is never used on line 3128 of file basic/sysvars.inc
WARNING: Var DISKOP_SEL_FILES is never used on line 3152 of file basic/sysvars.inc
WARNING: Var DISKOP_SEL_KILL is never used on line 3144 of file basic/sysvars.inc
WARNING: Var DISKOP_SEL_LFILES is never used on line 3153 of file basic/sysvars.inc
WARNING: Var DISKOP_SEL_NAME_CMP is never used on line 3103 of file basic/sysvars.inc
WARNING: Var DISKOP_SEL_NAME_STAMP is never used on line 3145 of file basic/sysvars.inc
WARNING: Var DISKOP_SEL_RAND_GET is never used on line 3123 of file basic/sysvars.inc
WARNING: Var DISKOP_SEL_RAND_OPEN is never used on line 3122 of file basic/sysvars.inc
WARNING: Var DISKOP_SEL_RAND_PUT is never used on line 3124 of file basic/sysvars.inc
WARNING: Var DISKOP_SEL_READ_SECTOR is never used on line 3099 of file basic/sysvars.inc
WARNING: Var DISKOP_SEL_WRITE_SECTOR is never used on line 3100 of file basic/sysvars.inc
WARNING: Var DIVPAD is never used on line 4275 of file basic/sysvars.inc
WARNING: Var DIVREM is never used on line 4276 of file basic/sysvars.inc
WARNING: Var DSPFNK is never used on line 24 of file basic/sysvars.inc
WARNING: Var ENDFLAG is never used on line 2729 of file basic/sysvars.inc
WARNING: Var ERAFNK is never used on line 23 of file basic/sysvars.inc
WARNING: Var ERRLIN is never used on line 1109 of file basic/sysvars.inc
WARNING: Var EXBRSA is never used on line 5037 of file basic/sysvars.inc
WARNING: Var EXPTBL is never used on line 111 of file basic/sysvars.inc
WARNING: Var EXP_COEF_DEG is never used on line 70 of file math-coeffs.inc
WARNING: Var FCH_CEIL is never used on line 3545 of file basic/sysvars.inc
WARNING: Var FCH_NUM is never used on line 2914 of file basic/sysvars.inc
WARNING: Var FILES_ENTIDX is never used on line 2909 of file basic/sysvars.inc
WARNING: Var FILES_HASPAT is never used on line 3714 of file basic/sysvars.inc
WARNING: Var FLD_CHAN is never used on line 869 of file basic/sysvars.inc
WARNING: Var FLD_CUROFF is never used on line 868 of file basic/sysvars.inc
WARNING: Var FLD_TABEND is never used on line 3587 of file basic/sysvars.inc
WARNING: Var FNKSWI is never used on line 1439 of file basic/sysvars.inc
WARNING: Var FN_PAREA_END is never used on line 4045 of file basic/sysvars.inc
WARNING: Var FN_STK_FLOOR is never used on line 4065 of file basic/sysvars.inc
WARNING: Var FOMBYTES is never used on line 4227 of file basic/sysvars.inc
WARNING: Var FOPEN_SEL is never used on line 3411 of file basic/sysvars.inc
WARNING: Var FOPEN_SEL_AOPEN is never used on line 3414 of file basic/sysvars.inc
WARNING: Var FOPEN_SEL_GETB is never used on line 3416 of file basic/sysvars.inc
WARNING: Var FOPEN_SEL_LOAD is never used on line 3424 of file basic/sysvars.inc
WARNING: Var FOPEN_SEL_SAVE is never used on line 3413 of file basic/sysvars.inc
WARNING: Var FOR_BODY is never used on line 3828 of file basic/sysvars.inc
WARNING: Var FOR_FRAME is never used on line 3815 of file basic/sysvars.inc
WARNING: Var FOR_LIM is never used on line 3825 of file basic/sysvars.inc
WARNING: Var FOR_LINE is never used on line 3827 of file basic/sysvars.inc
WARNING: Var FOR_SIGN is never used on line 3829 of file basic/sysvars.inc
WARNING: Var FOR_STEP is never used on line 3826 of file basic/sysvars.inc
WARNING: Var FOSIGCOUNT is never used on line 4225 of file basic/sysvars.inc
WARNING: Var FOSIGN is never used on line 4224 of file basic/sysvars.inc
WARNING: Var FPERR_OOM is never used on line 578 of file basic/sysvars.inc
WARNING: Var FPERR_STRLONG is never used on line 576 of file basic/sysvars.inc
WARNING: Var FPERR_TYPEMM is never used on line 577 of file basic/sysvars.inc
WARNING: Var FPNUM_SIZE is never used on line 4257 of file basic/sysvars.inc
WARNING: Var FP_LHSVAL is never used on line 4288 of file basic/sysvars.inc
WARNING: Var FP_OPMODE is never used on line 4317 of file basic/sysvars.inc
WARNING: Var FP_RSIGN is never used on line 4292 of file basic/sysvars.inc
WARNING: Var FP_SHIFTAMT is never used on line 4287 of file basic/sysvars.inc
WARNING: Var FP_TMP_B is never used on line 4290 of file basic/sysvars.inc
WARNING: Var GFX_COLOR_OFST is never used on line 70 of file basic/sysvars.inc
WARNING: Var GFX_DESC is never used on line 2091 of file basic/sysvars.inc
WARNING: Var GFX_EVY is never used on line 733 of file basic/sysvars.inc
WARNING: Var GFX_PGEN_BASE is never used on line 69 of file basic/sysvars.inc
WARNING: Var GFX_REL is never used on line 680 of file basic/sysvars.inc
WARNING: Var GFX_SVY is never used on line 731 of file basic/sysvars.inc
WARNING: Var GOSUB_FRAME is never used on line 3893 of file basic/sysvars.inc
WARNING: Var GOTOFLAG is never used on line 2728 of file basic/sysvars.inc
WARNING: Var GOTOTGT is never used on line 2727 of file basic/sysvars.inc
WARNING: Var GP_MODE is never used on line 3602 of file basic/sysvars.inc
WARNING: Var GTPAD is never used on line 48 of file basic/sysvars.inc
WARNING: Var GTPDL is never used on line 49 of file basic/sysvars.inc
WARNING: Var GTSTCK is never used on line 46 of file basic/sysvars.inc
WARNING: Var GTTRIG is never used on line 47 of file basic/sysvars.inc
WARNING: Var HORNER_ACC is never used on line 4597 of file basic/sysvars.inc
WARNING: Var HORNER_G is never used on line 4580 of file basic/sysvars.inc
WARNING: Var H_CHRG is never used on line 4169 of file basic/sysvars.inc
WARNING: Var H_COPY is never used on line 3451 of file basic/sysvars.inc
WARNING: Var H_CVD is never used on line 3393 of file basic/sysvars.inc
WARNING: Var H_CVI is never used on line 3391 of file basic/sysvars.inc
WARNING: Var H_CVS is never used on line 3392 of file basic/sysvars.inc
WARNING: Var H_DSKF is never used on line 3387 of file basic/sysvars.inc
WARNING: Var H_DSKI is never used on line 3450 of file basic/sysvars.inc
WARNING: Var H_DSKO is never used on line 3427 of file basic/sysvars.inc
WARNING: Var H_FIELD is never used on line 3401 of file basic/sysvars.inc
WARNING: Var H_FILE is never used on line 3402 of file basic/sysvars.inc
WARNING: Var H_FOPEN is never used on line 3410 of file basic/sysvars.inc
WARNING: Var H_KILL is never used on line 3395 of file basic/sysvars.inc
WARNING: Var H_LSET is never used on line 3399 of file basic/sysvars.inc
WARNING: Var H_MKD is never used on line 3390 of file basic/sysvars.inc
WARNING: Var H_MKI is never used on line 3388 of file basic/sysvars.inc
WARNING: Var H_MKS is never used on line 3389 of file basic/sysvars.inc
WARNING: Var H_NAME is never used on line 3394 of file basic/sysvars.inc
WARNING: Var H_OUTD is never used on line 4170 of file basic/sysvars.inc
WARNING: Var H_RSET is never used on line 3400 of file basic/sysvars.inc
WARNING: Var H_TIMI is never used on line 3379 of file basic/sysvars.inc
WARNING: Var H_ZKEY is never used on line 3467 of file basic/sysvars.inc
WARNING: Var INDLR_N is never used on line 863 of file basic/sysvars.inc
WARNING: Var INP_CURSOR is never used on line 913 of file basic/sysvars.inc
WARNING: Var INT_MAIN_PRIM is never used on line 4360 of file basic/sysvars.inc
WARNING: Var INT_SUB_PRIM is never used on line 4361 of file basic/sysvars.inc
WARNING: Var INT_SUB_SUBSL is never used on line 4362 of file basic/sysvars.inc
WARNING: Var IN_RDLEN is never used on line 2920 of file basic/sysvars.inc
WARNING: Var LE_OP_AUTO is never used on line 3212 of file basic/sysvars.inc
WARNING: Var LE_OP_DELRANGE is never used on line 3182 of file basic/sysvars.inc
WARNING: Var LE_OP_LLSTRANGE is never used on line 3199 of file basic/sysvars.inc
WARNING: Var LE_OP_LSTRANGE is never used on line 3184 of file basic/sysvars.inc
WARNING: Var LE_OP_RELINK is never used on line 3181 of file basic/sysvars.inc
WARNING: Var LE_OP_RENUM is never used on line 3207 of file basic/sysvars.inc
WARNING: Var LE_OP_RENUM_NEXT is never used on line 3208 of file basic/sysvars.inc
WARNING: Var LE_OP_STORE is never used on line 3180 of file basic/sysvars.inc
WARNING: Var LHS_FAC is never used on line 4283 of file basic/sysvars.inc
WARNING: Var LHS_FACTYP is never used on line 4279 of file basic/sysvars.inc
WARNING: Var LHS_VARTYPE is never used on line 4408 of file basic/sysvars.inc
WARNING: Var LINL32 is never used on line 120 of file basic/sysvars.inc
WARNING: Var LINL40 is never used on line 119 of file basic/sysvars.inc
WARNING: Var LOC_COL is never used on line 1514 of file basic/sysvars.inc
WARNING: Var LOC_ROW is never used on line 1515 of file basic/sysvars.inc
WARNING: Var LOG_COEF_DEG is never used on line 112 of file math-coeffs.inc
WARNING: Var LPTOUT is never used on line 20 of file basic/sysvars.inc
WARNING: Var LPTPOS is never used on line 3301 of file basic/sysvars.inc
WARNING: Var LPT_MODE is never used on line 1658 of file basic/sysvars.inc
WARNING: Var MC_TYPE is never used on line 4486 of file basic/sysvars.inc
WARNING: Var MRG_PTR is never used on line 864 of file basic/sysvars.inc
WARNING: Var MSGESC_HI is never used on line 5068 of file basic/sysvars.inc
WARNING: Var MSGESC_LO is never used on line 5067 of file basic/sysvars.inc
WARNING: Var MSGESC_SUB is never used on line 5087 of file basic/sysvars.inc
WARNING: Var MSGESC_UTOF is never used on line 5046 of file basic/sysvars.inc
WARNING: Var MUL32 is never used on line 4310 of file basic/sysvars.inc
WARNING: Var MULCAND is never used on line 4308 of file basic/sysvars.inc
WARNING: Var MULTPLR is never used on line 4309 of file basic/sysvars.inc
WARNING: Var MUL_ADIG is never used on line 4303 of file basic/sysvars.inc
WARNING: Var MUL_CARRY is never used on line 4304 of file basic/sysvars.inc
WARNING: Var MUL_I is never used on line 4300 of file basic/sysvars.inc
WARNING: Var MUL_PP is never used on line 4307 of file basic/sysvars.inc
WARNING: Var NEWKEY is never used on line 3471 of file basic/sysvars.inc
WARNING: Var ONELIN is never used on line 1168 of file basic/sysvars.inc
WARNING: Var OO_DEVTYPE is never used on line 1647 of file basic/sysvars.inc
WARNING: Var PLF_RA is never used on line 4321 of file basic/sysvars.inc
WARNING: Var PLF_RA2 is never used on line 4323 of file basic/sysvars.inc
WARNING: Var PRDEST is never used on line 1639 of file basic/sysvars.inc
WARNING: Var PRDEV is never used on line 1646 of file basic/sysvars.inc
WARNING: Var PRMWANT is never used on line 4171 of file basic/sysvars.inc
WARNING: Var PSLTREG is never used on line 112 of file basic/sysvars.inc
WARNING: Var PU_WP is never used on line 3624 of file basic/sysvars.inc
WARNING: Var RDSLT is never used on line 109 of file basic/sysvars.inc
WARNING: Var RESUMEFLAG is never used on line 2736 of file basic/sysvars.inc
WARNING: Var RESUMEPTR is never used on line 2735 of file basic/sysvars.inc
WARNING: Var RL_AUTO is never used on line 3281 of file basic/sysvars.inc
WARNING: Var SAVTXT is never used on line 1263 of file basic/sysvars.inc
WARNING: Var SCAN_INIT is never used on line 2754 of file basic/sysvars.inc
WARNING: Var SCAN_PRIM is never used on line 2752 of file basic/sysvars.inc
WARNING: Var SCAN_SLOT is never used on line 2753 of file basic/sysvars.inc
WARNING: Var SIN_COEF_DEG is never used on line 317 of file math-coeffs.inc
WARNING: Var STATFL is never used on line 822 of file basic/sysvars.inc
WARNING: Var STK_EVAL_RESERVE is never used on line 3855 of file basic/sysvars.inc
WARNING: Var STMOTR is never used on line 2579 of file basic/sysvars.inc
WARNING: Var STOPHOLD is never used on line 4172 of file basic/sysvars.inc
WARNING: Var STOPREP_FIRST is never used on line 4173 of file basic/sysvars.inc
WARNING: Var SUBROM_IDX_ARY is never used on line 61 of file equates.inc
WARNING: Var SUBROM_IDX_BEEP is never used on line 221 of file equates.inc
WARNING: Var SUBROM_IDX_CASMATCH is never used on line 134 of file equates.inc
WARNING: Var SUBROM_IDX_DETOK is never used on line 46 of file equates.inc
WARNING: Var SUBROM_IDX_DIRVERB is never used on line 113 of file equates.inc
WARNING: Var SUBROM_IDX_ERRMSG is never used on line 165 of file equates.inc
WARNING: Var SUBROM_IDX_FATPRIM is never used on line 105 of file equates.inc
WARNING: Var SUBROM_IDX_FCBNAME is never used on line 151 of file equates.inc
WARNING: Var SUBROM_IDX_FLDLOOK is never used on line 237 of file equates.inc
WARNING: Var SUBROM_IDX_FORMAT is never used on line 93 of file equates.inc
WARNING: Var SUBROM_IDX_GRAPHICS is never used on line 203 of file equates.inc
WARNING: Var SUBROM_IDX_INTTEST is never used on line 54 of file equates.inc
WARNING: Var SUBROM_IDX_LINEEDIT is never used on line 123 of file equates.inc
WARNING: Var SUBROM_IDX_LRSETST is never used on line 251 of file equates.inc
WARNING: Var SUBROM_IDX_PARSELN is never used on line 183 of file equates.inc
WARNING: Var SUBROM_IDX_PING is never used on line 44 of file equates.inc
WARNING: Var SUBROM_IDX_PLAY_PARSE is never used on line 120 of file equates.inc
WARNING: Var SUBROM_IDX_PU_TAIL is never used on line 83 of file equates.inc
WARNING: Var SUBROM_IDX_PU_TOFIELD is never used on line 82 of file equates.inc
WARNING: Var SUBROM_IDX_READVAL is never used on line 214 of file equates.inc
WARNING: Var SUBROM_IDX_SCANSTMT is never used on line 98 of file equates.inc
WARNING: Var SUBROM_IDX_STRHEAP is never used on line 73 of file equates.inc
WARNING: Var SUBROM_IDX_TITLE is never used on line 141 of file equates.inc
WARNING: Var SUBROM_IDX_TOKENISE is never used on line 45 of file equates.inc
WARNING: Var SUBSLOT is never used on line 4340 of file basic/sysvars.inc
WARNING: Var SUBSLOT_OK is never used on line 4341 of file basic/sysvars.inc
WARNING: Var SV_OP_BSV_CAS is never used on line 1395 of file basic/sysvars.inc
WARNING: Var SV_OP_BSV_DISK is never used on line 1394 of file basic/sysvars.inc
WARNING: Var SV_OP_SAV_CAS is never used on line 1397 of file basic/sysvars.inc
WARNING: Var SV_OP_SAV_DISK is never used on line 1396 of file basic/sysvars.inc
WARNING: Var SW_ADDR is never used on line 1541 of file basic/sysvars.inc
WARNING: Var SW_ADDR1 is never used on line 1543 of file basic/sysvars.inc
WARNING: Var SW_MODE is never used on line 1545 of file basic/sysvars.inc
WARNING: Var SW_TYPE is never used on line 1542 of file basic/sysvars.inc
WARNING: Var SW_TYPE1 is never used on line 1544 of file basic/sysvars.inc
WARNING: Var TOKBUFSZ is never used on line 975 of file basic/sysvars.inc
WARNING: Var TOTEXT is never used on line 16 of file basic/sysvars.inc
WARNING: Var TRACEFLAG is never used on line 1407 of file basic/sysvars.inc
WARNING: Var TRAPENA is never used on line 1329 of file basic/sysvars.inc
WARNING: Var TRAPPEND is never used on line 1333 of file basic/sysvars.inc
WARNING: Var TRAPSVC is never used on line 1339 of file basic/sysvars.inc
WARNING: Var TRAPS_T3 is never used on line 608 of file basic/sysvars.inc
WARNING: Var TRAPS_T4 is never used on line 616 of file basic/sysvars.inc
WARNING: Var TRAPS_T5 is never used on line 624 of file basic/sysvars.inc
WARNING: Var TRAP_FRAME is never used on line 3900 of file basic/sysvars.inc
WARNING: Var TTYPOS is never used on line 1438 of file basic/sysvars.inc
WARNING: Var TXTTAB is never used on line 2252 of file basic/sysvars.inc
WARNING: Var USRTAB is never used on line 2498 of file basic/sysvars.inc
WARNING: Var VALTYP is never used on line 1632 of file basic/sysvars.inc
WARNING: Var VALTYP_PUB is never used on line 4135 of file basic/sysvars.inc
WARNING: Var VARTYPE is never used on line 4395 of file basic/sysvars.inc
WARNING: Var VCBC is never used on line 3350 of file basic/sysvars.inc
WARNING: Var VOICBQ is never used on line 3341 of file basic/sysvars.inc
WARNING: Var VOICCQ is never used on line 3342 of file basic/sysvars.inc
WARNING: Var VS_INT_VAL is never used on line 4403 of file basic/sysvars.inc
WARNING: Var VS_TARGET_TYPE is never used on line 4400 of file basic/sysvars.inc
WARNING: Var WIDIG is never used on line 4298 of file basic/sysvars.inc
WARNING: Var WRTVDP is never used on line 13 of file basic/sysvars.inc
WARNING: Var WSRC is never used on line 4312 of file basic/sysvars.inc
WARNING: Var WSRC_TYP is never used on line 4315 of file basic/sysvars.inc
WARNING: Var ZINTCNT is never used on line 1328 of file basic/sysvars.inc
WARNING: Var ZINTVAL is never used on line 1327 of file basic/sysvars.inc
WARNING: Var ZTI_INTERVAL is never used on line 1289 of file basic/sysvars.inc
WARNING: Var ZTI_KEY1 is never used on line 1293 of file basic/sysvars.inc
WARNING: Var ZTI_SPRITE is never used on line 1291 of file basic/sysvars.inc
WARNING: Var ZTI_STOP is never used on line 1290 of file basic/sysvars.inc
WARNING: Var ZTI_STRIG0 is never used on line 1292 of file basic/sysvars.inc
WARNING: Var ZTRAP is never used on line 1279 of file basic/sysvars.inc
WARNING: Var ZTRAP_ENTSZ is never used on line 1288 of file basic/sysvars.inc
WARNING: Var ZTRAP_NENT is never used on line 1305 of file basic/sysvars.inc
WARNING: Var ZTS_OFF is never used on line 1307 of file basic/sysvars.inc
WARNING: Var ZTS_ON is never used on line 1308 of file basic/sysvars.inc
WARNING: Var ZTS_PENDING is never used on line 1312 of file basic/sysvars.inc
WARNING: Var ZTS_SERVICING is never used on line 1310 of file basic/sysvars.inc
WARNING: Var ZTS_SHADOW is never used on line 1313 of file basic/sysvars.inc
WARNING: Var ZTS_STATE_MASK is never used on line 1311 of file basic/sysvars.inc
WARNING: Var ZTS_STOP is never used on line 1309 of file basic/sysvars.inc
WARNING: Var __MEAS_SUB_P0_END is never used on line 433 of file sub/sub.asm
WARNING: Var __MEAS_SUB_P1_END is never used on line 896 of file sub/sub.asm
WARNING: Var aal_ceil_try is never used on line 1224 of file arrays.asm
WARNING: Var cpt_at_c is never used on line 123 of file circleparse.asm
WARNING: Var cpt_at_start is never used on line 154 of file circleparse.asm
WARNING: Var dc_result is never used on line 92 of file basic/fat-prim-body.inc
WARNING: Var fat_io_open is never used on line 26 of file basic/fatio-body.inc
WARNING: Var fmt_menu_text is never used on line 118 of file basic/format-body.inc
WARNING: Var fsqn_up_check is never used on line 551 of file fp_sqrt.asm
WARNING: Var g8_reprogram is never used on line 4160 of file graphics.asm
WARNING: Var gc_slow is never used on line 946 of file strheap.asm
WARNING: Var graphics_selftest is never used on line 119 of file graphics.asm
WARNING: Var sap_ok is never used on line 1658 of file strheap.asm
WARNING: Var scv_ceil_try is never used on line 743 of file arrays.asm
WARNING: Var sg_walk_temps is never used on line 1033 of file strheap.asm
WARNING: Var shf_fill is never used on line 2305 of file strheap.asm
WARNING: Var show_title is never used on line 23 of file ../basic/title-body.inc
WARNING: Var sub_p0_table is never used on line 131 of file sub/sub.asm
WARNING: Var sub_p1_table is never used on line 454 of file sub/sub.asm
WARNING: Var tcr_leadok is never used on line 783 of file tkfloat.asm
WARNING: Var tkf_cmp5 is never used on line 622 of file tkfloat.asm
python3 tools/pad_rom.py build/sub.rom 32768
build/sub.rom: 32768 bytes (exact -- the assembler wrote the whole image)
python3 tools/check_reloc.py build/basic-reloc.rom build/basic-reloc.sym
OK: relocated image 22510 B, header @ $4000, low region $2812-$3FFF holds 6125 B of string engine
    measure: page-0 low region free = 1 B ($2812-$3FFF, __MEAS_LOW_END @ 0x3fff)
    measure: page-1 free            = 0 B ($4000-$7FFF, __MEAS_PAGE1_END @ 0x8000) <- subrom wave-2 tokeniser-eviction relief
python3 tools/check_sub_walls.py build/sub.rom build/sub.sym
OK: sub ROM 32768 B, 'CD' @ $0000, 'S1' @ $4000, both wall labels inside their page and both pads verified
    measure: sub page 0 free       = 9 B ($0000-$3FFF, the callable-from-main island, __MEAS_SUB_P0_END @ 0x3ff7)
    measure: sub page 1 free       = 699 B ($4000-$7FFF, the BIOS-visible island, __MEAS_SUB_P1_END @ 0x7d45)
python3 tools/check_disk_walls.py build/disk.rom
OK: disk ROM 16384 B, mapped $4000-$7FFF, 69 pinned entry address(es) parsed from disk/*.asm
    measure: disk free (0x00 runs >= 16 B) = 6542 B in 29 run(s)
    the 6 largest, with the pin that bounds each:
      $57D8-$5FE4   2061 B fill   next pin $5FE5   room-before-pin 2061 B
      $47C1-$4C28   1128 B fill   next pin $4C29   room-before-pin 1128 B
      $50E3-$53A6    708 B fill   next pin $53A7   room-before-pin 708 B
      $75A8-$77B7    528 B fill   next pin $77B8   room-before-pin 528 B
      $4EE1-$4FB7    215 B fill   next pin $4FB8   room-before-pin 215 B
      $7EFE-$7FD0    211 B fill   next pin $7FD1   room-before-pin 211 B
    measure: largest usable hole = 2061 B at $57D8 (bounded by $5FE5)
python3 tools/check_kwtable_identity.py build/basic-reloc.rom build/basic-reloc.sym build/sub.rom build/sub.sym
OK: kwtable single-copy — resident dropped (wave 3) in symbols AND in bytes (0 occurrences in the 22510 B main image), sub-ROM copy is the sole source, 1 occurrence, 1189 B matching the pinned sha256
python3 tools/check_resident_abi.py build/basic-reloc.sym sub/basic-resident-abi.inc
OK: sub/basic-resident-abi.inc matches a fresh regen from build/basic-reloc.sym (13 resident-ABI addresses, sub.rom is not stale)
python3 tools/check_resident_abi.py build/basic-reloc.sym disk/basic-resident-abi.inc
OK: disk/basic-resident-abi.inc matches a fresh regen from build/basic-reloc.sym (52 resident-ABI addresses, disk.rom is not stale)
python3 tools/check_tenant_closure.py build/basic-reloc.sym sub/basic-resident-abi.inc
OK: 156 routines in the resident closure of 13 ABI seeds, + 5 data-referenced label(s), all page-0 (< $4000). No page-1 escapes.
python3 tools/check_tenant_closure.py --page0 build/sub.sym sub/sub.asm
OK: 952 routines in the closure of 19 page-0 tenants (sub_p0_ping, tokenise_ei, dtk_tenant, sub_int_selftest, ary_engine, strheap_engine, pu_tofield_tenant, pu_tail_tenant, graphics_tenant, deftype_tenant, readdata_tenant, beep_tenant, fld_lookup_tenant, lrset_store_tenant, deffn_tenant, pu_sign_tenant, pu_emit_tenant, lofu32_tenant, keystr_tenant), + 20 data-referenced label(s); every callee is sub-local page-0 (data targets may also be main page-1 or RAM). No low-region/BIOS escape, no main callee.
python3 tools/check_tenant_closure.py --page1 build/sub.sym sub/sub.asm
OK: 734 routines in the closure of 29 page-1 tenants (sub_p1_ping, fp_sqrt, fp_atan, fp_exp, fp_log, fp_pow, fp_sin, fp_cos, fp_tan, fp_rnd, format_tenant, scan_stmt_end, fatprim_tenant, dirverb_tenant, play_parse_tenant, lineedit_tenant, casmatch_tenant, title_tenant, fcbname_tenant, circleparse_tenant, bload_tenant, save_tenant, errmsg_tenant, parseln_tenant, pu_num_tenant, readline_tenant, cursor_tenant, casget_tenant, seqio_tenant), + 40 data-referenced label(s); every callee and data target is sub-local page-1, main low-region/BIOS (< $4000), or RAM. No main-page-1 escape.
python3 tools/check_dead_code.py build/basic-reloc.sym build/sub.sym build/disk.sym
  main: disk import surface 16 seed(s) (12 of them page-1 call-backs), 24 main label(s) named in disk/ code, 0 escapes
  main: 1774 spans, 120 seeds -> 0 dead (+0 allowlisted)
  sub : 1 padding-only span(s) not reportable (fix 9): __MEAS_SUB_P1_END
  sub : 1918 spans, 121 seeds -> 0 dead (+2 allowlisted)
  disk: 1 padding-only span(s) not reportable (fix 9): int_h
  disk: 2 span(s) NOT IN THIS BUILD'S .sym -- excluded by a conditional, not dead: fat_detach_channel, fdet_maybe
  disk: 646 spans, 82 seeds -> 0 dead (+1 allowlisted)
OK: no unreachable spans in any of the three builds; every allowlist entry still verified dead (the sweep is not blind).
python3 tools/audit_citations.py
clean-room citation audit (mechanical half — not a full paper trail)
rule self-test 10/10, listing self-test 11/11, dump self-test 12/12, section self-test 14/14

== disk == (9 files scanned, 102 provenance-bearing)
  [acknowledged] disk/driver.asm:87: section header without inline citation: 'write path' (aa89e15851ff) — 'write path' — the write twin of the read path in the same file. Its body cites nothing itself because it mirrors dskio's read loop instruction for instruction ("Mirrors the read loop's structure exactly"), and the read path's own header block carries the PROVENANCE.md §FDC / §DSKIO interface citation that both rest on. A single shared citation for a mirrored pair is the honest shape; duplicating it would be prose written to satisfy a scanner. Human judgement, 2026-07-04, re-confirmed 2026-08-06.
  [acknowledged] disk/kernel.asm:65: section header without inline citation: 'MSX-DOS-1 kernel SETDTA-time entry: $5058 (M19)' (77d4c39b0be0) — 'MSX-DOS-1 kernel SETDTA-time entry: $5058 (M19)' — attested in full, in vocabulary CITATION does not carry: 12 comment lines naming the finding (M19), the probes (callseq / capture / callwatch causal pin), the black-box contract (entry register, write target, the register-identical 51-call comparison) and the clean-room line ("no stock routine internals decoded"). Widening CITATION with black-box was measured and DECLINED — docs/spec-audit-citations-review.md §2.5 records the numbers and the bar to re-open it. Kept as a review candidate deliberately: what counts as a citation is a judgement this tool declines to make.
  [acknowledged] disk/kernel.asm:3829: section header without inline citation: 'contract bodies (stubs; filled in milestone 4; added as each veneer lands)' (b7535589959f) — 'contract bodies (stubs; filled in milestone 4; added as each veneer lands)' — a table of bare `ret` stubs at pinned kernel addresses. It names no derived behaviour, so there is nothing to cite; each stub acquires its own citation in the comment block above it as the milestone that fills it lands (see the k_47B2 block immediately below, which cites tier2-m31-rdblk-randrecord-spec.md). Structural in substance but not in STRUCTURAL_HDR's vocabulary, and widening that regex to catch it would exempt far more than this one header.
  clean — attestations present, no unattested forbidden source  (3 advisory review candidate(s))

== basic == (115 files scanned, 240 provenance-bearing)
  clean — attestations present, no unattested forbidden source

== tape == (1 files scanned, 15 provenance-bearing)
  clean — attestations present, no unattested forbidden source

== listing shape == (1104 files swept, 2 allowlisted)
  [allowed] probes/lib/latch_check.py:82: 2-line listing (5565467e6422) — C-BIOS, same window and same adjudication as the omsx_repl.py entry below: the two comment lines restate the chget_char boundaries this checker scores (D-LATCH2, docs/spec-probe-latch2.md). Surfaced only after knife K1b forced the comment leaders `; # //` into the prefix class — under the first cut this file was invisible, which is the whole reason that fix landed.
  [allowed] probes/lib/omsx_repl.py:379: 3-line listing (edb676f694b2) — C-BIOS, not a proprietary reference ROM: allowed-sources.md grades C-BIOS source B/Conditional — a peer clean-room reimplementation under BSD-2 whose source this project already patches (cbios-repack/), and NOT the reference implementation zerobas reimplements. The run is 3 instructions of the keyboard-buffer path, in a docstring explaining the D-LATCH2 injection window (docs/spec-probe-latch2.md §5.5); the same docstring is explicit about the line it stays on ("locating chget in the reference needs a disassembly this project does not do"). Probe source, not shipped ROM source. Flagged for the human paper trail 2026-08-06 (D-DOCJUDGE §2.6) — a judgement docs/clean-room-audit.md reserves for a human, which is why it is written down here rather than decided by the tool.
  clean — no unallowlisted decoded-instruction listings

== hex-dump rows == (1104 files swept, 1 allowlisted)
  [allowed] tools/audit_citations.py:428: hex-dump row (0c30593198a1) — The check's own synthetic self-test vector (_DUMP_VEC). INVENTED bytes — no provenance, no derivation, not decoded from anything — so recording it forbids nothing; a REAL positive vector would be the artifact this check refuses and would make the tool its own first finding. Unlike check 5's LISTING_LINE this rule is not anchored at line start (a dump lives inside a markdown table cell), so the vector is necessarily a hit on this file. That is turned into the canary rather than worked around: if this line stops matching, check 6 has gone blind and exits 2 rather than printing "clean".
  clean — no unallowlisted hex-dump rows  (narrow by design: this is the dump ROW only, not the raw-byte class — docs/spec-audit-citations-bytes.md §3.1)

ADVISORY: 3 section header(s) without an inline citation, all acknowledged — review candidates for the human paper trail, not gate failures. The SET is pinned (citations-advisory-allow.txt); the judgement is not.

CLEAN (gating checks). The non-mechanical hop — 'is each cited probe genuinely black-box?' — still requires a human paper-trail pass.
python3 tools/check_citation_paths.py
citation-paths: 1138 distinct scratchpad/ path(s) cited by 595 committed doc(s)
  all 1138 resolve in a fresh clone.
