  0 SQR(ABS(0#))             0  0
  1 SQR(ABS(1#))             1  0
  2 SQR(ABS(2#))             1.4142135623731  0
  3 SQR(ABS(.5#))            .70710678118655  0
  4 SQR(ABS(1D-10))          1E-05  0
  5 SQR(ABS(123.456789#))    11.111111060556  0
  6 SQR(ABS(-3.7#))          1.9235384061671  0
  7 SQR(ABS(1D60))           1E+30  0
  8 SQR(ABS(9.87654321D-40)) 3.1426968052932E-20  0
  9 ATN(0#)                  0  0
 10 ATN(1#)                  .78539816339746  0
 11 ATN(2#)                  1.1071487177941  0
 12 ATN(.5#)                 .46364760900081  0
 13 ATN(1D-10)               1E-10  0
 14 ATN(123.456789#)         1.5626965038612  0
 15 ATN(-3.7#)               -1.3068326031692  0
 16 ATN(1D60)                1.5707963267949  0
 17 ATN(9.87654321D-40)      9.87654321E-40  0
 18 SIN(0#)                  0  0
 19 SIN(1#)                  .8414709848079  0
 20 SIN(2#)                  .90929742682569  0
 21 SIN(.5#)                 .47942553860421  0
 22 SIN(1D-10)               1E-10  0
 23 SIN(123.456789#)         -.80440634761339  0
 24 SIN(-3.7#)               .5298361409085  0
 25 SIN(1D60)                0  0
 26 SIN(9.87654321D-40)      9.87654321E-40  0
 27 COS(0#)                  1  0
 28 COS(1#)                  .54030230586814  0
 29 COS(2#)                  -.41614683654714  0
 30 COS(.5#)                 .87758256189037  0
 31 COS(1D-10)               1  0
 32 COS(123.456789#)         -.59407947946321  0
 33 COS(-3.7#)               -.84810003171041  0
 34 COS(1D60)                1  0
 35 COS(9.87654321D-40)      1  0
 36 TAN(0#)                  0  0
 37 TAN(1#)                  1.5574077246549  0
 38 TAN(2#)                  -2.1850398632616  0
 39 TAN(.5#)                 .5463024898438  0
 40 TAN(1D-10)               1E-10  0
 41 TAN(123.456789#)         1.3540382649477  0
 42 TAN(-3.7#)               -.62473307522457  0
 43 TAN(1D60)                0  0
 44 TAN(9.87654321D-40)      9.87654321E-40  0
 45 EXP(0#/100)              1  0
 46 EXP(1#/100)              1.0100501670842  0
 47 EXP(2#/100)              1.0202013400268  0
 48 EXP(.5#/100)             1.0050125208594  0
 49 EXP(1D-10/100)           1.000000000001  0
 50 EXP(123.456789#/100)     3.4368930839217  0
 51 EXP(-3.7#/100)           .96367613534906  0
 52 EXP(1D60/100)            NO READING
 53 EXP(9.87654321D-40/100)  1  0
 54 LOG(ABS(0#)+1D-60)       NO READING
 55 LOG(ABS(1#)+1D-60)       0  0
 56 LOG(ABS(2#)+1D-60)       .69314718055994  0
 57 LOG(ABS(.5#)+1D-60)      -.69314718055994  0
 58 LOG(ABS(1D-10)+1D-60)    -23.02585092994  0
 59 LOG(ABS(123.456789#)+1D-60) 4.8158912082037  0
 60 LOG(ABS(-3.7#)+1D-60)    1.3083328196502  0
 61 LOG(ABS(1D60)+1D-60)     138.15510557964  0
 62 LOG(ABS(9.87654321D-40)+1D-60) -89.813241146754  0
 63 ABS(0#)^1.5#             0  0
 64 ABS(1#)^1.5#             1  0
 65 ABS(2#)^1.5#             2.8284271247461  0
 66 ABS(.5#)^1.5#            .35355339059328  0
 67 ABS(1D-10)^1.5#          1.0000000000007E-15  0
 68 ABS(123.456789#)^1.5#    1371.7420937586  0
 69 ABS(-3.7#)^1.5#          7.1170921028186  0
 70 ABS(1D60)^1.5#           NO READING
 71 ABS(9.87654321D-40)^1.5# 3.1038980793431E-59  0
 72 2#^0#                    1  0
 73 2#^1#                    2  0
 74 2#^2#                    4  0
 75 2#^.5#                   1.4142135623731  0
 76 2#^1D-10                 1.0000000000693  0
 77 2#^123.456789#           1.4594749905744E+37  0
 78 2#^-3.7#                 .076946525834057  0
 79 2#^1D60                  NO READING
 80 2#^9.87654321D-40        1  0
 81 SQR(2)                   1.4142135623731  0
 82 ATN(1)*4                 3.1415926535898  0
 83 SIN(1)                   .8414709848079  0
 84 EXP(1)                   2.718281828459  0
 85 LOG(10)                  2.3025850929941  0
 86 1.5^2.5                  2.755675960631  0
 87 (-8)^(1/3)               0  5
 88 10^-5                    1E-05  0
 89 RND(-3)                  .84389820420821  0
 90 RND(1)                   .59521943994623  0
 91 RND(1)                   .10658628050158  0
 92 SQR(-1)                  0  5
 93 LOG(0)                   0  5
 94 EXP(200)                 0  6
refcache: 0 hit, 1 miss, 1 stored
