  c.nocls   vg8020=  11  cf3300=   8  zb=  10
  c.cls     vg8020=   0  cf3300=   0  zb=   0
  c.p1      vg8020=   1  cf3300=   1  zb=   1
  a.p2      vg8020=   2  cf3300=   2  zb=   2
  d.loc5    vg8020=   5  cf3300=   5  zb=   5
  d.loc10   vg8020=  10  cf3300=  10  zb=  10
  d.loc0    vg8020=   0  cf3300=   0  zb=   0

row        vg8020  cf3300    zb   verdict
c.nocls        11       8    10   REFS SPLIT
          REM   -- the kwsweep row VERBATIM (no CLS) -- the reading the filed excuse is about
c.cls           0       0     0   SAME
          CLS   -- CLS alone: where the cursor lands
c.p1            1       1     1   SAME
          CLS:PRINT   -- one newline past it
a.p2            2       2     2   SAME
          CLS:PRINT:PRINT   -- the kwsweep row, scroll-anchored by CLS
d.loc5          5       5     5   SAME
          CLS:LOCATE 0,5   -- 🎯 DECISIVE: the row is SET, so scroll history cannot enter. Must read 5
d.loc10        10      10    10   SAME
          CLS:LOCATE 0,10   -- 🎯 DECISIVE twin at a different row -- one row alone cannot tell an off-by-one from a constant
d.loc0          0       0     0   SAME
          CLS:LOCATE 0,0   -- the bottom of the domain; must read 0

=== 0 divergence(s): none; 1 REFS-SPLIT: ['c.nocls'] ===
⚠️  A REFS-SPLIT row cannot score zerobas at all -- the two references disagree, so there is no single answer to match.
