python3 tools/run_gates.py 
=== warm-up (serial build of shared artifacts) ===
warm-up 7s
=== refcache OFF for every unit: a gate measures, it never replays (docs/spec-refcache.md §7) ===
=== emulator tier RUNS: ROM images differ from the last green battery ===
=== 4 tree-mutating unit(s), SERIAL (they rewrite a shared tracked file) ===
  rc=0              1s  switch-build-check
  rc=0              5s  diskdep-check
  rc=0              0s  wall-literal-check
  rc=0             44s  selftest-check
  (post-mutator refresh 7s -- the plants moved mtimes, so the pool would otherwise race a rebuild)
=== 116 units, J=8, lineerr in 8 shards, nice=0 solo=None ===
  rc=0              3s  basic-reloc
  rc=0              0s  subrom-abi-check
  rc=0              0s  diskrom-abi-check
  rc=0              0s  rom-parts-check
  rc=0              1s  subrom-closure-check
  rc=0             22s  unit-test
  rc=0              0s  deadcode
  rc=0              3s  wall-assertion-check
  rc=0              0s  ram-claim-check
  rc=0              0s  build-assert-check
  rc=0              3s  needle-case-check
  rc=0              0s  redundant-load-check
  rc=0              1s  rowshape-check
  rc=0              4s  injector-check
  rc=0              1s  temp-root-check
  rc=0              1s  todo-citation-check
  rc=0              0s  todo-marker-check
  rc=0              0s  deferral-pin-check
  rc=0              1s  error-alphabet-check
  rc=0              2s  chokepoint-check
  rc=0              0s  shared-body-check
  rc=0              0s  probe-reach-check
  rc=0              0s  battery-membership-check
  rc=0              0s  fixture-integrity-check
  rc=0              1s  preflight-check
  rc=0              4s  latch-check
  rc=0             19s  kwsweep
  rc=0             11s  patch-freshness-check
  rc=0              2s  refcache-check
  rc=0              0s  knife-guard-check
  rc=0              0s  knife-rom-guard-check
  rc=0              0s  deffn-selftest
  rc=0              0s  banner-acceptance
  rc=0             26s  string-acceptance
  rc=0             19s  str-domain-acceptance
  rc=0             12s  strparen-acceptance
  rc=0             42s  penderr-acceptance
  rc=0             45s  missing-acceptance
  rc=0             11s  error-acceptance
  rc=0             67s  error-trap-acceptance
  rc=0             93s  onerr0-acceptance
  rc=0            108s  math-acceptance
  rc=0             80s  float-acceptance
  rc=0             44s  intarg-acceptance
  rc=0             44s  logicops-acceptance
  rc=0            222s  screenerr-acceptance
  rc=0             39s  tmfp-acceptance
  rc=0             53s  stmtpend-acceptance
  rc=0            112s  array-acceptance
  rc=0            123s  deffn-strict
  rc=0            371s  graphics-acceptance
  rc=0             54s  abort-acceptance
  rc=0            143s  interval-trap-acceptance
  rc=0             84s  clearpool-acceptance
  rc=0            131s  stackpool-acceptance
  rc=0            151s  trapdepth-acceptance
  rc=0             76s  ctlcross-acceptance
  rc=0            382s  ctllim-acceptance
  rc=0            402s  ramfree-acceptance
  rc=0             17s  cursor-acceptance
  rc=0             79s  time-acceptance
  rc=0            295s  namspc-acceptance
  rc=0             99s  arrdim-acceptance
  rc=0             52s  arylv-acceptance
  rc=0             59s  badfnum-acceptance
  rc=0              9s  beep-acceptance
  rc=0             23s  binfre-acceptance
  rc=0             27s  cassave-acceptance
  rc=0             76s  castail-acceptance
  rc=0            115s  deffn-acceptance
  rc=0             44s  direct-ctrl-acceptance
  rc=0             10s  dskmsg-acceptance
  rc=0             84s  editverb-acceptance
  rc=0             32s  fldary-acceptance
  rc=0             93s  fldwidth-acceptance
  rc=0             24s  forvar-acceptance
  rc=0             45s  gicini-acceptance
  rc=0              0s  graphics-floor-acceptance
  rc=0            140s  ifsem-acceptance
  rc=0              8s  input-acceptance
  rc=0             54s  nodisk-acceptance
  rc=0             75s  pusing-acceptance
  rc=0             42s  catterm-acceptance
  rc=0             13s  catusr-acceptance
  rc=0             18s  nameord-acceptance
  rc=0             11s  namegate-acceptance
  rc=0             35s  inputary-acceptance
  rc=0            137s  key-trap-acceptance
  rc=0             61s  linemax-acceptance
  rc=0            133s  lnblank-acceptance
  rc=0             40s  locarg-acceptance
  rc=0             42s  lof-acceptance
  rc=0             79s  lptverb-acceptance
  rc=0             57s  lrvar-acceptance
  rc=0             55s  lvfix-acceptance
  rc=0             27s  nxary-acceptance
  rc=0             23s  nxlist-acceptance
  rc=0             31s  play-acceptance
  rc=0             11s  play-trace-acceptance
  rc=0             21s  readvar-acceptance
  rc=0              8s  runtail-acceptance
  rc=0             23s  sound-acceptance
  rc=0             67s  sprite-trap-acceptance
  rc=0             54s  stop-trap-acceptance
  rc=0            142s  strig-trap-acceptance
  rc=0              6s  subrom-acceptance
  rc=0             64s  tgtspc-acceptance
  rc=0             75s  width-acceptance
  rc=0            104s  lineerr#1/8
  rc=0            105s  lineerr#2/8
  rc=0            109s  lineerr#3/8
  rc=0            102s  lineerr#4/8
  rc=0            100s  lineerr#5/8
  rc=0             95s  lineerr#6/8
  rc=0             88s  lineerr#7/8
  rc=0             63s  lineerr#8/8

=== wall 850s (7s build + 844s gates) ===
GATES: 113/113 green
hashes: 2e849dd9 45a2f30a f4364e26 99a63f2e
recorded: this full green battery is now the baseline a future skip must prove itself against
