  ran zb      c.colour   '24 4'
  ran zb      c.start    '24 4'
  ran zb      c.end      '24 4'
  ran zb      c.aspect   '24 4'
  ran zb      k.colour   '24 4'
  ran zb      k.start    '24 4'
  ran zb      k.end      '24 4'
  ran zb      k.aspect   '24 4'
  ran zb      o.none     '0 15'
  ran zb      o.colour   '0 15'
  ran zb      o.start    '0 5'
  ran zb      o.end      '0 5'
  ran zb      x.extra    '2 5'
  ran zb      x.extra2   '2 5'
  ran zb      r.miss     '24 4'
  ran zb      r.nocomma  '2 4'
  ran zb      c.ok       '0 5'

  c.colour   zb='24 4'   (zb only)
  c.start    zb='24 4'   (zb only)
  c.end      zb='24 4'   (zb only)
  c.aspect   zb='24 4'   (zb only)
  k.colour   zb='24 4'   (zb only)
  k.start    zb='24 4'   (zb only)
  k.end      zb='24 4'   (zb only)
  k.aspect   zb='24 4'   (zb only)
  o.none     zb='0 15'   (zb only)
  o.colour   zb='0 15'   (zb only)
  o.start    zb='0 5'   (zb only)
  o.end      zb='0 5'   (zb only)
  x.extra    zb='2 5'   (zb only)
  x.extra2   zb='2 5'   (zb only)
  r.miss     zb='24 4'   (zb only)
  r.nocomma  zb='2 4'   (zb only)
  c.ok       zb='0 5'   (zb only)

ROWS: 17 printed, 0 scored -- 0 DIFF
