python3 tools/run_gates.py 
=== warm-up (serial build of shared artifacts) ===
warm-up 7s
=== refcache OFF for every unit: a gate measures, it never replays (docs/spec-refcache.md §7) ===
=== emulator tier RUNS: probes/tests/tools or the Makefile changed ===
=== 4 tree-mutating unit(s), SERIAL (they rewrite a shared tracked file) ===
  rc=0              1s  switch-build-check
  rc=0              5s  diskdep-check
  rc=0              0s  wall-literal-check
  rc=0             46s  selftest-check
  (post-mutator refresh 7s -- the plants moved mtimes, so the pool would otherwise race a rebuild)
=== 109 units, J=8, lineerr in 8 shards, nice=0 solo=None ===
  rc=0              3s  basic-reloc
  rc=0              0s  subrom-abi-check
  rc=0              0s  diskrom-abi-check
  rc=0              0s  rom-parts-check
  rc=0              1s  subrom-closure-check
  rc=0             23s  unit-test
  rc=0              0s  deadcode
  rc=0              3s  wall-assertion-check
  rc=0              0s  redundant-load-check
  rc=0              1s  rowshape-check
  rc=0              4s  injector-check
  rc=0              0s  temp-root-check
  rc=0              1s  todo-citation-check
  rc=0              2s  chokepoint-check
  rc=0              0s  shared-body-check
  rc=0              0s  probe-reach-check
  rc=0              0s  battery-membership-check
  rc=0              0s  fixture-integrity-check
  rc=0              1s  preflight-check
  rc=0              4s  latch-check
  rc=0             18s  kwsweep
  rc=0             12s  patch-freshness-check
  rc=0              2s  refcache-check
  rc=0              0s  knife-guard-check
  rc=0              0s  knife-rom-guard-check
  rc=0              0s  deffn-selftest
  rc=0              1s  banner-acceptance
  rc=0             36s  string-acceptance
  rc=0             18s  str-domain-acceptance
  rc=0             11s  strparen-acceptance
  rc=0             42s  penderr-acceptance
  rc=0             45s  missing-acceptance
  rc=0             12s  error-acceptance
  rc=0             68s  error-trap-acceptance
  rc=0             94s  onerr0-acceptance
  rc=0            110s  math-acceptance
  rc=0            101s  float-acceptance
  rc=0             44s  intarg-acceptance
  rc=0             33s  logicops-acceptance
  rc=0            185s  screenerr-acceptance
  rc=0             49s  tmfp-acceptance
  rc=0             52s  stmtpend-acceptance
  rc=0            115s  array-acceptance
  rc=0            124s  deffn-strict
  rc=0            384s  graphics-acceptance
  rc=0             59s  abort-acceptance
  rc=0            141s  interval-trap-acceptance
  rc=0             84s  clearpool-acceptance
  rc=0            132s  stackpool-acceptance
  rc=0            157s  trapdepth-acceptance
  rc=0             73s  ctlcross-acceptance
  rc=0            324s  ctllim-acceptance
  rc=0             14s  cursor-acceptance
  rc=0             87s  time-acceptance
  rc=0            241s  namspc-acceptance
  rc=0            100s  arrdim-acceptance
  rc=0             64s  arylv-acceptance
  rc=0             56s  badfnum-acceptance
  rc=0              7s  beep-acceptance
  rc=0             21s  binfre-acceptance
  rc=0             18s  cassave-acceptance
  rc=0             74s  castail-acceptance
  rc=0            123s  deffn-acceptance
  rc=0             45s  direct-ctrl-acceptance
  rc=0             11s  dskmsg-acceptance
  rc=0             82s  editverb-acceptance
  rc=0             30s  fldary-acceptance
  rc=0             94s  fldwidth-acceptance
  rc=0             23s  forvar-acceptance
  rc=0             51s  gicini-acceptance
  rc=0              5s  graphics-floor-acceptance
  rc=0            151s  ifsem-acceptance
  rc=0              4s  input-acceptance
  rc=0             61s  nodisk-acceptance
  rc=0             74s  pusing-acceptance
  rc=0             44s  catterm-acceptance
  rc=0             14s  catusr-acceptance
  rc=0             18s  nameord-acceptance
  rc=0              5s  namegate-acceptance
  rc=0             32s  inputary-acceptance
  rc=0            143s  key-trap-acceptance
  rc=0             64s  linemax-acceptance
  rc=0            146s  lnblank-acceptance
  rc=0             34s  locarg-acceptance
  rc=0             49s  lof-acceptance
  rc=0             86s  lptverb-acceptance
  rc=0             59s  lrvar-acceptance
  rc=0             60s  lvfix-acceptance
  rc=0             23s  nxary-acceptance
  rc=0             25s  nxlist-acceptance
  rc=0             31s  play-acceptance
  rc=0             11s  play-trace-acceptance
  rc=0             22s  readvar-acceptance
  rc=0              8s  runtail-acceptance
  rc=0             29s  sound-acceptance
  rc=0             72s  sprite-trap-acceptance
  rc=0             55s  stop-trap-acceptance
  rc=0            157s  strig-trap-acceptance
  rc=0              0s  subrom-acceptance
  rc=0             71s  tgtspc-acceptance
  rc=0             74s  width-acceptance
  rc=0            106s  lineerr#1/8
  rc=0            105s  lineerr#2/8
  rc=0            106s  lineerr#3/8
  rc=0            102s  lineerr#4/8
  rc=0            101s  lineerr#5/8
  rc=0             91s  lineerr#6/8
  rc=0             90s  lineerr#7/8
  rc=0             63s  lineerr#8/8

=== wall 797s (7s build + 790s gates) ===
GATES: 106/106 green
hashes: fe698e19 aa2caa9c 7d36a467 6bffac04
recorded: this full green battery is now the baseline a future skip must prove itself against
