=== baseline: every gate must be GREEN before a knife means anything
  ROM 02e7e81b a357bbd2 9155d772 4379e3a0
  stackpool  rc=0  green   scratchpad/ctlpool_knives/base_stackpool.out
  trapdepth  rc=0  green   scratchpad/ctlpool_knives/base_trapdepth.out
  ctlcross   rc=0  green   scratchpad/ctlpool_knives/base_ctlcross.out

=== K-CP1: one fewer GOSUB frame: the DEPTH moves, the MODEL does not
  ROM 02e7e81b a357bbd2 9155d772 4379e3a0  ->  7a1f2f51 a357bbd2 9155d772 73ea65d7
  stackpool  expected green got green ok   scratchpad/ctlpool_knives/K-CP1_stackpool.out
  trapdepth  expected red   got red   ok   scratchpad/ctlpool_knives/K-CP1_trapdepth.out
  ctlcross   expected green got green ok   scratchpad/ctlpool_knives/K-CP1_ctlcross.out

=== K-CP2: one FOR frame only: x.nxdeep opens two and must change face
  ROM 7a1f2f51 a357bbd2 9155d772 73ea65d7  ->  231686d4 e9133cfa 9155d772 2a1446e7
  stackpool  expected green got green ok   scratchpad/ctlpool_knives/K-CP2_stackpool.out
  trapdepth  expected green got green ok   scratchpad/ctlpool_knives/K-CP2_trapdepth.out
  ctlcross   expected red   got red   ok   scratchpad/ctlpool_knives/K-CP2_ctlcross.out

=== K-CP3: control-stack overflow raises ERR 3, not ERR 7
  ROM 231686d4 e9133cfa 9155d772 2a1446e7  ->  1b7f7487 a357bbd2 9155d772 9f9a601b
  stackpool  expected red   got red   ok   scratchpad/ctlpool_knives/K-CP3_stackpool.out
  trapdepth  expected red   got red   ok   scratchpad/ctlpool_knives/K-CP3_trapdepth.out
  ctlcross   expected green got green ok   scratchpad/ctlpool_knives/K-CP3_ctlcross.out

=== verdict
  K-CP1  stackpool  want green got green ok
  K-CP1  trapdepth  want red   got red   ok
  K-CP1  ctlcross   want green got green ok
  K-CP2  stackpool  want green got green ok
  K-CP2  trapdepth  want green got green ok
  K-CP2  ctlcross   want red   got red   ok
  K-CP3  stackpool  want red   got red   ok
  K-CP3  trapdepth  want red   got red   ok
  K-CP3  ctlcross   want green got green ok
KNIVES: PASS
  restored basic/sysvars.inc, basic/program.asm byte-identically (mtime deliberately bumped so make rebuilds)
