=== baseline: every gate must be GREEN before a knife means anything
  ROM 7d36a467 aa2caa9c 6bffac04 fe698e19
  stackpool  rc=0  green   scratchpad/ctlpool_knives/base_stackpool.out
  trapdepth  rc=0  green   scratchpad/ctlpool_knives/base_trapdepth.out
  ctlcross   rc=0  green   scratchpad/ctlpool_knives/base_ctlcross.out

=== K-CP1: the FOR run's floor stops moving at a GOSUB
  ROM 7d36a467 aa2caa9c 6bffac04 fe698e19  ->  2a056286 aa2caa9c 6bffac04 797b7589
  stackpool  expected green got green ok   scratchpad/ctlpool_knives/K-CP1_stackpool.out
  trapdepth  expected green got green ok   scratchpad/ctlpool_knives/K-CP1_trapdepth.out
  ctlcross   expected red   got red   ok   scratchpad/ctlpool_knives/K-CP1_ctlcross.out

=== K-CP2: the pool top stops tracking CLEAR's string space
  ROM 2a056286 aa2caa9c 6bffac04 797b7589  ->  7d36a467 19c37f85 6bffac04 fe698e19
  stackpool  expected red   got red   ok   scratchpad/ctlpool_knives/K-CP2_stackpool.out
  trapdepth  expected green got green ok   scratchpad/ctlpool_knives/K-CP2_trapdepth.out
  ctlcross   expected green got green ok   scratchpad/ctlpool_knives/K-CP2_ctlcross.out

=== K-CP3: the collision floor is removed
  ROM 7d36a467 19c37f85 6bffac04 fe698e19  ->  5f7f878b 6ef1dfab b1d6df66 c8750763
  stackpool  expected red   got red   ok   scratchpad/ctlpool_knives/K-CP3_stackpool.out
  trapdepth  expected red   got red   ok   scratchpad/ctlpool_knives/K-CP3_trapdepth.out
  ctlcross   expected green got green ok   scratchpad/ctlpool_knives/K-CP3_ctlcross.out

=== verdict
  K-CP1  stackpool  want green got green ok
  K-CP1  trapdepth  want green got green ok
  K-CP1  ctlcross   want red   got red   ok
  K-CP2  stackpool  want red   got red   ok
  K-CP2  trapdepth  want green got green ok
  K-CP2  ctlcross   want green got green ok
  K-CP3  stackpool  want red   got red   ok
  K-CP3  trapdepth  want red   got red   ok
  K-CP3  ctlcross   want green got green ok
KNIVES: PASS
  restored basic/program.asm, sub/strheap.asm, basic/str-engine.asm byte-identically (mtime deliberately bumped so make rebuilds)
