python3 tools/run_gates.py 
=== warm-up (serial build of shared artifacts) ===
warm-up 7s
=== refcache OFF for every unit: a gate measures, it never replays (docs/spec-refcache.md §7) ===
=== emulator tier RUNS: ROM images differ from the last green battery ===
=== 4 tree-mutating unit(s), SERIAL (they rewrite a shared tracked file) ===
  rc=0              1s  switch-build-check
  rc=0              5s  diskdep-check
  rc=0              0s  wall-literal-check
  rc=0             48s  selftest-check
  (post-mutator refresh 7s -- the plants moved mtimes, so the pool would otherwise race a rebuild)
=== 117 units, J=8, lineerr in 8 shards, nice=0 solo=None ===
  rc=0              3s  basic-reloc
  rc=0              0s  subrom-abi-check
  rc=0              0s  diskrom-abi-check
  rc=0              0s  rom-parts-check
  rc=0              1s  subrom-closure-check
  rc=0             27s  unit-test
  rc=0              0s  deadcode
  rc=0              3s  wall-assertion-check
  rc=0              0s  ram-claim-check
  rc=0              0s  build-assert-check
  rc=0              3s  needle-case-check
  rc=0              0s  redundant-load-check
  rc=0              1s  rowshape-check
  rc=0              5s  injector-check
  rc=0              1s  temp-root-check
  rc=2              2s  todo-citation-check
  rc=0              0s  todo-marker-check
  rc=0              0s  deferral-pin-check
  rc=0              1s  error-alphabet-check
  rc=0              2s  chokepoint-check
  rc=0              0s  shared-body-check
  rc=0              0s  probe-reach-check
  rc=0              0s  battery-membership-check
  rc=0              0s  fixture-integrity-check
  rc=0              1s  preflight-check
  rc=0              4s  latch-check
  rc=0             19s  kwsweep
  rc=0             12s  patch-freshness-check
  rc=0              2s  refcache-check
  rc=0              0s  knife-guard-check
  rc=0              1s  knife-rom-guard-check
  rc=0              0s  deffn-selftest
  rc=0              1s  banner-acceptance
  rc=0             37s  string-acceptance
  rc=0             19s  str-domain-acceptance
  rc=0             12s  strparen-acceptance
  rc=0             43s  penderr-acceptance
  rc=0             46s  missing-acceptance
  rc=0             12s  error-acceptance
  rc=0             67s  error-trap-acceptance
  rc=0            100s  onerr0-acceptance
  rc=0            109s  math-acceptance
  rc=0             76s  float-acceptance
  rc=0             47s  intarg-acceptance
  rc=0             34s  logicops-acceptance
  rc=0            237s  screenerr-acceptance
  rc=0             49s  tmfp-acceptance
  rc=0             61s  stmtpend-acceptance
  rc=0            115s  array-acceptance
  rc=0            128s  deffn-strict
  rc=0            394s  graphics-acceptance
  rc=0             61s  abort-acceptance
  rc=0            148s  interval-trap-acceptance
  rc=0             87s  clearpool-acceptance
  rc=0            130s  stackpool-acceptance
  rc=0            164s  trapdepth-acceptance
  rc=0             76s  ctlcross-acceptance
  rc=0            386s  ctllim-acceptance
  rc=0            421s  ramfree-acceptance
  rc=0             18s  txtceil-acceptance
  rc=0             21s  cursor-acceptance
  rc=0             91s  time-acceptance
  rc=0            300s  namspc-acceptance
  rc=0            103s  arrdim-acceptance
  rc=0             49s  arylv-acceptance
  rc=0             60s  badfnum-acceptance
  rc=0              9s  beep-acceptance
  rc=0             24s  binfre-acceptance
  rc=0             26s  cassave-acceptance
  rc=0             83s  castail-acceptance
  rc=0            123s  deffn-acceptance
  rc=0             44s  direct-ctrl-acceptance
  rc=0             11s  dskmsg-acceptance
  rc=0             86s  editverb-acceptance
  rc=0             34s  fldary-acceptance
  rc=0             98s  fldwidth-acceptance
  rc=0             23s  forvar-acceptance
  rc=0             47s  gicini-acceptance
  rc=0              5s  graphics-floor-acceptance
  rc=0            140s  ifsem-acceptance
  rc=0              4s  input-acceptance
  rc=0             59s  nodisk-acceptance
  rc=0             73s  pusing-acceptance
  rc=0             41s  catterm-acceptance
  rc=0             13s  catusr-acceptance
  rc=0             13s  nameord-acceptance
  rc=0             11s  namegate-acceptance
  rc=0             34s  inputary-acceptance
  rc=0            145s  key-trap-acceptance
  rc=0             60s  linemax-acceptance
  rc=0            138s  lnblank-acceptance
  rc=0             45s  locarg-acceptance
  rc=0             38s  lof-acceptance
  rc=0             91s  lptverb-acceptance
  rc=0             48s  lrvar-acceptance
  rc=0             53s  lvfix-acceptance
  rc=0             22s  nxary-acceptance
  rc=0             31s  nxlist-acceptance
  rc=0             27s  play-acceptance
  rc=0             10s  play-trace-acceptance
  rc=0             22s  readvar-acceptance
  rc=0              8s  runtail-acceptance
  rc=0             28s  sound-acceptance
  rc=0             67s  sprite-trap-acceptance
  rc=0             55s  stop-trap-acceptance
  rc=0            144s  strig-trap-acceptance
  rc=0              0s  subrom-acceptance
  rc=0             64s  tgtspc-acceptance
  rc=0             79s  width-acceptance
  rc=0            106s  lineerr#1/8
  rc=0            106s  lineerr#2/8
  rc=0            110s  lineerr#3/8
  rc=0            108s  lineerr#4/8
  rc=0            102s  lineerr#5/8
  rc=0             94s  lineerr#6/8
  rc=0             88s  lineerr#7/8
  rc=0             65s  lineerr#8/8

=== retrying 1 red unit(s) SERIALLY (flake vs real) ===
  retry todo-citation-check: rc 2->2  REAL (still red)

=== wall 876s (7s build + 869s gates) ===
GATES: 113/114 green
RED: todo-citation-check
🔴 BATTERY FAILED ON A POOL WRITE: 1 TRACKED FILE(S) WERE WRITTEN DURING THE PARALLEL POOL. The gate tally above is about the gates; this is about the tree they ran on — 40+ units read these while they changed, and a torn read has no witness of its own.
     scratchpad/clrtrapstk_key.py
       running at the write: ctlcross-acceptance, ctllim-acceptance, graphics-acceptance, interval-trap-acceptance, ramfree-acceptance, screenerr-acceptance, stackpool-acceptance, trapdepth-acceptance
     → re-run each named unit ALONE and diff the tree, then put the offender in MUTATORS. A legitimately regenerated path goes in REGENERATED, with its reason.
hashes: 543879fc dd98db58 323d8daf 9a96945d
make: *** [gates] Error 1
