python3 tools/install-repack-machine.py --merged build/zerobas-main-eu.rom --disk-rom build/disk.rom \
	  --sub-rom build/sub.rom
wrote C-BIOS_MSX1_EU_REPACK_DISK  (-> machine "C-BIOS_MSX1_EU_REPACK_DISK": merged repack ROM in slot 0, zerobas-disk in slot 3-1, zerobas-sub in slot 3-2)
     /Users/joost/.openMSX/share/machines/C-BIOS_MSX1_EU_REPACK_DISK.xml
python3 probes/basic/basic_probe_deffn.py --gate --strict \
	         
PASS b.ctl            ref='6'  zb='6'
ok   b.forward        ref='ERR 18 AT 60'  zb='ERR 18 AT 60'
DIFF b.nested         ref='8'  zb='45058'
ok   b.noarg          ref='7'  zb='7'
DIFF b.param          ref='3 5'  zb='22529 5'
DIFF b.paramnew       ref='8 0'  zb='20737 0'
ok   b.recurse        ref='ERR 7 AT 60'  zb='ERR 7 AT 60'
DIFF b.redef          ref='3'  zb='22530'
ok   b.str            ref='hi!'  zb='hi!'
DIFF b.two            ref='5'  zb='45312'
ok   b.undef          ref='ERR 18 AT 60'  zb='ERR 18 AT 60'
PASS d.ctl            ref='6'  zb='6'
ok   d.def            ref='<Undefined user function>'  zb='<Undefined user function>'
ok   d.defonly        ref='<Illegal direct>'  zb='<Illegal direct>'
ok   d.defrun         ref='<Undefined user function>'  zb='<Undefined user function>'
PASS d.defusr         ref='OK'  zb='OK'
PASS d.let            ref='OK'  zb='OK'
ok   d.sameline       ref='<Illegal direct>'  zb='<Illegal direct>'
ok   o.actualfirst    ref='60'  zb='60'
ok   o.argnoarg       ref='7 1'  zb='7 1'
ok   o.aryformal      ref='ERR 2 AT 60'  zb='ERR 2 AT 60'
ok   o.badname        ref='ERR 2 AT 20'  zb='ERR 2 AT 20'
ok   o.barecall       ref='ERR 2 AT 60'  zb='ERR 2 AT 60'
DIFF o.clearwipe.ctl  ref='3'  zb='22529'
ok   o.clearwipe3     ref='<Undefined user function>'  zb='<Undefined user function>'
PASS o.ctl            ref='6'  zb='6'
PASS o.ctl2           ref='6'  zb='6'
DIFF o.defint         ref='2'  zb='11264'
DIFF o.defint.ctl     ref='2.5'  zb='11264'
DIFF o.defintbang     ref='2.5'  zb='11264'
ok   o.defstr         ref='hi!'  zb='hi!'
ok   o.dynaddr        ref='5'  zb='5'
ok   o.dynorder       ref='5'  zb='5'
ok   o.dynscope       ref='5'  zb='5'
DIFF o.dynself        ref='205'  zb='2252805'
ok   o.errrestore     ref='5 11'  zb='5 11'
DIFF o.fnbang         ref='2.5'  zb='11264'
DIFF o.fnpct          ref='2'  zb='11264'
DIFF o.global         ref='5'  zb='22531'
ok   o.ifnot          ref='ERR 18 AT 60'  zb='ERR 18 AT 60'
DIFF o.ifthen         ref='3'  zb='22529'
ok   o.lazybody       ref='OK'  zb='OK'
ok   o.lazydiv        ref='OK'  zb='OK'
DIFF o.namespace      ref='9 3'  zb='9 22529'
DIFF o.nestsame       ref='7'  zb='45057'
ok   o.noeq           ref='OK'  zb='OK'
ok   o.numstr         ref='ERR 13 AT 60'  zb='ERR 13 AT 60'
DIFF o.outer.ctl      ref='2'  zb='22528'
DIFF o.outerabs       ref='2'  zb='22528'
DIFF o.outerafter     ref='2'  zb='45312'
DIFF o.outerbefore    ref='2'  zb='45312'
DIFF o.outernoarg     ref='3'  zb='22529'
ok   o.p10            ref='ERR 5 AT 60'  zb='ERR 5 AT 60'
ok   o.p11            ref='ERR 5 AT 60'  zb='ERR 5 AT 60'
ok   o.p12            ref='ERR 5 AT 60'  zb='ERR 5 AT 60'
ok   o.p16            ref='ERR 5 AT 60'  zb='ERR 5 AT 60'
DIFF o.p3             ref='1'  zb='16640'
DIFF o.p5             ref='1'  zb='16640'
DIFF o.p8             ref='1'  zb='16640'
DIFF o.p9             ref='1'  zb='16640'
ok   o.quotedcolon    ref='a:Q'  zb='a:Q'
ok   o.realcell       ref='5'  zb='5'
PASS o.realcell.ctl   ref='5'  zb='5'
DIFF o.runtwice       ref='3'  zb='22529'
--   o.sameaddr       ref='30327'  zb='27179'  (own-design RAM layout; see PREDICATE)
DIFF o.stmtcolon      ref='3 9'  zb='22529 9'
ok   o.strnum         ref='ERR 13 AT 60'  zb='ERR 13 AT 60'
ok   o.strnumx        ref='5 13'  zb='5 13'
DIFF o.suffn          ref='3'  zb='22529'
DIFF o.sufformal      ref='3'  zb='22529'
ok   o.toofew         ref='ERR 2 AT 60'  zb='ERR 2 AT 60'
ok   o.toomany        ref='ERR 2 AT 60'  zb='ERR 2 AT 60'
DIFF o.twocalls       ref='7'  zb='45058'
ok   o.twofault       ref='ERR 2 AT 20'  zb='ERR 2 AT 20'
ok   o.undefarg       ref='ERR 18 AT 60'  zb='ERR 18 AT 60'
DIFF o.varptr         ref='2'  zb='0'
PASS o.varptr.ctl     ref='5'  zb='5'
--   z.addr           ref='-2325'  zb='-5473'  (own-design RAM layout; see PREDICATE)
--   z.addr.ctl       ref='-32679'  zb='-32679'  (own-design RAM layout; see PREDICATE)
--   z.addr2          ref='-2325'  zb='-5473'  (own-design RAM layout; see PREDICATE)
--   z.addr2i         ref='-2325'  zb='-5473'  (own-design RAM layout; see PREDICATE)
ok   z.p10def         ref='OK'  zb='OK'
PASS claim:o.sameaddr  zb:o.sameaddr='27179'  VARPTR(formal) differs from VARPTR(variable)
PASS claim:z.addr2    zb:z.addr2='-5473'  zb:z.addr2i='-5473'  the shadow cell does not move with nesting
PASS claim:z.addr     zb:z.addr='-5473'  zb:z.addr.ctl='-32679'  the shadow is not the variable's own cell
ROWS: 85 printed, 80 scored — 31 of 69 DEF FN rows still divergent; 0 of 8 controls failed
DEF FN not implemented (expected until the verb ships): b.nested, b.param, b.paramnew, b.redef, b.two, o.clearwipe.ctl, o.defint, o.defint.ctl, o.defintbang, o.dynself, o.fnbang, o.fnpct, o.global, o.ifthen, o.namespace, o.nestsame, o.outer.ctl, o.outerabs, o.outerafter, o.outerbefore, o.outernoarg, o.p3, o.p5, o.p8, o.p9, o.runtwice, o.stmtcolon, o.suffn, o.sufformal, o.twocalls, o.varptr
make: *** [deffn-strict] Error 1
