python3 tools/install-repack-machine.py --merged build/zerobas-main-eu.rom --disk-rom build/disk.rom \
	  --sub-rom build/sub.rom
wrote C-BIOS_MSX1_EU_REPACK_DISK  (-> machine "C-BIOS_MSX1_EU_REPACK_DISK": merged repack ROM in slot 0, zerobas-disk in slot 3-1, zerobas-sub in slot 3-2)
     /Users/joost/.openMSX/share/machines/C-BIOS_MSX1_EU_REPACK_DISK.xml
python3 tools/install-repack-machine.py --merged build/zerobas-main-eu.rom --sub-rom build/sub.rom \
	  --no-disk
wrote C-BIOS_MSX1_EU_REPACK_NODISK  (-> machine "C-BIOS_MSX1_EU_REPACK_NODISK": merged repack ROM in slot 0, slot 3-1 EMPTY (diskless target), zerobas-sub in slot 3-2)
     /Users/joost/.openMSX/share/machines/C-BIOS_MSX1_EU_REPACK_NODISK.xml
python3 probes/basic/basic_probe_namspc.py --gate \
	        --only m.blank,m.drvbare 
namspc: 0 reading(s) diverge, 1 deferred face(s) rotted
D-NAMSPC — a SPACE inside a variable reference's NAME / before its suffix   sides: vg8020, cf3300, zb
==============================================================================
.... m.blank     vg8020='<NO DISK ON THIS SIDE>'  cf3300='5 entries + OK'  zb='0 entries + <Bad file name>'   [D-FSPEC: a BLANK filespec is `no filespec` there (lists all); a do_files question]   🔴 FACE ROTTED: zb: pinned '0 entries + <Syntax error>', now '0 entries + <Bad file name>'
.... m.drvbare   vg8020='<NO DISK ON THIS SIDE>'  cf3300='5 entries + OK'  zb='0 entries + <Bad file name>'   [D-FSPECCHAR: a DRIVE-PREFIX-ONLY filespec is the same class as m.blank -- `no filespec` there (lists all); the other verbs are measured and AGREE (m.drvkill/load/save), so the fix is in do_files, NOT in bn_done's empty-name test]
ROWS: 2 printed, 0 scored — 0 agree, 0 diverge, 0 without a reference, 2 deferred (not scored)
==============================================================================
0/0 readings match their reference (137 cases, 21 positive controls, 2 negative controls, 0 row(s) with ONE reference only, 0 row(s) without a reference, 0 row(s) where the references disagree, 2 DEFERRED row(s) measured but not scored)
🔴 ORACLE STRENGTH IS NOT UNIFORM: the `z.fld*` rows are Disk BASIC, which a diskless VG-8020 cannot express — they rest on the CF-3300 ALONE. Every other row here has two references.
DENOMINATOR: (WHERE the space falls inside a reference: before the 2nd LETTER, before a DIGIT, before each of the four type suffixes `% ! # $`, MORE THAN ONCE, and between two names run together) x (the POSITION the reference stands in: r-value expression, LET target, IF condition, FOR, NEXT, DIM, an array element lvalue, READ, SWAP -- none of which except NEXT/READ reaches tgt_parse), plus whether the space SURVIVES THE CRUNCH at all (t.*, read from the stored line bytes, which is what says whether the fix belongs in the tokeniser or the parser), plus what the TWO-CHARACTER KEY does with a space in the middle (r.three / r.run / a.sig), plus the KEYWORD constraint (t.kw / t.and / t.abs / k.and / k.abs: this tokeniser matches keywords at every position mid-identifier, so a spaced name can be crunched into a TOKEN before any parser sees it, and z.kw is the RUNTIME negative control that says a name so tokenised must STAY refused), plus the converse row that says the joined name is a DIFFERENT variable and not tolerated junk (z.miss), plus the TRAILING-space set (w.*) that is green BEFORE and must stay green AFTER. Every spaced row carries the CONTIGUOUS form of its own fixture as its positive control. NOT COVERED: a TAB or other whitespace byte; DIRECT mode (TODO.md's `dir-name` residual); a space inside a DEF FN name or a line-number list; `RSET` and the FIELD family (D-TGTSPC's nine lvalue surfaces already carry the `(` position and share one parse site).
🔴 DEFERRED FACE(S) ROTTED — a deferral is a PIN, not a note (D-DEFERPIN). The row still may not be scored; what moved is the reading the deferral's REASON is written about, so the reason is now describing a machine that no longer exists:
    m.blank  zb: pinned '0 entries + <Syntax error>', now '0 entries + <Bad file name>'
refcache: 0 hit, 4 miss, 4 stored
make: *** [namspc-acceptance] Error 1
