mkdir -p build
pasmo --bin basic/main.asm build/basic-reloc.rom build/basic-reloc.sym
WARNING: Switching to 3 pass mode on line 786 of file basic/sysvars.inc
WARNING: Var APOS_MARK is never used on line 521 of file basic/sysvars.inc
WARNING: Var BINARY_ID is never used on line 153 of file basic/sysvars.inc
WARNING: Var BPB_BYTSPERSEC is never used on line 2573 of file basic/sysvars.inc
WARNING: Var BPB_FATSZ16 is never used on line 2578 of file basic/sysvars.inc
WARNING: Var BPB_NUMFATS is never used on line 2576 of file basic/sysvars.inc
WARNING: Var BPB_ROOTENTCNT is never used on line 2577 of file basic/sysvars.inc
WARNING: Var BPB_RSVDSECCNT is never used on line 2575 of file basic/sysvars.inc
WARNING: Var BPB_SECPERCLUS is never used on line 2574 of file basic/sysvars.inc
WARNING: Var BSAVE_DISK_ID is never used on line 2545 of file basic/sysvars.inc
WARNING: Var CAS_HDRNAME is never used on line 3136 of file basic/sysvars.inc
WARNING: Var CLOC is never used on line 72 of file basic/sysvars.inc
WARNING: Var CMASK is never used on line 73 of file basic/sysvars.inc
WARNING: Var CS120_LOW is never used on line 130 of file basic/sysvars.inc
WARNING: Var CS240_LOW is never used on line 131 of file basic/sysvars.inc
WARNING: Var DATALINE is never used on line 3301 of file basic/sysvars.inc
WARNING: Var DATAPTR is never used on line 3300 of file basic/sysvars.inc
WARNING: Var DB_CUR is never used on line 3467 of file basic/sysvars.inc
WARNING: Var DIRENT_FILESIZE is never used on line 2582 of file basic/sysvars.inc
WARNING: Var DIRENT_FIRSTCLUS is never used on line 2581 of file basic/sysvars.inc
WARNING: Var DISKOP_SEL_FAT_ALLOC_CLUSTER is never used on line 2691 of file basic/sysvars.inc
WARNING: Var DISKOP_SEL_FAT_READ_FAT_SECTOR is never used on line 2689 of file basic/sysvars.inc
WARNING: Var DISKOP_SEL_FAT_WRITE_FAT_ENTRY is never used on line 2692 of file basic/sysvars.inc
WARNING: Var DISKOP_SEL_NAME_CMP is never used on line 2687 of file basic/sysvars.inc
WARNING: Var DISKOP_SEL_READ_SECTOR is never used on line 2683 of file basic/sysvars.inc
WARNING: Var DISKOP_SEL_WRITE_SECTOR is never used on line 2684 of file basic/sysvars.inc
WARNING: Var DSKIO_ENTRY is never used on line 2571 of file basic/sysvars.inc
WARNING: Var DSV_PTR is never used on line 2490 of file basic/sysvars.inc
WARNING: Var ENDPTR is never used on line 706 of file basic/sysvars.inc
WARNING: Var EOC is never used on line 2583 of file basic/sysvars.inc
WARNING: Var FAT_B0 is never used on line 2630 of file basic/sysvars.inc
WARNING: Var FAT_B1 is never used on line 2631 of file basic/sysvars.inc
WARNING: Var FAT_BYTEIDX is never used on line 2628 of file basic/sysvars.inc
WARNING: Var FAT_CLUSSEC is never used on line 2621 of file basic/sysvars.inc
WARNING: Var FAT_DIRREM is never used on line 2634 of file basic/sysvars.inc
WARNING: Var FAT_DIRSEC is never used on line 2633 of file basic/sysvars.inc
WARNING: Var FAT_FATSEC is never used on line 2629 of file basic/sysvars.inc
WARNING: Var FAT_FATSTART is never used on line 2616 of file basic/sysvars.inc
WARNING: Var FAT_FIRSTDATA is never used on line 2619 of file basic/sysvars.inc
WARNING: Var FAT_FIRSTROOT is never used on line 2617 of file basic/sysvars.inc
WARNING: Var FAT_NAMEPTR is never used on line 2632 of file basic/sysvars.inc
WARNING: Var FAT_NUMFATS is never used on line 2624 of file basic/sysvars.inc
WARNING: Var FAT_PARITY is never used on line 2627 of file basic/sysvars.inc
WARNING: Var FAT_ROOTSECS is never used on line 2618 of file basic/sysvars.inc
WARNING: Var FAT_SECPERCLUS is never used on line 2615 of file basic/sysvars.inc
WARNING: Var FAT_SECPERFAT is never used on line 2625 of file basic/sysvars.inc
WARNING: Var FCH_CTXSZ is never used on line 3049 of file basic/sysvars.inc
WARNING: Var FILES_ENTIDX is never used on line 2527 of file basic/sysvars.inc
WARNING: Var FLD_DESC is never used on line 3100 of file basic/sysvars.inc
WARNING: Var FMT_DESC is never used on line 3099 of file basic/sysvars.inc
WARNING: Var FMT_SEC is never used on line 3098 of file basic/sysvars.inc
WARNING: Var FPNUM_SIZE is never used on line 3387 of file basic/sysvars.inc
WARNING: Var FWBUF is never used on line 2612 of file basic/sysvars.inc
WARNING: Var FWR_DIRSEC is never used on line 2646 of file basic/sysvars.inc
WARNING: Var GFX_ARCF is never used on line 607 of file basic/sysvars.inc
WARNING: Var GFX_ASPMAJ is never used on line 605 of file basic/sysvars.inc
WARNING: Var GFX_ASPS is never used on line 606 of file basic/sysvars.inc
WARNING: Var GFX_BAD is never used on line 87 of file basic/sysvars.inc
WARNING: Var GFX_CNT is never used on line 584 of file basic/sysvars.inc
WARNING: Var GFX_COLOR_OFST is never used on line 63 of file basic/sysvars.inc
WARNING: Var GFX_CPHASE is never used on line 680 of file basic/sysvars.inc
WARNING: Var GFX_CS_AX is never used on line 623 of file basic/sysvars.inc
WARNING: Var GFX_CS_AY is never used on line 626 of file basic/sysvars.inc
WARNING: Var GFX_CS_M2 is never used on line 1748 of file basic/sysvars.inc
WARNING: Var GFX_CX is never used on line 579 of file basic/sysvars.inc
WARNING: Var GFX_CY is never used on line 580 of file basic/sysvars.inc
WARNING: Var GFX_DESC is never used on line 1786 of file basic/sysvars.inc
WARNING: Var GFX_DJ is never used on line 86 of file basic/sysvars.inc
WARNING: Var GFX_DMAJ is never used on line 582 of file basic/sysvars.inc
WARNING: Var GFX_DMIN is never used on line 583 of file basic/sysvars.inc
WARNING: Var GFX_ENEG is never used on line 646 of file basic/sysvars.inc
WARNING: Var GFX_EOCT is never used on line 643 of file basic/sysvars.inc
WARNING: Var GFX_ERR is never used on line 581 of file basic/sysvars.inc
WARNING: Var GFX_EU14 is never used on line 644 of file basic/sysvars.inc
WARNING: Var GFX_EVX is never used on line 610 of file basic/sysvars.inc
WARNING: Var GFX_EVY is never used on line 611 of file basic/sysvars.inc
WARNING: Var GFX_FILLCNT is never used on line 593 of file basic/sysvars.inc
WARNING: Var GFX_FULLW is never used on line 612 of file basic/sysvars.inc
WARNING: Var GFX_M is never used on line 628 of file basic/sysvars.inc
WARNING: Var GFX_PFY is never used on line 1693 of file basic/sysvars.inc
WARNING: Var GFX_PGEN_BASE is never used on line 62 of file basic/sysvars.inc
WARNING: Var GFX_PPITCH is never used on line 1926 of file basic/sysvars.inc
WARNING: Var GFX_PSCX is never used on line 1696 of file basic/sysvars.inc
WARNING: Var GFX_PSCY is never used on line 1697 of file basic/sysvars.inc
WARNING: Var GFX_PSPA is never used on line 1698 of file basic/sysvars.inc
WARNING: Var GFX_PTESTX is never used on line 1691 of file basic/sysvars.inc
WARNING: Var GFX_PTESTY is never used on line 1692 of file basic/sysvars.inc
WARNING: Var GFX_PTOP is never used on line 1689 of file basic/sysvars.inc
WARNING: Var GFX_PX is never used on line 620 of file basic/sysvars.inc
WARNING: Var GFX_PXL is never used on line 1694 of file basic/sysvars.inc
WARNING: Var GFX_PXR is never used on line 1695 of file basic/sysvars.inc
WARNING: Var GFX_PY is never used on line 622 of file basic/sysvars.inc
WARNING: Var GFX_QD is never used on line 619 of file basic/sysvars.inc
WARNING: Var GFX_QX is never used on line 617 of file basic/sysvars.inc
WARNING: Var GFX_QY is never used on line 618 of file basic/sysvars.inc
WARNING: Var GFX_R is never used on line 604 of file basic/sysvars.inc
WARNING: Var GFX_SATR_BASE is never used on line 688 of file basic/sysvars.inc
WARNING: Var GFX_SDX is never used on line 587 of file basic/sysvars.inc
WARNING: Var GFX_SDY is never used on line 588 of file basic/sysvars.inc
WARNING: Var GFX_SMIN is never used on line 586 of file basic/sysvars.inc
WARNING: Var GFX_SNEG is never used on line 645 of file basic/sysvars.inc
WARNING: Var GFX_SOCT is never used on line 639 of file basic/sysvars.inc
WARNING: Var GFX_SPAT_BASE is never used on line 687 of file basic/sysvars.inc
WARNING: Var GFX_STEEP is never used on line 585 of file basic/sysvars.inc
WARNING: Var GFX_SU14 is never used on line 642 of file basic/sysvars.inc
WARNING: Var GFX_SVX is never used on line 608 of file basic/sysvars.inc
WARNING: Var GFX_SVY is never used on line 609 of file basic/sysvars.inc
WARNING: Var GFX_TX1 is never used on line 589 of file basic/sysvars.inc
WARNING: Var GFX_TX2 is never used on line 591 of file basic/sysvars.inc
WARNING: Var GFX_TY1 is never used on line 590 of file basic/sysvars.inc
WARNING: Var GFX_TY2 is never used on line 592 of file basic/sysvars.inc
WARNING: Var GFX_WE_O is never used on line 648 of file basic/sysvars.inc
WARNING: Var GFX_WE_P is never used on line 647 of file basic/sysvars.inc
WARNING: Var GFX_WRAPF is never used on line 649 of file basic/sysvars.inc
WARNING: Var GFX_WS_O is never used on line 631 of file basic/sysvars.inc
WARNING: Var GFX_WS_P is never used on line 630 of file basic/sysvars.inc
WARNING: Var GFX_YSTEP is never used on line 594 of file basic/sysvars.inc
WARNING: Var GP_CLIDX is never used on line 3073 of file basic/sysvars.inc
WARNING: Var GP_CLUS is never used on line 3072 of file basic/sysvars.inc
WARNING: Var GP_FLAGS is never used on line 3077 of file basic/sysvars.inc
WARNING: Var GP_OLDNSEC is never used on line 3076 of file basic/sysvars.inc
WARNING: Var GP_PHYS is never used on line 3075 of file basic/sysvars.inc
WARNING: Var GP_RECLEN is never used on line 3124 of file basic/sysvars.inc
WARNING: Var GP_SEC is never used on line 3070 of file basic/sysvars.inc
WARNING: Var GP_SECINCL is never used on line 3074 of file basic/sysvars.inc
WARNING: Var GP_WITHIN is never used on line 3071 of file basic/sysvars.inc
WARNING: Var HORNER_ACC is never used on line 3715 of file basic/sysvars.inc
WARNING: Var HORNER_CNT is never used on line 3717 of file basic/sysvars.inc
WARNING: Var HORNER_G is never used on line 3698 of file basic/sysvars.inc
WARNING: Var HORNER_PTR is never used on line 3730 of file basic/sysvars.inc
WARNING: Var INITXT is never used on line 15 of file basic/sysvars.inc
WARNING: Var LE_OP_RELINK is never used on line 2761 of file basic/sysvars.inc
WARNING: Var LE_OP_STORE is never used on line 2760 of file basic/sysvars.inc
WARNING: Var LINENO_ACC_STOP is never used on line 828 of file basic/sysvars.inc
WARNING: Var LINL32 is never used on line 105 of file basic/sysvars.inc
WARNING: Var MATH_BREAK is never used on line 3683 of file basic/sysvars.inc
WARNING: Var MATH_R is never used on line 3703 of file basic/sysvars.inc
WARNING: Var MATH_RECIP is never used on line 3679 of file basic/sysvars.inc
WARNING: Var MATH_SIGN is never used on line 3675 of file basic/sysvars.inc
WARNING: Var MCLPTR is never used on line 2924 of file basic/sysvars.inc
WARNING: Var MSGESC_LO is never used on line 4128 of file basic/sysvars.inc
WARNING: Var NEW_TOKEN is never used on line 2159 of file basic/sysvars.inc
WARNING: Var PLAY_DEF_NOTEL is never used on line 2980 of file basic/sysvars.inc
WARNING: Var PLAY_DEF_OCTAVE is never used on line 2979 of file basic/sysvars.inc
WARNING: Var PLAY_DEF_TEMPO is never used on line 2981 of file basic/sysvars.inc
WARNING: Var PLAY_DEF_VOLUME is never used on line 2982 of file basic/sysvars.inc
WARNING: Var PLAY_OP_NOTE is never used on line 2997 of file basic/sysvars.inc
WARNING: Var PLYCNT is never used on line 2927 of file basic/sysvars.inc
WARNING: Var PLY_BUFEND is never used on line 2995 of file basic/sysvars.inc
WARNING: Var PLY_LASTDUR is never used on line 2994 of file basic/sysvars.inc
WARNING: Var PLY_NUM is never used on line 2993 of file basic/sysvars.inc
WARNING: Var QD_PUT is never used on line 2933 of file basic/sysvars.inc
WARNING: Var QD_PUTBAK is never used on line 2935 of file basic/sysvars.inc
WARNING: Var QD_SIZE is never used on line 2936 of file basic/sysvars.inc
WARNING: Var QUEUEN is never used on line 2925 of file basic/sysvars.inc
WARNING: Var QUOTE_REM is never used on line 520 of file basic/sysvars.inc
WARNING: Var RND_ACCLE is never used on line 3777 of file basic/sysvars.inc
WARNING: Var RND_AJ is never used on line 3792 of file basic/sysvars.inc
WARNING: Var RND_CARRY is never used on line 3794 of file basic/sysvars.inc
WARNING: Var RND_I is never used on line 3784 of file basic/sysvars.inc
WARNING: Var RND_IJ is never used on line 3789 of file basic/sysvars.inc
WARNING: Var RND_J is never used on line 3787 of file basic/sysvars.inc
WARNING: Var RND_K is never used on line 3798 of file basic/sysvars.inc
WARNING: Var RND_LE is never used on line 3771 of file basic/sysvars.inc
WARNING: Var RND_STATE is never used on line 3762 of file basic/sysvars.inc
WARNING: Var RN_OLD is never used on line 2850 of file basic/sysvars.inc
WARNING: Var SL_DELHI is never used on line 2804 of file basic/sysvars.inc
WARNING: Var SL_DELLO is never used on line 2803 of file basic/sysvars.inc
WARNING: Var SL_SLOT is never used on line 2126 of file basic/sysvars.inc
WARNING: Var SUBROM_IDX_INTTEST is never used on line 3820 of file basic/sysvars.inc
WARNING: Var SUB_INT_DELTA is never used on line 3488 of file basic/sysvars.inc
WARNING: Var TKDCOUNT is never used on line 3341 of file basic/sysvars.inc
WARNING: Var TKEXP is never used on line 3344 of file basic/sysvars.inc
WARNING: Var TKEXPD is never used on line 3345 of file basic/sysvars.inc
WARNING: Var TKEXPSIGN is never used on line 3346 of file basic/sysvars.inc
WARNING: Var TKFLAGS is never used on line 3343 of file basic/sysvars.inc
WARNING: Var TKHAVESIG is never used on line 3339 of file basic/sysvars.inc
WARNING: Var TKINTLEN is never used on line 3338 of file basic/sysvars.inc
WARNING: Var TKLEAD is never used on line 3349 of file basic/sysvars.inc
WARNING: Var TKLNUM is never used on line 740 of file basic/sysvars.inc
WARNING: Var TKNAME is never used on line 764 of file basic/sysvars.inc
WARNING: Var TKNZPOS is never used on line 3340 of file basic/sysvars.inc
WARNING: Var TKPOS is never used on line 3337 of file basic/sysvars.inc
WARNING: Var TKRADIX is never used on line 766 of file basic/sysvars.inc
WARNING: Var TKRTOK is never used on line 767 of file basic/sysvars.inc
WARNING: Var TKSRCSAVE is never used on line 3365 of file basic/sysvars.inc
WARNING: Var TKSTORED is never used on line 3342 of file basic/sysvars.inc
WARNING: Var TOKBUFSZ is never used on line 853 of file basic/sysvars.inc
WARNING: Var TOKMAX_BODY is never used on line 854 of file basic/sysvars.inc
WARNING: Var TRAPSTK_END is never used on line 1203 of file basic/sysvars.inc
WARNING: Var VCBC is never used on line 2930 of file basic/sysvars.inc
WARNING: Var VCX_ENVPER is never used on line 2943 of file basic/sysvars.inc
WARNING: Var VCX_ENVSH is never used on line 2948 of file basic/sysvars.inc
WARNING: Var VCX_NOTEL is never used on line 2945 of file basic/sysvars.inc
WARNING: Var VCX_OCTAVE is never used on line 2944 of file basic/sysvars.inc
WARNING: Var VCX_TEMPO is never used on line 2946 of file basic/sysvars.inc
WARNING: Var VCX_VOLUME is never used on line 2947 of file basic/sysvars.inc
WARNING: Var VDP_ADDR is never used on line 56 of file basic/sysvars.inc
WARNING: Var VDP_DATA is never used on line 55 of file basic/sysvars.inc
WARNING: Var VOICAQ is never used on line 2920 of file basic/sysvars.inc
WARNING: Var VOICBQ is never used on line 2921 of file basic/sysvars.inc
WARNING: Var VOICCQ is never used on line 2922 of file basic/sysvars.inc
WARNING: Var VOICEN is never used on line 2923 of file basic/sysvars.inc
WARNING: Var WRTVDP is never used on line 13 of file basic/sysvars.inc
WARNING: Var __MEAS_LOW_END is never used on line 118 of file basic/main.asm
WARNING: Var __MEAS_PAGE1_END is never used on line 401 of file basic/main.asm
WARNING: Var ary_reset is never used on line 333 of file basic/arrays.asm
WARNING: Var ascii_save is never used on line 221 of file basic/save.asm
WARNING: Var bl_skip_spaces is never used on line 30 of file basic/bload.asm
WARNING: Var bsv_is_disk is never used on line 110 of file basic/save.asm
WARNING: Var cas_flush_block is never used on line 373 of file basic/save.asm
WARNING: Var disk_putbyte is never used on line 82 of file basic/sv-diskwr.inc
WARNING: Var dl_cas_close is never used on line 122 of file basic/cload.asm
WARNING: Var dl_is_cas is never used on line 113 of file basic/cload.asm
WARNING: Var dr_cas_close is never used on line 288 of file basic/cload.asm
WARNING: Var efi_p_ok is never used on line 1419 of file basic/str-engine.asm
WARNING: Var ei_set is never used on line 2452 of file basic/program.asm
WARNING: Var ems_err_pop1 is never used on line 1076 of file basic/str-engine.asm
WARNING: Var err_stack is never used on line 1850 of file basic/program.asm
WARNING: Var evmc_total_scan is never used on line 1368 of file basic/expr.asm
WARNING: Var fat_delete is never used on line 351 of file basic/fat.asm
WARNING: Var fat_io_find is never used on line 38 of file basic/fatio-body.inc
WARNING: Var key_set is never used on line 2750 of file basic/program.asm
WARNING: Var mul16 is never used on line 2022 of file basic/expr.asm
WARNING: Var nx_again is never used on line 1818 of file basic/program.asm
WARNING: Var nx_scan is never used on line 1774 of file basic/program.asm
WARNING: Var raise_error_forced is never used on line 1067 of file basic/interp.asm
WARNING: Var sav_is_disk is never used on line 187 of file basic/save.asm
WARNING: Var spr_set is never used on line 961 of file basic/graphics.asm
WARNING: Var strig_set is never used on line 2622 of file basic/program.asm
WARNING: Var vptr_none is never used on line 1969 of file basic/expr.asm
WARNING: Var wid_apply is never used on line 268 of file basic/screen.asm
python3 tools/gen_resident_abi.py build/basic-reloc.sym sub/basic-resident-abi.inc
wrote sub/basic-resident-abi.inc: 12 resident-ABI symbols (from build/basic-reloc.sym)
pasmo -I sub --bin sub/sub.asm build/sub.rom build/sub.sym
WARNING: Switching to 3 pass mode on line 786 of file basic/sysvars.inc
ERROR: Symbol 'EDT_CODES_STRADDLES_A_PAGE__ADD_A_L_INDEX_IS_8_BIT' is undefined  on line 92 of file deftype.asm
make: *** [build/sub.rom] Error 1
