  fn.basic    refs-agree   zb=same  before='ERR 2'          vg='3' cf='3' zb='3'   [the verb at all]
  fn.defint   refs-agree   zb=same  before='ERR 2'          vg='3' cf='3' zb='3'   [an INT result -- the value lives in DE across a CALSLT]
  fn.pct      refs-agree   zb=same  before='ERR 2'          vg='2' cf='2' zb='2'   [the result is coerced to the FN's OWN type]
  fn.bang     refs-agree   zb=same  before='ERR 2'          vg='2.5' cf='2.5' zb='2.5'   [...and its `!` twin is not (the same body, 2.5)]
  fn.str      refs-agree   zb=same  before='ERR 2'          vg='hi!' cf='hi!' zb='hi!'   [a `$` function, and PRINT classifying the item]
  fn.shadow   refs-agree   zb=same  before='ERR 2'          vg='90 5' cf='90 5' zb='90 5'   [the formal is a SHADOW: the program's X is untouched]
  fn.actual   refs-agree   zb=same  before='ERR 2'          vg='60' cf='60' zb='60'   [...but the ACTUAL is evaluated in the CALLER's scope]
  fn.nest     refs-agree   zb=same  before='ERR 2'          vg='7' cf='7' zb='7'   [nesting: the outer frame comes BACK]
  fn.arity    refs-agree   zb=same  before='ERR 2'          vg='ERR 2' cf='ERR 2' zb='ERR 2'   [ERR 2 -- the two delimiter lists must AGREE]
  fn.ceil     refs-agree   zb=same  before='ERR 2'          vg='ERR 5' cf='ERR 5' zb='ERR 5'   [ERR 5 at the TENTH formal -- a division, not a rule]
  fn.undef    refs-agree   zb=same  before='ERR 2'          vg='ERR 18' cf='ERR 18' zb='ERR 18'   [ERR 18, which nothing in this ROM could reach before]
  fn.clear    refs-agree   zb=same  before='ERR 2'          vg='<NO OUTPUT>' cf='<NO OUTPUT>' zb='<NO OUTPUT>'   [CLEAR erases a definition (it lives in the variable chain)]
  car.savdsk  REFS DIFFER  zb=DIFF  before='load error'     vg='ERR 56' cf='ERR 2' zb='<NO OUTPUT>'   [sav_flag_a, disk entry: SAVE"...",B is refused]
  car.savcas  refs-agree   zb=DIFF  before='load error'     vg='ERR 2' cf='ERR 2' zb='<NO OUTPUT>'   [sav_flag_a, cassette entry: the SECOND caller]
  car.dbl     refs-agree   zb=same  before='same'           vg='.33333333333333' cf='.33333333333333' zb='.33333333333333'   [arga_pack_fac -- the 7-mantissa-byte (double) entry]
  car.sng     refs-agree   zb=same  before='same'           vg='.333333' cf='.333333' zb='.333333'   [arga_pack_single -- the 3-byte entry, same body now]
  car.poke    refs-agree   zb=same  before='same'           vg='65' cf='65' zb='65'   [basic/poke.asm, PROMOTED into the low region]
  car.sound   refs-agree   zb=same  before='same'           vg='ERR 5' cf='ERR 5' zb='ERR 5'   [basic/sound.asm, promoted -- and its measured ERR 5 boundary]
  car.loc     refs-agree   zb=same  before='same'           vg='ERR 24' cf='ERR 24' zb='ERR 24'   [loc_missing: the alias that had broken the G8 build gate]

  17 of 19 zerobas readings match the VG-8020; 18 of 19 references agree with each other
