\n=== BASE (unmodified) ===
  base n.same3 on zb (want CCC):
    needs 3.00s (bisected, +/-0.15)

  base n.same4 on zb (want DDD):
    needs 3.68s (bisected, +/-0.15)

  base n.same6 on zb (want FFF):
    needs 4.85s (bisected, +/-0.15)

K-DS1:   ROM 6c5345c2 8abf090a 70c05175 bd950846  ->  6c5345c2 70e38fd9 70c05175 bd950846
  K-DS1 n.same3 on zb (want CCC):
    completes within the default budget (<=2.5 = step)

  K-DS1 n.same4 on zb (want DDD):
    needs 2.92s (bisected, +/-0.15)

  K-DS1 n.same6 on zb (want FFF):
    needs 3.68s (bisected, +/-0.15)

==================================================================
  row            base    K-DS1   smallest run_gap that completes
  n.same3         3.0      2.5
  n.same4        3.68     2.92
  n.same6        4.85     3.68

\⚠\️ the stamp CONTRIBUTES but is not the whole cost — the step is still there. Prediction held.
