python3 tools/pick_gates.py --run 
=== warm-up (serial build of shared artifacts) ===
warm-up 8s
=== refcache OFF for every unit: a gate measures, it never replays (docs/spec-refcache.md §7) ===
=== emulator tier RUNS: forced by --full ===
=== 4 tree-mutating unit(s), SERIAL (they rewrite a shared tracked file) ===
  rc=0              1s  switch-build-check
  rc=0              7s  diskdep-check
  rc=0              0s  wall-literal-check
  rc=0             64s  selftest-check
  (post-mutator refresh 9s -- the plants moved mtimes, so the pool would otherwise race a rebuild)
=== 42 units, J=8, lineerr in 8 shards, nice=0 solo=None ===
  rc=0              4s  basic-reloc
  rc=0              0s  deps-check
  rc=0              0s  subrom-abi-check
  rc=0              0s  diskrom-abi-check
  rc=0              0s  rom-parts-check
  rc=0              1s  subrom-closure-check
  rc=0             28s  unit-test
  rc=0              1s  deadcode
  rc=0              4s  wall-assertion-check
  rc=0              0s  ram-claim-check
  rc=0              2s  ram-map-check
  rc=0              0s  build-assert-check
  rc=0              5s  needle-case-check
  rc=0              0s  redundant-load-check
  rc=0              2s  rowshape-check
  rc=0              6s  injector-check
  rc=0              0s  dead-alias-check
  rc=0              2s  hostkill-check
  rc=0              1s  temp-root-check
  rc=0              5s  todo-citation-check
  rc=0              0s  todo-marker-check
  rc=0              0s  deferral-pin-check
  rc=0              1s  error-alphabet-check
  rc=0              3s  chokepoint-check
  rc=0              0s  filed-pin-check
  rc=0              3s  disk-mount-check
  rc=0              0s  shared-body-check
  rc=0              0s  probe-reach-check
  rc=0              0s  battery-membership-check
  rc=0              0s  fixture-integrity-check
  rc=0              0s  hook-equate-check
  rc=0              1s  preflight-check
  rc=0              5s  latch-check
  rc=0            478s  kwsweep
  rc=0           1038s  kwtime
  rc=0           1693s  kwram
  rc=0             11s  patch-freshness-check
  rc=0              3s  refcache-check
  rc=0              0s  knife-guard-check
  rc=0              1s  knife-rom-guard-check
  rc=0              0s  deffn-selftest
  rc=0              0s  probe-sides-selftest
=== 1 post-pool unit(s), SERIAL (they read what the pool just wrote) ===
  rc=0              0s  tiers-md-check

=== wall 1708s (8s build + 1700s gates) ===
GATES: 47/47 green
hashes: f339a3e6 c1ccbe97 37f220dd fff31aaa
GATE TIER: SCOPED
  why: probe/tool change: scratchpad/closefull_probe.py scratchpad/printfull_probe.py
  commits since the last full green: 2 (full every 5)
  emulator suites (0): -
GATE TIER RAN: SCOPED (0 emulator suites)
