  d.ctl       COLOR 15,4,4     vg=ACCEPTED  cf=ACCEPTED  zb=ACCEPTED 
  col.fg0     COLOR 0          vg=ACCEPTED  cf=ACCEPTED  zb=ACCEPTED 
  col.fg15    COLOR 15         vg=ACCEPTED  cf=ACCEPTED  zb=ACCEPTED 
  col.fg16    COLOR 16         vg=ERR 5     cf=ERR 5     zb=ACCEPTED    🔴 DIFF
  col.fg255   COLOR 255        vg=ERR 5     cf=ERR 5     zb=ACCEPTED    🔴 DIFF
  col.fg256   COLOR 256        vg=ERR 5     cf=ERR 5     zb=ACCEPTED    🔴 DIFF
  col.fg99    COLOR 99         vg=ERR 5     cf=ERR 5     zb=ACCEPTED    🔴 DIFF
  col.fgneg   COLOR -1         vg=ERR 5     cf=ERR 5     zb=ACCEPTED    🔴 DIFF
  col.bg99    COLOR 15,99      vg=ERR 5     cf=ERR 5     zb=ACCEPTED    🔴 DIFF
  col.bd99    COLOR 15,4,99    vg=ERR 5     cf=ERR 5     zb=ACCEPTED    🔴 DIFF
  loc.col99   LOCATE 99,0      vg=ACCEPTED  cf=ACCEPTED  zb=ACCEPTED 
  loc.row99   LOCATE 0,99      vg=ACCEPTED  cf=ACCEPTED  zb=ACCEPTED 
  loc.neg     LOCATE -1,0      vg=ERR 5     cf=ERR 5     zb=ERR 5    
  loc.big     LOCATE 999,999   vg=ERR 5     cf=ERR 5     zb=ERR 5    
  scr.99      SCREEN 99        vg=ERR 5     cf=ERR 5     zb=ERR 5    
  scr.neg     SCREEN -1        vg=ERR 5     cf=ERR 5     zb=ERR 5    
  snd.reg99   SOUND 99,0       vg=ERR 5     cf=ERR 5     zb=ERR 5    
  snd.val999  SOUND 0,999      vg=ERR 5     cf=ERR 5     zb=ERR 5    
  snd.neg     SOUND -1,0       vg=ERR 5     cf=ERR 5     zb=ERR 5    
  pset.big    PSET(999,999)    vg=ERR 5     cf=ERR 5     zb=ERR 5    
  pset.neg    PSET(-1,-1)      vg=ERR 5     cf=ERR 5     zb=ERR 5    
  pset.col99  PSET(0,0),99     vg=ERR 5     cf=ERR 5     zb=ERR 5    

=== 7 divergence(s): ['col.fg16', 'col.fg255', 'col.fg256', 'col.fg99', 'col.fgneg', 'col.bg99', 'col.bd99'] ===
    REFS-SPLIT (0): none
    🟢 CLAMPED (accepted on all three): ['col.fg0', 'col.fg15', 'loc.col99', 'loc.row99'] -- the reference's own behaviour, which a faithful reimplementation KEEPS.
