606 PCs until the first $0038 (or the cap)
  BDOS call at $0005: C=02 DE=D30D HL=0005
  BDOS call at $0005: C=02 DE=D30A HL=0005
  BDOS call at $0005: C=09 DE=D2C4 HL=D349
  $0208..$020E  SP=DBE8
  $0208..$020E  SP=DBE8
  $0208..$020A  SP=DBE8
  $0211..$0215  SP=DBE8
  $122E..$1236  SP=DBE8
  $1241..$1244  SP=DBE8
  $11CC..$11CC  SP=DBEA
  $1419..$141E  SP=DBE8
  $11CF..$11CF  SP=DBEA
  $017F..$0183  SP=DBE8
  $11D2..$11D9  SP=DBF2
  $7FE2..$7FE2  SP=DBF4
  $7D39..$7D3E  SP=DBF2
  $7FE5..$7FF2  SP=DBF4
  $7FF9..$7FFD  SP=DBFA
  $7D68..$7D6A  SP=DBFE
  $D88A..$D88B  SP=DBFE
  $F36B..$F36B  SP=DBFC
  $D88E..$D893  SP=DBFE
  $D8AA..$D8B7  SP=D51B
  $CE5C..$CE60  SP=D525
  $CD6F..$CD72  SP=D527
  $CFA7..$CFA9  SP=D525
  $CFD6..$CFDB  SP=D523
  $CFAC..$CFAF  SP=D525
  $CD75..$CD78  SP=D527
  $CD91..$CD98  SP=D525
  $CD7B..$CD7B  SP=D527
  $CC37..$CC38  SP=D529
  $CC87..$CC8C  SP=D529
  $0005..$0005  SP=D527
  $D606..$D606  SP=D527
  $D831..$D844  SP=DC00
  $D84A..$D84C  SP=DC00
  $D852..$D86B  SP=DBFC
  $D885..$D885  SP=DBFC
  $F368..$F368  SP=DBFA
  $D888..$D889  SP=DBFC
  $F1C9..$F1C9  SP=DBFE
  $0038..$0038  SP=DBFC
