pasmo --bin basic/main.asm build/basic-full.bin build/basic-reloc.sym
WARNING: Switching to 3 pass mode on line 908 of file basic/sysvars.inc
WARNING: Var APOS_MARK is never used on line 643 of file basic/sysvars.inc
WARNING: Var BASIC_DISK_ID is never used on line 2936 of file basic/sysvars.inc
WARNING: Var BINARY_ID is never used on line 180 of file basic/sysvars.inc
WARNING: Var BPB_BYTSPERSEC is never used on line 2955 of file basic/sysvars.inc
WARNING: Var BPB_FATSZ16 is never used on line 2960 of file basic/sysvars.inc
WARNING: Var BPB_NUMFATS is never used on line 2958 of file basic/sysvars.inc
WARNING: Var BPB_ROOTENTCNT is never used on line 2959 of file basic/sysvars.inc
WARNING: Var BPB_RSVDSECCNT is never used on line 2957 of file basic/sysvars.inc
WARNING: Var BPB_SECPERCLUS is never used on line 2956 of file basic/sysvars.inc
WARNING: Var BSAVE_DISK_ID is never used on line 2927 of file basic/sysvars.inc
WARNING: Var CAL_BUF is never used on line 3779 of file basic/sysvars.inc
WARNING: Var CAL_BUF2 is never used on line 3786 of file basic/sysvars.inc
WARNING: Var CAL_CNT is never used on line 2834 of file basic/sysvars.inc
WARNING: Var CAL_CURHI is never used on line 2825 of file basic/sysvars.inc
WARNING: Var CAL_SAVE is never used on line 2853 of file basic/sysvars.inc
WARNING: Var CAL_XORHI is never used on line 3790 of file basic/sysvars.inc
WARNING: Var CAS_HDRNAME is never used on line 3752 of file basic/sysvars.inc
WARNING: Var CLOC is never used on line 79 of file basic/sysvars.inc
WARNING: Var CMASK is never used on line 80 of file basic/sysvars.inc
WARNING: Var CON_LASTROW is never used on line 1424 of file basic/sysvars.inc
WARNING: Var COPY_CLUS is never used on line 3955 of file basic/sysvars.inc
WARNING: Var COPY_LEFT is never used on line 3956 of file basic/sysvars.inc
WARNING: Var COPY_SRC is never used on line 3954 of file basic/sysvars.inc
WARNING: Var CS120_LOW is never used on line 157 of file basic/sysvars.inc
WARNING: Var CS240_LOW is never used on line 158 of file basic/sysvars.inc
WARNING: Var CSR_ADDR is never used on line 3947 of file basic/sysvars.inc
WARNING: Var CSR_CHAR is never used on line 3948 of file basic/sysvars.inc
WARNING: Var CTL_STACK_MARGIN is never used on line 3898 of file basic/sysvars.inc
WARNING: Var DATALINE is never used on line 4117 of file basic/sysvars.inc
WARNING: Var DATAPTR is never used on line 4116 of file basic/sysvars.inc
WARNING: Var DB_CUR is never used on line 4370 of file basic/sysvars.inc
WARNING: Var DB_SP is never used on line 2337 of file basic/sysvars.inc
WARNING: Var DIRENT_FILESIZE is never used on line 2964 of file basic/sysvars.inc
WARNING: Var DIRENT_FIRSTCLUS is never used on line 2963 of file basic/sysvars.inc
WARNING: Var DISKOP_SEL_COPY is never used on line 3162 of file basic/sysvars.inc
WARNING: Var DISKOP_SEL_COPYSTASH is never used on line 3161 of file basic/sysvars.inc
WARNING: Var DISKOP_SEL_FAT_ALLOC_CLUSTER is never used on line 3107 of file basic/sysvars.inc
WARNING: Var DISKOP_SEL_FAT_COUNT_FREE is never used on line 3109 of file basic/sysvars.inc
WARNING: Var DISKOP_SEL_FAT_DELETE is never used on line 3113 of file basic/sysvars.inc
WARNING: Var DISKOP_SEL_FAT_READ_FAT_SECTOR is never used on line 3105 of file basic/sysvars.inc
WARNING: Var DISKOP_SEL_FAT_WRITE_FAT_ENTRY is never used on line 3108 of file basic/sysvars.inc
WARNING: Var DISKOP_SEL_FCH_DETACH is never used on line 3136 of file basic/sysvars.inc
WARNING: Var DISKOP_SEL_FCH_RESTAGE is never used on line 3135 of file basic/sysvars.inc
WARNING: Var DISKOP_SEL_FILES is never used on line 3157 of file basic/sysvars.inc
WARNING: Var DISKOP_SEL_KILL is never used on line 3149 of file basic/sysvars.inc
WARNING: Var DISKOP_SEL_LFILES is never used on line 3158 of file basic/sysvars.inc
WARNING: Var DISKOP_SEL_NAME_CMP is never used on line 3103 of file basic/sysvars.inc
WARNING: Var DISKOP_SEL_NAME_STAMP is never used on line 3150 of file basic/sysvars.inc
WARNING: Var DISKOP_SEL_READ_SECTOR is never used on line 3099 of file basic/sysvars.inc
WARNING: Var DISKOP_SEL_WRITE_SECTOR is never used on line 3100 of file basic/sysvars.inc
WARNING: Var DISK_BUILD is never used on line 53 of file basic/main.asm
WARNING: Var DSKBUF_PTR is never used on line 3020 of file basic/sysvars.inc
WARNING: Var DSKIO_ENTRY is never used on line 2953 of file basic/sysvars.inc
WARNING: Var DSK_ENGTAB is never used on line 3595 of file basic/sysvars.inc
WARNING: Var DSV_PTR is never used on line 2872 of file basic/sysvars.inc
WARNING: Var DT_TOK is never used on line 2338 of file basic/sysvars.inc
WARNING: Var DT_TOKN is never used on line 2339 of file basic/sysvars.inc
WARNING: Var ENDPTR is never used on line 828 of file basic/sysvars.inc
WARNING: Var EOC is never used on line 2965 of file basic/sysvars.inc
WARNING: Var FAT_B0 is never used on line 3045 of file basic/sysvars.inc
WARNING: Var FAT_B1 is never used on line 3046 of file basic/sysvars.inc
WARNING: Var FAT_BYTEIDX is never used on line 3043 of file basic/sysvars.inc
WARNING: Var FAT_CLUSSEC is never used on line 3036 of file basic/sysvars.inc
WARNING: Var FAT_DIRREM is never used on line 3049 of file basic/sysvars.inc
WARNING: Var FAT_DIRSEC is never used on line 3048 of file basic/sysvars.inc
WARNING: Var FAT_FATSEC is never used on line 3044 of file basic/sysvars.inc
WARNING: Var FAT_FATSTART is never used on line 3031 of file basic/sysvars.inc
WARNING: Var FAT_FIRSTDATA is never used on line 3034 of file basic/sysvars.inc
WARNING: Var FAT_FIRSTROOT is never used on line 3032 of file basic/sysvars.inc
WARNING: Var FAT_MBUF is never used on line 3027 of file basic/sysvars.inc
WARNING: Var FAT_NAMEPTR is never used on line 3047 of file basic/sysvars.inc
WARNING: Var FAT_NUMFATS is never used on line 3039 of file basic/sysvars.inc
WARNING: Var FAT_PARITY is never used on line 3042 of file basic/sysvars.inc
WARNING: Var FAT_ROOTSECS is never used on line 3033 of file basic/sysvars.inc
WARNING: Var FAT_SECPERCLUS is never used on line 3030 of file basic/sysvars.inc
WARNING: Var FAT_SECPERFAT is never used on line 3040 of file basic/sysvars.inc
WARNING: Var FAT_WRTMP2 is never used on line 3051 of file basic/sysvars.inc
WARNING: Var FCH_CTXSZ is never used on line 3583 of file basic/sysvars.inc
WARNING: Var FILES_ENTIDX is never used on line 2909 of file basic/sysvars.inc
WARNING: Var FILES_HASPAT is never used on line 3742 of file basic/sysvars.inc
WARNING: Var FLD_DESC is never used on line 3699 of file basic/sysvars.inc
WARNING: Var FMT_DESC is never used on line 3698 of file basic/sysvars.inc
WARNING: Var FMT_SEC is never used on line 3697 of file basic/sysvars.inc
WARNING: Var FN_DPTR is never used on line 4052 of file basic/sysvars.inc
WARNING: Var FN_PAREA_END is never used on line 4073 of file basic/sysvars.inc
WARNING: Var FN_RTYPE is never used on line 4067 of file basic/sysvars.inc
WARNING: Var FN_SLOTP is never used on line 4066 of file basic/sysvars.inc
WARNING: Var FN_STK_FLOOR is never used on line 4093 of file basic/sysvars.inc
WARNING: Var FPNUM_SIZE is never used on line 4285 of file basic/sysvars.inc
WARNING: Var GFX_ARCF is never used on line 729 of file basic/sysvars.inc
WARNING: Var GFX_ASPMAJ is never used on line 727 of file basic/sysvars.inc
WARNING: Var GFX_ASPS is never used on line 728 of file basic/sysvars.inc
WARNING: Var GFX_BAD is never used on line 102 of file basic/sysvars.inc
WARNING: Var GFX_CNT is never used on line 706 of file basic/sysvars.inc
WARNING: Var GFX_COLOR_OFST is never used on line 70 of file basic/sysvars.inc
WARNING: Var GFX_CPHASE is never used on line 802 of file basic/sysvars.inc
WARNING: Var GFX_CS_AX is never used on line 745 of file basic/sysvars.inc
WARNING: Var GFX_CS_AY is never used on line 748 of file basic/sysvars.inc
WARNING: Var GFX_CS_M2 is never used on line 2046 of file basic/sysvars.inc
WARNING: Var GFX_CX is never used on line 701 of file basic/sysvars.inc
WARNING: Var GFX_CY is never used on line 702 of file basic/sysvars.inc
WARNING: Var GFX_DESC is never used on line 2091 of file basic/sysvars.inc
WARNING: Var GFX_DJ is never used on line 101 of file basic/sysvars.inc
WARNING: Var GFX_DMAJ is never used on line 704 of file basic/sysvars.inc
WARNING: Var GFX_DMIN is never used on line 705 of file basic/sysvars.inc
WARNING: Var GFX_ENEG is never used on line 768 of file basic/sysvars.inc
WARNING: Var GFX_EOCT is never used on line 765 of file basic/sysvars.inc
WARNING: Var GFX_ERR is never used on line 703 of file basic/sysvars.inc
WARNING: Var GFX_EU14 is never used on line 766 of file basic/sysvars.inc
WARNING: Var GFX_EVX is never used on line 732 of file basic/sysvars.inc
WARNING: Var GFX_EVY is never used on line 733 of file basic/sysvars.inc
WARNING: Var GFX_FILLCNT is never used on line 715 of file basic/sysvars.inc
WARNING: Var GFX_FULLW is never used on line 734 of file basic/sysvars.inc
WARNING: Var GFX_M is never used on line 750 of file basic/sysvars.inc
WARNING: Var GFX_PAINT_MARGIN is never used on line 2010 of file basic/sysvars.inc
WARNING: Var GFX_PBASE is never used on line 2000 of file basic/sysvars.inc
WARNING: Var GFX_PFLOOR is never used on line 2001 of file basic/sysvars.inc
WARNING: Var GFX_PFY is never used on line 1969 of file basic/sysvars.inc
WARNING: Var GFX_PGEN_BASE is never used on line 69 of file basic/sysvars.inc
WARNING: Var GFX_PPITCH is never used on line 2231 of file basic/sysvars.inc
WARNING: Var GFX_PSCX is never used on line 1972 of file basic/sysvars.inc
WARNING: Var GFX_PSCY is never used on line 1973 of file basic/sysvars.inc
WARNING: Var GFX_PSP is never used on line 1999 of file basic/sysvars.inc
WARNING: Var GFX_PSPA is never used on line 1974 of file basic/sysvars.inc
WARNING: Var GFX_PTESTX is never used on line 1967 of file basic/sysvars.inc
WARNING: Var GFX_PTESTY is never used on line 1968 of file basic/sysvars.inc
WARNING: Var GFX_PX is never used on line 742 of file basic/sysvars.inc
WARNING: Var GFX_PXL is never used on line 1970 of file basic/sysvars.inc
WARNING: Var GFX_PXR is never used on line 1971 of file basic/sysvars.inc
WARNING: Var GFX_PY is never used on line 744 of file basic/sysvars.inc
WARNING: Var GFX_QD is never used on line 741 of file basic/sysvars.inc
WARNING: Var GFX_QX is never used on line 739 of file basic/sysvars.inc
WARNING: Var GFX_QY is never used on line 740 of file basic/sysvars.inc
WARNING: Var GFX_R is never used on line 726 of file basic/sysvars.inc
WARNING: Var GFX_SATR_BASE is never used on line 810 of file basic/sysvars.inc
WARNING: Var GFX_SDX is never used on line 709 of file basic/sysvars.inc
WARNING: Var GFX_SDY is never used on line 710 of file basic/sysvars.inc
WARNING: Var GFX_SMIN is never used on line 708 of file basic/sysvars.inc
WARNING: Var GFX_SNEG is never used on line 767 of file basic/sysvars.inc
WARNING: Var GFX_SOCT is never used on line 761 of file basic/sysvars.inc
WARNING: Var GFX_SPAT_BASE is never used on line 809 of file basic/sysvars.inc
WARNING: Var GFX_STEEP is never used on line 707 of file basic/sysvars.inc
WARNING: Var GFX_SU14 is never used on line 764 of file basic/sysvars.inc
WARNING: Var GFX_SVX is never used on line 730 of file basic/sysvars.inc
WARNING: Var GFX_SVY is never used on line 731 of file basic/sysvars.inc
WARNING: Var GFX_TX1 is never used on line 711 of file basic/sysvars.inc
WARNING: Var GFX_TX2 is never used on line 713 of file basic/sysvars.inc
WARNING: Var GFX_TY1 is never used on line 712 of file basic/sysvars.inc
WARNING: Var GFX_TY2 is never used on line 714 of file basic/sysvars.inc
WARNING: Var GFX_WE_O is never used on line 770 of file basic/sysvars.inc
WARNING: Var GFX_WE_P is never used on line 769 of file basic/sysvars.inc
WARNING: Var GFX_WRAPF is never used on line 771 of file basic/sysvars.inc
WARNING: Var GFX_WS_O is never used on line 753 of file basic/sysvars.inc
WARNING: Var GFX_WS_P is never used on line 752 of file basic/sysvars.inc
WARNING: Var GFX_YSTEP is never used on line 716 of file basic/sysvars.inc
WARNING: Var GP_CLIDX is never used on line 3625 of file basic/sysvars.inc
WARNING: Var GP_CLUS is never used on line 3624 of file basic/sysvars.inc
WARNING: Var GP_FLAGS is never used on line 3629 of file basic/sysvars.inc
WARNING: Var GP_LEFT is never used on line 3990 of file basic/sysvars.inc
WARNING: Var GP_OLDNSEC is never used on line 3628 of file basic/sysvars.inc
WARNING: Var GP_PHYS is never used on line 3627 of file basic/sysvars.inc
WARNING: Var GP_RECLEN is never used on line 3740 of file basic/sysvars.inc
WARNING: Var GP_SEC is never used on line 3622 of file basic/sysvars.inc
WARNING: Var GP_SECINCL is never used on line 3626 of file basic/sysvars.inc
WARNING: Var GP_SRC is never used on line 3989 of file basic/sysvars.inc
WARNING: Var GP_WITHIN is never used on line 3623 of file basic/sysvars.inc
WARNING: Var HORNER_ACC is never used on line 4625 of file basic/sysvars.inc
WARNING: Var HORNER_CNT is never used on line 4627 of file basic/sysvars.inc
WARNING: Var HORNER_G is never used on line 4608 of file basic/sysvars.inc
WARNING: Var HORNER_PTR is never used on line 4640 of file basic/sysvars.inc
WARNING: Var H_ERRP is never used on line 3460 of file basic/sysvars.inc
WARNING: Var INITXT is never used on line 15 of file basic/sysvars.inc
WARNING: Var INSFLG is never used on line 54 of file basic/sysvars.inc
WARNING: Var LE_OP_RELINK is never used on line 3186 of file basic/sysvars.inc
WARNING: Var LE_OP_STORE is never used on line 3185 of file basic/sysvars.inc
WARNING: Var LINENO_ACC_STOP is never used on line 950 of file basic/sysvars.inc
WARNING: Var LINL32 is never used on line 120 of file basic/sysvars.inc
WARNING: Var MATH_BREAK is never used on line 4593 of file basic/sysvars.inc
WARNING: Var MATH_R is never used on line 4613 of file basic/sysvars.inc
WARNING: Var MATH_RECIP is never used on line 4589 of file basic/sysvars.inc
WARNING: Var MATH_SIGN is never used on line 4585 of file basic/sysvars.inc
WARNING: Var MCLPTR is never used on line 3349 of file basic/sysvars.inc
WARNING: Var MSGESC_LO is never used on line 5095 of file basic/sysvars.inc
WARNING: Var NAMBAS is never used on line 28 of file basic/sysvars.inc
WARNING: Var PLAY_DEF_NOTEL is never used on line 3483 of file basic/sysvars.inc
WARNING: Var PLAY_DEF_OCTAVE is never used on line 3482 of file basic/sysvars.inc
WARNING: Var PLAY_DEF_TEMPO is never used on line 3484 of file basic/sysvars.inc
WARNING: Var PLAY_DEF_VOLUME is never used on line 3485 of file basic/sysvars.inc
WARNING: Var PLAY_OP_NOTE is never used on line 3503 of file basic/sysvars.inc
WARNING: Var PLYCNT is never used on line 3352 of file basic/sysvars.inc
WARNING: Var PLY_BUFEND is never used on line 3501 of file basic/sysvars.inc
WARNING: Var PLY_LASTDUR is never used on line 3500 of file basic/sysvars.inc
WARNING: Var PLY_NUMOVF is never used on line 3496 of file basic/sysvars.inc
WARNING: Var PLY_XSP is never used on line 4181 of file basic/sysvars.inc
WARNING: Var PU_COMMAS is never used on line 3690 of file basic/sysvars.inc
WARNING: Var PU_DEC is never used on line 3691 of file basic/sysvars.inc
WARNING: Var PU_DIG is never used on line 3689 of file basic/sysvars.inc
WARNING: Var QD_PUT is never used on line 3358 of file basic/sysvars.inc
WARNING: Var QD_PUTBAK is never used on line 3360 of file basic/sysvars.inc
WARNING: Var QD_SIZE is never used on line 3361 of file basic/sysvars.inc
WARNING: Var QUEUEN is never used on line 3350 of file basic/sysvars.inc
WARNING: Var QUOTE_REM is never used on line 642 of file basic/sysvars.inc
WARNING: Var RL_LAST is never used on line 3963 of file basic/sysvars.inc
WARNING: Var RND_ACCLE is never used on line 4687 of file basic/sysvars.inc
WARNING: Var RND_AJ is never used on line 4702 of file basic/sysvars.inc
WARNING: Var RND_CARRY is never used on line 4704 of file basic/sysvars.inc
WARNING: Var RND_I is never used on line 4694 of file basic/sysvars.inc
WARNING: Var RND_IJ is never used on line 4699 of file basic/sysvars.inc
WARNING: Var RND_J is never used on line 4697 of file basic/sysvars.inc
WARNING: Var RND_K is never used on line 4708 of file basic/sysvars.inc
WARNING: Var RND_LE is never used on line 4681 of file basic/sysvars.inc
WARNING: Var RND_STATE is never used on line 4672 of file basic/sysvars.inc
WARNING: Var RN_OLD is never used on line 3275 of file basic/sysvars.inc
WARNING: Var SL_DELHI is never used on line 3229 of file basic/sysvars.inc
WARNING: Var SL_DELLO is never used on line 3228 of file basic/sysvars.inc
WARNING: Var SL_SLOT is never used on line 2507 of file basic/sysvars.inc
WARNING: Var STREND is never used on line 1054 of file basic/sysvars.inc
WARNING: Var SUBROM_IDX_INTTEST is never used on line 4741 of file basic/sysvars.inc
WARNING: Var SUB_INT_DELTA is never used on line 4391 of file basic/sysvars.inc
WARNING: Var SV_OP_SAV_DISK is never used on line 1396 of file basic/sysvars.inc
WARNING: Var T32CGP is never used on line 137 of file basic/sysvars.inc
WARNING: Var T32NAM is never used on line 136 of file basic/sysvars.inc
WARNING: Var TEMPBASE is never used on line 1887 of file basic/sysvars.inc
WARNING: Var TKDCOUNT is never used on line 4212 of file basic/sysvars.inc
WARNING: Var TKEXP is never used on line 4215 of file basic/sysvars.inc
WARNING: Var TKEXPD is never used on line 4216 of file basic/sysvars.inc
WARNING: Var TKEXPSIGN is never used on line 4217 of file basic/sysvars.inc
WARNING: Var TKFLAGS is never used on line 4214 of file basic/sysvars.inc
WARNING: Var TKHAVESIG is never used on line 4210 of file basic/sysvars.inc
WARNING: Var TKINTLEN is never used on line 4209 of file basic/sysvars.inc
WARNING: Var TKLEAD is never used on line 4220 of file basic/sysvars.inc
WARNING: Var TKLNUM is never used on line 862 of file basic/sysvars.inc
WARNING: Var TKNAME is never used on line 886 of file basic/sysvars.inc
WARNING: Var TKNZPOS is never used on line 4211 of file basic/sysvars.inc
WARNING: Var TKPOS is never used on line 4208 of file basic/sysvars.inc
WARNING: Var TKRADIX is never used on line 888 of file basic/sysvars.inc
WARNING: Var TKRTOK is never used on line 889 of file basic/sysvars.inc
WARNING: Var TKSRCSAVE is never used on line 4263 of file basic/sysvars.inc
WARNING: Var TKSTORED is never used on line 4213 of file basic/sysvars.inc
WARNING: Var TOKBUFSZ is never used on line 975 of file basic/sysvars.inc
WARNING: Var TOKMAX_BODY is never used on line 976 of file basic/sysvars.inc
WARNING: Var TXTCGP is never used on line 135 of file basic/sysvars.inc
WARNING: Var TXTNAM is never used on line 134 of file basic/sysvars.inc
WARNING: Var VCBC is never used on line 3355 of file basic/sysvars.inc
WARNING: Var VCX_ENVPER is never used on line 3368 of file basic/sysvars.inc
WARNING: Var VCX_ENVSH is never used on line 3373 of file basic/sysvars.inc
WARNING: Var VCX_NOTEL is never used on line 3370 of file basic/sysvars.inc
WARNING: Var VCX_OCTAVE is never used on line 3369 of file basic/sysvars.inc
WARNING: Var VCX_TEMPO is never used on line 3371 of file basic/sysvars.inc
WARNING: Var VCX_VOLUME is never used on line 3372 of file basic/sysvars.inc
WARNING: Var VDP_ADDR is never used on line 63 of file basic/sysvars.inc
WARNING: Var VDP_DATA is never used on line 62 of file basic/sysvars.inc
WARNING: Var VOICAQ is never used on line 3345 of file basic/sysvars.inc
WARNING: Var VOICBQ is never used on line 3346 of file basic/sysvars.inc
WARNING: Var VOICCQ is never used on line 3347 of file basic/sysvars.inc
WARNING: Var VOICEN is never used on line 3348 of file basic/sysvars.inc
WARNING: Var WRTVDP is never used on line 13 of file basic/sysvars.inc
WARNING: Var __MEAS_LOW_END is never used on line 228 of file basic/main.asm
WARNING: Var __MEAS_PAGE1_END is never used on line 506 of file basic/main.asm
WARNING: Var ary_reset is never used on line 386 of file basic/arrays.asm
WARNING: Var ascii_save is never used on line 268 of file basic/save.asm
WARNING: Var bl_load_error is never used on line 32 of file basic/bload.asm
WARNING: Var bl_skip_spaces is never used on line 30 of file basic/bload.asm
WARNING: Var bsv_is_disk is never used on line 135 of file basic/save.asm
WARNING: Var cas_flush_block is never used on line 457 of file basic/save.asm
WARNING: Var cbios_chput_ttypos is never used on line 236 of file basic/islands.asm
WARNING: Var cg_cross is never used on line 154 of file basic/files.asm
WARNING: Var cut_lp is never used on line 62 of file basic/usr.asm
WARNING: Var disk_putbyte is never used on line 82 of file basic/sv-diskwr.inc
WARNING: Var dl_cas_close is never used on line 145 of file basic/cload.asm
WARNING: Var dl_is_cas is never used on line 136 of file basic/cload.asm
WARNING: Var dr_cas_close is never used on line 335 of file basic/cload.asm
WARNING: Var efi_p_ok is never used on line 1954 of file basic/str-engine.asm
WARNING: Var ei_set is never used on line 3011 of file basic/program.asm
WARNING: Var ep_stop_held is never used on line 204 of file basic/traps.asm
WARNING: Var err_stack is never used on line 2268 of file basic/program.asm
WARNING: Var esn_bad is never used on line 2660 of file basic/program.asm
WARNING: Var ev_dskf_ok is never used on line 1537 of file basic/expr.asm
WARNING: Var ev_f_err is never used on line 736 of file basic/expr.asm
WARNING: Var evmc_total_scan is never used on line 1846 of file basic/expr.asm
WARNING: Var fat_io_find is never used on line 38 of file basic/fatio-body.inc
WARNING: Var field_item is never used on line 346 of file basic/field.asm
WARNING: Var field_prologue is never used on line 301 of file basic/field.asm
WARNING: Var fn_leave is never used on line 368 of file basic/deffn.asm
WARNING: Var key_set is never used on line 3281 of file basic/program.asm
WARNING: Var lrset_finish is never used on line 621 of file basic/field.asm
WARNING: Var lrset_rhs is never used on line 604 of file basic/field.asm
WARNING: Var lrset_tgt is never used on line 585 of file basic/field.asm
WARNING: Var mul16 is never used on line 2553 of file basic/expr.asm
WARNING: Var nx_again is never used on line 2235 of file basic/program.asm
WARNING: Var raise_error_forced is never used on line 1619 of file basic/interp.asm
WARNING: Var sav_is_disk is never used on line 216 of file basic/save.asm
WARNING: Var spr_set is never used on line 1079 of file basic/graphics.asm
WARNING: Var strig_set is never used on line 3183 of file basic/program.asm
WARNING: Var sw_types is never used on line 445 of file basic/missing.asm
WARNING: Var wid_apply is never used on line 319 of file basic/screen.asm
python3 tools/split_islands.py build/basic-full.bin build/basic-reloc.rom build/basic-islands.bin
split_islands: base $0010; basic-reloc 22510 B; islands 211 non-zero B
python3 tools/gen_resident_abi.py build/basic-reloc.sym sub/basic-resident-abi.inc
wrote sub/basic-resident-abi.inc: 13 resident-ABI symbols (from build/basic-reloc.sym)
pasmo -I sub --bin sub/sub.asm build/sub.rom build/sub.sym
WARNING: Switching to 3 pass mode on line 908 of file basic/sysvars.inc
WARNING: Var ACT_LOW is never used on line 159 of file basic/sysvars.inc
WARNING: Var ARL_GETBYTE is never used on line 1657 of file basic/sysvars.inc
WARNING: Var ARY_CUR is never used on line 2436 of file basic/sysvars.inc
WARNING: Var ATAN_DEG is never used on line 14 of file math-coeffs.inc
WARNING: Var BAKCLR is never used on line 130 of file basic/sysvars.inc
WARNING: Var BASIC_DISK_ID is never used on line 2936 of file basic/sysvars.inc
WARNING: Var BDRCLR is never used on line 131 of file basic/sysvars.inc
WARNING: Var BREAKX is never used on line 37 of file basic/sysvars.inc
WARNING: Var CAS_LOW_1200 is never used on line 170 of file basic/sysvars.inc
WARNING: Var CAS_LOW_2400 is never used on line 171 of file basic/sysvars.inc
WARNING: Var CAS_OUT_MODE is never used on line 1667 of file basic/sysvars.inc
WARNING: Var CAS_VERIFY is never used on line 3761 of file basic/sysvars.inc
WARNING: Var CAS_VMIS is never used on line 3762 of file basic/sysvars.inc
WARNING: Var CAS_WBUF is never used on line 3797 of file basic/sysvars.inc
WARNING: Var CAS_WCNT is never used on line 2866 of file basic/sysvars.inc
WARNING: Var CHGCLR is never used on line 14 of file basic/sysvars.inc
WARNING: Var CHGET is never used on line 18 of file basic/sysvars.inc
WARNING: Var CHGMOD is never used on line 12 of file basic/sysvars.inc
WARNING: Var CHSNS is never used on line 17 of file basic/sysvars.inc
WARNING: Var CLIKSW is never used on line 509 of file basic/sysvars.inc
WARNING: Var CLPTR is never used on line 881 of file basic/sysvars.inc
WARNING: Var CLR_HIMEM_MARGIN is never used on line 2494 of file basic/sysvars.inc
WARNING: Var CLR_HIMEM_TOP is never used on line 2486 of file basic/sysvars.inc
WARNING: Var CLR_SAVE is never used on line 4004 of file basic/sysvars.inc
WARNING: Var CLS is never used on line 22 of file basic/sysvars.inc
WARNING: Var CNSDFG is never used on line 1437 of file basic/sysvars.inc
WARNING: Var CONTLINE is never used on line 2745 of file basic/sysvars.inc
WARNING: Var CONTPTR is never used on line 2746 of file basic/sysvars.inc
WARNING: Var CONTVALID is never used on line 2747 of file basic/sysvars.inc
WARNING: Var CON_LASTROW is never used on line 1424 of file basic/sysvars.inc
WARNING: Var CON_ROWS_KEYON is never used on line 1481 of file basic/sysvars.inc
WARNING: Var COPY_CLUS is never used on line 3955 of file basic/sysvars.inc
WARNING: Var COPY_LEFT is never used on line 3956 of file basic/sysvars.inc
WARNING: Var COPY_SRC is never used on line 3954 of file basic/sysvars.inc
WARNING: Var COS_COEF_DEG is never used on line 347 of file math-coeffs.inc
WARNING: Var CRT_MODE is never used on line 1659 of file basic/sysvars.inc
WARNING: Var CS120_LOW is never used on line 157 of file basic/sysvars.inc
WARNING: Var CS240_LOW is never used on line 158 of file basic/sysvars.inc
WARNING: Var CSRSW is never used on line 515 of file basic/sysvars.inc
WARNING: Var CVT is never used on line 4305 of file basic/sysvars.inc
WARNING: Var CVT_MODE is never used on line 4347 of file basic/sysvars.inc
WARNING: Var DAC is never used on line 4162 of file basic/sysvars.inc
WARNING: Var DIRECTF is never used on line 1057 of file basic/sysvars.inc
WARNING: Var DISKOP_SEL_COPY is never used on line 3162 of file basic/sysvars.inc
WARNING: Var DISKOP_SEL_COPYSTASH is never used on line 3161 of file basic/sysvars.inc
WARNING: Var DISKOP_SEL_FAT_ALLOC_CLUSTER is never used on line 3107 of file basic/sysvars.inc
WARNING: Var DISKOP_SEL_FAT_COUNT_FREE is never used on line 3109 of file basic/sysvars.inc
WARNING: Var DISKOP_SEL_FAT_DELETE is never used on line 3113 of file basic/sysvars.inc
WARNING: Var DISKOP_SEL_FAT_DIR_CREATE is never used on line 3111 of file basic/sysvars.inc
WARNING: Var DISKOP_SEL_FAT_DIR_UPDATE is never used on line 3112 of file basic/sysvars.inc
WARNING: Var DISKOP_SEL_FAT_FIND is never used on line 3102 of file basic/sysvars.inc
WARNING: Var DISKOP_SEL_FAT_FLUSH_DATA_SECTOR is never used on line 3110 of file basic/sysvars.inc
WARNING: Var DISKOP_SEL_FAT_MOUNT is never used on line 3101 of file basic/sysvars.inc
WARNING: Var DISKOP_SEL_FAT_OPEN is never used on line 3104 of file basic/sysvars.inc
WARNING: Var DISKOP_SEL_FAT_READ_FAT_SECTOR is never used on line 3105 of file basic/sysvars.inc
WARNING: Var DISKOP_SEL_FAT_READ_FILE_SECTOR is never used on line 3106 of file basic/sysvars.inc
WARNING: Var DISKOP_SEL_FAT_WRITE_FAT_ENTRY is never used on line 3108 of file basic/sysvars.inc
WARNING: Var DISKOP_SEL_FCH_DETACH is never used on line 3136 of file basic/sysvars.inc
WARNING: Var DISKOP_SEL_FCH_LOAD is never used on line 3143 of file basic/sysvars.inc
WARNING: Var DISKOP_SEL_FCH_RESTAGE is never used on line 3135 of file basic/sysvars.inc
WARNING: Var DISKOP_SEL_FCH_SAVE is never used on line 3142 of file basic/sysvars.inc
WARNING: Var DISKOP_SEL_FIA_WALKED is never used on line 3128 of file basic/sysvars.inc
WARNING: Var DISKOP_SEL_FILES is never used on line 3157 of file basic/sysvars.inc
WARNING: Var DISKOP_SEL_KILL is never used on line 3149 of file basic/sysvars.inc
WARNING: Var DISKOP_SEL_LFILES is never used on line 3158 of file basic/sysvars.inc
WARNING: Var DISKOP_SEL_NAME_CMP is never used on line 3103 of file basic/sysvars.inc
WARNING: Var DISKOP_SEL_NAME_STAMP is never used on line 3150 of file basic/sysvars.inc
WARNING: Var DISKOP_SEL_RAND_GET is never used on line 3123 of file basic/sysvars.inc
WARNING: Var DISKOP_SEL_RAND_OPEN is never used on line 3122 of file basic/sysvars.inc
WARNING: Var DISKOP_SEL_RAND_PUT is never used on line 3124 of file basic/sysvars.inc
WARNING: Var DISKOP_SEL_READ_SECTOR is never used on line 3099 of file basic/sysvars.inc
WARNING: Var DISKOP_SEL_WRITE_SECTOR is never used on line 3100 of file basic/sysvars.inc
WARNING: Var DIVPAD is never used on line 4303 of file basic/sysvars.inc
WARNING: Var DIVREM is never used on line 4304 of file basic/sysvars.inc
WARNING: Var DSPFNK is never used on line 24 of file basic/sysvars.inc
WARNING: Var ENDFLAG is never used on line 2729 of file basic/sysvars.inc
WARNING: Var ERAFNK is never used on line 23 of file basic/sysvars.inc
WARNING: Var ERRLIN is never used on line 1109 of file basic/sysvars.inc
WARNING: Var EXBRSA is never used on line 5065 of file basic/sysvars.inc
WARNING: Var EXPTBL is never used on line 111 of file basic/sysvars.inc
WARNING: Var EXP_COEF_DEG is never used on line 70 of file math-coeffs.inc
WARNING: Var FCH_NUM is never used on line 2914 of file basic/sysvars.inc
WARNING: Var FILES_ENTIDX is never used on line 2909 of file basic/sysvars.inc
WARNING: Var FILES_HASPAT is never used on line 3742 of file basic/sysvars.inc
WARNING: Var FLD_CHAN is never used on line 869 of file basic/sysvars.inc
WARNING: Var FLD_CUROFF is never used on line 868 of file basic/sysvars.inc
WARNING: Var FLD_TABEND is never used on line 3615 of file basic/sysvars.inc
WARNING: Var FNKSWI is never used on line 1439 of file basic/sysvars.inc
WARNING: Var FN_PAREA_END is never used on line 4073 of file basic/sysvars.inc
WARNING: Var FN_STK_FLOOR is never used on line 4093 of file basic/sysvars.inc
WARNING: Var FOMBYTES is never used on line 4255 of file basic/sysvars.inc
WARNING: Var FOPEN_SEL is never used on line 3416 of file basic/sysvars.inc
WARNING: Var FOPEN_SEL_AOPEN is never used on line 3419 of file basic/sysvars.inc
WARNING: Var FOPEN_SEL_GETB is never used on line 3421 of file basic/sysvars.inc
WARNING: Var FOPEN_SEL_LOAD is never used on line 3429 of file basic/sysvars.inc
WARNING: Var FOPEN_SEL_OCHK is never used on line 3432 of file basic/sysvars.inc
WARNING: Var FOPEN_SEL_SAVE is never used on line 3418 of file basic/sysvars.inc
WARNING: Var FOR_BODY is never used on line 3856 of file basic/sysvars.inc
WARNING: Var FOR_FRAME is never used on line 3843 of file basic/sysvars.inc
WARNING: Var FOR_LIM is never used on line 3853 of file basic/sysvars.inc
WARNING: Var FOR_LINE is never used on line 3855 of file basic/sysvars.inc
WARNING: Var FOR_SIGN is never used on line 3857 of file basic/sysvars.inc
WARNING: Var FOR_STEP is never used on line 3854 of file basic/sysvars.inc
WARNING: Var FOSIGCOUNT is never used on line 4253 of file basic/sysvars.inc
WARNING: Var FOSIGN is never used on line 4252 of file basic/sysvars.inc
WARNING: Var FPERR_OOM is never used on line 578 of file basic/sysvars.inc
WARNING: Var FPERR_STRLONG is never used on line 576 of file basic/sysvars.inc
WARNING: Var FPERR_TYPEMM is never used on line 577 of file basic/sysvars.inc
WARNING: Var FPNUM_SIZE is never used on line 4285 of file basic/sysvars.inc
WARNING: Var FP_LHSVAL is never used on line 4316 of file basic/sysvars.inc
WARNING: Var FP_OPMODE is never used on line 4345 of file basic/sysvars.inc
WARNING: Var FP_RSIGN is never used on line 4320 of file basic/sysvars.inc
WARNING: Var FP_SHIFTAMT is never used on line 4315 of file basic/sysvars.inc
WARNING: Var FP_TMP_B is never used on line 4318 of file basic/sysvars.inc
WARNING: Var GFX_COLOR_OFST is never used on line 70 of file basic/sysvars.inc
WARNING: Var GFX_DESC is never used on line 2091 of file basic/sysvars.inc
WARNING: Var GFX_EVY is never used on line 733 of file basic/sysvars.inc
WARNING: Var GFX_PGEN_BASE is never used on line 69 of file basic/sysvars.inc
WARNING: Var GFX_REL is never used on line 680 of file basic/sysvars.inc
WARNING: Var GFX_SVY is never used on line 731 of file basic/sysvars.inc
WARNING: Var GOSUB_FRAME is never used on line 3921 of file basic/sysvars.inc
WARNING: Var GOTOFLAG is never used on line 2728 of file basic/sysvars.inc
WARNING: Var GOTOTGT is never used on line 2727 of file basic/sysvars.inc
WARNING: Var GP_MODE is never used on line 3630 of file basic/sysvars.inc
WARNING: Var GTPAD is never used on line 48 of file basic/sysvars.inc
WARNING: Var GTPDL is never used on line 49 of file basic/sysvars.inc
WARNING: Var GTSTCK is never used on line 46 of file basic/sysvars.inc
WARNING: Var GTTRIG is never used on line 47 of file basic/sysvars.inc
WARNING: Var HORNER_ACC is never used on line 4625 of file basic/sysvars.inc
WARNING: Var HORNER_G is never used on line 4608 of file basic/sysvars.inc
WARNING: Var H_CHRG is never used on line 4197 of file basic/sysvars.inc
WARNING: Var H_COPY is never used on line 3459 of file basic/sysvars.inc
WARNING: Var H_CVD is never used on line 3398 of file basic/sysvars.inc
WARNING: Var H_CVI is never used on line 3396 of file basic/sysvars.inc
WARNING: Var H_CVS is never used on line 3397 of file basic/sysvars.inc
WARNING: Var H_DSKF is never used on line 3392 of file basic/sysvars.inc
WARNING: Var H_DSKI is never used on line 3458 of file basic/sysvars.inc
WARNING: Var H_DSKO is never used on line 3435 of file basic/sysvars.inc
WARNING: Var H_FIELD is never used on line 3406 of file basic/sysvars.inc
WARNING: Var H_FILE is never used on line 3407 of file basic/sysvars.inc
WARNING: Var H_FOPEN is never used on line 3415 of file basic/sysvars.inc
WARNING: Var H_KILL is never used on line 3400 of file basic/sysvars.inc
WARNING: Var H_LSET is never used on line 3404 of file basic/sysvars.inc
WARNING: Var H_MKD is never used on line 3395 of file basic/sysvars.inc
WARNING: Var H_MKI is never used on line 3393 of file basic/sysvars.inc
WARNING: Var H_MKS is never used on line 3394 of file basic/sysvars.inc
WARNING: Var H_NAME is never used on line 3399 of file basic/sysvars.inc
WARNING: Var H_OUTD is never used on line 4198 of file basic/sysvars.inc
WARNING: Var H_RSET is never used on line 3405 of file basic/sysvars.inc
WARNING: Var H_TIMI is never used on line 3384 of file basic/sysvars.inc
WARNING: Var H_ZKEY is never used on line 3475 of file basic/sysvars.inc
WARNING: Var INDLR_N is never used on line 863 of file basic/sysvars.inc
WARNING: Var INP_CURSOR is never used on line 913 of file basic/sysvars.inc
WARNING: Var INT_MAIN_PRIM is never used on line 4388 of file basic/sysvars.inc
WARNING: Var INT_SUB_PRIM is never used on line 4389 of file basic/sysvars.inc
WARNING: Var INT_SUB_SUBSL is never used on line 4390 of file basic/sysvars.inc
WARNING: Var LE_OP_AUTO is never used on line 3217 of file basic/sysvars.inc
WARNING: Var LE_OP_DELRANGE is never used on line 3187 of file basic/sysvars.inc
WARNING: Var LE_OP_LLSTRANGE is never used on line 3204 of file basic/sysvars.inc
WARNING: Var LE_OP_LSTRANGE is never used on line 3189 of file basic/sysvars.inc
WARNING: Var LE_OP_RELINK is never used on line 3186 of file basic/sysvars.inc
WARNING: Var LE_OP_RENUM is never used on line 3212 of file basic/sysvars.inc
WARNING: Var LE_OP_RENUM_NEXT is never used on line 3213 of file basic/sysvars.inc
WARNING: Var LE_OP_STORE is never used on line 3185 of file basic/sysvars.inc
WARNING: Var LHS_FAC is never used on line 4311 of file basic/sysvars.inc
WARNING: Var LHS_FACTYP is never used on line 4307 of file basic/sysvars.inc
WARNING: Var LHS_VARTYPE is never used on line 4436 of file basic/sysvars.inc
WARNING: Var LINL32 is never used on line 120 of file basic/sysvars.inc
WARNING: Var LINL40 is never used on line 119 of file basic/sysvars.inc
WARNING: Var LOC_COL is never used on line 1514 of file basic/sysvars.inc
WARNING: Var LOC_ROW is never used on line 1515 of file basic/sysvars.inc
WARNING: Var LOG_COEF_DEG is never used on line 112 of file math-coeffs.inc
WARNING: Var LPTOUT is never used on line 20 of file basic/sysvars.inc
WARNING: Var LPTPOS is never used on line 3306 of file basic/sysvars.inc
WARNING: Var MC_TYPE is never used on line 4514 of file basic/sysvars.inc
WARNING: Var MRG_PTR is never used on line 864 of file basic/sysvars.inc
WARNING: Var MSGESC_HI is never used on line 5096 of file basic/sysvars.inc
WARNING: Var MSGESC_LO is never used on line 5095 of file basic/sysvars.inc
WARNING: Var MSGESC_SUB is never used on line 5115 of file basic/sysvars.inc
WARNING: Var MSGESC_UTOF is never used on line 5074 of file basic/sysvars.inc
WARNING: Var MUL32 is never used on line 4338 of file basic/sysvars.inc
WARNING: Var MULCAND is never used on line 4336 of file basic/sysvars.inc
WARNING: Var MULTPLR is never used on line 4337 of file basic/sysvars.inc
WARNING: Var MUL_ADIG is never used on line 4331 of file basic/sysvars.inc
WARNING: Var MUL_CARRY is never used on line 4332 of file basic/sysvars.inc
WARNING: Var MUL_I is never used on line 4328 of file basic/sysvars.inc
WARNING: Var MUL_PP is never used on line 4335 of file basic/sysvars.inc
WARNING: Var NEWKEY is never used on line 3479 of file basic/sysvars.inc
WARNING: Var ONELIN is never used on line 1168 of file basic/sysvars.inc
WARNING: Var OO_DEVTYPE is never used on line 1647 of file basic/sysvars.inc
WARNING: Var PLF_RA is never used on line 4349 of file basic/sysvars.inc
WARNING: Var PLF_RA2 is never used on line 4351 of file basic/sysvars.inc
WARNING: Var PRDEST is never used on line 1639 of file basic/sysvars.inc
WARNING: Var PRDEV is never used on line 1646 of file basic/sysvars.inc
WARNING: Var PRMWANT is never used on line 4199 of file basic/sysvars.inc
WARNING: Var PSLTREG is never used on line 112 of file basic/sysvars.inc
WARNING: Var PU_WP is never used on line 3652 of file basic/sysvars.inc
WARNING: Var RDSLT is never used on line 109 of file basic/sysvars.inc
WARNING: Var RESUMEFLAG is never used on line 2736 of file basic/sysvars.inc
WARNING: Var RESUMEPTR is never used on line 2735 of file basic/sysvars.inc
WARNING: Var RL_AUTO is never used on line 3286 of file basic/sysvars.inc
WARNING: Var SAVTXT is never used on line 1263 of file basic/sysvars.inc
WARNING: Var SCAN_INIT is never used on line 2754 of file basic/sysvars.inc
WARNING: Var SCAN_PRIM is never used on line 2752 of file basic/sysvars.inc
WARNING: Var SCAN_SLOT is never used on line 2753 of file basic/sysvars.inc
WARNING: Var SIN_COEF_DEG is never used on line 317 of file math-coeffs.inc
WARNING: Var STATFL is never used on line 822 of file basic/sysvars.inc
WARNING: Var STK_EVAL_RESERVE is never used on line 3883 of file basic/sysvars.inc
WARNING: Var STMOTR is never used on line 2579 of file basic/sysvars.inc
WARNING: Var STOPHOLD is never used on line 4200 of file basic/sysvars.inc
WARNING: Var STOPREP_FIRST is never used on line 4201 of file basic/sysvars.inc
WARNING: Var SUBROM_IDX_ARY is never used on line 61 of file equates.inc
WARNING: Var SUBROM_IDX_BEEP is never used on line 221 of file equates.inc
WARNING: Var SUBROM_IDX_CASMATCH is never used on line 134 of file equates.inc
WARNING: Var SUBROM_IDX_DETOK is never used on line 46 of file equates.inc
WARNING: Var SUBROM_IDX_DIRVERB is never used on line 113 of file equates.inc
WARNING: Var SUBROM_IDX_ERRMSG is never used on line 165 of file equates.inc
WARNING: Var SUBROM_IDX_FATPRIM is never used on line 105 of file equates.inc
WARNING: Var SUBROM_IDX_FCBNAME is never used on line 151 of file equates.inc
WARNING: Var SUBROM_IDX_FLDLOOK is never used on line 237 of file equates.inc
WARNING: Var SUBROM_IDX_FORMAT is never used on line 93 of file equates.inc
WARNING: Var SUBROM_IDX_GRAPHICS is never used on line 203 of file equates.inc
WARNING: Var SUBROM_IDX_INTTEST is never used on line 54 of file equates.inc
WARNING: Var SUBROM_IDX_LINEEDIT is never used on line 123 of file equates.inc
WARNING: Var SUBROM_IDX_LRSETST is never used on line 251 of file equates.inc
WARNING: Var SUBROM_IDX_PARSELN is never used on line 183 of file equates.inc
WARNING: Var SUBROM_IDX_PING is never used on line 44 of file equates.inc
WARNING: Var SUBROM_IDX_PLAY_PARSE is never used on line 120 of file equates.inc
WARNING: Var SUBROM_IDX_PU_TAIL is never used on line 83 of file equates.inc
WARNING: Var SUBROM_IDX_PU_TOFIELD is never used on line 82 of file equates.inc
WARNING: Var SUBROM_IDX_READVAL is never used on line 214 of file equates.inc
WARNING: Var SUBROM_IDX_SCANSTMT is never used on line 98 of file equates.inc
WARNING: Var SUBROM_IDX_STRHEAP is never used on line 73 of file equates.inc
WARNING: Var SUBROM_IDX_TITLE is never used on line 141 of file equates.inc
WARNING: Var SUBROM_IDX_TOKENISE is never used on line 45 of file equates.inc
WARNING: Var SUBSLOT is never used on line 4368 of file basic/sysvars.inc
WARNING: Var SUBSLOT_OK is never used on line 4369 of file basic/sysvars.inc
WARNING: Var SV_OP_BSV_CAS is never used on line 1395 of file basic/sysvars.inc
WARNING: Var SV_OP_BSV_DISK is never used on line 1394 of file basic/sysvars.inc
WARNING: Var SV_OP_SAV_CAS is never used on line 1397 of file basic/sysvars.inc
WARNING: Var SV_OP_SAV_DISK is never used on line 1396 of file basic/sysvars.inc
WARNING: Var SW_ADDR is never used on line 1541 of file basic/sysvars.inc
WARNING: Var SW_ADDR1 is never used on line 1543 of file basic/sysvars.inc
WARNING: Var SW_MODE is never used on line 1545 of file basic/sysvars.inc
WARNING: Var SW_TYPE is never used on line 1542 of file basic/sysvars.inc
WARNING: Var SW_TYPE1 is never used on line 1544 of file basic/sysvars.inc
WARNING: Var TOKBUFSZ is never used on line 975 of file basic/sysvars.inc
WARNING: Var TOTEXT is never used on line 16 of file basic/sysvars.inc
WARNING: Var TRACEFLAG is never used on line 1407 of file basic/sysvars.inc
WARNING: Var TRAPENA is never used on line 1329 of file basic/sysvars.inc
WARNING: Var TRAPPEND is never used on line 1333 of file basic/sysvars.inc
WARNING: Var TRAPSVC is never used on line 1339 of file basic/sysvars.inc
WARNING: Var TRAPS_T3 is never used on line 608 of file basic/sysvars.inc
WARNING: Var TRAPS_T4 is never used on line 616 of file basic/sysvars.inc
WARNING: Var TRAPS_T5 is never used on line 624 of file basic/sysvars.inc
WARNING: Var TRAP_FRAME is never used on line 3928 of file basic/sysvars.inc
WARNING: Var TTYPOS is never used on line 1438 of file basic/sysvars.inc
WARNING: Var TXTTAB is never used on line 2252 of file basic/sysvars.inc
WARNING: Var USRTAB is never used on line 2498 of file basic/sysvars.inc
WARNING: Var VALTYP is never used on line 1632 of file basic/sysvars.inc
WARNING: Var VALTYP_PUB is never used on line 4163 of file basic/sysvars.inc
WARNING: Var VARTYPE is never used on line 4423 of file basic/sysvars.inc
WARNING: Var VCBC is never used on line 3355 of file basic/sysvars.inc
WARNING: Var VOICBQ is never used on line 3346 of file basic/sysvars.inc
WARNING: Var VOICCQ is never used on line 3347 of file basic/sysvars.inc
WARNING: Var VS_INT_VAL is never used on line 4431 of file basic/sysvars.inc
WARNING: Var VS_TARGET_TYPE is never used on line 4428 of file basic/sysvars.inc
WARNING: Var WIDIG is never used on line 4326 of file basic/sysvars.inc
WARNING: Var WRTVDP is never used on line 13 of file basic/sysvars.inc
WARNING: Var WSRC is never used on line 4340 of file basic/sysvars.inc
WARNING: Var WSRC_TYP is never used on line 4343 of file basic/sysvars.inc
WARNING: Var ZINTCNT is never used on line 1328 of file basic/sysvars.inc
WARNING: Var ZINTVAL is never used on line 1327 of file basic/sysvars.inc
WARNING: Var ZTI_INTERVAL is never used on line 1289 of file basic/sysvars.inc
WARNING: Var ZTI_KEY1 is never used on line 1293 of file basic/sysvars.inc
WARNING: Var ZTI_SPRITE is never used on line 1291 of file basic/sysvars.inc
WARNING: Var ZTI_STOP is never used on line 1290 of file basic/sysvars.inc
WARNING: Var ZTI_STRIG0 is never used on line 1292 of file basic/sysvars.inc
WARNING: Var ZTRAP is never used on line 1279 of file basic/sysvars.inc
WARNING: Var ZTRAP_ENTSZ is never used on line 1288 of file basic/sysvars.inc
WARNING: Var ZTRAP_NENT is never used on line 1305 of file basic/sysvars.inc
WARNING: Var ZTS_OFF is never used on line 1307 of file basic/sysvars.inc
WARNING: Var ZTS_ON is never used on line 1308 of file basic/sysvars.inc
WARNING: Var ZTS_PENDING is never used on line 1312 of file basic/sysvars.inc
WARNING: Var ZTS_SERVICING is never used on line 1310 of file basic/sysvars.inc
WARNING: Var ZTS_SHADOW is never used on line 1313 of file basic/sysvars.inc
WARNING: Var ZTS_STATE_MASK is never used on line 1311 of file basic/sysvars.inc
WARNING: Var ZTS_STOP is never used on line 1309 of file basic/sysvars.inc
WARNING: Var __MEAS_SUB_P0_END is never used on line 433 of file sub/sub.asm
WARNING: Var __MEAS_SUB_P1_END is never used on line 896 of file sub/sub.asm
WARNING: Var aal_ceil_try is never used on line 1183 of file arrays.asm
WARNING: Var cpt_at_c is never used on line 123 of file circleparse.asm
WARNING: Var cpt_at_start is never used on line 154 of file circleparse.asm
WARNING: Var dc_result is never used on line 92 of file basic/fat-prim-body.inc
WARNING: Var fat_io_open is never used on line 26 of file basic/fatio-body.inc
WARNING: Var fmt_menu_text is never used on line 118 of file basic/format-body.inc
WARNING: Var fsqn_up_check is never used on line 551 of file fp_sqrt.asm
WARNING: Var g8_reprogram is never used on line 4160 of file graphics.asm
WARNING: Var gc_slow is never used on line 963 of file strheap.asm
WARNING: Var graphics_selftest is never used on line 119 of file graphics.asm
WARNING: Var sap_ok is never used on line 1675 of file strheap.asm
WARNING: Var scv_ceil_try is never used on line 732 of file arrays.asm
WARNING: Var sg_walk_temps is never used on line 1050 of file strheap.asm
WARNING: Var shf_fill is never used on line 2325 of file strheap.asm
WARNING: Var show_title is never used on line 23 of file ../basic/title-body.inc
WARNING: Var sub_p0_table is never used on line 131 of file sub/sub.asm
WARNING: Var sub_p1_table is never used on line 454 of file sub/sub.asm
WARNING: Var svc_ctl is never used on line 599 of file strheap.asm
WARNING: Var tcr_leadok is never used on line 783 of file tkfloat.asm
WARNING: Var tkf_cmp5 is never used on line 622 of file tkfloat.asm
python3 tools/pad_rom.py build/sub.rom 32768
build/sub.rom: 32768 bytes (exact -- the assembler wrote the whole image)
python3 tools/gen_resident_abi.py build/basic-reloc.sym disk/basic-resident-abi.inc
wrote disk/basic-resident-abi.inc: 53 resident-ABI symbols (from build/basic-reloc.sym)
pasmo -I disk --bin disk/disk.asm build/disk.rom build/disk.sym
WARNING: Switching to 3 pass mode on line 163 of file equates.inc
WARNING: Var ARGA is never used on line 17 of file basic-resident-abi.inc
WARNING: Var DISKOP_SEL_COPY is never used on line 48 of file equates.inc
WARNING: Var DISKOP_SEL_COPYSTASH is never used on line 47 of file equates.inc
WARNING: Var DISKOP_SEL_KILL is never used on line 45 of file equates.inc
WARNING: Var DISKOP_SEL_NAME_STAMP is never used on line 46 of file equates.inc
WARNING: Var FILES_TOKEN is never used on line 55 of file equates.inc
WARNING: Var boot_disk is never used on line 361 of file init.asm
WARNING: Var build_drvtbl is never used on line 591 of file init.asm
WARNING: Var build_resident is never used on line 654 of file init.asm
WARNING: Var build_wa_table is never used on line 558 of file init.asm
WARNING: Var conin is never used on line 200 of file kernel.asm
WARNING: Var conout is never used on line 263 of file kernel.asm
WARNING: Var curdrv is never used on line 174 of file kernel.asm
WARNING: Var dirverb_op is never used on line 58 of file basic-resident-abi.inc
WARNING: Var fat_io_open is never used on line 26 of file basic/fatio-body.inc
WARNING: Var fch_ctx_addr is never used on line 67 of file basic-resident-abi.inc
WARNING: Var gdate_handler is never used on line 439 of file kernel.asm
WARNING: Var getalloc is never used on line 115 of file kernel.asm
WARNING: Var hkc_ref is never used on line 3854 of file kernel.asm
WARNING: Var hkn_syn is never used on line 3670 of file kernel.asm
WARNING: Var int_h is never used on line 153 of file pageenv.asm
WARNING: Var k47b2_pos_done is never used on line 1945 of file kernel.asm
WARNING: Var k_41EF is never used on line 73 of file pageenv.asm
WARNING: Var k_436C is never used on line 188 of file driver.asm
WARNING: Var k_4392 is never used on line 199 of file driver.asm
WARNING: Var k_456F is never used on line 513 of file driver.asm
WARNING: Var k_461D is never used on line 653 of file driver.asm
WARNING: Var k_46BA is never used on line 27 of file fat.asm
WARNING: Var k_4720 is never used on line 59 of file fat.asm
WARNING: Var k_477D is never used on line 86 of file fat.asm
WARNING: Var k_4788 is never used on line 95 of file fat.asm
WARNING: Var k_4793 is never used on line 99 of file fat.asm
WARNING: Var k_47BE is never used on line 114 of file fat.asm
WARNING: Var k_4919 is never used on line 4567 of file kernel.asm
WARNING: Var k_4935 is never used on line 4568 of file kernel.asm
WARNING: Var k_498C is never used on line 4569 of file kernel.asm
WARNING: Var k_49B4 is never used on line 4570 of file kernel.asm
WARNING: Var k_4A39 is never used on line 4571 of file kernel.asm
WARNING: Var k_4B59 is never used on line 4572 of file kernel.asm
WARNING: Var k_4BE5 is never used on line 4573 of file kernel.asm
WARNING: Var k_4C25 is never used on line 4574 of file kernel.asm
WARNING: Var k_501E is never used on line 52 of file kernel.asm
WARNING: Var k_504E is never used on line 63 of file kernel.asm
WARNING: Var k_509F is never used on line 128 of file kernel.asm
WARNING: Var k_53A7 is never used on line 218 of file kernel.asm
WARNING: Var k_543C is never used on line 232 of file kernel.asm
WARNING: Var k_5445 is never used on line 235 of file kernel.asm
WARNING: Var k_544E is never used on line 238 of file kernel.asm
WARNING: Var k_5462 is never used on line 273 of file kernel.asm
WARNING: Var k_5465 is never used on line 275 of file kernel.asm
WARNING: Var k_5552 is never used on line 447 of file kernel.asm
WARNING: Var k_55DB is never used on line 462 of file kernel.asm
WARNING: Var k_55E6 is never used on line 465 of file kernel.asm
WARNING: Var k_55FF is never used on line 468 of file kernel.asm
WARNING: Var seldsk_drv is never used on line 197 of file kernel.asm
WARNING: Var setdta_cache is never used on line 79 of file kernel.asm
WARNING: Var setrnd is never used on line 194 of file kernel.asm
WARNING: Var sfirst is never used on line 38 of file kernel.asm
WARNING: Var snext is never used on line 41 of file kernel.asm
WARNING: Var widen_rhs_operand is never used on line 13 of file basic-resident-abi.inc
python3 tools/pad_rom.py build/disk.rom 16384
build/disk.rom: 16384 bytes (exact -- the assembler wrote the whole image)
python3 tools/check_reloc.py build/basic-reloc.rom build/basic-reloc.sym
OK: relocated image 22510 B, header @ $4000, low region $2812-$3FFF holds 6126 B of string engine
    measure: page-0 low region free = 0 B ($2812-$3FFF, __MEAS_LOW_END @ 0x4000)
    measure: page-1 free            = 2 B ($4000-$7FFF, __MEAS_PAGE1_END @ 0x7ffe) <- subrom wave-2 tokeniser-eviction relief
python3 tools/check_sub_walls.py build/sub.rom build/sub.sym
OK: sub ROM 32768 B, 'CD' @ $0000, 'S1' @ $4000, both wall labels inside their page and both pads verified
    measure: sub page 0 free       = 18 B ($0000-$3FFF, the callable-from-main island, __MEAS_SUB_P0_END @ 0x3fee)
    measure: sub page 1 free       = 352 B ($4000-$7FFF, the BIOS-visible island, __MEAS_SUB_P1_END @ 0x7ea0)
python3 tools/check_disk_walls.py build/disk.rom
OK: disk ROM 16384 B, mapped $4000-$7FFF, 70 pinned entry address(es) parsed from disk/*.asm
    measure: disk free (0x00 runs >= 16 B) = 5576 B in 30 run(s)
    the 6 largest, with the pin that bounds each:
      $5941-$5FE4   1700 B fill   next pin $5FE5   room-before-pin 1700 B
      $47C1-$4C28   1128 B fill   next pin $4C29   room-before-pin 1128 B
      $50E3-$53A6    708 B fill   next pin $53A7   room-before-pin 708 B
      $4EE1-$4FB7    215 B fill   next pin $4FB8   room-before-pin 215 B
      $7F10-$7FD0    193 B fill   next pin $7FD1   room-before-pin 193 B
      $5FE8-$607A    147 B fill   next pin $607B   room-before-pin 147 B
    measure: largest usable hole = 1700 B at $5941 (bounded by $5FE5)
python3 tools/check_kwtable_identity.py build/basic-reloc.rom build/basic-reloc.sym build/sub.rom build/sub.sym
OK: kwtable single-copy — resident dropped (wave 3) in symbols AND in bytes (0 occurrences in the 22510 B main image), sub-ROM copy is the sole source, 1 occurrence, 1189 B matching the pinned sha256
python3 tools/check_resident_abi.py build/basic-reloc.sym sub/basic-resident-abi.inc
OK: sub/basic-resident-abi.inc matches a fresh regen from build/basic-reloc.sym (13 resident-ABI addresses, sub.rom is not stale)
python3 tools/check_resident_abi.py build/basic-reloc.sym disk/basic-resident-abi.inc
OK: disk/basic-resident-abi.inc matches a fresh regen from build/basic-reloc.sym (53 resident-ABI addresses, disk.rom is not stale)
python3 tools/check_tenant_closure.py build/basic-reloc.sym sub/basic-resident-abi.inc
OK: 156 routines in the resident closure of 13 ABI seeds, + 6 data-referenced label(s), all page-0 (< $4000). No page-1 escapes.
python3 tools/check_tenant_closure.py --page0 build/sub.sym sub/sub.asm
OK: 954 routines in the closure of 19 page-0 tenants (sub_p0_ping, tokenise_ei, dtk_tenant, sub_int_selftest, ary_engine, strheap_engine, pu_tofield_tenant, pu_tail_tenant, graphics_tenant, deftype_tenant, readdata_tenant, beep_tenant, fld_lookup_tenant, lrset_store_tenant, deffn_tenant, pu_sign_tenant, pu_emit_tenant, lofu32_tenant, keystr_tenant), + 21 data-referenced label(s); every callee is sub-local page-0 (data targets may also be main page-1 or RAM). No low-region/BIOS escape, no main callee.
python3 tools/check_tenant_closure.py --page1 build/sub.sym sub/sub.asm
OK: 750 routines in the closure of 29 page-1 tenants (sub_p1_ping, fp_sqrt, fp_atan, fp_exp, fp_log, fp_pow, fp_sin, fp_cos, fp_tan, fp_rnd, format_tenant, scan_stmt_end, fatprim_tenant, dirverb_tenant, play_parse_tenant, lineedit_tenant, casmatch_tenant, title_tenant, fcbname_tenant, circleparse_tenant, bload_tenant, save_tenant, errmsg_tenant, parseln_tenant, pu_num_tenant, readline_tenant, cursor_tenant, casget_tenant, seqio_tenant), + 41 data-referenced label(s); every callee and data target is sub-local page-1, main low-region/BIOS (< $4000), or RAM. No main-page-1 escape.
python3 tools/check_dead_code.py build/basic-reloc.sym build/sub.sym build/disk.sym
  main: disk import surface 16 seed(s) (12 of them page-1 call-backs), 24 main label(s) named in disk/ code, 0 escapes
  main: 1789 spans, 120 seeds -> 0 dead (+0 allowlisted)
  sub : 1 padding-only span(s) not reportable (fix 9): __MEAS_SUB_P1_END
  sub : 1944 spans, 121 seeds -> 0 dead (+2 allowlisted)
  disk: 1 padding-only span(s) not reportable (fix 9): int_h
  disk: 2 span(s) NOT IN THIS BUILD'S .sym -- excluded by a conditional, not dead: fat_detach_channel, fdet_maybe
  disk: 705 spans, 83 seeds -> 0 dead (+1 allowlisted)
OK: no unreachable spans in any of the three builds; every allowlist entry still verified dead (the sweep is not blind).
python3 tools/audit_citations.py
clean-room citation audit (mechanical half — not a full paper trail)
rule self-test 10/10, listing self-test 11/11, dump self-test 12/12, section self-test 14/14

== disk == (9 files scanned, 107 provenance-bearing)
  [acknowledged] disk/driver.asm:87: section header without inline citation: 'write path' (aa89e15851ff) — 'write path' — the write twin of the read path in the same file. Its body cites nothing itself because it mirrors dskio's read loop instruction for instruction ("Mirrors the read loop's structure exactly"), and the read path's own header block carries the PROVENANCE.md §FDC / §DSKIO interface citation that both rest on. A single shared citation for a mirrored pair is the honest shape; duplicating it would be prose written to satisfy a scanner. Human judgement, 2026-07-04, re-confirmed 2026-08-06.
  [acknowledged] disk/kernel.asm:65: section header without inline citation: 'MSX-DOS-1 kernel SETDTA-time entry: $5058 (M19)' (77d4c39b0be0) — 'MSX-DOS-1 kernel SETDTA-time entry: $5058 (M19)' — attested in full, in vocabulary CITATION does not carry: 12 comment lines naming the finding (M19), the probes (callseq / capture / callwatch causal pin), the black-box contract (entry register, write target, the register-identical 51-call comparison) and the clean-room line ("no stock routine internals decoded"). Widening CITATION with black-box was measured and DECLINED — docs/spec-audit-citations-review.md §2.5 records the numbers and the bar to re-open it. Kept as a review candidate deliberately: what counts as a citation is a judgement this tool declines to make.
  [acknowledged] disk/kernel.asm:4531: section header without inline citation: 'contract bodies (stubs; filled in milestone 4; added as each veneer lands)' (b7535589959f) — 'contract bodies (stubs; filled in milestone 4; added as each veneer lands)' — a table of bare `ret` stubs at pinned kernel addresses. It names no derived behaviour, so there is nothing to cite; each stub acquires its own citation in the comment block above it as the milestone that fills it lands (see the k_47B2 block immediately below, which cites tier2-m31-rdblk-randrecord-spec.md). Structural in substance but not in STRUCTURAL_HDR's vocabulary, and widening that regex to catch it would exempt far more than this one header.
  clean — attestations present, no unattested forbidden source  (3 advisory review candidate(s))

== basic == (115 files scanned, 242 provenance-bearing)
  clean — attestations present, no unattested forbidden source

== tape == (1 files scanned, 15 provenance-bearing)
  clean — attestations present, no unattested forbidden source

== listing shape == (1112 files swept, 2 allowlisted)
  [allowed] probes/lib/latch_check.py:82: 2-line listing (5565467e6422) — C-BIOS, same window and same adjudication as the omsx_repl.py entry below: the two comment lines restate the chget_char boundaries this checker scores (D-LATCH2, docs/spec-probe-latch2.md). Surfaced only after knife K1b forced the comment leaders `; # //` into the prefix class — under the first cut this file was invisible, which is the whole reason that fix landed.
  [allowed] probes/lib/omsx_repl.py:379: 3-line listing (edb676f694b2) — C-BIOS, not a proprietary reference ROM: allowed-sources.md grades C-BIOS source B/Conditional — a peer clean-room reimplementation under BSD-2 whose source this project already patches (cbios-repack/), and NOT the reference implementation zerobas reimplements. The run is 3 instructions of the keyboard-buffer path, in a docstring explaining the D-LATCH2 injection window (docs/spec-probe-latch2.md §5.5); the same docstring is explicit about the line it stays on ("locating chget in the reference needs a disassembly this project does not do"). Probe source, not shipped ROM source. Flagged for the human paper trail 2026-08-06 (D-DOCJUDGE §2.6) — a judgement docs/clean-room-audit.md reserves for a human, which is why it is written down here rather than decided by the tool.
  clean — no unallowlisted decoded-instruction listings

== hex-dump rows == (1112 files swept, 1 allowlisted)
  [allowed] tools/audit_citations.py:428: hex-dump row (0c30593198a1) — The check's own synthetic self-test vector (_DUMP_VEC). INVENTED bytes — no provenance, no derivation, not decoded from anything — so recording it forbids nothing; a REAL positive vector would be the artifact this check refuses and would make the tool its own first finding. Unlike check 5's LISTING_LINE this rule is not anchored at line start (a dump lives inside a markdown table cell), so the vector is necessarily a hit on this file. That is turned into the canary rather than worked around: if this line stops matching, check 6 has gone blind and exits 2 rather than printing "clean".
  clean — no unallowlisted hex-dump rows  (narrow by design: this is the dump ROW only, not the raw-byte class — docs/spec-audit-citations-bytes.md §3.1)

ADVISORY: 3 section header(s) without an inline citation, all acknowledged — review candidates for the human paper trail, not gate failures. The SET is pinned (citations-advisory-allow.txt); the judgement is not.

CLEAN (gating checks). The non-mechanical hop — 'is each cited probe genuinely black-box?' — still requires a human paper-trail pass.
python3 tools/check_citation_paths.py
citation-paths: 1294 distinct scratchpad/ path(s) cited by 595 committed doc(s)
  all 1294 resolve in a fresh clone.
