# D-DOSMODE40: inter-slot entries during MODE 40 (breakpoints at the documented $001C CALSLT / $0030 CALLF; registers only)
== National_CF-3300 (counts)
 160 entry=CALLF IX=009F IY=0000 A=9F
  19 entry=CALLF IX=006C IY=0000 A=9F
  17 entry=CALSLT IX=009C IY=0000 A=00
   8 entry=CALSLT IX=009F IY=0000 A=00
   3 entry=CALSLT IX=00B7 IY=0000 A=0D
   3 entry=CALSLT IX=00A2 IY=0000 A=0D
   2 entry=CALSLT IX=00B7 IY=0000 A=0A
   2 entry=CALSLT IX=00A2 IY=0000 A=0A
   1 entry=CALSLT IX=00B7 IY=0000 A=78
   1 entry=CALSLT IX=00B7 IY=0000 A=4F
   1 entry=CALSLT IX=00B7 IY=0000 A=4D
   1 entry=CALSLT IX=00B7 IY=0000 A=45
   1 entry=CALSLT IX=00B7 IY=0000 A=44
   1 entry=CALSLT IX=00B7 IY=0000 A=41
   1 entry=CALSLT IX=00B7 IY=0000 A=3E
   1 entry=CALSLT IX=00B7 IY=0000 A=35
   1 entry=CALSLT IX=00B7 IY=0000 A=34
   1 entry=CALSLT IX=00B7 IY=0000 A=30
   1 entry=CALSLT IX=00B7 IY=0000 A=20
   1 entry=CALSLT IX=00B7 IY=0000 A=1B
   1 entry=CALSLT IX=00A2 IY=0000 A=78
   1 entry=CALSLT IX=00A2 IY=0000 A=4F
   1 entry=CALSLT IX=00A2 IY=0000 A=4D
   1 entry=CALSLT IX=00A2 IY=0000 A=45
   1 entry=CALSLT IX=00A2 IY=0000 A=44
   1 entry=CALSLT IX=00A2 IY=0000 A=41
   1 entry=CALSLT IX=00A2 IY=0000 A=3E
   1 entry=CALSLT IX=00A2 IY=0000 A=35
   1 entry=CALSLT IX=00A2 IY=0000 A=34
   1 entry=CALSLT IX=00A2 IY=0000 A=30
   1 entry=CALSLT IX=00A2 IY=0000 A=20
   1 entry=CALSLT IX=00A2 IY=0000 A=1B
   1 entry=CALSLT IX=006C IY=0000 A=28
   1 entry=CALSLT IX=0038 IY=0000 A=FF
   1 entry=CALLF IX=0038 IY=0000 A=9F
== C-BIOS_MSX1_EU_REPACK_DISK (counts)
   1 entry=CALSLT IX=006C IY=0000 A=28
== zerobas: our own calslt_h reached
t=21.577 rst18 PC=001C IX=006C IY=0000 A8=FF SCRMOD=1
t=21.577 calslt_h PC=421B IX=006C IY=0000 A8=FF SCRMOD=1
