  ran vg8020  d.none        -> '24'
  ran vg8020  d.colon       -> '24'
  ran vg8020  d.plus        -> '24'
  ran vg8020  d.num         -> '13'
  ran vg8020  d.scr0        -> '5'
  ran vg8020  d.scr0num     -> '5'
  ran vg8020  d.ok          -> '0'
  ran vg8020  d.var         -> '0'
  ran cf3300  d.none        -> '24'
  ran cf3300  d.colon       -> '24'
  ran cf3300  d.plus        -> '24'
  ran cf3300  d.num         -> '13'
  ran cf3300  d.scr0        -> '5'
  ran cf3300  d.scr0num     -> '5'
  ran cf3300  d.ok          -> '0'
  ran cf3300  d.var         -> '0'
  ran zb      d.none        -> '24'
  ran zb      d.colon       -> '24'
  ran zb      d.plus        -> '24'
  ran zb      d.num         -> '13'
  ran zb      d.scr0        -> '5'
  ran zb      d.scr0num     -> '5'
  ran zb      d.ok          -> '0'
  ran zb      d.var         -> '0'

  d.none     vg8020='24'  cf3300='24'  zb='24'   ✅
  d.colon    vg8020='24'  cf3300='24'  zb='24'   ✅
  d.plus     vg8020='24'  cf3300='24'  zb='24'   ✅
  d.num      vg8020='13'  cf3300='13'  zb='13'   ✅
  d.scr0     vg8020='5'  cf3300='5'  zb='5'   ✅
  d.scr0num  vg8020='5'  cf3300='5'  zb='5'   ✅
  d.ok       vg8020='0'  cf3300='0'  zb='0'   ✅
  d.var      vg8020='0'  cf3300='0'  zb='0'   ✅

  8 scored, 0 DIFF, 0 not measured
    capture-on-signal: 24 on signal, 0 fell back to the scheduled budget   [signalled at 29.1-41.6 emulated s]
rc=0
