python3 tools/run_gates.py 
=== warm-up (serial build of shared artifacts) ===
warm-up 6s
=== 45 units, J=8, lineerr in 8 shards, nice=0 solo=None ===
  rc=0      2s  basic-reloc
  rc=0      0s  subrom-abi-check
  rc=0      1s  subrom-closure-check
  rc=0     21s  unit-test
  rc=0      0s  deadcode
  rc=0      2s  wall-assertion-check
  rc=0      0s  redundant-load-check
  rc=0      1s  rowshape-check
  rc=0      3s  injector-check
  rc=0      0s  temp-root-check
  rc=0      1s  preflight-check
  rc=0      4s  latch-check
  rc=0      3s  diskdep-check
  rc=0      1s  switch-build-check
  rc=0     29s  kwsweep
  rc=0      0s  deffn-selftest
  rc=0     36s  string-acceptance
  rc=0     18s  str-domain-acceptance
  rc=0     35s  strparen-acceptance
  rc=2    183s  penderr-acceptance
  rc=0     43s  missing-acceptance
  rc=0     13s  error-acceptance
  rc=0    179s  error-trap-acceptance
  rc=0    179s  onerr0-acceptance
  rc=2    327s  math-acceptance
  rc=2    318s  float-acceptance
  rc=0    150s  intarg-acceptance
  rc=0     30s  logicops-acceptance
  rc=2    301s  screenerr-acceptance
  rc=2    118s  tmfp-acceptance
  rc=2    162s  stmtpend-acceptance
  rc=2    162s  array-acceptance
  rc=2    160s  deffn-strict
  rc=2    152s  graphics-acceptance
  rc=0    175s  abort-acceptance
  rc=0    343s  interval-trap-acceptance
  rc=2    296s  clearpool-acceptance
  rc=1    296s  lineerr#1/8
  rc=1    296s  lineerr#2/8
  rc=1    296s  lineerr#3/8
  rc=1    296s  lineerr#4/8
  rc=1    296s  lineerr#5/8
  rc=1    270s  lineerr#6/8
  rc=0    485s  lineerr#7/8
  rc=1    478s  lineerr#8/8

=== retrying 17 red unit(s) SERIALLY (flake vs real) ===
  retry penderr-acceptance: rc 2->2  REAL (still red)
  retry math-acceptance: rc 2->0  FLAKE (green on retry)
  retry float-acceptance: rc 2->2  REAL (still red)
  retry screenerr-acceptance: rc 2->0  FLAKE (green on retry)
make: *** [gates] Terminated: 15
