python3 tools/run_gates.py 
=== warm-up (serial build of shared artifacts) ===
warm-up 6s
=== 45 units, J=8, lineerr in 8 shards, nice=0 solo=None ===
  rc=0      2s  basic-reloc
  rc=0      0s  subrom-abi-check
  rc=0      1s  subrom-closure-check
  rc=0     22s  unit-test
  rc=0      0s  deadcode
  rc=0      2s  wall-assertion-check
  rc=0      0s  redundant-load-check
  rc=0      1s  rowshape-check
  rc=0      3s  injector-check
  rc=0      0s  temp-root-check
  rc=0      1s  preflight-check
  rc=0      4s  latch-check
  rc=0      4s  diskdep-check
  rc=0      1s  switch-build-check
  rc=0     28s  kwsweep
  rc=0      0s  deffn-selftest
  rc=0     33s  string-acceptance
  rc=0     18s  str-domain-acceptance
  rc=0     36s  strparen-acceptance
  rc=0    244s  penderr-acceptance
  rc=0     34s  missing-acceptance
  rc=0     12s  error-acceptance
  rc=0    144s  error-trap-acceptance
  rc=0    143s  onerr0-acceptance
  rc=0    168s  math-acceptance
  rc=0    155s  float-acceptance
  rc=0    115s  intarg-acceptance
  rc=0    103s  logicops-acceptance
  rc=0    272s  screenerr-acceptance
  rc=0    141s  tmfp-acceptance
  rc=0    174s  stmtpend-acceptance
  rc=0    110s  array-acceptance
  rc=0    119s  deffn-strict
  rc=0    306s  graphics-acceptance
  rc=0     56s  abort-acceptance
  rc=0    142s  interval-trap-acceptance
  rc=0     74s  clearpool-acceptance
  rc=0    112s  lineerr#1/8
  rc=0    113s  lineerr#2/8
  rc=0    113s  lineerr#3/8
  rc=0    106s  lineerr#4/8
  rc=0     98s  lineerr#5/8
  rc=0     95s  lineerr#6/8
  rc=0     74s  lineerr#7/8
  rc=0     71s  lineerr#8/8

=== wall 496s (6s build + 490s gates) ===
GATES: 38/38 green
hashes: 350db281 33ba143a eced167f
rc=0
