python3 tools/run_gates.py 
=== warm-up (serial build of shared artifacts) ===
warm-up 7s
=== refcache OFF for every unit: a gate measures, it never replays (docs/spec-refcache.md §7) ===
=== emulator tier RUNS: probes/tests/tools or the Makefile changed ===
=== 4 tree-mutating unit(s), SERIAL (they rewrite a shared tracked file) ===
  rc=0              1s  switch-build-check
  rc=0              5s  diskdep-check
  rc=0              0s  wall-literal-check
  rc=0             43s  selftest-check
  (post-mutator refresh 7s -- the plants moved mtimes, so the pool would otherwise race a rebuild)
=== 112 units, J=8, lineerr in 8 shards, nice=0 solo=None ===
  rc=0              2s  basic-reloc
  rc=0              0s  subrom-abi-check
  rc=0              0s  diskrom-abi-check
  rc=0              0s  rom-parts-check
  rc=0              1s  subrom-closure-check
  rc=0             22s  unit-test
  rc=0              0s  deadcode
  rc=0              3s  wall-assertion-check
  rc=0              0s  ram-claim-check
  rc=0              0s  build-assert-check
  rc=0              0s  redundant-load-check
  rc=0              1s  rowshape-check
  rc=0              4s  injector-check
  rc=0              1s  temp-root-check
  rc=0              1s  todo-citation-check
  rc=0              2s  chokepoint-check
  rc=0              0s  shared-body-check
  rc=0              0s  probe-reach-check
  rc=0              0s  battery-membership-check
  rc=0              0s  fixture-integrity-check
  rc=0              1s  preflight-check
  rc=0              5s  latch-check
  rc=0             19s  kwsweep
  rc=0             11s  patch-freshness-check
  rc=0              2s  refcache-check
  rc=0              0s  knife-guard-check
  rc=0              0s  knife-rom-guard-check
  rc=0              0s  deffn-selftest
  rc=0              1s  banner-acceptance
  rc=0             26s  string-acceptance
  rc=0             19s  str-domain-acceptance
  rc=0             11s  strparen-acceptance
  rc=0             53s  penderr-acceptance
  rc=0             44s  missing-acceptance
  rc=0             11s  error-acceptance
  rc=0             65s  error-trap-acceptance
  rc=0             90s  onerr0-acceptance
  rc=0            108s  math-acceptance
  rc=0            100s  float-acceptance
  rc=0             43s  intarg-acceptance
  rc=0             34s  logicops-acceptance
  rc=0            227s  screenerr-acceptance
  rc=0             41s  tmfp-acceptance
  rc=0             57s  stmtpend-acceptance
  rc=0            108s  array-acceptance
  rc=0            118s  deffn-strict
  rc=0            369s  graphics-acceptance
  rc=0             54s  abort-acceptance
  rc=0            139s  interval-trap-acceptance
  rc=0             86s  clearpool-acceptance
  rc=0            131s  stackpool-acceptance
  rc=0            162s  trapdepth-acceptance
  rc=0             75s  ctlcross-acceptance
  rc=0            403s  ctllim-acceptance
  rc=0            396s  ramfree-acceptance
  rc=0             11s  cursor-acceptance
  rc=0             88s  time-acceptance
  rc=0            293s  namspc-acceptance
  rc=0             92s  arrdim-acceptance
  rc=0             45s  arylv-acceptance
  rc=0             53s  badfnum-acceptance
  rc=0              5s  beep-acceptance
  rc=0             21s  binfre-acceptance
  rc=0             19s  cassave-acceptance
  rc=0             77s  castail-acceptance
  rc=0            126s  deffn-acceptance
  rc=0             49s  direct-ctrl-acceptance
  rc=0             10s  dskmsg-acceptance
  rc=0             83s  editverb-acceptance
  rc=0             32s  fldary-acceptance
  rc=0             93s  fldwidth-acceptance
  rc=0             24s  forvar-acceptance
  rc=0             46s  gicini-acceptance
  rc=0              0s  graphics-floor-acceptance
  rc=0            140s  ifsem-acceptance
  rc=0              9s  input-acceptance
  rc=0             56s  nodisk-acceptance
  rc=0             74s  pusing-acceptance
  rc=0             43s  catterm-acceptance
  rc=0             20s  catusr-acceptance
  rc=0             18s  nameord-acceptance
  rc=0              5s  namegate-acceptance
  rc=0             36s  inputary-acceptance
  rc=0            140s  key-trap-acceptance
  rc=0             57s  linemax-acceptance
  rc=0            148s  lnblank-acceptance
  rc=0             36s  locarg-acceptance
  rc=0             39s  lof-acceptance
  rc=0             82s  lptverb-acceptance
  rc=0             59s  lrvar-acceptance
  rc=0             58s  lvfix-acceptance
  rc=0             23s  nxary-acceptance
  rc=0             21s  nxlist-acceptance
  rc=0             30s  play-acceptance
  rc=0             11s  play-trace-acceptance
  rc=0             21s  readvar-acceptance
  rc=0              8s  runtail-acceptance
  rc=0             23s  sound-acceptance
  rc=0             71s  sprite-trap-acceptance
  rc=0             56s  stop-trap-acceptance
  rc=0            144s  strig-trap-acceptance
  rc=0              0s  subrom-acceptance
  rc=0             65s  tgtspc-acceptance
  rc=0             68s  width-acceptance
  rc=0            104s  lineerr#1/8
  rc=0            106s  lineerr#2/8
  rc=0            103s  lineerr#3/8
  rc=0            101s  lineerr#4/8
  rc=0             96s  lineerr#5/8
  rc=0             99s  lineerr#6/8
  rc=0             87s  lineerr#7/8
  rc=0             68s  lineerr#8/8

=== wall 853s (7s build + 847s gates) ===
GATES: 109/109 green
hashes: 496da3db 45a2f30a 35377711 99a63f2e
recorded: this full green battery is now the baseline a future skip must prove itself against
