python3 tools/install-repack-machine.py --merged build/zerobas-main-eu.rom --disk-rom build/disk.rom \
	  --sub-rom build/sub.rom
wrote C-BIOS_MSX1_EU_REPACK_DISK  (-> machine "C-BIOS_MSX1_EU_REPACK_DISK": merged repack ROM in slot 0, zerobas-disk in slot 3-1, zerobas-sub in slot 3-2)
     /Users/joost/.openMSX/share/machines/C-BIOS_MSX1_EU_REPACK_DISK.xml
python3 tools/install-repack-machine.py --merged build/zerobas-main-eu.rom --sub-rom build/sub.rom \
	  --no-disk
wrote C-BIOS_MSX1_EU_REPACK_NODISK  (-> machine "C-BIOS_MSX1_EU_REPACK_NODISK": merged repack ROM in slot 0, slot 3-1 EMPTY (diskless target), zerobas-sub in slot 3-2)
     /Users/joost/.openMSX/share/machines/C-BIOS_MSX1_EU_REPACK_NODISK.xml
python3 probes/basic/basic_probe_lineerr.py --gate \
	        --only d.eq40k,d.eqs4,d.eqs8,d.eq8193,d.eqs48193,d.xs40k,d.xss4,d.xsin,d.xspost,d.lit2,d.sub2,d.def8193,d.s4.40k,d.def32k 
    capture-on-signal: 42 on signal, 0 fell back to the scheduled budget   [signalled at 38.3-77.6 emulated s]
D-LINERR — LINE's SCREEN-mode refusal is the LAST thing it does    sides: vg8020, cf3300, zb
==============================================================================
ok   d.lit2        vg8020=' 0 , 7 , 25540 '  cf3300=' 0 , 7 , 25540 '  zb=' 0 , 7 , 25540 '
ok   d.sub2        vg8020=' 6 , 7 , 4 '  cf3300=' 6 , 7 , 4 '  zb=' 6 , 7 , 4 '
ok   d.s4.40k      vg8020=' 0 , 7 , 58308 '  cf3300=' 0 , 7 , 58308 '  zb=' 0 , 7 , 58308 '
ok   d.def32k      vg8020=' 0 , 7 , 32773 '  cf3300=' 0 , 7 , 32773 '  zb=' 0 , 7 , 32773 '
ok   d.def8193     vg8020=' 0 , 7 , 57347 '  cf3300=' 0 , 7 , 57347 '  zb=' 0 , 7 , 57347 '
ok   d.eq40k       vg8020=' 0 , 7 , 25540 '  cf3300=' 0 , 7 , 25540 '  zb=' 0 , 7 , 25540 '
ok   d.eqs4        vg8020=' 0 , 7 , 58308 '  cf3300=' 0 , 7 , 58308 '  zb=' 0 , 7 , 58308 '
ok   d.eqs8        vg8020=' 0 , 7 , 1924 '  cf3300=' 0 , 7 , 1924 '  zb=' 0 , 7 , 1924 '
ok   d.eq8193      vg8020=' 0 , 7 , 57347 '  cf3300=' 0 , 7 , 57347 '  zb=' 0 , 7 , 57347 '
ok   d.eqs48193    vg8020=' 0 , 7 , 8195 '  cf3300=' 0 , 7 , 8195 '  zb=' 0 , 7 , 8195 '
ok   d.xs40k       vg8020=' 0 , 7 , 25540 '  cf3300=' 0 , 7 , 25540 '  zb=' 0 , 7 , 25540 '
ok   d.xss4        vg8020=' 0 , 7 , 58308 '  cf3300=' 0 , 7 , 58308 '  zb=' 0 , 7 , 58308 '
ok   d.xsin        vg8020=' 0 , 7 , 58308 '  cf3300=' 0 , 7 , 58308 '  zb=' 0 , 7 , 58308 '
ok   d.xspost      vg8020=' 0 , 7 , 58308 '  cf3300=' 0 , 7 , 58308 '  zb=' 0 , 7 , 58308 '
ROWS: 14 printed, 14 scored — 14 agree, 0 diverge, 0 deferred (not scored)
==============================================================================
14/14 readings agree (219 cases, 4 positive controls, 20 negative controls, 0 row(s) with no oracle, 0 DEFERRED row(s) measured but not scored)
READING: trapped rows are `[ ERR , GRPACX , GRPACY ]` — the error code and the LAST-REFERENCED POINT the statement left behind, captured in the handler over a `PSET(7,4)` seed. (7,4) = LINE moved nothing; (11,12) = the first endpoint was staged and it then died; (20,21) = it ran to completion. The w.* rows read GXPOS/GYPOS instead — the OTHER half of the work area, same statements. Untrapped rows are the clipped screen tail of `RUN`.
SIDES: vg8020,cf3300,zb — LINE, PSET, SCREEN, ON ERROR, ERR, RESUME and PEEK are core MSX-BASIC, present on every MSX1, so BOTH references are legitimate oracles for every row here
DENOMINATOR: (WHERE IN `LINE` A FAULT HAPPENS) x (WHAT KIND OF FAULT IT IS), crossed with the SCREEN MODE. The POSITION axis is swept structurally rather than sampled: LINE's grammar is `LINE [[STEP](x1,y1)] - [STEP](x2,y2) [,[c][,B|BF]]`, so every slot that reaches a VALUE is x1, y1, x2, y2 and c -- all five carry a type fault (t.*) and the first four plus c carry a deferred numeric one (o.*) -- and every slot that can END where a value was required is swept by a.* (bare, p1 only, a bare '-', an empty x or y, a trailing comma after the colour, and a box field with no keyword), which is every path through ex_line_gfx and parse_coord. The FAULT axis is the four distinct pending codes 11/6/5/13 (each contributing 0 so the row says WHICH fault survived), plus the coercion's own ERR 6 alone and TOGETHER with a pending code -- the pair that says which of the two is consulted first. The MODE axis is complete for an MSX1: 0, 1, 2, 3. The VALUE domain sweeps the int16 edges (32767/32768, -32768/-32769), past int16 (70000), off-screen-but-legal (300, -1), and the fractional boundary in a slot where truncate-vs-round is visible in GRPAC. NOT swept: what LINE DRAWS once it is accepted (`make graphics-acceptance` owns that, spec-basic-graphics-g3.md), the box tenant's clipping, and PAINT/CIRCLE's own colour domains (spec-basic-graphics-g4/g5). The d.* class extends the POSITION axis to the one verb whose mandatory argument is not a coordinate: DRAW's grammar is `DRAW <string expression>`, so the slots are the EXPRESSION (swept for all three fault kinds it can carry -- 13 from a numeric literal and from both type-mismatch sites, 11 and 6 through STR$) and the STRING's own command language (an unknown letter, a command whose operand is missing, a partial walk that faults after a move has already taken effect, and the empty string), crossed with the modes DRAW is legal and illegal in. Its work area is swept through BOTH halves on the three shapes where they DISAGREE -- the B prefix, the N prefix and an upward segment. NOT swept: what DRAW DRAWS once accepted (spec-basic-graphics-g6.md and its notebook own that), the A/S/C/X commands' own argument domains, and the coroutine's second and later substitution round trips.
refcache: 0 hit, 42 miss, 42 stored
