  s.diff   None
    RAW SCREEN (960 chars):
      r00| Ok
      r01| NEW
      r02| Ok
      r03| NEW
      r04| Ok
      r05| 10 ON ERROR GOTO 900
      r06| 20 DIM C(63):D$=""
      r07| 30 A$=DSKI$(0,0)
      r08| 40 FORP=0TO63:S=0:FORI=0TO255:S=S+PEEK(
      r09| &HC000+P*256+I):NEXT
      r10| 50 C(P)=S:NEXT
      r11| 60 A$=DSKI$(0,1)
      r12| 70 FORP=0TO63:S=0:FORI=0TO255:S=S+PEEK(
      r13| &HC000+P*256+I):NEXT
      r14| 80 IF S<>C(P) THEN D$=D$+HEX$(P)+" "
      r15| 90 NEXT
      r16| 100 PRINT"ZQ";D$;"QZ":END
      r17| 900 PRINT"ZQ";"E";ERR;"QZ":END
      r18| RUN
      r23| color   auto    goto    list    run
  s.same   None
    RAW SCREEN (960 chars):
      r00| Ok
      r01| NEW
      r02| Ok
      r03| NEW
      r04| Ok
      r05| 10 ON ERROR GOTO 900
      r06| 20 DIM C(63):D$=""
      r07| 30 A$=DSKI$(0,0)
      r08| 40 FORP=0TO63:S=0:FORI=0TO255:S=S+PEEK(
      r09| &HC000+P*256+I):NEXT
      r10| 50 C(P)=S:NEXT
      r11| 60 A$=DSKI$(0,0)
      r12| 70 FORP=0TO63:S=0:FORI=0TO255:S=S+PEEK(
      r13| &HC000+P*256+I):NEXT
      r14| 80 IF S<>C(P) THEN D$=D$+HEX$(P)+" "
      r15| 90 NEXT
      r16| 100 PRINT"ZQ";D$;"QZ":END
      r17| 900 PRINT"ZQ";"E";ERR;"QZ":END
      r18| RUN
      r23| color   auto    goto    list    run

  s.diff pages: None
  s.same pages (NOISE): None

🔴 NO READING on one side -- nothing is concluded.
refcache: 2 hit, 0 miss
