  s.diff   None
    STAGE MARKERS REACHED: ['1'] (1=DSKI$ returned, 2=first checksum pass, 3=second DSKI$)
    RAW SCREEN (960 chars):
      r00| NEW
      r01| Ok
      r02| NEW
      r03| Ok
      r04| 10 ON ERROR GOTO 900
      r05| 20 DIM C(63):D$=""
      r06| 30 A$=DSKI$(0,0)
      r07| 35 PRINT"ZP";1;"PZ"
      r08| 40 FORP=0TO63:S=0:FORI=0TO255STEP16:S=S
      r09| +PEEK(&HC000+P*256+I):NEXT
      r10| 50 C(P)=S:NEXT
      r11| 55 PRINT"ZP";2;"PZ"
      r12| 60 A$=DSKI$(0,1)
      r13| 65 PRINT"ZP";3;"PZ"
      r14| 70 FORP=0TO63:S=0:FORI=0TO255STEP16:S=S
      r15| +PEEK(&HC000+P*256+I):NEXT
      r16| 80 IF S<>C(P) THEN D$=D$+HEX$(P)+" "
      r17| 90 NEXT
      r18| 100 PRINT"ZQ";D$;"QZ":END
      r19| 900 PRINT"ZQ";"E";ERR;"QZ":END
      r20| RUN
      r21| ZP 1 PZ
      r23| color   auto    goto    list    run
  s.same   None
    STAGE MARKERS REACHED: ['1'] (1=DSKI$ returned, 2=first checksum pass, 3=second DSKI$)
    RAW SCREEN (960 chars):
      r00| NEW
      r01| Ok
      r02| NEW
      r03| Ok
      r04| 10 ON ERROR GOTO 900
      r05| 20 DIM C(63):D$=""
      r06| 30 A$=DSKI$(0,0)
      r07| 35 PRINT"ZP";1;"PZ"
      r08| 40 FORP=0TO63:S=0:FORI=0TO255STEP16:S=S
      r09| +PEEK(&HC000+P*256+I):NEXT
      r10| 50 C(P)=S:NEXT
      r11| 55 PRINT"ZP";2;"PZ"
      r12| 60 A$=DSKI$(0,0)
      r13| 65 PRINT"ZP";3;"PZ"
      r14| 70 FORP=0TO63:S=0:FORI=0TO255STEP16:S=S
      r15| +PEEK(&HC000+P*256+I):NEXT
      r16| 80 IF S<>C(P) THEN D$=D$+HEX$(P)+" "
      r17| 90 NEXT
      r18| 100 PRINT"ZQ";D$;"QZ":END
      r19| 900 PRINT"ZQ";"E";ERR;"QZ":END
      r20| RUN
      r21| ZP 1 PZ
      r23| color   auto    goto    list    run

  s.diff pages: None
  s.same pages (NOISE): None

🔴 NO READING on one side -- nothing is concluded.
refcache: 0 hit, 2 miss, 2 stored
