python3 tools/install-repack-machine.py --merged build/zerobas-main-eu.rom --disk-rom build/disk.rom \
	  --sub-rom build/sub.rom
wrote C-BIOS_MSX1_EU_REPACK_DISK  (-> machine "C-BIOS_MSX1_EU_REPACK_DISK": merged repack ROM in slot 0, zerobas-disk in slot 3-1, zerobas-sub in slot 3-2)
     /Users/joost/.openMSX/share/machines/C-BIOS_MSX1_EU_REPACK_DISK.xml
python3 tools/install-repack-machine.py --merged build/zerobas-main-eu.rom --sub-rom build/sub.rom \
	  --no-disk
wrote C-BIOS_MSX1_EU_REPACK_NODISK  (-> machine "C-BIOS_MSX1_EU_REPACK_NODISK": merged repack ROM in slot 0, slot 3-1 EMPTY (diskless target), zerobas-sub in slot 3-2)
     /Users/joost/.openMSX/share/machines/C-BIOS_MSX1_EU_REPACK_NODISK.xml
python3 probes/basic/basic_probe_linemax.py --gate \
	        --zb-machine C-BIOS_MSX1_EU_REPACK_DISK  \
	        
PASS  rem  rem-40        40 src chars
        ref: line 20 REM +34 filler
        zb : line 20 REM +34 filler
PASS  rem  rem-90        90 src chars
        ref: line 20 REM +84 filler
        zb : line 20 REM +84 filler
PASS  rem  rem-94        94 src chars
        ref: line 20 REM +88 filler
        zb : line 20 REM +88 filler
PASS  rem  rem-95        95 src chars
        ref: line 20 REM +89 filler
        zb : line 20 REM +89 filler
PASS  rem  rem-96        96 src chars
        ref: line 20 REM +90 filler
        zb : line 20 REM +90 filler
PASS  rem  rem-97        97 src chars
        ref: line 20 REM +91 filler
        zb : line 20 REM +91 filler
PASS  rem  rem-100      100 src chars
        ref: line 20 REM +94 filler
        zb : line 20 REM +94 filler
PASS  rem  rem-200      200 src chars
        ref: line 20 REM +194 filler
        zb : line 20 REM +194 filler
PASS  rem  rem-248      248 src chars
        ref: line 20 REM +242 filler
        zb : line 20 REM +242 filler
PASS  rem  rem-250      250 src chars
        ref: line 20 REM +244 filler
        zb : line 20 REM +244 filler
PASS  rem  rem-252      252 src chars
        ref: line 20 REM +246 filler
        zb : line 20 REM +246 filler
PASS  rem  rem-253      253 src chars
        ref: line 20 REM +247 filler
        zb : line 20 REM +247 filler
PASS  rem  rem-254      254 src chars
        ref: line 20 REM +248 filler
        zb : line 20 REM +248 filler
PASS  rem  rem-255      255 src chars
        ref: line 20 REM +248 filler
        zb : line 20 REM +248 filler
PASS  rem  rem-256      256 src chars
        ref: line 20 REM +248 filler
        zb : line 20 REM +248 filler
PASS  rem  rem-257      257 src chars
        ref: line 20 REM +248 filler
        zb : line 20 REM +248 filler
PASS  rem  rem-260      260 src chars
        ref: line 20 REM +248 filler
        zb : line 20 REM +248 filler
PASS  rem  rem-300      300 src chars
        ref: line 20 REM +248 filler
        zb : line 20 REM +248 filler
PASS  tok  tok-5         15 src chars
        ref: line 20 47 tok bytes 41ef1f00000000000000001f00000000000000001f00000000000000001f00000000000000001f0000000000000000
        zb : line 20 47 tok bytes 41ef1f00000000000000001f00000000000000001f00000000000000001f00000000000000001f0000000000000000
PASS  tok  tok-10        25 src chars
        ref: line 20 92 tok bytes 41ef1f00000000000000001f00000000000000001f00000000000000001f00000000000000001f00000000000000001f00000000000000001f00000000000000001f00000000000000001f00000000000000001f0000000000000000
        zb : line 20 92 tok bytes 41ef1f00000000000000001f00000000000000001f00000000000000001f00000000000000001f00000000000000001f00000000000000001f00000000000000001f00000000000000001f00000000000000001f0000000000000000
PASS  tok  tok-11        27 src chars
        ref: line 20 101 tok bytes 41ef1f00000000000000001f00000000000000001f00000000000000001f00000000000000001f00000000000000001f00000000000000001f00000000000000001f00000000000000001f00000000000000001f00000000000000001f0000000000000000
        zb : line 20 101 tok bytes 41ef1f00000000000000001f00000000000000001f00000000000000001f00000000000000001f00000000000000001f00000000000000001f00000000000000001f00000000000000001f00000000000000001f00000000000000001f0000000000000000
PASS  tok  tok-12        29 src chars
        ref: line 20 110 tok bytes 41ef1f00000000000000001f00000000000000001f00000000000000001f00000000000000001f00000000000000001f00000000000000001f00000000000000001f00000000000000001f00000000000000001f00000000000000001f00000000000000001f0000000000000000
        zb : line 20 110 tok bytes 41ef1f00000000000000001f00000000000000001f00000000000000001f00000000000000001f00000000000000001f00000000000000001f00000000000000001f00000000000000001f00000000000000001f00000000000000001f00000000000000001f0000000000000000
PASS  tok  tok-20        45 src chars
        ref: line 20 182 tok bytes 41ef1f00000000000000001f00000000000000001f00000000000000001f00000000000000001f00000000000000001f00000000000000001f00000000000000001f00000000000000001f00000000000000001f00000000000000001f00000000000000001f00000000000000001f00000000000000001f00000000000000001f00000000000000001f00000000000000001f00000000000000001f00000000000000001f00000000000000001f0000000000000000
        zb : line 20 182 tok bytes 41ef1f00000000000000001f00000000000000001f00000000000000001f00000000000000001f00000000000000001f00000000000000001f00000000000000001f00000000000000001f00000000000000001f00000000000000001f00000000000000001f00000000000000001f00000000000000001f00000000000000001f00000000000000001f00000000000000001f00000000000000001f00000000000000001f00000000000000001f0000000000000000
PASS  tok  tok-30        65 src chars
        ref: line 20 272 tok bytes 41ef1f00000000000000001f00000000000000001f00000000000000001f00000000000000001f00000000000000001f00000000000000001f00000000000000001f00000000000000001f00000000000000001f00000000000000001f00000000000000001f00000000000000001f00000000000000001f00000000000000001f00000000000000001f00000000000000001f00000000000000001f00000000000000001f00000000000000001f00000000000000001f00000000000000001f00000000000000001f00000000000000001f00000000000000001f00000000000000001f00000000000000001f00000000000000001f00000000000000001f00000000000000001f0000000000000000
        zb : line 20 272 tok bytes 41ef1f00000000000000001f00000000000000001f00000000000000001f00000000000000001f00000000000000001f00000000000000001f00000000000000001f00000000000000001f00000000000000001f00000000000000001f00000000000000001f00000000000000001f00000000000000001f00000000000000001f00000000000000001f00000000000000001f00000000000000001f00000000000000001f00000000000000001f00000000000000001f00000000000000001f00000000000000001f00000000000000001f00000000000000001f00000000000000001f00000000000000001f00000000000000001f00000000000000001f00000000000000001f0000000000000000
PASS  tok  tok-34        73 src chars
        ref: line 20 308 tok bytes 41ef1f00000000000000001f00000000000000001f00000000000000001f00000000000000001f00000000000000001f00000000000000001f00000000000000001f00000000000000001f00000000000000001f00000000000000001f00000000000000001f00000000000000001f00000000000000001f00000000000000001f00000000000000001f00000000000000001f00000000000000001f00000000000000001f00000000000000001f00000000000000001f00000000000000001f00000000000000001f00000000000000001f00000000000000001f00000000000000001f00000000000000001f00000000000000001f00000000000000001f00000000000000001f00000000000000001f00000000000000001f00000000000000001f00000000000000001f0000000000000000
        zb : line 20 308 tok bytes 41ef1f00000000000000001f00000000000000001f00000000000000001f00000000000000001f00000000000000001f00000000000000001f00000000000000001f00000000000000001f00000000000000001f00000000000000001f00000000000000001f00000000000000001f00000000000000001f00000000000000001f00000000000000001f00000000000000001f00000000000000001f00000000000000001f00000000000000001f00000000000000001f00000000000000001f00000000000000001f00000000000000001f00000000000000001f00000000000000001f00000000000000001f00000000000000001f00000000000000001f00000000000000001f00000000000000001f00000000000000001f00000000000000001f00000000000000001f0000000000000000
PASS  tok  tok-35        75 src chars
        ref: REFUSED (empty program)
        zb : REFUSED (empty program)
PASS  tok  tok-36        77 src chars
        ref: REFUSED (empty program)
        zb : REFUSED (empty program)
PASS  tok  tok-40        85 src chars
        ref: REFUSED (empty program)
        zb : REFUSED (empty program)
PASS  tok  tok-45        95 src chars
        ref: REFUSED (empty program)
        zb : REFUSED (empty program)
PASS  tok  tok-124      253 src chars
        ref: REFUSED (empty program)
        zb : REFUSED (empty program)
PASS  tokx tokx-5        15 src chars
        ref: <nothing printed>
        zb : <nothing printed>
PASS  tokx tokx-12       29 src chars
        ref: <nothing printed>
        zb : <nothing printed>
PASS  tokx tokx-30       65 src chars
        ref: <nothing printed>
        zb : <nothing printed>
PASS  tokx tokx-35       75 src chars
        ref: Line buffer overflow
        zb : Line buffer overflow
PASS  tokx tokx-40       85 src chars
        ref: Line buffer overflow
        zb : Line buffer overflow
PASS  tokx tokx-45       95 src chars
        ref: Line buffer overflow
        zb : Line buffer overflow
PASS  tokx tokx-124     253 src chars
        ref: Line buffer overflow
        zb : Line buffer overflow
PASS  bnd  bnd-0         73 src chars
        ref: <nothing printed>
        zb : <nothing printed>
PASS  bnd  bnd-1         74 src chars
        ref: <nothing printed>
        zb : <nothing printed>
PASS  bnd  bnd-2         75 src chars
        ref: <nothing printed>
        zb : <nothing printed>
PASS  bnd  bnd-4         77 src chars
        ref: <nothing printed>
        zb : <nothing printed>
PASS  bnd  bnd-6         79 src chars
        ref: <nothing printed>
        zb : <nothing printed>
PASS  bnd  bnd-7         80 src chars
        ref: Line buffer overflow
        zb : Line buffer overflow
PASS  bnd  bnd-8         81 src chars
        ref: Line buffer overflow
        zb : Line buffer overflow
PASS  bnd  bnd-9         82 src chars
        ref: Line buffer overflow
        zb : Line buffer overflow
PASS  bnd  bnd-10        83 src chars
        ref: Line buffer overflow
        zb : Line buffer overflow
PASS  tok  lnum-5        21 src chars
        ref: line 20 26 tok bytes 9541890e01002c0e01002c0e01002c0e01002c0e01002c0e0100
        zb : line 20 26 tok bytes 9541890e01002c0e01002c0e01002c0e01002c0e01002c0e0100
PASS  tok  lnum-20       51 src chars
        ref: line 20 86 tok bytes 9541890e01002c0e01002c0e01002c0e01002c0e01002c0e01002c0e01002c0e01002c0e01002c0e01002c0e01002c0e01002c0e01002c0e01002c0e01002c0e01002c0e01002c0e01002c0e01002c0e01002c0e0100
        zb : line 20 86 tok bytes 9541890e01002c0e01002c0e01002c0e01002c0e01002c0e01002c0e01002c0e01002c0e01002c0e01002c0e01002c0e01002c0e01002c0e01002c0e01002c0e01002c0e01002c0e01002c0e01002c0e01002c0e0100
PASS  tok  lnum-22       55 src chars
        ref: line 20 94 tok bytes 9541890e01002c0e01002c0e01002c0e01002c0e01002c0e01002c0e01002c0e01002c0e01002c0e01002c0e01002c0e01002c0e01002c0e01002c0e01002c0e01002c0e01002c0e01002c0e01002c0e01002c0e01002c0e01002c0e0100
        zb : line 20 94 tok bytes 9541890e01002c0e01002c0e01002c0e01002c0e01002c0e01002c0e01002c0e01002c0e01002c0e01002c0e01002c0e01002c0e01002c0e01002c0e01002c0e01002c0e01002c0e01002c0e01002c0e01002c0e01002c0e01002c0e0100
PASS  tok  lnum-23       57 src chars
        ref: line 20 98 tok bytes 9541890e01002c0e01002c0e01002c0e01002c0e01002c0e01002c0e01002c0e01002c0e01002c0e01002c0e01002c0e01002c0e01002c0e01002c0e01002c0e01002c0e01002c0e01002c0e01002c0e01002c0e01002c0e01002c0e01002c0e0100
        zb : line 20 98 tok bytes 9541890e01002c0e01002c0e01002c0e01002c0e01002c0e01002c0e01002c0e01002c0e01002c0e01002c0e01002c0e01002c0e01002c0e01002c0e01002c0e01002c0e01002c0e01002c0e01002c0e01002c0e01002c0e01002c0e01002c0e0100
PASS  tok  lnum-30       71 src chars
        ref: line 20 126 tok bytes 9541890e01002c0e01002c0e01002c0e01002c0e01002c0e01002c0e01002c0e01002c0e01002c0e01002c0e01002c0e01002c0e01002c0e01002c0e01002c0e01002c0e01002c0e01002c0e01002c0e01002c0e01002c0e01002c0e01002c0e01002c0e01002c0e01002c0e01002c0e01002c0e01002c0e01002c0e0100
        zb : line 20 126 tok bytes 9541890e01002c0e01002c0e01002c0e01002c0e01002c0e01002c0e01002c0e01002c0e01002c0e01002c0e01002c0e01002c0e01002c0e01002c0e01002c0e01002c0e01002c0e01002c0e01002c0e01002c0e01002c0e01002c0e01002c0e01002c0e01002c0e01002c0e01002c0e01002c0e01002c0e01002c0e0100
PASS  tok  lnum-42       95 src chars
        ref: line 20 174 tok bytes 9541890e01002c0e01002c0e01002c0e01002c0e01002c0e01002c0e01002c0e01002c0e01002c0e01002c0e01002c0e01002c0e01002c0e01002c0e01002c0e01002c0e01002c0e01002c0e01002c0e01002c0e01002c0e01002c0e01002c0e01002c0e01002c0e01002c0e01002c0e01002c0e01002c0e01002c0e01002c0e01002c0e01002c0e01002c0e01002c0e01002c0e01002c0e01002c0e01002c0e01002c0e01002c0e01002c0e0100
        zb : line 20 174 tok bytes 9541890e01002c0e01002c0e01002c0e01002c0e01002c0e01002c0e01002c0e01002c0e01002c0e01002c0e01002c0e01002c0e01002c0e01002c0e01002c0e01002c0e01002c0e01002c0e01002c0e01002c0e01002c0e01002c0e01002c0e01002c0e01002c0e01002c0e01002c0e01002c0e01002c0e01002c0e01002c0e01002c0e01002c0e01002c0e01002c0e01002c0e01002c0e01002c0e01002c0e01002c0e01002c0e01002c0e0100
PASS  corrupt code-over     85 src chars
        ref:  25 
        zb :  25 
PASS  corrupt code-ctl      16 src chars
        ref:  0 
        zb :  0 
PASS  corrupt corrupt-num   92 src chars
        ref:  7 
        zb :  7 
PASS  corrupt corrupt-str   92 src chars
        ref: HI
        zb : HI
PASS  corrupt corrupt-ctl   14 src chars
        ref:  7 
        zb :  7 
PASS  corrupt corrupt-lnum   92 src chars
        ref:  7 
        zb :  7 
PASS  list list-max     253 src chars
        ref:  7 
        zb :  7 
PASS  list list-ctl      43 src chars
        ref:  7 
        zb :  7 

60/60 rows agree with the reference
refcache: 3 hit, 5 miss, 3 stored, 2 refused (non-reading)
