  vg8020 captured
  cf3300 captured
  zb captured

row              vg8020   cf3300       zb   A = times the payload executed
x.plain               2        2        1
    POSITIVE CONTROL: no apostrophes, executed then re-entered. MUST read A=2 on both references (D-EDITSCOUT's own row) and A=1 on zerobas
x.noup                0        0        0
    BASELINE: the two-row screen is built and NOTHING is re-entered. The payload is PRINTED text, never executed, so A=0 everywhere
x.reenter             0        0        0
    cursor UP x2 onto the PAYLOAD row, Enter. A=1 => the row was taken ALONE (boundary at the row start); A=0 => the filled row above was taken too and the leading ' REM'd the line
x.vpoke               1        1        0
    SEPARATOR: the full row above the payload is written by VPOKE, so CHPUT never wrapped. A=0 => the rule is SCREEN-ONLY; A=1 => the reference keeps bookkeeping the screen does not carry
x.abovefill           0        0        0
    cursor UP x3 onto the APOSTROPHE row itself. A=0 on any reading -- a line that BEGINS with ' is a REM however far forward the walker goes. Included to show the UP count spans the two rows it is meant to

=== x.plain screens
  vg8020   r00:Ok | r01:A=A+1:PRINT A | r02: 2 | r03:Ok | r04:PRINT"ZQ";A;"QZ" | r05:ZQ 2 QZ | r06:Ok | r23:color   auto    goto    list    run
  cf3300   r00:Ok | r01:A=A+1:PRINT A | r02: 2 | r03:Ok | r04:PRINT"ZQ";A;"QZ" | r05:ZQ 2 QZ | r06:Ok | r23:color   auto    goto    list    run
  zb       r00:ZBA=A+1:PRINT A | r01: 1 | r02:ZB | r03:ZBPRINT"ZQ";A;"QZ" | r04:ZQ 1 QZ | r05:ZB

=== x.noup screens
  vg8020   r00:Ok | r01:PRINT STRING$(40,"'");"A=A+1:PRINT A" | r02:'''''''''''''''''''''''''''''''''''''''' | r03:A=A+1:PRINT A | r04:Ok | r05:PRINT"ZQ";A;"QZ" | r06:ZQ 0 QZ | r07:Ok | r23:color   auto    goto    list    run
  cf3300   r00:Ok | r01:PRINT STRING$(40,"'");"A=A+1:PRINT A" | r02:'''''''''''''''''''''''''''''''''''''''' | r03:A=A+1:PRINT A | r04:Ok | r05:PRINT"ZQ";A;"QZ" | r06:ZQ 0 QZ | r07:Ok | r23:color   auto    goto    list    run
  zb       r00:ZBPRINT STRING$(40,"'");"A=A+1:PRINT A" | r01:'''''''''''''''''''''''''''''''''''''''' | r02:A=A+1:PRINT A | r03:ZBPRINT"ZQ";A;"QZ" | r04:ZQ 0 QZ | r05:ZB

=== x.reenter screens
  vg8020   r00:Ok | r01:PRINT STRING$(40,"'");"A=A+1:PRINT A" | r02:'''''''''''''''''''''''''''''''''''''''' | r03:A=A+1:PRINT A | r04:Ok | r05:PRINT"ZQ";A;"QZ" | r06:ZQ 0 QZ | r07:Ok | r23:color   auto    goto    list    run
  cf3300   r00:Ok | r01:PRINT STRING$(40,"'");"A=A+1:PRINT A" | r02:'''''''''''''''''''''''''''''''''''''''' | r03:A=A+1:PRINT A | r04:Ok | r05:PRINT"ZQ";A;"QZ" | r06:ZQ 0 QZ | r07:Ok | r23:color   auto    goto    list    run
  zb       r00:ZBPRINT STRING$(40,"'");"A=A+1:PRINT A" | r01:'''''''''''''''''''''''''''''''''''''''' | r02:A=A+1:PRINT A | r03:ZB | r04:ZBPRINT"ZQ";A;"QZ" | r05:ZQ 0 QZ | r06:ZB

=== x.vpoke screens
  vg8020   r00:Ok | r01:LOCATE 0,5:PRINT"A=A+1:PRINT A" | r04:'''''''''''''''''''''''''''''''''''''''' | r05:A=A+1:PRINT A | r06: 1 | r07:OkRI=0TO39:VPOKE160+I,39:NEXT | r08:PRINT"ZQ";A;"QZ" | r09:ZQ 1 QZ | r10:Ok | r23:color   auto    goto    list    run
  cf3300   r00:Ok | r01:LOCATE 0,5:PRINT"A=A+1:PRINT A" | r04:'''''''''''''''''''''''''''''''''''''''' | r05:A=A+1:PRINT A | r06: 1 | r07:OkRI=0TO39:VPOKE160+I,39:NEXT | r08:PRINT"ZQ";A;"QZ" | r09:ZQ 1 QZ | r10:Ok | r23:color   auto    goto    list    run
  zb       r00:ZBLOCATE 0,5:PRINT"A=A+1:PRINT A" | r04:'''''''''''''''''''''''''''''''''''''''' | r05:A=A+1:PRINT A | r06:ZBFORI=0TO39:VPOKE160+I,39:NEXT | r07:ZB | r08:ZBPRINT"ZQ";A;"QZ" | r09:ZQ 0 QZ | r10:ZB

=== x.abovefill screens
  vg8020   r00:Ok | r01:PRINT STRING$(40,"'");"A=A+1:PRINT A" | r02:'''''''''''''''''''''''''''''''''''''''' | r03:A=A+1:PRINT A | r04:Ok | r05:PRINT"ZQ";A;"QZ" | r06:ZQ 0 QZ | r07:Ok | r23:color   auto    goto    list    run
  cf3300   r00:Ok | r01:PRINT STRING$(40,"'");"A=A+1:PRINT A" | r02:'''''''''''''''''''''''''''''''''''''''' | r03:A=A+1:PRINT A | r04:Ok | r05:PRINT"ZQ";A;"QZ" | r06:ZQ 0 QZ | r07:Ok | r23:color   auto    goto    list    run
  zb       r00:ZBPRINT STRING$(40,"'");"A=A+1:PRINT A" | r01:'''''''''''''''''''''''''''''''''''''''' | r02:A=A+1:PRINT A | r03:ZB | r04:ZBPRINT"ZQ";A;"QZ" | r05:ZQ 0 QZ | r06:ZB

🎯 THE BOUNDARY READING is the PAIR, not either row alone:
     x.reenter (PRINT-wrapped fill) {'vg8020': 0, 'cf3300': 0, 'zb': 0}
     x.vpoke   (VPOKE fill, no CHPUT) {'vg8020': 1, 'cf3300': 1, 'zb': 0}
  => the PRINT wrap was walked and the VPOKE fill was NOT: the reference keeps CONTINUATION STATE the screen does not carry, and zerobas would have to keep its own. That is a real cost the placement scout did not price.
refcache: 0 hit, 3 miss, 3 stored
