python3 tools/check_todo_markers.py
86 open blocks (todo_inventory.py agrees: 86)
  🤖  AUTONOMOUS       36   <- the /loop picks from here
  🔭  SCOUT-THEN-ASK    4
  🙋  NEEDS-JOOST      34
  ⛔  BLOCKED           9
  🔁  STANDING          3

5 block(s) where a marker EMOJI appears without being a marker (informational -- prose may name a bucket):
  line  1931  emoji=🙋🤖         marker=🤖          📊 **THE CORRECTNESS SCOREBOARD — WHAT "FULL CORRECTNESS" ACTUALLY
  line  2070  emoji=🔁🤖         marker=🤖          🔁 **STANDING TIER (Joost, 2026-08-31): WHEN THE 🤖 QUEUE DRAINS, REVIEW
  line  3056  emoji=🔭🙋         marker=🙋          🔴 **`KEY n,"str"` AND `KEY LIST` ARE UNIMPLEMENTED — A WELL-FORMED
  line  3495  emoji=🙋🤖         marker=🤖          🐌 **THE INTERPRETER IS 2.5–3.8× SLOWER THAN THE CF-3300 — ON EVERYTHING,
  line  7572  emoji=🙋🤖         marker=🤖          🐌 **`PUT` IS SLOWER THAN THE REFERENCE — AND THE "UNTRAPPABLE HANG" THIS
python3 tools/wall_assertion_check.py
== live walls ==
   page-0 low region free = 26 B
   page-1 free = 2 B
   sub page 0 free = 1339 B
   sub page 1 free = 798 B

== denominator ==
   86 open item(s) in TODO.md; 17 mention a free-space figure

== UNDATED FREE-SPACE ASSERTIONS (gating) ==
   none — every open item that quotes a wall says WHEN it was read
