  vg8020 captured
  cf3300 captured
  zb captured

row              vg8020   cf3300       zb   A = times the payload executed
x.plain               2        2        1
    POSITIVE CONTROL: no apostrophes, executed then re-entered. MUST read A=2 on both references (D-EDITSCOUT's own row) and A=1 on zerobas
x.noup                0        0        0
    BASELINE: the two-row screen is built and NOTHING is re-entered. The payload is PRINTED text, never executed, so A=0 everywhere
x.reenter             0        0        0
    cursor UP x2 onto the PAYLOAD row, Enter. A=1 => the row was taken ALONE (boundary at the row start); A=0 => the filled row above was taken too and the leading ' REM'd the line
x.abovefill           0        0        0
    cursor UP x3 onto the APOSTROPHE row itself. A=0 on any reading -- a line that BEGINS with ' is a REM however far forward the walker goes. Included to show the UP count spans the two rows it is meant to

=== x.plain screens
  vg8020   r00:Ok | r01:A=A+1:PRINT A | r02: 2 | r03:Ok | r04:PRINT"ZQ";A;"QZ" | r05:ZQ 2 QZ | r06:Ok | r23:color   auto    goto    list    run
  cf3300   r00:Ok | r01:A=A+1:PRINT A | r02: 2 | r03:Ok | r04:PRINT"ZQ";A;"QZ" | r05:ZQ 2 QZ | r06:Ok | r23:color   auto    goto    list    run
  zb       r00:ZBA=A+1:PRINT A | r01: 1 | r02:ZB | r03:ZBPRINT"ZQ";A;"QZ" | r04:ZQ 1 QZ | r05:ZB

=== x.noup screens
  vg8020   r00:Ok | r01:PRINT STRING$(40,"'");"A=A+1:PRINT A" | r02:'''''''''''''''''''''''''''''''''''''''' | r03:A=A+1:PRINT A | r04:Ok | r05:PRINT"ZQ";A;"QZ" | r06:ZQ 0 QZ | r07:Ok | r23:color   auto    goto    list    run
  cf3300   r00:Ok | r01:PRINT STRING$(40,"'");"A=A+1:PRINT A" | r02:'''''''''''''''''''''''''''''''''''''''' | r03:A=A+1:PRINT A | r04:Ok | r05:PRINT"ZQ";A;"QZ" | r06:ZQ 0 QZ | r07:Ok | r23:color   auto    goto    list    run
  zb       r00:ZBPRINT STRING$(40,"'");"A=A+1:PRINT A" | r01:'''''''''''''''''''''''''''''''''''''''' | r02:A=A+1:PRINT A | r03:ZBPRINT"ZQ";A;"QZ" | r04:ZQ 0 QZ | r05:ZB

=== x.reenter screens
  vg8020   r00:Ok | r01:PRINT STRING$(40,"'");"A=A+1:PRINT A" | r02:'''''''''''''''''''''''''''''''''''''''' | r03:A=A+1:PRINT A | r04:Ok | r05:PRINT"ZQ";A;"QZ" | r06:ZQ 0 QZ | r07:Ok | r23:color   auto    goto    list    run
  cf3300   r00:Ok | r01:PRINT STRING$(40,"'");"A=A+1:PRINT A" | r02:'''''''''''''''''''''''''''''''''''''''' | r03:A=A+1:PRINT A | r04:Ok | r05:PRINT"ZQ";A;"QZ" | r06:ZQ 0 QZ | r07:Ok | r23:color   auto    goto    list    run
  zb       r00:ZBPRINT STRING$(40,"'");"A=A+1:PRINT A" | r01:'''''''''''''''''''''''''''''''''''''''' | r02:A=A+1:PRINT A | r03:ZB | r04:ZBPRINT"ZQ";A;"QZ" | r05:ZQ 0 QZ | r06:ZB

=== x.abovefill screens
  vg8020   r00:Ok | r01:PRINT STRING$(40,"'");"A=A+1:PRINT A" | r02:'''''''''''''''''''''''''''''''''''''''' | r03:A=A+1:PRINT A | r04:Ok | r05:PRINT"ZQ";A;"QZ" | r06:ZQ 0 QZ | r07:Ok | r23:color   auto    goto    list    run
  cf3300   r00:Ok | r01:PRINT STRING$(40,"'");"A=A+1:PRINT A" | r02:'''''''''''''''''''''''''''''''''''''''' | r03:A=A+1:PRINT A | r04:Ok | r05:PRINT"ZQ";A;"QZ" | r06:ZQ 0 QZ | r07:Ok | r23:color   auto    goto    list    run
  zb       r00:ZBPRINT STRING$(40,"'");"A=A+1:PRINT A" | r01:'''''''''''''''''''''''''''''''''''''''' | r02:A=A+1:PRINT A | r03:ZB | r04:ZBPRINT"ZQ";A;"QZ" | r05:ZQ 0 QZ | r06:ZB

🎯 THE BOUNDARY READING is `x.reenter`: 1 = the walker stops at the row start, 0 = it walks back through a filled row. That is the rule a zerobas VRAM reader would have to match.
refcache: 0 hit, 3 miss, 3 stored
