python3 tools/build_patches.py --main --cbios ~/projects/cbios
Depending: src/basic.asm
Depending: src/disk.asm
Depending: src/music.asm
Depending: src/logo_msx2+.asm
Depending: src/logo_msx2.asm
Depending: src/logo_msx1.asm
Depending: src/sub.asm
Depending: src/main_msx2+_br.asm
Depending: src/main_msx2+_jp.asm
Depending: src/main_msx2+_eu.asm
Depending: src/main_msx2+.asm
Depending: src/main_msx2_br.asm
Depending: src/main_msx2_jp.asm
Depending: src/main_msx2_eu.asm
Depending: src/main_msx2.asm
Depending: src/main_msx1_br.asm
Depending: src/main_msx1_jp.asm
Depending: src/main_msx1_eu.asm
Depending: src/main_msx1.asm
Depending: src/basic_tables.asm
Depending: src/debug.asm
Depending: src/hardware.asm
Depending: src/systemvars.asm
Depending: src/hooks.asm
Depending: src/logo.asm
Depending: src/video.asm
Depending: src/slot.asm
Depending: src/util.asm
Depending: src/main.asm
Depending: src/scancodes_jp.asm
Depending: src/scancodes_de.asm
Depending: src/scancodes_fr.asm
Depending: src/scancodes_uk.asm
Depending: src/scancodes_us.asm
Depending: src/locale.asm
Creating: derived/asm/version.asm
Depending: derived/asm/version.asm
Depending: src/font.asm
Depending: src/inlin.asm
Depending: src/chput.asm
Depending: src/font_us.asm
Depending: src/font_br.asm
Depending: src/font_jp.asm
Assembling: src/main_msx1_eu.asm
WARNING: Var AMPLTX is never used on line 896 of file systemvars.asm
WARNING: Var ARG is never used on line 601 of file systemvars.asm
WARNING: Var ARG_ is never used on line 350 of file systemvars.asm
WARNING: Var ARYTA2 is never used on line 560 of file systemvars.asm
WARNING: Var ARYTAB is never used on line 517 of file systemvars.asm
WARNING: Var ASPCT1 is never used on line 272 of file systemvars.asm
WARNING: Var ASPCT2 is never used on line 278 of file systemvars.asm
WARNING: Var ASPECT is never used on line 696 of file systemvars.asm
WARNING: Var AUTINC is never used on line 472 of file systemvars.asm
WARNING: Var AUTLIN is never used on line 469 of file systemvars.asm
WARNING: Var AVCSAV is never used on line 816 of file systemvars.asm
WARNING: Var BASROM is never used on line 920 of file systemvars.asm
WARNING: Var BRDATR is never used on line 1093 of file systemvars.asm
WARNING: Var BUF is never used on line 340 of file systemvars.asm
WARNING: Var BUFMIN is never used on line 336 of file systemvars.asm
WARNING: Var CAPST is never used on line 1069 of file systemvars.asm
WARNING: Var CASPRV is never used on line 1092 of file systemvars.asm
WARNING: Var CDUMMY is never used on line 349 of file systemvars.asm
WARNING: Var CENCNT is never used on line 700 of file systemvars.asm
WARNING: Var CHRCNT is never used on line 822 of file systemvars.asm
WARNING: Var CLIKSW is never used on line 151 of file systemvars.asm
WARNING: Var CLINEF is never used on line 706 of file systemvars.asm
WARNING: Var CLMLST is never used on line 70 of file systemvars.asm
WARNING: Var CNPNTS is never used on line 709 of file systemvars.asm
WARNING: Var CNSDFG is never used on line 164 of file systemvars.asm
WARNING: Var CONLO is never used on line 406 of file systemvars.asm
WARNING: Var CONSAV is never used on line 397 of file systemvars.asm
WARNING: Var CONTXT is never used on line 382 of file systemvars.asm
WARNING: Var CONTYP is never used on line 402 of file systemvars.asm
WARNING: Var CPCNT is never used on line 717 of file systemvars.asm
WARNING: Var CPCNT8 is never used on line 721 of file systemvars.asm
WARNING: Var CPLOTF is never used on line 714 of file systemvars.asm
WARNING: Var CRCSUM is never used on line 724 of file systemvars.asm
WARNING: Var CS120 is never used on line 243 of file systemvars.asm
WARNING: Var CS240 is never used on line 251 of file systemvars.asm
WARNING: Var CSAVEA is never used on line 735 of file systemvars.asm
WARNING: Var CSAVEM is never used on line 738 of file systemvars.asm
WARNING: Var CSCLXY is never used on line 732 of file systemvars.asm
WARNING: Var CSTCNT is never used on line 728 of file systemvars.asm
WARNING: Var CURLIN is never used on line 324 of file systemvars.asm
WARNING: Var CXOFF is never used on line 741 of file systemvars.asm
WARNING: Var CYOFF is never used on line 744 of file systemvars.asm
WARNING: Var DAC is never used on line 595 of file systemvars.asm
WARNING: Var DATLIN is never used on line 447 of file systemvars.asm
WARNING: Var DATPTR is never used on line 524 of file systemvars.asm
WARNING: Var DECCNT is never used on line 584 of file systemvars.asm
WARNING: Var DECTM2 is never used on line 583 of file systemvars.asm
WARNING: Var DECTMP is never used on line 582 of file systemvars.asm
WARNING: Var DEFTBL is never used on line 529 of file systemvars.asm
WARNING: Var DIMFLG is never used on line 361 of file systemvars.asm
WARNING: Var DISPADDR is never used on line 40 of file main.asm
WARNING: Var DONUM is never used on line 378 of file systemvars.asm
WARNING: Var DORES is never used on line 374 of file systemvars.asm
WARNING: Var DOT is never used on line 486 of file systemvars.asm
WARNING: Var DPPAGE is never used on line 812 of file systemvars.asm
WARNING: Var DRVINF is never used on line 840 of file systemvars.asm
WARNING: Var DRWANG is never used on line 1099 of file systemvars.asm
WARNING: Var DRWFLG is never used on line 1098 of file systemvars.asm
WARNING: Var DSCTMP is never used on line 430 of file systemvars.asm
WARNING: Var DX is never used on line 345 of file systemvars.asm
WARNING: Var DY is never used on line 346 of file systemvars.asm
WARNING: Var ENDBUF is never used on line 354 of file systemvars.asm
WARNING: Var ENDFOR is never used on line 444 of file systemvars.asm
WARNING: Var ENDPRG is never used on line 283 of file systemvars.asm
WARNING: Var ENSTOP is never used on line 916 of file systemvars.asm
WARNING: Var ENVLPX is never used on line 902 of file systemvars.asm
WARNING: Var ENVPRX is never used on line 897 of file systemvars.asm
WARNING: Var ERRFLG is never used on line 287 of file systemvars.asm
WARNING: Var ERRLIN is never used on line 483 of file systemvars.asm
WARNING: Var ERRTXT is never used on line 491 of file systemvars.asm
WARNING: Var FBUFFR is never used on line 581 of file systemvars.asm
WARNING: Var FILNAM is never used on line 631 of file systemvars.asm
WARNING: Var FILNM2 is never used on line 634 of file systemvars.asm
WARNING: Var FILTAB is never used on line 615 of file systemvars.asm
WARNING: Var FLBMEM is never used on line 1089 of file systemvars.asm
WARNING: Var FLKINP is never used on line 455 of file systemvars.asm
WARNING: Var FNKFLG is never used on line 940 of file systemvars.asm
WARNING: Var FNKSWI is never used on line 936 of file systemvars.asm
WARNING: Var FRCNEW is never used on line 215 of file systemvars.asm
WARNING: Var FRETOP is never used on line 435 of file systemvars.asm
WARNING: Var FUNACT is never used on line 571 of file systemvars.asm
WARNING: Var GXPOS is never used on line 1094 of file systemvars.asm
WARNING: Var GYPOS is never used on line 1095 of file systemvars.asm
WARNING: Var G_LOF is never used on line 194 of file hooks.asm
WARNING: Var HEADER is never used on line 265 of file systemvars.asm
WARNING: Var HIGH_ is never used on line 261 of file systemvars.asm
WARNING: Var HOLD is never used on line 600 of file systemvars.asm
WARNING: Var HOLD2 is never used on line 599 of file systemvars.asm
WARNING: Var HOLD8 is never used on line 598 of file systemvars.asm
WARNING: Var H_ATTR is never used on line 115 of file hooks.asm
WARNING: Var H_BAKU is never used on line 203 of file hooks.asm
WARNING: Var H_BEXT is never used on line 375 of file hooks.asm
WARNING: Var H_BINL is never used on line 170 of file hooks.asm
WARNING: Var H_BINS is never used on line 167 of file hooks.asm
WARNING: Var H_BUFL is never used on line 339 of file hooks.asm
WARNING: Var H_CLEA is never used on line 225 of file hooks.asm
WARNING: Var H_CMD is never used on line 106 of file hooks.asm
WARNING: Var H_COMP is never used on line 306 of file hooks.asm
WARNING: Var H_COPY is never used on line 103 of file hooks.asm
WARNING: Var H_CRDO is never used on line 240 of file hooks.asm
WARNING: Var H_CRUN is never used on line 270 of file hooks.asm
WARNING: Var H_CRUS is never used on line 273 of file hooks.asm
WARNING: Var H_CVD is never used on line 142 of file hooks.asm
WARNING: Var H_CVI is never used on line 136 of file hooks.asm
WARNING: Var H_CVS is never used on line 139 of file hooks.asm
WARNING: Var H_DEVN is never used on line 215 of file hooks.asm
WARNING: Var H_DGET is never used on line 176 of file hooks.asm
WARNING: Var H_DIRD is never used on line 261 of file hooks.asm
WARNING: Var H_DSKC is never used on line 243 of file hooks.asm
WARNING: Var H_DSKF is never used on line 109 of file hooks.asm
WARNING: Var H_DSKI is never used on line 112 of file hooks.asm
WARNING: Var H_DSKO is never used on line 88 of file hooks.asm
WARNING: Var H_DSPC is never used on line 42 of file hooks.asm
WARNING: Var H_DSPF is never used on line 48 of file hooks.asm
WARNING: Var H_EOF is never used on line 197 of file hooks.asm
WARNING: Var H_ERAC is never used on line 45 of file hooks.asm
WARNING: Var H_ERAF is never used on line 51 of file hooks.asm
WARNING: Var H_ERRF is never used on line 252 of file hooks.asm
WARNING: Var H_ERRO is never used on line 360 of file hooks.asm
WARNING: Var H_ERRP is never used on line 249 of file hooks.asm
WARNING: Var H_EVAL is never used on line 321 of file hooks.asm
WARNING: Var H_FIEL is never used on line 124 of file hooks.asm
WARNING: Var H_FILE is never used on line 173 of file hooks.asm
WARNING: Var H_FILO is never used on line 179 of file hooks.asm
WARNING: Var H_FINE is never used on line 267 of file hooks.asm
WARNING: Var H_FING is never used on line 327 of file hooks.asm
WARNING: Var H_FINI is never used on line 264 of file hooks.asm
WARNING: Var H_FINP is never used on line 309 of file hooks.asm
WARNING: Var H_FPOS is never used on line 200 of file hooks.asm
WARNING: Var H_FRET is never used on line 348 of file hooks.asm
WARNING: Var H_FRME is never used on line 315 of file hooks.asm
WARNING: Var H_FRQI is never used on line 342 of file hooks.asm
WARNING: Var H_GEND is never used on line 218 of file hooks.asm
WARNING: Var H_GETP is never used on line 145 of file hooks.asm
WARNING: Var H_GONE is never used on line 294 of file hooks.asm
WARNING: Var H_INDS is never used on line 182 of file hooks.asm
WARNING: Var H_INIP is never used on line 61 of file hooks.asm
WARNING: Var H_INLI is never used on line 82 of file hooks.asm
WARNING: Var H_IPL is never used on line 100 of file hooks.asm
WARNING: Var H_ISFL is never used on line 234 of file hooks.asm
WARNING: Var H_ISMI is never used on line 330 of file hooks.asm
WARNING: Var H_ISRE is never used on line 277 of file hooks.asm
WARNING: Var H_KEYC is never used on line 66 of file hooks.asm
WARNING: Var H_KILL is never used on line 97 of file hooks.asm
WARNING: Var H_KYEA is never used on line 70 of file hooks.asm
WARNING: Var H_LIST is never used on line 336 of file hooks.asm
WARNING: Var H_LOC is never used on line 191 of file hooks.asm
WARNING: Var H_LOPD is never used on line 228 of file hooks.asm
WARNING: Var H_LSET is never used on line 118 of file hooks.asm
WARNING: Var H_MAIN is never used on line 258 of file hooks.asm
WARNING: Var H_MERG is never used on line 161 of file hooks.asm
WARNING: Var H_MKDS is never used on line 133 of file hooks.asm
WARNING: Var H_MKIS is never used on line 127 of file hooks.asm
WARNING: Var H_MKSS is never used on line 130 of file hooks.asm
WARNING: Var H_NAME is never used on line 94 of file hooks.asm
WARNING: Var H_NEWS is never used on line 291 of file hooks.asm
WARNING: Var H_NODE is never used on line 209 of file hooks.asm
WARNING: Var H_NOFO is never used on line 152 of file hooks.asm
WARNING: Var H_NOTR is never used on line 285 of file hooks.asm
WARNING: Var H_NTFL is never used on line 158 of file hooks.asm
WARNING: Var H_NTFN is never used on line 281 of file hooks.asm
WARNING: Var H_NTPL is never used on line 318 of file hooks.asm
WARNING: Var H_NULO is never used on line 155 of file hooks.asm
WARNING: Var H_OKNO is never used on line 324 of file hooks.asm
WARNING: Var H_ONGO is never used on line 85 of file hooks.asm
WARNING: Var H_PARD is never used on line 206 of file hooks.asm
WARNING: Var H_PLAY is never used on line 372 of file hooks.asm
WARNING: Var H_POSD is never used on line 212 of file hooks.asm
WARNING: Var H_PRGE is never used on line 246 of file hooks.asm
WARNING: Var H_PRTF is never used on line 303 of file hooks.asm
WARNING: Var H_PTRG is never used on line 351 of file hooks.asm
WARNING: Var H_READ is never used on line 255 of file hooks.asm
WARNING: Var H_RETU is never used on line 300 of file hooks.asm
WARNING: Var H_RSET is never used on line 121 of file hooks.asm
WARNING: Var H_RSLF is never used on line 185 of file hooks.asm
WARNING: Var H_SAVD is never used on line 188 of file hooks.asm
WARNING: Var H_SAVE is never used on line 164 of file hooks.asm
WARNING: Var H_SCNE is never used on line 345 of file hooks.asm
WARNING: Var H_SCRE is never used on line 369 of file hooks.asm
WARNING: Var H_SETF is never used on line 148 of file hooks.asm
WARNING: Var H_SETS is never used on line 91 of file hooks.asm
WARNING: Var H_SNGF is never used on line 288 of file hooks.asm
WARNING: Var H_TRMN is never used on line 312 of file hooks.asm
WARNING: Var H_WIDT is never used on line 333 of file hooks.asm
WARNING: Var INTCNT is never used on line 1030 of file systemvars.asm
WARNING: Var INTFLG is never used on line 1012 of file systemvars.asm
WARNING: Var INTVAL is never used on line 1025 of file systemvars.asm
WARNING: Var KANAMD is never used on line 1083 of file systemvars.asm
WARNING: Var KANAST is never used on line 1079 of file systemvars.asm
WARNING: Var KBFMIN is never used on line 328 of file systemvars.asm
WARNING: Var KBUF is never used on line 332 of file systemvars.asm
WARNING: Var LASTSTAC is never used on line 41 of file main.asm
WARNING: Var LFPROG is never used on line 772 of file systemvars.asm
WARNING: Var LIMPNT is never used on line 959 of file systemvars.asm
WARNING: Var LOCAL_BASIC_JP is never used on line 115 of file hardware.asm
WARNING: Var LOCAL_CHSET_KO is never used on line 95 of file hardware.asm
WARNING: Var LOCAL_DATE_MDY is never used on line 102 of file hardware.asm
WARNING: Var LOCAL_DATE_YMD is never used on line 101 of file hardware.asm
WARNING: Var LOGOPR is never used on line 836 of file systemvars.asm
WARNING: Var LOHADR is never used on line 757 of file systemvars.asm
WARNING: Var LOHCNT is never used on line 760 of file systemvars.asm
WARNING: Var LOHDIR is never used on line 754 of file systemvars.asm
WARNING: Var LOHMSK is never used on line 751 of file systemvars.asm
WARNING: Var LOWLIM is never used on line 1034 of file systemvars.asm
WARNING: Var LOW_ is never used on line 256 of file systemvars.asm
WARNING: Var L_OP is never used on line 351 of file systemvars.asm
WARNING: Var MAXDEL is never used on line 685 of file systemvars.asm
WARNING: Var MAXFIL is never used on line 612 of file systemvars.asm
WARNING: Var MAXUPD is never used on line 199 of file systemvars.asm
WARNING: Var MCLFLG is never used on line 785 of file systemvars.asm
WARNING: Var MCLLEN is never used on line 862 of file systemvars.asm
WARNING: Var MCLPTR is never used on line 865 of file systemvars.asm
WARNING: Var MCLSEX is never used on line 904 of file systemvars.asm
WARNING: Var MCLSTX is never used on line 903 of file systemvars.asm
WARNING: Var MCLTAB is never used on line 781 of file systemvars.asm
WARNING: Var MEMSIZ is never used on line 410 of file systemvars.asm
WARNING: Var METREX is never used on line 889 of file systemvars.asm
WARNING: Var MINDEL is never used on line 684 of file systemvars.asm
WARNING: Var MINUPD is never used on line 203 of file systemvars.asm
WARNING: Var MLTCOL is never used on line 135 of file systemvars.asm
WARNING: Var MODE is never used on line 828 of file systemvars.asm
WARNING: Var MODEL_MSX2 is never used on line 85 of file hardware.asm
WARNING: Var MODEL_MSX2P is never used on line 86 of file hardware.asm
WARNING: Var MOVCNT is never used on line 766 of file systemvars.asm
WARNING: Var MUSICF is never used on line 874 of file systemvars.asm
WARNING: Var NLONLY is never used on line 638 of file systemvars.asm
WARNING: Var NOFUNS is never used on line 564 of file systemvars.asm
WARNING: Var NOTELX is never used on line 899 of file systemvars.asm
WARNING: Var NTICSX is never used on line 894 of file systemvars.asm
WARNING: Var NTMSXP is never used on line 301 of file systemvars.asm
WARNING: Var NULBUF is never used on line 618 of file systemvars.asm
WARNING: Var NX is never used on line 347 of file systemvars.asm
WARNING: Var NY is never used on line 348 of file systemvars.asm
WARNING: Var OCTAVX is never used on line 898 of file systemvars.asm
WARNING: Var OLDLIN is never used on line 506 of file systemvars.asm
WARNING: Var OLDTXT is never used on line 509 of file systemvars.asm
WARNING: Var ONEFLG is never used on line 500 of file systemvars.asm
WARNING: Var ONELIN is never used on line 495 of file systemvars.asm
WARNING: Var ONGSBF is never used on line 943 of file systemvars.asm
WARNING: Var PADX is never used on line 1018 of file systemvars.asm
WARNING: Var PADY is never used on line 1015 of file systemvars.asm
WARNING: Var PARM1 is never used on line 542 of file systemvars.asm
WARNING: Var PARM2 is never used on line 551 of file systemvars.asm
WARNING: Var PDIREC is never used on line 769 of file systemvars.asm
WARNING: Var PLYCNT is never used on line 877 of file systemvars.asm
WARNING: Var PRMDRV is never used on line 545 of file systemvars.asm
WARNING: Var PRMFLG is never used on line 555 of file systemvars.asm
WARNING: Var PRMLEN is never used on line 538 of file systemvars.asm
WARNING: Var PRMLN2 is never used on line 548 of file systemvars.asm
WARNING: Var PRMSTK is never used on line 535 of file systemvars.asm
WARNING: Var PROCNM is never used on line 1136 of file systemvars.asm
WARNING: Var PRSCNT is never used on line 850 of file systemvars.asm
WARNING: Var PRTFLG is never used on line 295 of file systemvars.asm
WARNING: Var PTRFLG is never used on line 462 of file systemvars.asm
WARNING: Var QLENGX is never used on line 893 of file systemvars.asm
WARNING: Var QUEBAK is never used on line 803 of file systemvars.asm
WARNING: Var QUEUEN is never used on line 868 of file systemvars.asm
WARNING: Var RAWPRT is never used on line 308 of file systemvars.asm
WARNING: Var RG25SAV is never used on line 1163 of file systemvars.asm
WARNING: Var RG2SAV is never used on line 170 of file systemvars.asm
WARNING: Var RG3SAV is never used on line 171 of file systemvars.asm
WARNING: Var RG4SAV is never used on line 172 of file systemvars.asm
WARNING: Var RG5SAV is never used on line 173 of file systemvars.asm
WARNING: Var RG6SAV is never used on line 174 of file systemvars.asm
WARNING: Var RG7SAV is never used on line 175 of file systemvars.asm
WARNING: Var RG8SAV is never used on line 1149 of file systemvars.asm
WARNING: Var RNDX is never used on line 604 of file systemvars.asm
WARNING: Var ROMA is never used on line 825 of file systemvars.asm
WARNING: Var RS2IQ is never used on line 809 of file systemvars.asm
WARNING: Var RTC_ADDR is never used on line 55 of file hardware.asm
WARNING: Var RTC_DATA is never used on line 56 of file hardware.asm
WARNING: Var RTPROG is never used on line 775 of file systemvars.asm
WARNING: Var RTYCNT is never used on line 1008 of file systemvars.asm
WARNING: Var RUNBNF is never used on line 1100 of file systemvars.asm
WARNING: Var RUNFLG is never used on line 625 of file systemvars.asm
WARNING: Var SAVEND is never used on line 644 of file systemvars.asm
WARNING: Var SAVENT is never used on line 1101 of file systemvars.asm
WARNING: Var SAVSP is never used on line 853 of file systemvars.asm
WARNING: Var SAVSTK is never used on line 480 of file systemvars.asm
WARNING: Var SAVTXT is never used on line 476 of file systemvars.asm
WARNING: Var SAVVOL is never used on line 859 of file systemvars.asm
WARNING: Var SKPCNT is never used on line 763 of file systemvars.asm
WARNING: Var SLTWRK is never used on line 1130 of file systemvars.asm
WARNING: Var SP_REGS is never used on line 42 of file main.asm
WARNING: Var STREND is never used on line 521 of file systemvars.asm
WARNING: Var SUBFLG is never used on line 452 of file systemvars.asm
WARNING: Var SWPTMP is never used on line 575 of file systemvars.asm
WARNING: Var SX is never used on line 343 of file systemvars.asm
WARNING: Var SY is never used on line 344 of file systemvars.asm
WARNING: Var SYSFLAGS is never used on line 58 of file hardware.asm
WARNING: Var TEMP3 is never used on line 438 of file systemvars.asm
WARNING: Var TEMP8 is never used on line 441 of file systemvars.asm
WARNING: Var TEMP9 is never used on line 568 of file systemvars.asm
WARNING: Var TEMPOX is never used on line 900 of file systemvars.asm
WARNING: Var TEMPPT is never used on line 421 of file systemvars.asm
WARNING: Var TEMPST is never used on line 426 of file systemvars.asm
WARNING: Var TONPRX is never used on line 895 of file systemvars.asm
WARNING: Var TRCFLG is never used on line 578 of file systemvars.asm
WARNING: Var TRPTBL is never used on line 1005 of file systemvars.asm
WARNING: Var TXTCOL is never used on line 77 of file systemvars.asm
WARNING: Var TXTTAB is never used on line 417 of file systemvars.asm
WARNING: Var USRTAB is never used on line 51 of file systemvars.asm
WARNING: Var VALTYP is never used on line 369 of file systemvars.asm
WARNING: Var VARTAB is never used on line 513 of file systemvars.asm
WARNING: Var VCBB is never used on line 882 of file systemvars.asm
WARNING: Var VCBC is never used on line 884 of file systemvars.asm
WARNING: Var VCXLEN is never used on line 890 of file systemvars.asm
WARNING: Var VCXPTR is never used on line 891 of file systemvars.asm
WARNING: Var VCXSTP is never used on line 892 of file systemvars.asm
WARNING: Var VDP_PALT is never used on line 43 of file hardware.asm
WARNING: Var VDP_REGS is never used on line 44 of file hardware.asm
WARNING: Var VLZADR is never used on line 316 of file systemvars.asm
WARNING: Var VLZDAT is never used on line 320 of file systemvars.asm
WARNING: Var VOLUMX is never used on line 901 of file systemvars.asm
WARNING: Var WINWID is never used on line 1035 of file systemvars.asm
WARNING: Var XSAVE is never used on line 832 of file systemvars.asm
WARNING: Var YSAVE is never used on line 835 of file systemvars.asm
WARNING: Var bigfil is never used on line 1364 of file video.asm
WARNING: Var chknew is never used on line 1350 of file video.asm
WARNING: Var chkram_pslot_end is never used on line 736 of file main.asm
WARNING: Var clrspr_attr_spritemode2 is never used on line 521 of file video.asm
WARNING: Var fetchc_text is never used on line 2286 of file video.asm
WARNING: Var grpprt_text is never used on line 1343 of file video.asm
WARNING: Var idbyt1 is never used on line 105 of file main.asm
WARNING: Var idbyt2 is never used on line 116 of file main.asm
WARNING: Var joy_end is never used on line 2329 of file main.asm
WARNING: Var mapxy_text is never used on line 2275 of file video.asm
WARNING: Var nrdvrm is never used on line 1460 of file video.asm
WARNING: Var nwrvrm is never used on line 1473 of file video.asm
WARNING: Var print_debug_hexword is never used on line 87 of file debug.asm
WARNING: Var romid is never used on line 127 of file main.asm
WARNING: Var scalxy_text is never used on line 2232 of file video.asm
WARNING: Var scode_tbl_code is never used on line 59 of file scancodes_us.asm
WARNING: Var scode_tbl_graph is never used on line 43 of file scancodes_us.asm
WARNING: Var scode_tbl_shift_code is never used on line 67 of file scancodes_us.asm
WARNING: Var scode_tbl_shift_graph is never used on line 51 of file scancodes_us.asm
WARNING: Var search_roms_no is never used on line 915 of file main.asm
WARNING: Var stack_error is never used on line 2995 of file main.asm
WARNING: Var str_proginfo_length is never used on line 3151 of file main.asm
WARNING: Var subrom is never used on line 2938 of file main.asm
WARNING: Var vdp_dr is never used on line 63 of file main.asm
WARNING: Var vdp_dw is never used on line 65 of file main.asm
WARNING: Var vdpsta is never used on line 1490 of file video.asm
WARNING: Var wrtvdp_nosav is never used on line 99 of file video.asm
WARNING: Var wrtvdp_sav is never used on line 94 of file video.asm
Depending: src/basic.asm
Depending: src/disk.asm
Depending: src/music.asm
Depending: src/logo_msx2+.asm
Depending: src/logo_msx2.asm
Depending: src/logo_msx1.asm
Depending: src/sub.asm
Depending: src/main_msx2+_br.asm
Depending: src/main_msx2+_jp.asm
Depending: src/main_msx2+_eu.asm
Depending: src/main_msx2+.asm
Depending: src/main_msx2_br.asm
Depending: src/main_msx2_jp.asm
Depending: src/main_msx2_eu.asm
Depending: src/main_msx2.asm
Depending: src/main_msx1_br.asm
Depending: src/main_msx1_jp.asm
Depending: src/main_msx1_eu.asm
Depending: src/main_msx1.asm
Depending: src/basic_tables.asm
Depending: src/debug.asm
Depending: src/hardware.asm
Depending: src/systemvars.asm
Depending: src/hooks.asm
Depending: src/logo.asm
Depending: src/video.asm
Depending: src/slot.asm
Depending: src/util.asm
Depending: src/main.asm
Depending: src/statements.asm
Depending: src/scancodes_jp.asm
Depending: src/scancodes_de.asm
Depending: src/scancodes_fr.asm
Depending: src/scancodes_uk.asm
Depending: src/scancodes_us.asm
Depending: src/locale.asm
Creating: derived/asm/version.asm
Depending: derived/asm/version.asm
Depending: src/font.asm
Depending: src/inlin.asm
Depending: src/chput.asm
Depending: src/font_us.asm
Depending: src/font_br.asm
Depending: src/font_jp.asm
Assembling: src/main_msx1_eu.asm
WARNING: Var AMPLTX is never used on line 896 of file systemvars.asm
WARNING: Var ARG is never used on line 601 of file systemvars.asm
WARNING: Var ARG_ is never used on line 350 of file systemvars.asm
WARNING: Var ARYTA2 is never used on line 560 of file systemvars.asm
WARNING: Var ARYTAB is never used on line 517 of file systemvars.asm
WARNING: Var ASPCT1 is never used on line 272 of file systemvars.asm
WARNING: Var ASPCT2 is never used on line 278 of file systemvars.asm
WARNING: Var ASPECT is never used on line 696 of file systemvars.asm
WARNING: Var AUTINC is never used on line 472 of file systemvars.asm
WARNING: Var AUTLIN is never used on line 469 of file systemvars.asm
WARNING: Var AVCSAV is never used on line 816 of file systemvars.asm
WARNING: Var BASROM is never used on line 920 of file systemvars.asm
WARNING: Var BRDATR is never used on line 1093 of file systemvars.asm
WARNING: Var BUF is never used on line 340 of file systemvars.asm
WARNING: Var BUFMIN is never used on line 336 of file systemvars.asm
WARNING: Var CAPST is never used on line 1069 of file systemvars.asm
WARNING: Var CASPRV is never used on line 1092 of file systemvars.asm
WARNING: Var CDUMMY is never used on line 349 of file systemvars.asm
WARNING: Var CENCNT is never used on line 700 of file systemvars.asm
WARNING: Var CHRCNT is never used on line 822 of file systemvars.asm
WARNING: Var CLIKSW is never used on line 151 of file systemvars.asm
WARNING: Var CLINEF is never used on line 706 of file systemvars.asm
WARNING: Var CLMLST is never used on line 70 of file systemvars.asm
WARNING: Var CNPNTS is never used on line 709 of file systemvars.asm
WARNING: Var CNSDFG is never used on line 164 of file systemvars.asm
WARNING: Var CONLO is never used on line 406 of file systemvars.asm
WARNING: Var CONSAV is never used on line 397 of file systemvars.asm
WARNING: Var CONTXT is never used on line 382 of file systemvars.asm
WARNING: Var CONTYP is never used on line 402 of file systemvars.asm
WARNING: Var CPCNT is never used on line 717 of file systemvars.asm
WARNING: Var CPCNT8 is never used on line 721 of file systemvars.asm
WARNING: Var CPLOTF is never used on line 714 of file systemvars.asm
WARNING: Var CRCSUM is never used on line 724 of file systemvars.asm
WARNING: Var CS120 is never used on line 243 of file systemvars.asm
WARNING: Var CS240 is never used on line 251 of file systemvars.asm
WARNING: Var CSAVEA is never used on line 735 of file systemvars.asm
WARNING: Var CSAVEM is never used on line 738 of file systemvars.asm
WARNING: Var CSCLXY is never used on line 732 of file systemvars.asm
WARNING: Var CSTCNT is never used on line 728 of file systemvars.asm
WARNING: Var CURLIN is never used on line 324 of file systemvars.asm
WARNING: Var CXOFF is never used on line 741 of file systemvars.asm
WARNING: Var CYOFF is never used on line 744 of file systemvars.asm
WARNING: Var DAC is never used on line 595 of file systemvars.asm
WARNING: Var DATLIN is never used on line 447 of file systemvars.asm
WARNING: Var DATPTR is never used on line 524 of file systemvars.asm
WARNING: Var DECCNT is never used on line 584 of file systemvars.asm
WARNING: Var DECTM2 is never used on line 583 of file systemvars.asm
WARNING: Var DECTMP is never used on line 582 of file systemvars.asm
WARNING: Var DEFTBL is never used on line 529 of file systemvars.asm
WARNING: Var DIMFLG is never used on line 361 of file systemvars.asm
WARNING: Var DISPADDR is never used on line 40 of file main.asm
WARNING: Var DONUM is never used on line 378 of file systemvars.asm
WARNING: Var DORES is never used on line 374 of file systemvars.asm
WARNING: Var DOT is never used on line 486 of file systemvars.asm
WARNING: Var DPPAGE is never used on line 812 of file systemvars.asm
WARNING: Var DRVINF is never used on line 840 of file systemvars.asm
WARNING: Var DRWANG is never used on line 1099 of file systemvars.asm
WARNING: Var DRWFLG is never used on line 1098 of file systemvars.asm
WARNING: Var DSCTMP is never used on line 430 of file systemvars.asm
WARNING: Var DX is never used on line 345 of file systemvars.asm
WARNING: Var DY is never used on line 346 of file systemvars.asm
WARNING: Var ENDBUF is never used on line 354 of file systemvars.asm
WARNING: Var ENDFOR is never used on line 444 of file systemvars.asm
WARNING: Var ENDPRG is never used on line 283 of file systemvars.asm
WARNING: Var ENSTOP is never used on line 916 of file systemvars.asm
WARNING: Var ENVLPX is never used on line 902 of file systemvars.asm
WARNING: Var ENVPRX is never used on line 897 of file systemvars.asm
WARNING: Var ERRFLG is never used on line 287 of file systemvars.asm
WARNING: Var ERRLIN is never used on line 483 of file systemvars.asm
WARNING: Var ERRTXT is never used on line 491 of file systemvars.asm
WARNING: Var FBUFFR is never used on line 581 of file systemvars.asm
WARNING: Var FILNAM is never used on line 631 of file systemvars.asm
WARNING: Var FILNM2 is never used on line 634 of file systemvars.asm
WARNING: Var FILTAB is never used on line 615 of file systemvars.asm
WARNING: Var FLBMEM is never used on line 1089 of file systemvars.asm
WARNING: Var FLKINP is never used on line 455 of file systemvars.asm
WARNING: Var FNKFLG is never used on line 940 of file systemvars.asm
WARNING: Var FNKSWI is never used on line 936 of file systemvars.asm
WARNING: Var FRCNEW is never used on line 215 of file systemvars.asm
WARNING: Var FRETOP is never used on line 435 of file systemvars.asm
WARNING: Var FUNACT is never used on line 571 of file systemvars.asm
WARNING: Var GXPOS is never used on line 1094 of file systemvars.asm
WARNING: Var GYPOS is never used on line 1095 of file systemvars.asm
WARNING: Var G_LOF is never used on line 194 of file hooks.asm
WARNING: Var HEADER is never used on line 265 of file systemvars.asm
WARNING: Var HIGH_ is never used on line 261 of file systemvars.asm
WARNING: Var HOLD is never used on line 600 of file systemvars.asm
WARNING: Var HOLD2 is never used on line 599 of file systemvars.asm
WARNING: Var HOLD8 is never used on line 598 of file systemvars.asm
WARNING: Var H_ATTR is never used on line 115 of file hooks.asm
WARNING: Var H_BAKU is never used on line 203 of file hooks.asm
WARNING: Var H_BEXT is never used on line 375 of file hooks.asm
WARNING: Var H_BINL is never used on line 170 of file hooks.asm
WARNING: Var H_BINS is never used on line 167 of file hooks.asm
WARNING: Var H_BUFL is never used on line 339 of file hooks.asm
WARNING: Var H_CLEA is never used on line 225 of file hooks.asm
WARNING: Var H_CMD is never used on line 106 of file hooks.asm
WARNING: Var H_COMP is never used on line 306 of file hooks.asm
WARNING: Var H_COPY is never used on line 103 of file hooks.asm
WARNING: Var H_CRDO is never used on line 240 of file hooks.asm
WARNING: Var H_CRUN is never used on line 270 of file hooks.asm
WARNING: Var H_CRUS is never used on line 273 of file hooks.asm
WARNING: Var H_CVD is never used on line 142 of file hooks.asm
WARNING: Var H_CVI is never used on line 136 of file hooks.asm
WARNING: Var H_CVS is never used on line 139 of file hooks.asm
WARNING: Var H_DEVN is never used on line 215 of file hooks.asm
WARNING: Var H_DGET is never used on line 176 of file hooks.asm
WARNING: Var H_DIRD is never used on line 261 of file hooks.asm
WARNING: Var H_DSKC is never used on line 243 of file hooks.asm
WARNING: Var H_DSKF is never used on line 109 of file hooks.asm
WARNING: Var H_DSKI is never used on line 112 of file hooks.asm
WARNING: Var H_DSKO is never used on line 88 of file hooks.asm
WARNING: Var H_DSPC is never used on line 42 of file hooks.asm
WARNING: Var H_DSPF is never used on line 48 of file hooks.asm
WARNING: Var H_EOF is never used on line 197 of file hooks.asm
WARNING: Var H_ERAC is never used on line 45 of file hooks.asm
WARNING: Var H_ERAF is never used on line 51 of file hooks.asm
WARNING: Var H_ERRF is never used on line 252 of file hooks.asm
WARNING: Var H_ERRO is never used on line 360 of file hooks.asm
WARNING: Var H_ERRP is never used on line 249 of file hooks.asm
WARNING: Var H_EVAL is never used on line 321 of file hooks.asm
WARNING: Var H_FIEL is never used on line 124 of file hooks.asm
WARNING: Var H_FILE is never used on line 173 of file hooks.asm
WARNING: Var H_FILO is never used on line 179 of file hooks.asm
WARNING: Var H_FINE is never used on line 267 of file hooks.asm
WARNING: Var H_FING is never used on line 327 of file hooks.asm
WARNING: Var H_FINI is never used on line 264 of file hooks.asm
WARNING: Var H_FINP is never used on line 309 of file hooks.asm
WARNING: Var H_FPOS is never used on line 200 of file hooks.asm
WARNING: Var H_FRET is never used on line 348 of file hooks.asm
WARNING: Var H_FRME is never used on line 315 of file hooks.asm
WARNING: Var H_FRQI is never used on line 342 of file hooks.asm
WARNING: Var H_GEND is never used on line 218 of file hooks.asm
WARNING: Var H_GETP is never used on line 145 of file hooks.asm
WARNING: Var H_GONE is never used on line 294 of file hooks.asm
WARNING: Var H_INDS is never used on line 182 of file hooks.asm
WARNING: Var H_INIP is never used on line 61 of file hooks.asm
WARNING: Var H_INLI is never used on line 82 of file hooks.asm
WARNING: Var H_IPL is never used on line 100 of file hooks.asm
WARNING: Var H_ISFL is never used on line 234 of file hooks.asm
WARNING: Var H_ISMI is never used on line 330 of file hooks.asm
WARNING: Var H_ISRE is never used on line 277 of file hooks.asm
WARNING: Var H_KEYC is never used on line 66 of file hooks.asm
WARNING: Var H_KILL is never used on line 97 of file hooks.asm
WARNING: Var H_KYEA is never used on line 70 of file hooks.asm
WARNING: Var H_LIST is never used on line 336 of file hooks.asm
WARNING: Var H_LOC is never used on line 191 of file hooks.asm
WARNING: Var H_LOPD is never used on line 228 of file hooks.asm
WARNING: Var H_LSET is never used on line 118 of file hooks.asm
WARNING: Var H_MAIN is never used on line 258 of file hooks.asm
WARNING: Var H_MERG is never used on line 161 of file hooks.asm
WARNING: Var H_MKDS is never used on line 133 of file hooks.asm
WARNING: Var H_MKIS is never used on line 127 of file hooks.asm
WARNING: Var H_MKSS is never used on line 130 of file hooks.asm
WARNING: Var H_NAME is never used on line 94 of file hooks.asm
WARNING: Var H_NEWS is never used on line 291 of file hooks.asm
WARNING: Var H_NODE is never used on line 209 of file hooks.asm
WARNING: Var H_NOFO is never used on line 152 of file hooks.asm
WARNING: Var H_NOTR is never used on line 285 of file hooks.asm
WARNING: Var H_NTFL is never used on line 158 of file hooks.asm
WARNING: Var H_NTFN is never used on line 281 of file hooks.asm
WARNING: Var H_NTPL is never used on line 318 of file hooks.asm
WARNING: Var H_NULO is never used on line 155 of file hooks.asm
WARNING: Var H_OKNO is never used on line 324 of file hooks.asm
WARNING: Var H_ONGO is never used on line 85 of file hooks.asm
WARNING: Var H_PARD is never used on line 206 of file hooks.asm
WARNING: Var H_PLAY is never used on line 372 of file hooks.asm
WARNING: Var H_POSD is never used on line 212 of file hooks.asm
WARNING: Var H_PRGE is never used on line 246 of file hooks.asm
WARNING: Var H_PRTF is never used on line 303 of file hooks.asm
WARNING: Var H_PTRG is never used on line 351 of file hooks.asm
WARNING: Var H_READ is never used on line 255 of file hooks.asm
WARNING: Var H_RETU is never used on line 300 of file hooks.asm
WARNING: Var H_RSET is never used on line 121 of file hooks.asm
WARNING: Var H_RSLF is never used on line 185 of file hooks.asm
WARNING: Var H_SAVD is never used on line 188 of file hooks.asm
WARNING: Var H_SAVE is never used on line 164 of file hooks.asm
WARNING: Var H_SCNE is never used on line 345 of file hooks.asm
WARNING: Var H_SCRE is never used on line 369 of file hooks.asm
WARNING: Var H_SETF is never used on line 148 of file hooks.asm
WARNING: Var H_SETS is never used on line 91 of file hooks.asm
WARNING: Var H_SNGF is never used on line 288 of file hooks.asm
WARNING: Var H_TRMN is never used on line 312 of file hooks.asm
WARNING: Var H_WIDT is never used on line 333 of file hooks.asm
WARNING: Var INTCNT is never used on line 1030 of file systemvars.asm
WARNING: Var INTFLG is never used on line 1012 of file systemvars.asm
WARNING: Var INTVAL is never used on line 1025 of file systemvars.asm
WARNING: Var KANAMD is never used on line 1083 of file systemvars.asm
WARNING: Var KANAST is never used on line 1079 of file systemvars.asm
WARNING: Var KBFMIN is never used on line 328 of file systemvars.asm
WARNING: Var KBUF is never used on line 332 of file systemvars.asm
WARNING: Var LASTSTAC is never used on line 41 of file main.asm
WARNING: Var LFPROG is never used on line 772 of file systemvars.asm
WARNING: Var LIMPNT is never used on line 959 of file systemvars.asm
WARNING: Var LOCAL_BASIC_JP is never used on line 115 of file hardware.asm
WARNING: Var LOCAL_CHSET_KO is never used on line 95 of file hardware.asm
WARNING: Var LOCAL_DATE_MDY is never used on line 102 of file hardware.asm
WARNING: Var LOCAL_DATE_YMD is never used on line 101 of file hardware.asm
WARNING: Var LOGOPR is never used on line 836 of file systemvars.asm
WARNING: Var LOHADR is never used on line 757 of file systemvars.asm
WARNING: Var LOHCNT is never used on line 760 of file systemvars.asm
WARNING: Var LOHDIR is never used on line 754 of file systemvars.asm
WARNING: Var LOHMSK is never used on line 751 of file systemvars.asm
WARNING: Var LOWLIM is never used on line 1034 of file systemvars.asm
WARNING: Var LOW_ is never used on line 256 of file systemvars.asm
WARNING: Var L_OP is never used on line 351 of file systemvars.asm
WARNING: Var MAXDEL is never used on line 685 of file systemvars.asm
WARNING: Var MAXFIL is never used on line 612 of file systemvars.asm
WARNING: Var MAXUPD is never used on line 199 of file systemvars.asm
WARNING: Var MCLFLG is never used on line 785 of file systemvars.asm
WARNING: Var MCLLEN is never used on line 862 of file systemvars.asm
WARNING: Var MCLPTR is never used on line 865 of file systemvars.asm
WARNING: Var MCLSEX is never used on line 904 of file systemvars.asm
WARNING: Var MCLSTX is never used on line 903 of file systemvars.asm
WARNING: Var MCLTAB is never used on line 781 of file systemvars.asm
WARNING: Var MEMSIZ is never used on line 410 of file systemvars.asm
WARNING: Var METREX is never used on line 889 of file systemvars.asm
WARNING: Var MINDEL is never used on line 684 of file systemvars.asm
WARNING: Var MINUPD is never used on line 203 of file systemvars.asm
WARNING: Var MLTCOL is never used on line 135 of file systemvars.asm
WARNING: Var MODE is never used on line 828 of file systemvars.asm
WARNING: Var MODEL_MSX2 is never used on line 85 of file hardware.asm
WARNING: Var MODEL_MSX2P is never used on line 86 of file hardware.asm
WARNING: Var MOVCNT is never used on line 766 of file systemvars.asm
WARNING: Var MUSICF is never used on line 874 of file systemvars.asm
WARNING: Var NLONLY is never used on line 638 of file systemvars.asm
WARNING: Var NOFUNS is never used on line 564 of file systemvars.asm
WARNING: Var NOTELX is never used on line 899 of file systemvars.asm
WARNING: Var NTICSX is never used on line 894 of file systemvars.asm
WARNING: Var NTMSXP is never used on line 301 of file systemvars.asm
WARNING: Var NULBUF is never used on line 618 of file systemvars.asm
WARNING: Var NX is never used on line 347 of file systemvars.asm
WARNING: Var NY is never used on line 348 of file systemvars.asm
WARNING: Var OCTAVX is never used on line 898 of file systemvars.asm
WARNING: Var OLDLIN is never used on line 506 of file systemvars.asm
WARNING: Var OLDTXT is never used on line 509 of file systemvars.asm
WARNING: Var ONEFLG is never used on line 500 of file systemvars.asm
WARNING: Var ONELIN is never used on line 495 of file systemvars.asm
WARNING: Var ONGSBF is never used on line 943 of file systemvars.asm
WARNING: Var PADX is never used on line 1018 of file systemvars.asm
WARNING: Var PADY is never used on line 1015 of file systemvars.asm
WARNING: Var PARM1 is never used on line 542 of file systemvars.asm
WARNING: Var PARM2 is never used on line 551 of file systemvars.asm
WARNING: Var PDIREC is never used on line 769 of file systemvars.asm
WARNING: Var PLYCNT is never used on line 877 of file systemvars.asm
WARNING: Var PRMDRV is never used on line 545 of file systemvars.asm
WARNING: Var PRMFLG is never used on line 555 of file systemvars.asm
WARNING: Var PRMLEN is never used on line 538 of file systemvars.asm
WARNING: Var PRMLN2 is never used on line 548 of file systemvars.asm
WARNING: Var PRMSTK is never used on line 535 of file systemvars.asm
WARNING: Var PROCNM is never used on line 1136 of file systemvars.asm
WARNING: Var PRSCNT is never used on line 850 of file systemvars.asm
WARNING: Var PRTFLG is never used on line 295 of file systemvars.asm
WARNING: Var PTRFLG is never used on line 462 of file systemvars.asm
WARNING: Var QLENGX is never used on line 893 of file systemvars.asm
WARNING: Var QUEBAK is never used on line 803 of file systemvars.asm
WARNING: Var QUEUEN is never used on line 868 of file systemvars.asm
WARNING: Var RAWPRT is never used on line 308 of file systemvars.asm
WARNING: Var RG25SAV is never used on line 1163 of file systemvars.asm
WARNING: Var RG2SAV is never used on line 170 of file systemvars.asm
WARNING: Var RG3SAV is never used on line 171 of file systemvars.asm
WARNING: Var RG4SAV is never used on line 172 of file systemvars.asm
WARNING: Var RG5SAV is never used on line 173 of file systemvars.asm
WARNING: Var RG6SAV is never used on line 174 of file systemvars.asm
WARNING: Var RG7SAV is never used on line 175 of file systemvars.asm
WARNING: Var RG8SAV is never used on line 1149 of file systemvars.asm
WARNING: Var RNDX is never used on line 604 of file systemvars.asm
WARNING: Var ROMA is never used on line 825 of file systemvars.asm
WARNING: Var RS2IQ is never used on line 809 of file systemvars.asm
WARNING: Var RTC_ADDR is never used on line 55 of file hardware.asm
WARNING: Var RTC_DATA is never used on line 56 of file hardware.asm
WARNING: Var RTPROG is never used on line 775 of file systemvars.asm
WARNING: Var RTYCNT is never used on line 1008 of file systemvars.asm
WARNING: Var RUNBNF is never used on line 1100 of file systemvars.asm
WARNING: Var RUNFLG is never used on line 625 of file systemvars.asm
WARNING: Var SAVEND is never used on line 644 of file systemvars.asm
WARNING: Var SAVENT is never used on line 1101 of file systemvars.asm
WARNING: Var SAVSP is never used on line 853 of file systemvars.asm
WARNING: Var SAVSTK is never used on line 480 of file systemvars.asm
WARNING: Var SAVTXT is never used on line 476 of file systemvars.asm
WARNING: Var SAVVOL is never used on line 859 of file systemvars.asm
WARNING: Var SKPCNT is never used on line 763 of file systemvars.asm
WARNING: Var SLTWRK is never used on line 1130 of file systemvars.asm
WARNING: Var SP_REGS is never used on line 42 of file main.asm
WARNING: Var STREND is never used on line 521 of file systemvars.asm
WARNING: Var SUBFLG is never used on line 452 of file systemvars.asm
WARNING: Var SWPTMP is never used on line 575 of file systemvars.asm
WARNING: Var SX is never used on line 343 of file systemvars.asm
WARNING: Var SY is never used on line 344 of file systemvars.asm
WARNING: Var SYSFLAGS is never used on line 58 of file hardware.asm
WARNING: Var TEMP3 is never used on line 438 of file systemvars.asm
WARNING: Var TEMP8 is never used on line 441 of file systemvars.asm
WARNING: Var TEMP9 is never used on line 568 of file systemvars.asm
WARNING: Var TEMPOX is never used on line 900 of file systemvars.asm
WARNING: Var TEMPPT is never used on line 421 of file systemvars.asm
WARNING: Var TEMPST is never used on line 426 of file systemvars.asm
WARNING: Var TONPRX is never used on line 895 of file systemvars.asm
WARNING: Var TRCFLG is never used on line 578 of file systemvars.asm
WARNING: Var TRPTBL is never used on line 1005 of file systemvars.asm
WARNING: Var TXTCOL is never used on line 77 of file systemvars.asm
WARNING: Var TXTTAB is never used on line 417 of file systemvars.asm
WARNING: Var USRTAB is never used on line 51 of file systemvars.asm
WARNING: Var VALTYP is never used on line 369 of file systemvars.asm
WARNING: Var VARTAB is never used on line 513 of file systemvars.asm
WARNING: Var VCBB is never used on line 882 of file systemvars.asm
WARNING: Var VCBC is never used on line 884 of file systemvars.asm
WARNING: Var VCXLEN is never used on line 890 of file systemvars.asm
WARNING: Var VCXPTR is never used on line 891 of file systemvars.asm
WARNING: Var VCXSTP is never used on line 892 of file systemvars.asm
WARNING: Var VDP_PALT is never used on line 43 of file hardware.asm
WARNING: Var VDP_REGS is never used on line 44 of file hardware.asm
WARNING: Var VLZADR is never used on line 316 of file systemvars.asm
WARNING: Var VLZDAT is never used on line 320 of file systemvars.asm
WARNING: Var VOLUMX is never used on line 901 of file systemvars.asm
WARNING: Var WINWID is never used on line 1035 of file systemvars.asm
WARNING: Var XSAVE is never used on line 832 of file systemvars.asm
WARNING: Var YSAVE is never used on line 835 of file systemvars.asm
WARNING: Var bigfil is never used on line 1364 of file video.asm
WARNING: Var chknew is never used on line 1350 of file video.asm
WARNING: Var chkram_pslot_end is never used on line 736 of file main.asm
WARNING: Var clrspr_attr_spritemode2 is never used on line 521 of file video.asm
WARNING: Var fetchc_text is never used on line 2286 of file video.asm
WARNING: Var grpprt_text is never used on line 1343 of file video.asm
WARNING: Var idbyt1 is never used on line 105 of file main.asm
WARNING: Var idbyt2 is never used on line 116 of file main.asm
WARNING: Var joy_end is never used on line 2329 of file main.asm
WARNING: Var mapxy_text is never used on line 2275 of file video.asm
WARNING: Var multiple is never used on line 37 of file statements.asm
WARNING: Var nrdvrm is never used on line 1460 of file video.asm
WARNING: Var nwrvrm is never used on line 1473 of file video.asm
WARNING: Var print_debug_hexword is never used on line 87 of file debug.asm
WARNING: Var rombas is never used on line 54 of file statements.asm
WARNING: Var romid is never used on line 127 of file main.asm
WARNING: Var scalxy_text is never used on line 2232 of file video.asm
WARNING: Var scode_tbl_code is never used on line 59 of file scancodes_us.asm
WARNING: Var scode_tbl_graph is never used on line 43 of file scancodes_us.asm
WARNING: Var scode_tbl_shift_code is never used on line 67 of file scancodes_us.asm
WARNING: Var scode_tbl_shift_graph is never used on line 51 of file scancodes_us.asm
WARNING: Var search_roms_no is never used on line 915 of file main.asm
WARNING: Var stack_error is never used on line 2970 of file main.asm
WARNING: Var str_proginfo_length is never used on line 3126 of file main.asm
WARNING: Var subrom is never used on line 2913 of file main.asm
WARNING: Var vdp_dr is never used on line 63 of file main.asm
WARNING: Var vdp_dw is never used on line 65 of file main.asm
WARNING: Var vdpsta is never used on line 1490 of file video.asm
WARNING: Var wrtvdp_nosav is never used on line 99 of file video.asm
WARNING: Var wrtvdp_sav is never used on line 94 of file video.asm
  git -C /Users/joost/projects/cbios worktree add -q --detach /tmp/zerobas/cbios-repack-9dvdqhsj v0.29-3-gb5ad9cb
  git -C /tmp/zerobas/cbios-repack-9dvdqhsj apply /Users/joost/projects/zerobas/cbios-repack/eu-drop-statements.patch
  git -C /tmp/zerobas/cbios-repack-9dvdqhsj apply /Users/joost/projects/zerobas/cbios-repack/key-trap-hook.patch
  git -C /tmp/zerobas/cbios-repack-9dvdqhsj apply /Users/joost/projects/zerobas/cbios-repack/ins-del-keys.patch
  git -C /tmp/zerobas/cbios-repack-9dvdqhsj apply /Users/joost/projects/zerobas/cbios-repack/home-key.patch
  make -s -C /tmp/zerobas/cbios-repack-9dvdqhsj derived/bin/cbios_main_msx1_eu.rom
OK: repacked C-BIOS -> /Users/joost/projects/zerobas/build/cbios_main_msx1_eu-repacked.rom  (sha1 90e75754ea2af117a7fe26eea81a3646b7de8043)
  git -C /tmp/zerobas/cbios-repack-9dvdqhsj checkout -q -- .
  make -s -C /tmp/zerobas/cbios-repack-9dvdqhsj clean
  make -s -C /tmp/zerobas/cbios-repack-9dvdqhsj derived/bin/cbios_main_msx1_eu.rom
OK: pristine C-BIOS -> /Users/joost/projects/zerobas/build/cbios_main_msx1_eu-pristine.rom  (sha1 baf2e9c69252fd9b350b488d89c71887b9d05eec)
  git -C /Users/joost/projects/cbios worktree remove --force /tmp/zerobas/cbios-repack-9dvdqhsj
WARNING: Switching to 3 pass mode on line 908 of file basic/sysvars.inc
WARNING: Var APOS_MARK is never used on line 643 of file basic/sysvars.inc
WARNING: Var BASIC_DISK_ID is never used on line 2936 of file basic/sysvars.inc
WARNING: Var BINARY_ID is never used on line 180 of file basic/sysvars.inc
WARNING: Var BPB_BYTSPERSEC is never used on line 2955 of file basic/sysvars.inc
WARNING: Var BPB_FATSZ16 is never used on line 2960 of file basic/sysvars.inc
WARNING: Var BPB_NUMFATS is never used on line 2958 of file basic/sysvars.inc
WARNING: Var BPB_ROOTENTCNT is never used on line 2959 of file basic/sysvars.inc
WARNING: Var BPB_RSVDSECCNT is never used on line 2957 of file basic/sysvars.inc
WARNING: Var BPB_SECPERCLUS is never used on line 2956 of file basic/sysvars.inc
WARNING: Var BSAVE_DISK_ID is never used on line 2927 of file basic/sysvars.inc
WARNING: Var CAL_BUF is never used on line 3779 of file basic/sysvars.inc
WARNING: Var CAL_BUF2 is never used on line 3786 of file basic/sysvars.inc
WARNING: Var CAL_CNT is never used on line 2834 of file basic/sysvars.inc
WARNING: Var CAL_CURHI is never used on line 2825 of file basic/sysvars.inc
WARNING: Var CAL_SAVE is never used on line 2853 of file basic/sysvars.inc
WARNING: Var CAL_XORHI is never used on line 3790 of file basic/sysvars.inc
WARNING: Var CAS_HDRNAME is never used on line 3752 of file basic/sysvars.inc
WARNING: Var CLOC is never used on line 79 of file basic/sysvars.inc
WARNING: Var CMASK is never used on line 80 of file basic/sysvars.inc
WARNING: Var CON_LASTROW is never used on line 1424 of file basic/sysvars.inc
WARNING: Var COPY_CLUS is never used on line 3955 of file basic/sysvars.inc
WARNING: Var COPY_LEFT is never used on line 3956 of file basic/sysvars.inc
WARNING: Var COPY_SRC is never used on line 3954 of file basic/sysvars.inc
WARNING: Var CS120_LOW is never used on line 157 of file basic/sysvars.inc
WARNING: Var CS240_LOW is never used on line 158 of file basic/sysvars.inc
WARNING: Var CSR_ADDR is never used on line 3947 of file basic/sysvars.inc
WARNING: Var CSR_CHAR is never used on line 3948 of file basic/sysvars.inc
WARNING: Var CTL_STACK_MARGIN is never used on line 3898 of file basic/sysvars.inc
WARNING: Var DATALINE is never used on line 4117 of file basic/sysvars.inc
WARNING: Var DATAPTR is never used on line 4116 of file basic/sysvars.inc
WARNING: Var DB_CUR is never used on line 4370 of file basic/sysvars.inc
WARNING: Var DB_SP is never used on line 2337 of file basic/sysvars.inc
WARNING: Var DIRENT_FILESIZE is never used on line 2964 of file basic/sysvars.inc
WARNING: Var DIRENT_FIRSTCLUS is never used on line 2963 of file basic/sysvars.inc
WARNING: Var DISKOP_SEL_COPY is never used on line 3162 of file basic/sysvars.inc
WARNING: Var DISKOP_SEL_COPYSTASH is never used on line 3161 of file basic/sysvars.inc
WARNING: Var DISKOP_SEL_FAT_ALLOC_CLUSTER is never used on line 3107 of file basic/sysvars.inc
WARNING: Var DISKOP_SEL_FAT_COUNT_FREE is never used on line 3109 of file basic/sysvars.inc
WARNING: Var DISKOP_SEL_FAT_DELETE is never used on line 3113 of file basic/sysvars.inc
WARNING: Var DISKOP_SEL_FAT_READ_FAT_SECTOR is never used on line 3105 of file basic/sysvars.inc
WARNING: Var DISKOP_SEL_FAT_WRITE_FAT_ENTRY is never used on line 3108 of file basic/sysvars.inc
WARNING: Var DISKOP_SEL_FCH_DETACH is never used on line 3136 of file basic/sysvars.inc
WARNING: Var DISKOP_SEL_FCH_RESTAGE is never used on line 3135 of file basic/sysvars.inc
WARNING: Var DISKOP_SEL_FILES is never used on line 3157 of file basic/sysvars.inc
WARNING: Var DISKOP_SEL_KILL is never used on line 3149 of file basic/sysvars.inc
WARNING: Var DISKOP_SEL_LFILES is never used on line 3158 of file basic/sysvars.inc
WARNING: Var DISKOP_SEL_NAME_CMP is never used on line 3103 of file basic/sysvars.inc
WARNING: Var DISKOP_SEL_NAME_STAMP is never used on line 3150 of file basic/sysvars.inc
WARNING: Var DISKOP_SEL_READ_SECTOR is never used on line 3099 of file basic/sysvars.inc
WARNING: Var DISKOP_SEL_WRITE_SECTOR is never used on line 3100 of file basic/sysvars.inc
WARNING: Var DISK_BUILD is never used on line 53 of file /Users/joost/projects/zerobas/basic/main.asm
WARNING: Var DSKBUF_PTR is never used on line 3020 of file basic/sysvars.inc
WARNING: Var DSKIO_ENTRY is never used on line 2953 of file basic/sysvars.inc
WARNING: Var DSK_ENGTAB is never used on line 3595 of file basic/sysvars.inc
WARNING: Var DSV_PTR is never used on line 2872 of file basic/sysvars.inc
WARNING: Var DT_TOK is never used on line 2338 of file basic/sysvars.inc
WARNING: Var DT_TOKN is never used on line 2339 of file basic/sysvars.inc
WARNING: Var ENDPTR is never used on line 828 of file basic/sysvars.inc
WARNING: Var EOC is never used on line 2965 of file basic/sysvars.inc
WARNING: Var FAT_B0 is never used on line 3045 of file basic/sysvars.inc
WARNING: Var FAT_B1 is never used on line 3046 of file basic/sysvars.inc
WARNING: Var FAT_BYTEIDX is never used on line 3043 of file basic/sysvars.inc
WARNING: Var FAT_CLUSSEC is never used on line 3036 of file basic/sysvars.inc
WARNING: Var FAT_DIRREM is never used on line 3049 of file basic/sysvars.inc
WARNING: Var FAT_DIRSEC is never used on line 3048 of file basic/sysvars.inc
WARNING: Var FAT_FATSEC is never used on line 3044 of file basic/sysvars.inc
WARNING: Var FAT_FATSTART is never used on line 3031 of file basic/sysvars.inc
WARNING: Var FAT_FIRSTDATA is never used on line 3034 of file basic/sysvars.inc
WARNING: Var FAT_FIRSTROOT is never used on line 3032 of file basic/sysvars.inc
WARNING: Var FAT_MBUF is never used on line 3027 of file basic/sysvars.inc
WARNING: Var FAT_NAMEPTR is never used on line 3047 of file basic/sysvars.inc
WARNING: Var FAT_NUMFATS is never used on line 3039 of file basic/sysvars.inc
WARNING: Var FAT_PARITY is never used on line 3042 of file basic/sysvars.inc
WARNING: Var FAT_ROOTSECS is never used on line 3033 of file basic/sysvars.inc
WARNING: Var FAT_SECPERCLUS is never used on line 3030 of file basic/sysvars.inc
WARNING: Var FAT_SECPERFAT is never used on line 3040 of file basic/sysvars.inc
WARNING: Var FAT_WRTMP2 is never used on line 3051 of file basic/sysvars.inc
WARNING: Var FCH_CTXSZ is never used on line 3583 of file basic/sysvars.inc
WARNING: Var FILES_ENTIDX is never used on line 2909 of file basic/sysvars.inc
WARNING: Var FILES_HASPAT is never used on line 3742 of file basic/sysvars.inc
WARNING: Var FLD_DESC is never used on line 3699 of file basic/sysvars.inc
WARNING: Var FMT_DESC is never used on line 3698 of file basic/sysvars.inc
WARNING: Var FMT_SEC is never used on line 3697 of file basic/sysvars.inc
WARNING: Var FN_DPTR is never used on line 4052 of file basic/sysvars.inc
WARNING: Var FN_PAREA_END is never used on line 4073 of file basic/sysvars.inc
WARNING: Var FN_RTYPE is never used on line 4067 of file basic/sysvars.inc
WARNING: Var FN_SLOTP is never used on line 4066 of file basic/sysvars.inc
WARNING: Var FN_STK_FLOOR is never used on line 4093 of file basic/sysvars.inc
WARNING: Var FPNUM_SIZE is never used on line 4285 of file basic/sysvars.inc
WARNING: Var GFX_ARCF is never used on line 729 of file basic/sysvars.inc
WARNING: Var GFX_ASPMAJ is never used on line 727 of file basic/sysvars.inc
WARNING: Var GFX_ASPS is never used on line 728 of file basic/sysvars.inc
WARNING: Var GFX_BAD is never used on line 102 of file basic/sysvars.inc
WARNING: Var GFX_CNT is never used on line 706 of file basic/sysvars.inc
WARNING: Var GFX_COLOR_OFST is never used on line 70 of file basic/sysvars.inc
WARNING: Var GFX_CPHASE is never used on line 802 of file basic/sysvars.inc
WARNING: Var GFX_CS_AX is never used on line 745 of file basic/sysvars.inc
WARNING: Var GFX_CS_AY is never used on line 748 of file basic/sysvars.inc
WARNING: Var GFX_CS_M2 is never used on line 2046 of file basic/sysvars.inc
WARNING: Var GFX_CX is never used on line 701 of file basic/sysvars.inc
WARNING: Var GFX_CY is never used on line 702 of file basic/sysvars.inc
WARNING: Var GFX_DESC is never used on line 2091 of file basic/sysvars.inc
WARNING: Var GFX_DJ is never used on line 101 of file basic/sysvars.inc
WARNING: Var GFX_DMAJ is never used on line 704 of file basic/sysvars.inc
WARNING: Var GFX_DMIN is never used on line 705 of file basic/sysvars.inc
WARNING: Var GFX_ENEG is never used on line 768 of file basic/sysvars.inc
WARNING: Var GFX_EOCT is never used on line 765 of file basic/sysvars.inc
WARNING: Var GFX_ERR is never used on line 703 of file basic/sysvars.inc
WARNING: Var GFX_EU14 is never used on line 766 of file basic/sysvars.inc
WARNING: Var GFX_EVX is never used on line 732 of file basic/sysvars.inc
WARNING: Var GFX_EVY is never used on line 733 of file basic/sysvars.inc
WARNING: Var GFX_FILLCNT is never used on line 715 of file basic/sysvars.inc
WARNING: Var GFX_FULLW is never used on line 734 of file basic/sysvars.inc
WARNING: Var GFX_M is never used on line 750 of file basic/sysvars.inc
WARNING: Var GFX_PAINT_MARGIN is never used on line 2010 of file basic/sysvars.inc
WARNING: Var GFX_PBASE is never used on line 2000 of file basic/sysvars.inc
WARNING: Var GFX_PFLOOR is never used on line 2001 of file basic/sysvars.inc
WARNING: Var GFX_PFY is never used on line 1969 of file basic/sysvars.inc
WARNING: Var GFX_PGEN_BASE is never used on line 69 of file basic/sysvars.inc
WARNING: Var GFX_PPITCH is never used on line 2231 of file basic/sysvars.inc
WARNING: Var GFX_PSCX is never used on line 1972 of file basic/sysvars.inc
WARNING: Var GFX_PSCY is never used on line 1973 of file basic/sysvars.inc
WARNING: Var GFX_PSP is never used on line 1999 of file basic/sysvars.inc
WARNING: Var GFX_PSPA is never used on line 1974 of file basic/sysvars.inc
WARNING: Var GFX_PTESTX is never used on line 1967 of file basic/sysvars.inc
WARNING: Var GFX_PTESTY is never used on line 1968 of file basic/sysvars.inc
WARNING: Var GFX_PX is never used on line 742 of file basic/sysvars.inc
WARNING: Var GFX_PXL is never used on line 1970 of file basic/sysvars.inc
WARNING: Var GFX_PXR is never used on line 1971 of file basic/sysvars.inc
WARNING: Var GFX_PY is never used on line 744 of file basic/sysvars.inc
WARNING: Var GFX_QD is never used on line 741 of file basic/sysvars.inc
WARNING: Var GFX_QX is never used on line 739 of file basic/sysvars.inc
WARNING: Var GFX_QY is never used on line 740 of file basic/sysvars.inc
WARNING: Var GFX_R is never used on line 726 of file basic/sysvars.inc
WARNING: Var GFX_SATR_BASE is never used on line 810 of file basic/sysvars.inc
WARNING: Var GFX_SDX is never used on line 709 of file basic/sysvars.inc
WARNING: Var GFX_SDY is never used on line 710 of file basic/sysvars.inc
WARNING: Var GFX_SMIN is never used on line 708 of file basic/sysvars.inc
WARNING: Var GFX_SNEG is never used on line 767 of file basic/sysvars.inc
WARNING: Var GFX_SOCT is never used on line 761 of file basic/sysvars.inc
WARNING: Var GFX_SPAT_BASE is never used on line 809 of file basic/sysvars.inc
WARNING: Var GFX_STEEP is never used on line 707 of file basic/sysvars.inc
WARNING: Var GFX_SU14 is never used on line 764 of file basic/sysvars.inc
WARNING: Var GFX_SVX is never used on line 730 of file basic/sysvars.inc
WARNING: Var GFX_SVY is never used on line 731 of file basic/sysvars.inc
WARNING: Var GFX_TX1 is never used on line 711 of file basic/sysvars.inc
WARNING: Var GFX_TX2 is never used on line 713 of file basic/sysvars.inc
WARNING: Var GFX_TY1 is never used on line 712 of file basic/sysvars.inc
WARNING: Var GFX_TY2 is never used on line 714 of file basic/sysvars.inc
WARNING: Var GFX_WE_O is never used on line 770 of file basic/sysvars.inc
WARNING: Var GFX_WE_P is never used on line 769 of file basic/sysvars.inc
WARNING: Var GFX_WRAPF is never used on line 771 of file basic/sysvars.inc
WARNING: Var GFX_WS_O is never used on line 753 of file basic/sysvars.inc
WARNING: Var GFX_WS_P is never used on line 752 of file basic/sysvars.inc
WARNING: Var GFX_YSTEP is never used on line 716 of file basic/sysvars.inc
WARNING: Var GP_CLIDX is never used on line 3625 of file basic/sysvars.inc
WARNING: Var GP_CLUS is never used on line 3624 of file basic/sysvars.inc
WARNING: Var GP_FLAGS is never used on line 3629 of file basic/sysvars.inc
WARNING: Var GP_LEFT is never used on line 3990 of file basic/sysvars.inc
WARNING: Var GP_OLDNSEC is never used on line 3628 of file basic/sysvars.inc
WARNING: Var GP_PHYS is never used on line 3627 of file basic/sysvars.inc
WARNING: Var GP_RECLEN is never used on line 3740 of file basic/sysvars.inc
WARNING: Var GP_SEC is never used on line 3622 of file basic/sysvars.inc
WARNING: Var GP_SECINCL is never used on line 3626 of file basic/sysvars.inc
WARNING: Var GP_SRC is never used on line 3989 of file basic/sysvars.inc
WARNING: Var GP_WITHIN is never used on line 3623 of file basic/sysvars.inc
WARNING: Var HORNER_ACC is never used on line 4625 of file basic/sysvars.inc
WARNING: Var HORNER_CNT is never used on line 4627 of file basic/sysvars.inc
WARNING: Var HORNER_G is never used on line 4608 of file basic/sysvars.inc
WARNING: Var HORNER_PTR is never used on line 4640 of file basic/sysvars.inc
WARNING: Var H_ERRP is never used on line 3460 of file basic/sysvars.inc
WARNING: Var INITXT is never used on line 15 of file basic/sysvars.inc
WARNING: Var INSFLG is never used on line 54 of file basic/sysvars.inc
WARNING: Var LE_OP_RELINK is never used on line 3186 of file basic/sysvars.inc
WARNING: Var LE_OP_STORE is never used on line 3185 of file basic/sysvars.inc
WARNING: Var LINENO_ACC_STOP is never used on line 950 of file basic/sysvars.inc
WARNING: Var LINL32 is never used on line 120 of file basic/sysvars.inc
WARNING: Var MATH_BREAK is never used on line 4593 of file basic/sysvars.inc
WARNING: Var MATH_R is never used on line 4613 of file basic/sysvars.inc
WARNING: Var MATH_RECIP is never used on line 4589 of file basic/sysvars.inc
WARNING: Var MATH_SIGN is never used on line 4585 of file basic/sysvars.inc
WARNING: Var MCLPTR is never used on line 3349 of file basic/sysvars.inc
WARNING: Var MSGESC_LO is never used on line 5095 of file basic/sysvars.inc
WARNING: Var NAMBAS is never used on line 28 of file basic/sysvars.inc
WARNING: Var PLAY_DEF_NOTEL is never used on line 3483 of file basic/sysvars.inc
WARNING: Var PLAY_DEF_OCTAVE is never used on line 3482 of file basic/sysvars.inc
WARNING: Var PLAY_DEF_TEMPO is never used on line 3484 of file basic/sysvars.inc
WARNING: Var PLAY_DEF_VOLUME is never used on line 3485 of file basic/sysvars.inc
WARNING: Var PLAY_OP_NOTE is never used on line 3503 of file basic/sysvars.inc
WARNING: Var PLYCNT is never used on line 3352 of file basic/sysvars.inc
WARNING: Var PLY_BUFEND is never used on line 3501 of file basic/sysvars.inc
WARNING: Var PLY_LASTDUR is never used on line 3500 of file basic/sysvars.inc
WARNING: Var PLY_NUMOVF is never used on line 3496 of file basic/sysvars.inc
WARNING: Var PLY_XSP is never used on line 4181 of file basic/sysvars.inc
WARNING: Var PU_COMMAS is never used on line 3690 of file basic/sysvars.inc
WARNING: Var PU_DEC is never used on line 3691 of file basic/sysvars.inc
WARNING: Var PU_DIG is never used on line 3689 of file basic/sysvars.inc
WARNING: Var QD_PUT is never used on line 3358 of file basic/sysvars.inc
WARNING: Var QD_PUTBAK is never used on line 3360 of file basic/sysvars.inc
WARNING: Var QD_SIZE is never used on line 3361 of file basic/sysvars.inc
WARNING: Var QUEUEN is never used on line 3350 of file basic/sysvars.inc
WARNING: Var QUOTE_REM is never used on line 642 of file basic/sysvars.inc
WARNING: Var RL_LAST is never used on line 3963 of file basic/sysvars.inc
WARNING: Var RND_ACCLE is never used on line 4687 of file basic/sysvars.inc
WARNING: Var RND_AJ is never used on line 4702 of file basic/sysvars.inc
WARNING: Var RND_CARRY is never used on line 4704 of file basic/sysvars.inc
WARNING: Var RND_I is never used on line 4694 of file basic/sysvars.inc
WARNING: Var RND_IJ is never used on line 4699 of file basic/sysvars.inc
WARNING: Var RND_J is never used on line 4697 of file basic/sysvars.inc
WARNING: Var RND_K is never used on line 4708 of file basic/sysvars.inc
WARNING: Var RND_LE is never used on line 4681 of file basic/sysvars.inc
WARNING: Var RND_STATE is never used on line 4672 of file basic/sysvars.inc
WARNING: Var RN_OLD is never used on line 3275 of file basic/sysvars.inc
WARNING: Var SL_DELHI is never used on line 3229 of file basic/sysvars.inc
WARNING: Var SL_DELLO is never used on line 3228 of file basic/sysvars.inc
WARNING: Var SL_SLOT is never used on line 2507 of file basic/sysvars.inc
WARNING: Var STREND is never used on line 1054 of file basic/sysvars.inc
WARNING: Var SUBROM_IDX_INTTEST is never used on line 4741 of file basic/sysvars.inc
WARNING: Var SUB_INT_DELTA is never used on line 4391 of file basic/sysvars.inc
WARNING: Var SV_OP_SAV_DISK is never used on line 1396 of file basic/sysvars.inc
WARNING: Var T32CGP is never used on line 137 of file basic/sysvars.inc
WARNING: Var T32NAM is never used on line 136 of file basic/sysvars.inc
WARNING: Var TEMPBASE is never used on line 1887 of file basic/sysvars.inc
WARNING: Var TKDCOUNT is never used on line 4212 of file basic/sysvars.inc
WARNING: Var TKEXP is never used on line 4215 of file basic/sysvars.inc
WARNING: Var TKEXPD is never used on line 4216 of file basic/sysvars.inc
WARNING: Var TKEXPSIGN is never used on line 4217 of file basic/sysvars.inc
WARNING: Var TKFLAGS is never used on line 4214 of file basic/sysvars.inc
WARNING: Var TKHAVESIG is never used on line 4210 of file basic/sysvars.inc
WARNING: Var TKINTLEN is never used on line 4209 of file basic/sysvars.inc
WARNING: Var TKLEAD is never used on line 4220 of file basic/sysvars.inc
WARNING: Var TKLNUM is never used on line 862 of file basic/sysvars.inc
WARNING: Var TKNAME is never used on line 886 of file basic/sysvars.inc
WARNING: Var TKNZPOS is never used on line 4211 of file basic/sysvars.inc
WARNING: Var TKPOS is never used on line 4208 of file basic/sysvars.inc
WARNING: Var TKRADIX is never used on line 888 of file basic/sysvars.inc
WARNING: Var TKRTOK is never used on line 889 of file basic/sysvars.inc
WARNING: Var TKSRCSAVE is never used on line 4263 of file basic/sysvars.inc
WARNING: Var TKSTORED is never used on line 4213 of file basic/sysvars.inc
WARNING: Var TOKBUFSZ is never used on line 975 of file basic/sysvars.inc
WARNING: Var TOKMAX_BODY is never used on line 976 of file basic/sysvars.inc
WARNING: Var TXTCGP is never used on line 135 of file basic/sysvars.inc
WARNING: Var TXTNAM is never used on line 134 of file basic/sysvars.inc
WARNING: Var VCBC is never used on line 3355 of file basic/sysvars.inc
WARNING: Var VCX_ENVPER is never used on line 3368 of file basic/sysvars.inc
WARNING: Var VCX_ENVSH is never used on line 3373 of file basic/sysvars.inc
WARNING: Var VCX_NOTEL is never used on line 3370 of file basic/sysvars.inc
WARNING: Var VCX_OCTAVE is never used on line 3369 of file basic/sysvars.inc
WARNING: Var VCX_TEMPO is never used on line 3371 of file basic/sysvars.inc
WARNING: Var VCX_VOLUME is never used on line 3372 of file basic/sysvars.inc
WARNING: Var VDP_ADDR is never used on line 63 of file basic/sysvars.inc
WARNING: Var VDP_DATA is never used on line 62 of file basic/sysvars.inc
WARNING: Var VOICAQ is never used on line 3345 of file basic/sysvars.inc
WARNING: Var VOICBQ is never used on line 3346 of file basic/sysvars.inc
WARNING: Var VOICCQ is never used on line 3347 of file basic/sysvars.inc
WARNING: Var VOICEN is never used on line 3348 of file basic/sysvars.inc
WARNING: Var WRTVDP is never used on line 13 of file basic/sysvars.inc
WARNING: Var __MEAS_LOW_END is never used on line 228 of file /Users/joost/projects/zerobas/basic/main.asm
WARNING: Var __MEAS_PAGE1_END is never used on line 506 of file /Users/joost/projects/zerobas/basic/main.asm
WARNING: Var ary_reset is never used on line 386 of file basic/arrays.asm
WARNING: Var ascii_save is never used on line 268 of file basic/save.asm
WARNING: Var bl_load_error is never used on line 32 of file basic/bload.asm
WARNING: Var bl_skip_spaces is never used on line 30 of file basic/bload.asm
WARNING: Var bsv_is_disk is never used on line 135 of file basic/save.asm
WARNING: Var cas_flush_block is never used on line 457 of file basic/save.asm
WARNING: Var cbios_chput_ttypos is never used on line 236 of file basic/islands.asm
WARNING: Var cg_cross is never used on line 154 of file basic/files.asm
WARNING: Var cut_lp is never used on line 62 of file basic/usr.asm
WARNING: Var disk_putbyte is never used on line 82 of file basic/sv-diskwr.inc
WARNING: Var dl_cas_close is never used on line 145 of file basic/cload.asm
WARNING: Var dl_is_cas is never used on line 136 of file basic/cload.asm
WARNING: Var dr_cas_close is never used on line 335 of file basic/cload.asm
WARNING: Var efi_p_ok is never used on line 1944 of file basic/str-engine.asm
WARNING: Var ei_set is never used on line 3010 of file basic/program.asm
WARNING: Var ep_stop_held is never used on line 204 of file basic/traps.asm
WARNING: Var err_stack is never used on line 2267 of file basic/program.asm
WARNING: Var esn_bad is never used on line 2659 of file basic/program.asm
WARNING: Var ev_dskf_ok is never used on line 1518 of file basic/expr.asm
WARNING: Var ev_f_err is never used on line 736 of file basic/expr.asm
WARNING: Var evmc_total_scan is never used on line 1829 of file basic/expr.asm
WARNING: Var fat_io_find is never used on line 38 of file basic/fatio-body.inc
WARNING: Var field_item is never used on line 346 of file basic/field.asm
WARNING: Var field_prologue is never used on line 301 of file basic/field.asm
WARNING: Var fn_leave is never used on line 368 of file basic/deffn.asm
WARNING: Var key_set is never used on line 3280 of file basic/program.asm
WARNING: Var lrset_finish is never used on line 621 of file basic/field.asm
WARNING: Var lrset_rhs is never used on line 604 of file basic/field.asm
WARNING: Var lrset_tgt is never used on line 585 of file basic/field.asm
WARNING: Var mul16 is never used on line 2536 of file basic/expr.asm
WARNING: Var nx_again is never used on line 2234 of file basic/program.asm
WARNING: Var raise_error_forced is never used on line 1619 of file basic/interp.asm
WARNING: Var sav_is_disk is never used on line 216 of file basic/save.asm
WARNING: Var sid_badmode is never used on line 511 of file basic/strvar.asm
WARNING: Var spr_set is never used on line 1079 of file basic/graphics.asm
WARNING: Var strig_set is never used on line 3182 of file basic/program.asm
WARNING: Var sw_types is never used on line 445 of file basic/missing.asm
WARNING: Var wid_apply is never used on line 319 of file basic/screen.asm
split_islands: base $0010; basic-reloc 22510 B; islands 211 non-zero B
WARNING: Var tapion_haveavg is never used on line 547 of file /Users/joost/projects/zerobas/tape/tape.asm
note: BASIC overwrites 66 non-empty C-BIOS byte(s):
  0x6678-0x667A  (unreferenced)
  0x77CD-0x77CD  (unreferenced)
  0x7D17-0x7D2C  (unreferenced)
  0x7D2F-0x7D37  (unreferenced)
  0x7D39-0x7D3F  (unreferenced)
  0x7E14-0x7E2A  (unreferenced)
  0x7E6B-0x7E6B  (unreferenced)
islands: 211 B placed in C-BIOS padding
OK: merged main ROM -- repacked C-BIOS + BASIC($2812-$7FFF) + tape($09EE-$0CC9)
wrote /Users/joost/projects/zerobas/build/zerobas-main-eu.rom: 32768 bytes
wrote /Users/joost/projects/zerobas/zerobas-main-eu.ips: IPS, 16 records, 23800 bytes
  target (pristine) sha1: baf2e9c69252fd9b350b488d89c71887b9d05eec
  result (modified) sha1: 95cb6b5a75f955bd88ecf61ea502c27317d5e9f6
  self-check: patch applied to pristine reproduces modified ROM OK
wrote /Users/joost/projects/zerobas/zerobas-main-eu.bps: BPS, 855 records, 24337 bytes
  target (pristine) sha1: baf2e9c69252fd9b350b488d89c71887b9d05eec
  result (modified) sha1: 95cb6b5a75f955bd88ecf61ea502c27317d5e9f6
  embedded CRC32 source/target: 2e9d4baa/224df69f
  self-check: patch applied to pristine reproduces modified ROM OK
building repacked + pristine C-BIOS from the pinned tag...
  /opt/homebrew/opt/python@3.14/bin/python3.14 /Users/joost/projects/zerobas/tools/build_repacked_cbios.py --cbios /Users/joost/projects/cbios -o /Users/joost/projects/zerobas/build/cbios_main_msx1_eu-repacked.rom --pristine /Users/joost/projects/zerobas/build/cbios_main_msx1_eu-pristine.rom
assembling relocated BASIC ($2812) + its C-BIOS-padding islands + tape...
  pasmo --bin /Users/joost/projects/zerobas/basic/main.asm /tmp/zerobas/tmp_8yo8vb_/basic-full.bin
  /opt/homebrew/opt/python@3.14/bin/python3.14 /Users/joost/projects/zerobas/tools/split_islands.py /tmp/zerobas/tmp_8yo8vb_/basic-full.bin /Users/joost/projects/zerobas/build/basic-reloc.rom /Users/joost/projects/zerobas/build/basic-islands.bin
  pasmo --bin /Users/joost/projects/zerobas/tape/tape.asm /tmp/zerobas/tmp_8yo8vb_/tape.bin /tmp/zerobas/tmp_8yo8vb_/tape.sym
merging the main ROM...
  /opt/homebrew/opt/python@3.14/bin/python3.14 /Users/joost/projects/zerobas/tools/build_mainrom.py /Users/joost/projects/zerobas/build/cbios_main_msx1_eu-repacked.rom /Users/joost/projects/zerobas/build/basic-reloc.rom /tmp/zerobas/tmp_8yo8vb_/tape.bin /tmp/zerobas/tmp_8yo8vb_/tape.sym /Users/joost/projects/zerobas/build/zerobas-main-eu.rom /Users/joost/projects/zerobas/build/basic-islands.bin
making patches (vs pristine stock)...
  /opt/homebrew/opt/python@3.14/bin/python3.14 /Users/joost/projects/zerobas/tools/rom_patch.py make /Users/joost/projects/zerobas/build/cbios_main_msx1_eu-pristine.rom /Users/joost/projects/zerobas/build/zerobas-main-eu.rom /Users/joost/projects/zerobas/zerobas-main-eu.ips
  /opt/homebrew/opt/python@3.14/bin/python3.14 /Users/joost/projects/zerobas/tools/rom_patch.py make /Users/joost/projects/zerobas/build/cbios_main_msx1_eu-pristine.rom /Users/joost/projects/zerobas/build/zerobas-main-eu.rom /Users/joost/projects/zerobas/zerobas-main-eu.bps
done.
python3 tools/install-repack-machine.py --merged build/zerobas-main-eu.rom --disk-rom build/disk.rom \
	  --sub-rom build/sub.rom
wrote C-BIOS_MSX1_EU_REPACK_DISK  (-> machine "C-BIOS_MSX1_EU_REPACK_DISK": merged repack ROM in slot 0, zerobas-disk in slot 3-1, zerobas-sub in slot 3-2)
     /Users/joost/.openMSX/share/machines/C-BIOS_MSX1_EU_REPACK_DISK.xml
python3 tools/install-repack-machine.py --merged build/zerobas-main-eu.rom --sub-rom build/sub.rom \
	  --no-disk
wrote C-BIOS_MSX1_EU_REPACK_NODISK  (-> machine "C-BIOS_MSX1_EU_REPACK_NODISK": merged repack ROM in slot 0, slot 3-1 EMPTY (diskless target), zerobas-sub in slot 3-2)
     /Users/joost/.openMSX/share/machines/C-BIOS_MSX1_EU_REPACK_NODISK.xml
python3 probes/basic/basic_probe_eofcas.py

  two lines, HELLO / WORLD
  slot      CF-3300  zerobas
  open.E          0        5   DIFF
  open.A          0        7   DIFF
  line1.E         0        5   DIFF
  line1.A         0        7   DIFF
  line2.E         0        5   DIFF
  line2.A       255        7   DIFF
  IMARK         165      165   SAME
  out.E         255        5   NO-ORACLE (the CF-3300 never got here)
  out.A         255        7   NO-ORACLE (the CF-3300 never got here)
  MARK          255      165   NO-ORACLE (the CF-3300 never got here)

  boundary, a third line follows
  slot      CF-3300  zerobas
  li1.E           0        0   SAME
  li2.E           0        0   SAME
  eof.E           0        5   DIFF
  eof.A           0        7   DIFF
  len           126      126   SAME
  IMARK         165      165   SAME
  crt.E           5        5   SAME
  crt.A           7        7   SAME
  MARK          165      165   SAME

  boundary, the file ends there
  slot      CF-3300  zerobas
  li1.E           0        0   SAME
  li2.E           0        0   SAME
  eof.E           0        5   DIFF
  eof.A         255        7   DIFF
  len           126      126   SAME
  IMARK         165      165   SAME
  crt.E           5        5   SAME
  crt.A           7        7   SAME
  MARK          165      165   SAME

DIFF: 10  two lines, HELLO / WORLD:open.E two lines, HELLO / WORLD:open.A two lines, HELLO / WORLD:line1.E two lines, HELLO / WORLD:line1.A two lines, HELLO / WORLD:line2.E two lines, HELLO / WORLD:line2.A boundary, a third line follows:eof.E boundary, a third line follows:eof.A boundary, the file ends there:eof.E boundary, the file ends there:eof.A
make: *** [eofcas-acceptance] Error 1
