
row             vg8020        cf3300            zb   what it asks
e.ctl              0 0           0 0           0 0   CONTROL: both reads at the SAME depth -- must be 0
e.fn1             25 0          25 0           0 0   ONE extra DEF FN level
e.fn2             50 0          50 0           0 0   two extra levels
e.fn3             75 0          75 0       22809 7   three extra levels
e.fn4            100 0         100 0       22781 7   four extra levels
e.def5             0 0           0 0           0 0   SEPARATOR: 5 definitions, depth ONE
e.paren8          48 0          48 0           0 0   eight nested parentheses

reads `[FRE(0)@shallow - FRE(0)@deep   ERR]`
  >0 -> the EVALUATOR's own nesting comes out of the FRE(0) pool too,
        so on that machine CLEAR bounds evaluator depth as well
  0  -> the evaluator recurses somewhere FRE(0) cannot see

  vg8020   control        0 0  ok
  cf3300   control        0 0  ok
  zb       control        0 0  ok

bytes per DEF FN level  (a row that raised is named, never averaged):
  vg8020   e.fn1=25 B (25.0/level)   e.fn2=50 B (25.0/level)   e.fn3=75 B (25.0/level)   e.fn4=100 B (25.0/level)
  cf3300   e.fn1=25 B (25.0/level)   e.fn2=50 B (25.0/level)   e.fn3=75 B (25.0/level)   e.fn4=100 B (25.0/level)
  zb       e.fn1=0 B (0.0/level)   e.fn2=0 B (0.0/level)   e.fn3=22809 🔴 ERR 7   e.fn4=22781 🔴 ERR 7

DEPTH cap or DEFINITION-COUNT cap?  e.def5 defines the same five
functions as e.fn4 but nests only ONE:
  vg8020   e.def5        0 0   e.fn4      100 0   no cap reached at all
  cf3300   e.def5        0 0   e.fn4      100 0   no cap reached at all
  zb       e.def5        0 0   e.fn4    22781 7   🔴 NESTING DEPTH -- five definitions are fine (ERR 0), the DEPTH is not
refcache: 0 hit, 21 miss, 21 stored
