python3 tools/run_gates.py 
=== warm-up (serial build of shared artifacts) ===
warm-up 7s
=== 45 units, J=8, lineerr in 8 shards, nice=0 solo=None ===
  rc=0      2s  basic-reloc
  rc=0      0s  subrom-abi-check
  rc=0      1s  subrom-closure-check
  rc=0     22s  unit-test
  rc=0      0s  deadcode
  rc=0      2s  wall-assertion-check
  rc=0      0s  redundant-load-check
  rc=0      1s  rowshape-check
  rc=0      3s  injector-check
  rc=0      0s  temp-root-check
  rc=0      1s  preflight-check
  rc=0      4s  latch-check
  rc=0      4s  diskdep-check
  rc=0      1s  switch-build-check
  rc=0     36s  kwsweep
  rc=0      0s  deffn-selftest
  rc=0     37s  string-acceptance
  rc=0     19s  str-domain-acceptance
  rc=0     43s  strparen-acceptance
  rc=0    182s  penderr-acceptance
  rc=0     40s  missing-acceptance
  rc=0     13s  error-acceptance
  rc=0     72s  error-trap-acceptance
  rc=0     81s  onerr0-acceptance
  rc=0    104s  math-acceptance
  rc=0     85s  float-acceptance
  rc=0     48s  intarg-acceptance
  rc=0     36s  logicops-acceptance
  rc=0    205s  screenerr-acceptance
  rc=0    149s  tmfp-acceptance
  rc=0    187s  stmtpend-acceptance
  rc=0    110s  array-acceptance
  rc=0    126s  deffn-strict
  rc=0    312s  graphics-acceptance
  rc=0     59s  abort-acceptance
  rc=0    147s  interval-trap-acceptance
  rc=0     74s  clearpool-acceptance
  rc=0    117s  lineerr#1/8
  rc=0    115s  lineerr#2/8
  rc=0    114s  lineerr#3/8
  rc=0    104s  lineerr#4/8
  rc=0    104s  lineerr#5/8
  rc=0     93s  lineerr#6/8
  rc=0     77s  lineerr#7/8
  rc=0     64s  lineerr#8/8

=== wall 441s (7s build + 434s gates) ===
GATES: 38/38 green
hashes: fa720d6a ae796ccb cb06e156
rc=0
