python3 tools/run_gates.py 
=== warm-up (serial build of shared artifacts) ===
warm-up 7s
=== 45 units, J=8, lineerr in 8 shards, nice=0 solo=None ===
  rc=0      2s  basic-reloc
  rc=0      0s  subrom-abi-check
  rc=0      1s  subrom-closure-check
  rc=0     22s  unit-test
  rc=0      0s  deadcode
  rc=0      2s  wall-assertion-check
  rc=0      0s  redundant-load-check
  rc=0      1s  rowshape-check
  rc=0      3s  injector-check
  rc=0      0s  temp-root-check
  rc=0      1s  preflight-check
  rc=0      4s  latch-check
  rc=0      3s  diskdep-check
  rc=0      1s  switch-build-check
  rc=0     39s  kwsweep
  rc=0      0s  deffn-selftest
  rc=0     37s  string-acceptance
  rc=0     18s  str-domain-acceptance
  rc=0     37s  strparen-acceptance
  rc=0    172s  penderr-acceptance
  rc=0     35s  missing-acceptance
  rc=0     13s  error-acceptance
  rc=0     72s  error-trap-acceptance
  rc=0     77s  onerr0-acceptance
  rc=0    102s  math-acceptance
  rc=0     82s  float-acceptance
  rc=0     43s  intarg-acceptance
  rc=0     42s  logicops-acceptance
  rc=0    199s  screenerr-acceptance
  rc=0    138s  tmfp-acceptance
  rc=0    179s  stmtpend-acceptance
  rc=0    107s  array-acceptance
  rc=0    120s  deffn-strict
  rc=0    311s  graphics-acceptance
  rc=0     59s  abort-acceptance
  rc=0    145s  interval-trap-acceptance
  rc=0     74s  clearpool-acceptance
  rc=0    115s  lineerr#1/8
  rc=0    120s  lineerr#2/8
  rc=0    120s  lineerr#3/8
  rc=0    112s  lineerr#4/8
  rc=0    104s  lineerr#5/8
  rc=0    100s  lineerr#6/8
  rc=0     81s  lineerr#7/8
  rc=0     74s  lineerr#8/8

=== wall 440s (7s build + 433s gates) ===
GATES: 38/38 green
hashes: 6db7c1f0 ae796ccb 918b2909
rc=0
