page-1 labels: 1220  closures scored: 428
  net bytes lbls entr  seed
  360   367   20    1  htimi_service
  312   410   36   14  ev_f_notword
  217   308   29   13  ev_f_var
  210   217   10    1  play_service
  201   208    9    1  psv_run
  183   190    8    1  psv_loop
  147   154    6    1  psv_voice
  137   186   20    7  tgt_parse
  130   144    9    2  event_poll
  130   144    5    2  psv_fetch
  110   166   18    8  for_name
  110   152   16    6  var_name_key
  106   148   11    6  tgt_store_num
  104   118   13    2  if_skip_to_else
  102   130    7    4  tgt_desc
  102   116   12    2  ifs_lp
  102   116   10    2  cas_in_getbyte
   97   139   10    6  for_set
   96   117    8    3  ep_live
   93   114    6    3  str_get_key
   92   120    8    4  var_store_fac
   90   104    8    2  cal_getbyte
   89   110    5    3  tgt_store_str
   86   107   10    3  skip_stmt_tail
   85    99    9    2  tok_skip_to
   82   131   15    7  vnk_set2
   82   103    7    3  ep_stop_held
   82    89    8    1  tok_skip
   80   129   14    7  vnk_more
   78   120   12    6  var_str_type
