python3 tools/run_gates.py 
=== warm-up (serial build of shared artifacts) ===
warm-up 7s
=== refcache OFF for every unit: a gate measures, it never replays (docs/spec-refcache.md §7) ===
=== emulator tier RUNS: probes/tests/tools or the Makefile changed ===
=== 4 tree-mutating unit(s), SERIAL (they rewrite a shared tracked file) ===
  rc=0              1s  switch-build-check
  rc=0              5s  diskdep-check
  rc=0              0s  wall-literal-check
  rc=0             43s  selftest-check
  (post-mutator refresh 7s -- the plants moved mtimes, so the pool would otherwise race a rebuild)
=== 111 units, J=8, lineerr in 8 shards, nice=0 solo=None ===
  rc=0              2s  basic-reloc
  rc=0              0s  subrom-abi-check
  rc=0              0s  diskrom-abi-check
  rc=0              0s  rom-parts-check
  rc=0              1s  subrom-closure-check
  rc=0             22s  unit-test
  rc=0              0s  deadcode
  rc=0              3s  wall-assertion-check
  rc=0              0s  ram-claim-check
  rc=0              0s  redundant-load-check
  rc=0              1s  rowshape-check
  rc=0              4s  injector-check
  rc=0              1s  temp-root-check
  rc=2              1s  todo-citation-check
  rc=0              2s  chokepoint-check
  rc=0              0s  shared-body-check
  rc=0              0s  probe-reach-check
  rc=0              0s  battery-membership-check
  rc=0              0s  fixture-integrity-check
  rc=0              1s  preflight-check
  rc=0              5s  latch-check
  rc=0             19s  kwsweep
  rc=0             11s  patch-freshness-check
  rc=0              2s  refcache-check
  rc=0              0s  knife-guard-check
  rc=0              0s  knife-rom-guard-check
  rc=0              0s  deffn-selftest
  rc=0              1s  banner-acceptance
  rc=0             33s  string-acceptance
  rc=0             19s  str-domain-acceptance
  rc=0             12s  strparen-acceptance
  rc=0             52s  penderr-acceptance
  rc=0             44s  missing-acceptance
  rc=0             12s  error-acceptance
  rc=0             66s  error-trap-acceptance
  rc=0             91s  onerr0-acceptance
  rc=0            108s  math-acceptance
  rc=0             90s  float-acceptance
  rc=0             41s  intarg-acceptance
  rc=0             38s  logicops-acceptance
  rc=0            220s  screenerr-acceptance
  rc=0             43s  tmfp-acceptance
  rc=0             54s  stmtpend-acceptance
  rc=0            113s  array-acceptance
  rc=0            123s  deffn-strict
  rc=0            368s  graphics-acceptance
  rc=0             55s  abort-acceptance
  rc=0            138s  interval-trap-acceptance
  rc=0             84s  clearpool-acceptance
  rc=0            131s  stackpool-acceptance
  rc=0            150s  trapdepth-acceptance
  rc=0             74s  ctlcross-acceptance
  rc=0            397s  ctllim-acceptance
  rc=0            409s  ramfree-acceptance
  rc=0             13s  cursor-acceptance
  rc=0             87s  time-acceptance
  rc=0            271s  namspc-acceptance
  rc=0             92s  arrdim-acceptance
  rc=0             50s  arylv-acceptance
  rc=0             51s  badfnum-acceptance
  rc=0              3s  beep-acceptance
  rc=0             30s  binfre-acceptance
  rc=0             18s  cassave-acceptance
  rc=0             76s  castail-acceptance
  rc=0            124s  deffn-acceptance
  rc=0             49s  direct-ctrl-acceptance
  rc=0             15s  dskmsg-acceptance
  rc=0             85s  editverb-acceptance
  rc=0             25s  fldary-acceptance
  rc=0             94s  fldwidth-acceptance
  rc=0             22s  forvar-acceptance
  rc=0             51s  gicini-acceptance
  rc=0              0s  graphics-floor-acceptance
  rc=0            142s  ifsem-acceptance
  rc=0              4s  input-acceptance
  rc=0             59s  nodisk-acceptance
  rc=0             68s  pusing-acceptance
  rc=0             43s  catterm-acceptance
  rc=0             18s  catusr-acceptance
  rc=0             12s  nameord-acceptance
  rc=0              5s  namegate-acceptance
  rc=0             37s  inputary-acceptance
  rc=0            139s  key-trap-acceptance
  rc=0             55s  linemax-acceptance
  rc=0            150s  lnblank-acceptance
  rc=0             36s  locarg-acceptance
  rc=0             42s  lof-acceptance
  rc=0             81s  lptverb-acceptance
  rc=0             54s  lrvar-acceptance
  rc=0             58s  lvfix-acceptance
  rc=0             20s  nxary-acceptance
  rc=0             27s  nxlist-acceptance
  rc=0             25s  play-acceptance
  rc=0             11s  play-trace-acceptance
  rc=0             22s  readvar-acceptance
  rc=0              7s  runtail-acceptance
  rc=0             28s  sound-acceptance
  rc=0             67s  sprite-trap-acceptance
  rc=0             55s  stop-trap-acceptance
  rc=0            148s  strig-trap-acceptance
  rc=0              0s  subrom-acceptance
  rc=0             65s  tgtspc-acceptance
  rc=0             70s  width-acceptance
  rc=0            103s  lineerr#1/8
  rc=0            103s  lineerr#2/8
  rc=0            101s  lineerr#3/8
  rc=0             98s  lineerr#4/8
  rc=0             98s  lineerr#5/8
  rc=0             89s  lineerr#6/8
  rc=0             80s  lineerr#7/8
  rc=0             61s  lineerr#8/8

=== retrying 1 red unit(s) SERIALLY (flake vs real) ===
  retry todo-citation-check: rc 2->2  REAL (still red)

=== wall 845s (7s build + 838s gates) ===
GATES: 107/108 green
RED: todo-citation-check
hashes: 496da3db f980489f 35377711 99a63f2e
make: *** [gates] Error 1
