=== baseline (rebuild first: a previous restore leaves build/ knifed)
  ROM 35377711 f980489f 99a63f2e 496da3db
  fldary rc=0, 16 row(s) read   scratchpad/fa5_knife/base.out

=== K-FA5b: the same site made an UNCONDITIONAL, DISTINGUISHABLE ERR 5 -- a reachability probe, not an abort probe
  ROM 35377711 f980489f 99a63f2e 496da3db  ->  6c0c9f50 f980489f 99a63f2e 6cb1d87f
  fldary rc=1   scratchpad/fa5_knife/cut.out

=== rows that MOVED
  d.ctl
     before: ok   d.ctl         cf3300='OK'  zb='OK'   [POSITIVE CONTROL]   [ONE REFERENCE ONLY (cf3300)]
     after:  DIFF d.ctl         cf3300='OK'  zb='<Illegal function call>'   [POSITIVE CONTROL]   [ONE REFERENCE ONLY (cf3300)]
  d.ary
     before: ok   d.ary         cf3300='OK'  zb='OK'   [ONE REFERENCE ONLY (cf3300)]
     after:  DIFF d.ary         cf3300='OK'  zb='<Illegal function call>'   [ITS OWN ARM'S CONTROL IS RED ON zb — this row is NOT evidence about the SUBSCRIPT]   [ONE REFERENCE ONLY (cf3300)]
  d.aryvar
     before: ok   d.aryvar      cf3300='OK'  zb='OK'   [ONE REFERENCE ONLY (cf3300)]
     after:  DIFF d.aryvar      cf3300='OK'  zb='<Illegal function call>'   [ITS OWN ARM'S CONTROL IS RED ON zb — this row is NOT evidence about the SUBSCRIPT]   [ONE REFERENCE ONLY (cf3300)]
  d.ary2d
     before: ok   d.ary2d       cf3300='OK'  zb='OK'   [ONE REFERENCE ONLY (cf3300)]
     after:  DIFF d.ary2d       cf3300='OK'  zb='<Illegal function call>'   [ITS OWN ARM'S CONTROL IS RED ON zb — this row is NOT evidence about the SUBSCRIPT]   [ONE REFERENCE ONLY (cf3300)]
  d.aryoor
     before: ok   d.aryoor      cf3300='<Subscript out of range>'  zb='<Subscript out of range>'   [ONE REFERENCE ONLY (cf3300)]
     after:  DIFF d.aryoor      cf3300='<Subscript out of range>'  zb='<Illegal function call>'   [ITS OWN ARM'S CONTROL IS RED ON zb — this row is NOT evidence about the SUBSCRIPT]   [ONE REFERENCE ONLY (cf3300)]
  d.aryoor2
     before: ok   d.aryoor2     cf3300=' 5 '  zb=' 5 '   [ONE REFERENCE ONLY (cf3300)]
     after:  DIFF d.aryoor2     cf3300=' 5 '  zb=' 0 '   [ONE REFERENCE ONLY (cf3300)]
  s.fld
     before: ok   s.fld         cf3300='HI        '  zb='HI        '   [POSITIVE CONTROL]   [ONE REFERENCE ONLY (cf3300)]
     after:  DIFF s.fld         cf3300='HI        '  zb='<Illegal function call>'   [POSITIVE CONTROL]   [ONE REFERENCE ONLY (cf3300)]
  s.fldary
     before: ok   s.fldary      cf3300='HI        '  zb='HI        '   [ONE REFERENCE ONLY (cf3300)]
     after:  DIFF s.fldary      cf3300='HI        '  zb='<Illegal function call>'   [ITS OWN ARM'S CONTROL IS RED ON zb — this row is NOT evidence about the SUBSCRIPT]   [ONE REFERENCE ONLY (cf3300)]
  s.fldaryvar
     before: ok   s.fldaryvar   cf3300='HI        '  zb='HI        '   [ONE REFERENCE ONLY (cf3300)]
     after:  DIFF s.fldaryvar   cf3300='HI        '  zb='<Illegal function call>'   [ITS OWN ARM'S CONTROL IS RED ON zb — this row is NOT evidence about the SUBSCRIPT]   [ONE REFERENCE ONLY (cf3300)]
  s.fldary2d
     before: ok   s.fldary2d    cf3300='HI        '  zb='HI        '   [ONE REFERENCE ONLY (cf3300)]
     after:  DIFF s.fldary2d    cf3300='HI        '  zb='<Illegal function call>'   [ITS OWN ARM'S CONTROL IS RED ON zb — this row is NOT evidence about the SUBSCRIPT]   [ONE REFERENCE ONLY (cf3300)]
  s.fldary2
     before: ok   s.fldary2     cf3300='BB    '  zb='BB    '   [ONE REFERENCE ONLY (cf3300)]
     after:  DIFF s.fldary2     cf3300='BB    '  zb='<Illegal function call>'   [ITS OWN ARM'S CONTROL IS RED ON zb — this row is NOT evidence about the SUBSCRIPT]   [ONE REFERENCE ONLY (cf3300)]
  s.fldarymix
     before: ok   s.fldarymix   cf3300='XX  |YY    '  zb='XX  |YY    '   [ONE REFERENCE ONLY (cf3300)]
     after:  DIFF s.fldarymix   cf3300='XX  |YY    '  zb='<Illegal function call>'   [ITS OWN ARM'S CONTROL IS RED ON zb — this row is NOT evidence about the SUBSCRIPT]   [ONE REFERENCE ONLY (cf3300)]
  s.fldaryoor
     before: ok   s.fldaryoor   cf3300='<Subscript out of range>'  zb='<Subscript out of range>'   [ONE REFERENCE ONLY (cf3300)]
     after:  DIFF s.fldaryoor   cf3300='<Subscript out of range>'  zb='<Illegal function call>'   [ITS OWN ARM'S CONTROL IS RED ON zb — this row is NOT evidence about the SUBSCRIPT]   [ONE REFERENCE ONLY (cf3300)]
  r.fldary
     before: ok   r.fldary      cf3300='        HI'  zb='        HI'   [ONE REFERENCE ONLY (cf3300)]
     after:  DIFF r.fldary      cf3300='        HI'  zb='<Illegal function call>'   [ITS OWN ARM'S CONTROL IS RED ON zb — this row is NOT evidence about the SUBSCRIPT]   [ONE REFERENCE ONLY (cf3300)]

14 row(s) moved of 16
  restored basic/field.asm byte-identically
