=== warm-up (serial build of shared artifacts) ===
warm-up rc=0  6s
=== parallel phase: 42 units, J=5, lineerr in 6 shards, isolate=False ===
  rc=0      2s  basic-reloc
  rc=0      0s  subrom-abi-check
  rc=0      1s  subrom-closure-check
  rc=0     21s  unit-test
  rc=0      0s  deadcode
  rc=0      2s  wall-assertion-check
  rc=0      0s  redundant-load-check
  rc=0      1s  rowshape-check
  rc=0      3s  injector-check
  rc=0      1s  preflight-check
  rc=0      3s  latch-check
  rc=0      3s  diskdep-check
  rc=0      1s  switch-build-check
  rc=0     15s  kwsweep
  rc=0      0s  deffn-selftest
  rc=0     25s  string-acceptance
  rc=0     14s  str-domain-acceptance
  rc=0     32s  strparen-acceptance
  rc=0    137s  penderr-acceptance
  rc=0     31s  missing-acceptance
  rc=0      8s  error-acceptance
  rc=0     50s  error-trap-acceptance
  rc=0     53s  onerr0-acceptance
  rc=0     80s  math-acceptance
  rc=0     62s  float-acceptance
  rc=0     34s  intarg-acceptance
  rc=0     32s  logicops-acceptance
  rc=0    137s  screenerr-acceptance
  rc=0    106s  tmfp-acceptance
  rc=0    136s  stmtpend-acceptance
  rc=0     89s  array-acceptance
  rc=0     82s  deffn-strict
  rc=2    396s  graphics-acceptance
  rc=0     44s  abort-acceptance
  rc=0     97s  interval-trap-acceptance
  rc=0     56s  clearpool-acceptance
  rc=0    105s  lineerr#1/6
  rc=0    105s  lineerr#2/6
  rc=0    103s  lineerr#3/6
  rc=0     97s  lineerr#4/6
  rc=0     97s  lineerr#5/6
  rc=0     94s  lineerr#6/6

=== TOTAL wall 609s  (warm 6s + parallel 603s) ===
lineerr-acceptance (sharded): PASS (6 shards)
GATES: 36/38 green
RED: graphics-acceptance
=== slowest units ===
    396s  graphics-acceptance  (rc=2)
    137s  screenerr-acceptance  (rc=0)
    137s  penderr-acceptance  (rc=0)
    136s  stmtpend-acceptance  (rc=0)
    106s  tmfp-acceptance  (rc=0)
    105s  lineerr#2/6  (rc=0)
=== hashes ===
  41b8c4ed  build/basic-reloc.rom
  1922eaa0  build/sub.rom
  7d27b871  build/zerobas-main-eu.rom
