=== --no-build: reusing existing build/ ===
=== parallel phase: 43 units, J=8, lineerr in 8 shards, isolate=False ===
  rc=0      2s  basic-reloc
  rc=0      0s  subrom-abi-check
  rc=0      1s  subrom-closure-check
  rc=0     23s  unit-test
  rc=0      0s  deadcode
  rc=0      2s  wall-assertion-check
  rc=0      0s  redundant-load-check
  rc=0      1s  rowshape-check
  rc=0      3s  injector-check
  rc=0      1s  preflight-check
  rc=0      4s  latch-check
  rc=0      3s  diskdep-check
  rc=0      1s  switch-build-check
  rc=0     28s  kwsweep
  rc=0      0s  deffn-selftest
  rc=0     37s  string-acceptance
  rc=0     19s  str-domain-acceptance
  rc=0     42s  strparen-acceptance
  rc=0    183s  penderr-acceptance
  rc=0     42s  missing-acceptance
  rc=0     13s  error-acceptance
  rc=0     73s  error-trap-acceptance
  rc=0     79s  onerr0-acceptance
  rc=0    102s  math-acceptance
  rc=0     93s  float-acceptance
  rc=0     50s  intarg-acceptance
  rc=0     37s  logicops-acceptance
  rc=0    201s  screenerr-acceptance
  rc=2    154s  tmfp-acceptance
  rc=0    192s  stmtpend-acceptance
  rc=0    106s  array-acceptance
  rc=0    129s  deffn-strict
  rc=0     54s  abort-acceptance
  rc=0    146s  interval-trap-acceptance
  rc=0     73s  clearpool-acceptance
  rc=0    132s  lineerr#1/8
  rc=0    123s  lineerr#2/8
  rc=0    121s  lineerr#3/8
  rc=0    108s  lineerr#4/8
  rc=0    105s  lineerr#5/8
  rc=0    102s  lineerr#6/8
  rc=0     89s  lineerr#7/8
  rc=0     82s  lineerr#8/8

=== TOTAL wall 362s  (warm 0s + parallel 362s) ===
lineerr-acceptance (sharded): PASS (8 shards)
GATES: 35/38 green
RED: tmfp-acceptance
=== slowest units ===
    201s  screenerr-acceptance  (rc=0)
    192s  stmtpend-acceptance  (rc=0)
    183s  penderr-acceptance  (rc=0)
    154s  tmfp-acceptance  (rc=2)
    146s  interval-trap-acceptance  (rc=0)
    132s  lineerr#1/8  (rc=0)
=== hashes ===
  41b8c4ed  build/basic-reloc.rom
  1922eaa0  build/sub.rom
  7d27b871  build/zerobas-main-eu.rom
