=== --no-build: reusing existing build/ ===
=== parallel phase: 42 units, J=4, lineerr in 6 shards, isolate=False ===
  rc=0    503s  graphics-acceptance
  rc=0      2s  basic-reloc
  rc=0      0s  subrom-abi-check
  rc=0      1s  subrom-closure-check
  rc=2     21s  unit-test
  rc=0      0s  deadcode
  rc=0      2s  wall-assertion-check
  rc=0      0s  redundant-load-check
  rc=0      1s  rowshape-check
  rc=0      3s  injector-check
  rc=0      1s  preflight-check
  rc=0      8s  latch-check
  rc=0      3s  diskdep-check
  rc=0      1s  switch-build-check
  rc=0     15s  kwsweep
  rc=0      0s  deffn-selftest
  rc=0     23s  string-acceptance
  rc=0     17s  str-domain-acceptance
  rc=0     30s  strparen-acceptance
  rc=0    126s  penderr-acceptance
  rc=0     31s  missing-acceptance
  rc=0      5s  error-acceptance
  rc=0     50s  error-trap-acceptance
  rc=0     52s  onerr0-acceptance
  rc=0     66s  math-acceptance
  rc=0     55s  float-acceptance
  rc=0     33s  intarg-acceptance
  rc=0     18s  logicops-acceptance
  rc=0    129s  screenerr-acceptance
  rc=0     98s  tmfp-acceptance
  rc=0    120s  stmtpend-acceptance
  rc=0     86s  array-acceptance
  rc=0     76s  deffn-strict
  rc=0     43s  abort-acceptance
  rc=0     85s  interval-trap-acceptance
  rc=2     54s  clearpool-acceptance
  rc=0     97s  lineerr#1/6
  rc=0     94s  lineerr#2/6
  rc=0     92s  lineerr#3/6
  rc=0     87s  lineerr#4/6
  rc=0     82s  lineerr#5/6
  rc=0     71s  lineerr#6/6

=== TOTAL wall 596s  (warm 0s + parallel 596s) ===
lineerr-acceptance (sharded): PASS (6 shards)
GATES: 35/38 green
RED: unit-test clearpool-acceptance
=== slowest units ===
    503s  graphics-acceptance  (rc=0)
    129s  screenerr-acceptance  (rc=0)
    126s  penderr-acceptance  (rc=0)
    120s  stmtpend-acceptance  (rc=0)
     98s  tmfp-acceptance  (rc=0)
     97s  lineerr#1/6  (rc=0)
=== hashes ===
  41b8c4ed  build/basic-reloc.rom
  1922eaa0  build/sub.rom
  7d27b871  build/zerobas-main-eu.rom
