=== warm-up (serial build of shared artifacts) ===
warm-up rc=0  6s
=== parallel phase: 44 units, J=6, lineerr in 8 shards, isolate=False ===
  rc=0    511s  graphics-acceptance
  rc=0      2s  basic-reloc
  rc=0      0s  subrom-abi-check
  rc=0      1s  subrom-closure-check
  rc=0     22s  unit-test
  rc=0      0s  deadcode
  rc=0      2s  wall-assertion-check
  rc=0      0s  redundant-load-check
  rc=0      1s  rowshape-check
  rc=0      3s  injector-check
  rc=0      1s  preflight-check
  rc=0      3s  latch-check
  rc=0      3s  diskdep-check
  rc=0      1s  switch-build-check
  rc=0     22s  kwsweep
  rc=0      0s  deffn-selftest
  rc=0     25s  string-acceptance
  rc=0     14s  str-domain-acceptance
  rc=0     32s  strparen-acceptance
  rc=0    144s  penderr-acceptance
  rc=0     27s  missing-acceptance
  rc=0     10s  error-acceptance
  rc=0     60s  error-trap-acceptance
  rc=0     63s  onerr0-acceptance
  rc=0     78s  math-acceptance
  rc=0     74s  float-acceptance
  rc=0     35s  intarg-acceptance
  rc=0     32s  logicops-acceptance
  rc=0    154s  screenerr-acceptance
  rc=0    114s  tmfp-acceptance
  rc=0    153s  stmtpend-acceptance
  rc=0     85s  array-acceptance
  rc=0     96s  deffn-strict
  rc=0     44s  abort-acceptance
  rc=0    112s  interval-trap-acceptance
  rc=0     63s  clearpool-acceptance
  rc=0    103s  lineerr#1/8
  rc=0    101s  lineerr#2/8
  rc=0     96s  lineerr#3/8
  rc=0     92s  lineerr#4/8
  rc=0     87s  lineerr#5/8
  rc=0     85s  lineerr#6/8
  rc=0     83s  lineerr#7/8
  rc=0     82s  lineerr#8/8

=== TOTAL wall 517s  (warm 6s + parallel 511s) ===
lineerr-acceptance (sharded): PASS (8 shards)
GATES: 37/38 green
=== slowest units ===
    511s  graphics-acceptance  (rc=0)
    154s  screenerr-acceptance  (rc=0)
    153s  stmtpend-acceptance  (rc=0)
    144s  penderr-acceptance  (rc=0)
    114s  tmfp-acceptance  (rc=0)
    112s  interval-trap-acceptance  (rc=0)
=== hashes ===
  41b8c4ed  build/basic-reloc.rom
  1922eaa0  build/sub.rom
  7d27b871  build/zerobas-main-eu.rom
