=== baseline
  ROM 35377711 45a2f30a 99a63f2e 496da3db
  fat-error rc=0, 21 row(s), FAIL none   scratchpad/fatverb_knives/base.out

=== K-FE1: the SHARED read layer -- every byte-reading control must move, and the DIRECTORY ones (fat/kill/name) must not
  ROM 35377711 45a2f30a 99a63f2e 496da3db  ->  f2484b1a 6a083f33 99a63f2e 1803c671
  rc=2  alive rows FAILing ['bload-alive', 'load-alive', 'open-alive', 'run-alive']   🔴 extra=[] missing=['append-alive', 'merge-alive']   scratchpad/fatverb_knives/K-FE1.out

=== K-FE2: BLOAD's own BSAVE-marker compare -- no other verb executes it
  ROM f2484b1a 6a083f33 99a63f2e 1803c671  ->  35377711 27030168 99a63f2e 496da3db
  rc=2  alive rows FAILing ['bload-alive']   ok   scratchpad/fatverb_knives/K-FE2.out

=== K-FE3: OPEN FOR INPUT's own mode byte -- only this verb stores it
  ROM 35377711 27030168 99a63f2e 496da3db  ->  e4c75fad 45a2f30a 99a63f2e a7705fcd
  rc=2  alive rows FAILing ['open-alive']   ok   scratchpad/fatverb_knives/K-FE3.out

=== K-FE4: fat_io_append's own re-use of the existing chain
  ROM e4c75fad 45a2f30a 99a63f2e a7705fcd  ->  46193aac 45a2f30a 99a63f2e b2fc31aa
  rc=2  alive rows FAILing []   🔴 extra=[] missing=['append-alive']   scratchpad/fatverb_knives/K-FE4.out

=== verdict
  K-FE1  want ['append-alive', 'bload-alive', 'load-alive', 'merge-alive', 'open-alive', 'run-alive']  got ['bload-alive', 'load-alive', 'open-alive', 'run-alive']  🔴
  K-FE2  want ['bload-alive']  got ['bload-alive']  ok
  K-FE3  want ['open-alive']  got ['open-alive']  ok
  K-FE4  want ['append-alive']  got []  🔴
KNIVES: RED (2 wrong, 0 fault(s))
  restored basic/fatio-body.inc, basic/bload-body.inc, basic/files.asm, basic/fat.asm byte-identically
