python3 tools/run_gates.py 
=== warm-up (serial build of shared artifacts) ===
warm-up 7s
=== refcache OFF for every unit: a gate measures, it never replays (docs/spec-refcache.md §7) ===
=== emulator tier RUNS: probes/tests/tools or the Makefile changed ===
=== 4 tree-mutating unit(s), SERIAL (they rewrite a shared tracked file) ===
  rc=0              1s  switch-build-check
  rc=0              5s  diskdep-check
  rc=0              0s  wall-literal-check
  rc=0             43s  selftest-check
  (post-mutator refresh 7s -- the plants moved mtimes, so the pool would otherwise race a rebuild)
=== 112 units, J=8, lineerr in 8 shards, nice=0 solo=None ===
  rc=0              2s  basic-reloc
  rc=0              0s  subrom-abi-check
  rc=0              0s  diskrom-abi-check
  rc=0              0s  rom-parts-check
  rc=0              1s  subrom-closure-check
  rc=0             22s  unit-test
  rc=0              0s  deadcode
  rc=0              3s  wall-assertion-check
  rc=0              0s  ram-claim-check
  rc=0              0s  build-assert-check
  rc=0              0s  redundant-load-check
  rc=0              1s  rowshape-check
  rc=0              4s  injector-check
  rc=0              1s  temp-root-check
  rc=0              1s  todo-citation-check
  rc=0              2s  chokepoint-check
  rc=0              0s  shared-body-check
  rc=0              0s  probe-reach-check
  rc=0              0s  battery-membership-check
  rc=0              0s  fixture-integrity-check
  rc=0              1s  preflight-check
  rc=0              5s  latch-check
  rc=0             20s  kwsweep
  rc=0             11s  patch-freshness-check
  rc=0              2s  refcache-check
  rc=0              0s  knife-guard-check
  rc=0              0s  knife-rom-guard-check
  rc=0              0s  deffn-selftest
  rc=0              1s  banner-acceptance
  rc=0             28s  string-acceptance
  rc=0             19s  str-domain-acceptance
  rc=0             12s  strparen-acceptance
  rc=0             42s  penderr-acceptance
  rc=0             44s  missing-acceptance
  rc=0             12s  error-acceptance
  rc=0             65s  error-trap-acceptance
  rc=0             89s  onerr0-acceptance
  rc=0            110s  math-acceptance
  rc=0             89s  float-acceptance
  rc=0             41s  intarg-acceptance
  rc=0             43s  logicops-acceptance
  rc=0            220s  screenerr-acceptance
  rc=0             48s  tmfp-acceptance
  rc=0             53s  stmtpend-acceptance
  rc=0            110s  array-acceptance
  rc=0            122s  deffn-strict
  rc=0            369s  graphics-acceptance
  rc=0             54s  abort-acceptance
  rc=0            137s  interval-trap-acceptance
  rc=0             84s  clearpool-acceptance
  rc=0            127s  stackpool-acceptance
  rc=0            164s  trapdepth-acceptance
  rc=0             75s  ctlcross-acceptance
  rc=0            388s  ctllim-acceptance
  rc=0            411s  ramfree-acceptance
  rc=0             13s  cursor-acceptance
  rc=0             89s  time-acceptance
  rc=0            276s  namspc-acceptance
  rc=0             95s  arrdim-acceptance
  rc=0             44s  arylv-acceptance
  rc=0             55s  badfnum-acceptance
  rc=0              6s  beep-acceptance
  rc=0             21s  binfre-acceptance
  rc=0             25s  cassave-acceptance
  rc=0             78s  castail-acceptance
  rc=0            124s  deffn-acceptance
  rc=0             43s  direct-ctrl-acceptance
  rc=0             12s  dskmsg-acceptance
  rc=0             84s  editverb-acceptance
  rc=0             33s  fldary-acceptance
  rc=0             93s  fldwidth-acceptance
  rc=0             31s  forvar-acceptance
  rc=0             47s  gicini-acceptance
  rc=0              0s  graphics-floor-acceptance
  rc=0            142s  ifsem-acceptance
  rc=0              8s  input-acceptance
  rc=0             57s  nodisk-acceptance
  rc=0             75s  pusing-acceptance
  rc=0             42s  catterm-acceptance
  rc=0             19s  catusr-acceptance
  rc=0             13s  nameord-acceptance
  rc=0             12s  namegate-acceptance
  rc=0             33s  inputary-acceptance
  rc=0            136s  key-trap-acceptance
  rc=0             59s  linemax-acceptance
  rc=0            142s  lnblank-acceptance
  rc=0             37s  locarg-acceptance
  rc=0             43s  lof-acceptance
  rc=0             82s  lptverb-acceptance
  rc=0             58s  lrvar-acceptance
  rc=0             56s  lvfix-acceptance
  rc=0             20s  nxary-acceptance
  rc=0             29s  nxlist-acceptance
  rc=0             30s  play-acceptance
  rc=0             11s  play-trace-acceptance
  rc=0             22s  readvar-acceptance
  rc=0              8s  runtail-acceptance
  rc=0             23s  sound-acceptance
  rc=0             67s  sprite-trap-acceptance
  rc=0             57s  stop-trap-acceptance
  rc=0            143s  strig-trap-acceptance
  rc=0              0s  subrom-acceptance
  rc=0             65s  tgtspc-acceptance
  rc=0             78s  width-acceptance
  rc=0            104s  lineerr#1/8
  rc=0            112s  lineerr#2/8
  rc=0            109s  lineerr#3/8
  rc=0            103s  lineerr#4/8
  rc=0            101s  lineerr#5/8
  rc=0             92s  lineerr#6/8
  rc=0             87s  lineerr#7/8
  rc=0             64s  lineerr#8/8

=== wall 849s (7s build + 843s gates) ===
GATES: 109/109 green
hashes: 496da3db f980489f 35377711 99a63f2e
recorded: this full green battery is now the baseline a future skip must prove itself against
