python3 tools/run_gates.py --full 
=== warm-up (serial build of shared artifacts) ===
warm-up 8s
=== refcache OFF for every unit: a gate measures, it never replays (docs/spec-refcache.md §7) ===
=== emulator tier RUNS: forced by --full ===
=== 4 tree-mutating unit(s), SERIAL (they rewrite a shared tracked file) ===
  rc=0              1s  switch-build-check
  rc=0              6s  diskdep-check
  rc=0              0s  wall-literal-check
  rc=0             48s  selftest-check
  (post-mutator refresh 7s -- the plants moved mtimes, so the pool would otherwise race a rebuild)
=== 117 units, J=8, lineerr in 8 shards, nice=0 solo=None ===
  rc=0              3s  basic-reloc
  rc=0              0s  subrom-abi-check
  rc=0              0s  diskrom-abi-check
  rc=0              0s  rom-parts-check
  rc=0              1s  subrom-closure-check
  rc=0             28s  unit-test
  rc=0              0s  deadcode
  rc=0              3s  wall-assertion-check
  rc=0              0s  ram-claim-check
  rc=0              0s  build-assert-check
  rc=0              3s  needle-case-check
  rc=0              0s  redundant-load-check
  rc=0              1s  rowshape-check
  rc=0              5s  injector-check
  rc=0              1s  temp-root-check
  rc=0              2s  todo-citation-check
  rc=0              0s  todo-marker-check
  rc=0              0s  deferral-pin-check
  rc=0              1s  error-alphabet-check
  rc=0              2s  chokepoint-check
  rc=0              0s  shared-body-check
  rc=0              0s  probe-reach-check
  rc=0              0s  battery-membership-check
  rc=0              0s  fixture-integrity-check
  rc=0              1s  preflight-check
  rc=0              4s  latch-check
  rc=0             18s  kwsweep
  rc=0             12s  patch-freshness-check
  rc=0              2s  refcache-check
  rc=0              0s  knife-guard-check
  rc=0              1s  knife-rom-guard-check
  rc=0              0s  deffn-selftest
  rc=0              1s  banner-acceptance
  rc=0             26s  string-acceptance
  rc=0             18s  str-domain-acceptance
  rc=0             11s  strparen-acceptance
  rc=0             42s  penderr-acceptance
  rc=0             55s  missing-acceptance
  rc=0             12s  error-acceptance
  rc=0             68s  error-trap-acceptance
  rc=0             92s  onerr0-acceptance
  rc=0            115s  math-acceptance
  rc=0             86s  float-acceptance
  rc=0             45s  intarg-acceptance
  rc=0             44s  logicops-acceptance
  rc=0            227s  screenerr-acceptance
  rc=0             49s  tmfp-acceptance
  rc=0             49s  stmtpend-acceptance
  rc=2            115s  array-acceptance
  rc=0            118s  deffn-strict
  rc=0            361s  graphics-acceptance
  rc=0             54s  abort-acceptance
  rc=0            148s  interval-trap-acceptance
  rc=0             86s  clearpool-acceptance
  rc=0            138s  stackpool-acceptance
  rc=0            154s  trapdepth-acceptance
  rc=0             74s  ctlcross-acceptance
  rc=0            373s  ctllim-acceptance
  rc=2            432s  ramfree-acceptance
  rc=0             12s  txtceil-acceptance
  rc=0             14s  cursor-acceptance
  rc=0             79s  time-acceptance
  rc=0            297s  namspc-acceptance
  rc=0             96s  arrdim-acceptance
  rc=0             48s  arylv-acceptance
  rc=0             58s  badfnum-acceptance
  rc=0              4s  beep-acceptance
  rc=0             30s  binfre-acceptance
  rc=0             25s  cassave-acceptance
  rc=0             84s  castail-acceptance
  rc=0            123s  deffn-acceptance
  rc=0             44s  direct-ctrl-acceptance
  rc=0             11s  dskmsg-acceptance
  rc=0             84s  editverb-acceptance
  rc=0             33s  fldary-acceptance
  rc=0             95s  fldwidth-acceptance
  rc=0             23s  forvar-acceptance
  rc=0             48s  gicini-acceptance
  rc=0              0s  graphics-floor-acceptance
  rc=0            151s  ifsem-acceptance
  rc=0              9s  input-acceptance
  rc=0             56s  nodisk-acceptance
  rc=0             75s  pusing-acceptance
  rc=0             42s  catterm-acceptance
  rc=0             13s  catusr-acceptance
  rc=0             16s  nameord-acceptance
  rc=0             10s  namegate-acceptance
  rc=0             43s  inputary-acceptance
  rc=0            146s  key-trap-acceptance
  rc=0             59s  linemax-acceptance
  rc=0            142s  lnblank-acceptance
  rc=0             37s  locarg-acceptance
  rc=0             40s  lof-acceptance
  rc=0             87s  lptverb-acceptance
  rc=0             56s  lrvar-acceptance
  rc=0             53s  lvfix-acceptance
  rc=0             23s  nxary-acceptance
  rc=0             21s  nxlist-acceptance
  rc=0             27s  play-acceptance
  rc=0             11s  play-trace-acceptance
  rc=0             21s  readvar-acceptance
  rc=0              8s  runtail-acceptance
  rc=0             24s  sound-acceptance
  rc=0             76s  sprite-trap-acceptance
  rc=0             56s  stop-trap-acceptance
  rc=0            163s  strig-trap-acceptance
  rc=0              0s  subrom-acceptance
  rc=0             73s  tgtspc-acceptance
  rc=0             69s  width-acceptance
  rc=0            114s  lineerr#1/8
  rc=0            107s  lineerr#2/8
  rc=0            111s  lineerr#3/8
  rc=0            109s  lineerr#4/8
  rc=0             95s  lineerr#5/8
  rc=0             99s  lineerr#6/8
  rc=0             87s  lineerr#7/8
  rc=0             63s  lineerr#8/8

=== retrying 2 red unit(s) SERIALLY (flake vs real) ===
  retry array-acceptance: rc 2->2  REAL (still red)
  retry ramfree-acceptance: rc 2->2  REAL (still red)

=== wall 1059s (8s build + 1052s gates) ===
GATES: 112/114 green
RED: array-acceptance ramfree-acceptance
hashes: e46de67e dd98db58 5c14c662 9a96945d
make: *** [gates-full] Error 1
