python3 tools/install-repack-machine.py --merged build/zerobas-main-eu.rom --disk-rom build/disk.rom \
	  --sub-rom build/sub.rom
wrote C-BIOS_MSX1_EU_REPACK_DISK  (-> machine "C-BIOS_MSX1_EU_REPACK_DISK": merged repack ROM in slot 0, zerobas-disk in slot 3-1, zerobas-sub in slot 3-2)
     /Users/joost/.openMSX/share/machines/C-BIOS_MSX1_EU_REPACK_DISK.xml
python3 tools/install-repack-machine.py --merged build/zerobas-main-eu.rom --sub-rom build/sub.rom \
	  --no-disk
wrote C-BIOS_MSX1_EU_REPACK_NODISK  (-> machine "C-BIOS_MSX1_EU_REPACK_NODISK": merged repack ROM in slot 0, slot 3-1 EMPTY (diskless target), zerobas-sub in slot 3-2)
     /Users/joost/.openMSX/share/machines/C-BIOS_MSX1_EU_REPACK_NODISK.xml
python3 probes/basic/basic_probe_lptverb.py --gate \
	        --sides vg8020,cf3300,zb \
	         \
	        --repeat 1
D-LPTVERB — LPRINT / LPOS / LFILES   sides: vg8020, cf3300, zb
==============================================================================
ok  lpr-ctl      'CTL\\r\\n'
ok  lpr-str      'X\\r\\n'
ok  lpr-num      ' 5 \\r\\n'
ok  lpr-neg      '-5 \\r\\n'
ok  lpr-semi     'AB\\r\\n'
ok  lpr-comma    'A             B\\r\\n'
ok  lpr-trsemi   'A\\r\\n'
ok  lpr-bare     '\\r\\n'
ok  lpr-two      'A\\r\\nB\\r\\n'
ok  lpr-tail     'A\\r\\n'
ok  lpr-sink     'A\\r\\n'
ok  lpr-using    ' 5\\r\\n'
ok  lpr-tab      '     A\\r\\n'
ok  lpr-spc      '   A\\r\\n'
ok  lpr-hash     '<nothing printed>'
ok  lpr-inprog   'P\\r\\n'
ok  lps-ctl      '0'
ok  lps-init     '0'
ok  lps-after    '3'
ok  lps-crlf     '0'
ok  lps-arg1     '0'
ok  lps-argbig   '0'
ok  lps-argneg   '0'
ok  lps-argover  '0'
ok  lps-noparen  'Syntax error'
ok  lps-tab      '10'
ok  lps-multi    '14'
ok  scr-ctl      'CTL'
ok  scr-lprtail  'PRINT B / 9'
ok  scr-lprsink  'SCR'
ok  scr-lprhash  'Syntax error'
ok  scr-lposflush 'PRINT LPOS(0) / 0'
ok  lfl-ctlf     'TEST    .BIN HI      .TXT PROG    .BIN / PROG    .BAS PROG2   .BAS'   [not measurable on: vg8020]
ok  lfl-ctlp     'CTL\\r\\n'   [not measurable on: vg8020]
DIFF lfl-all      cf3300='TEST    .BIN \\r\\nHI      .TXT \\r\\nPROG    .BIN \\r\\nPROG    .BAS \\r\\nPROG2   .BAS \\r\\n'  zb='????????.BAS \\r\\nHI      .TXT \\r\\nPROG    .BIN \\r\\nPROG    .BAS \\r\\nPROG2   .BAS \\r\\n'   [not measurable on: vg8020]
DIFF lfl-wild     cf3300='PROG    .BAS \\r\\nPROG2   .BAS \\r\\n'  zb='????????.BAS \\r\\nPROG    .BAS \\r\\nPROG2   .BAS \\r\\n'   [not measurable on: vg8020]
ok  lfl-none     '<nothing printed>'   [not measurable on: vg8020]
ok  lfl-noneb    'File not found'   [not measurable on: vg8020]
DIFF lfl-sink     cf3300='TEST    .BIN \\r\\nHI      .TXT \\r\\nPROG    .BIN \\r\\nPROG    .BAS \\r\\nPROG2   .BAS \\r\\n'  zb='????????.BAS \\r\\nHI      .TXT \\r\\nPROG    .BIN \\r\\nPROG    .BAS \\r\\nPROG2   .BAS \\r\\n'   [not measurable on: vg8020]
DIFF lfl-inp      cf3300='PROG    .BAS \\r\\nPROG2   .BAS \\r\\n'  zb='<nothing printed>'   [not measurable on: vg8020]
DIFF lfl-inpb     cf3300='<nothing>'  zb='File not found'   [not measurable on: vg8020]
ok  lfl-nonef    'File not found'   [not measurable on: vg8020]
ok  lfl-emptyctl 'CTL     .BAS'   [not measurable on: vg8020]
ok  lfl-emptyf   'File not found'   [not measurable on: vg8020]
ok  lfl-emptyp   '<nothing printed>'   [not measurable on: vg8020]
ok  lfl-emptypb  'File not found'   [not measurable on: vg8020]
==============================================================================
41/46 rows agree
LFILES battery sides: cf3300,zb — the VG-8020 has no disk ROM and CANNOT measure it (stated, not silently dropped)
lptverb: 5 row(s) diverge
refcache: 0 hit, 19 miss, 19 stored
make: *** [lptverb-acceptance] Error 1
