# 14 of 53 cited probe(s), serial, refcache OFF, 420s each
  1/14  fnarity_probe                rc=0        22.7s  clean: 18 parsed line(s), no divergence marker
          cites TODO.md:5219,5219
  2/14  interpspeed_probe            rc=0        53.8s  --  no verdict channel BY DESIGN (declared): a measurement instrument, not an oracle. Its ROWS still need a human.
          cites TODO.md:4619,4619
  3/14  keylist_probe                rc=0        12.2s  DIVERGES 6 marker(s) in 6 parsed line(s)  [6 known]  🔴 AND EXITS 0 -- invisible to any rc-only collector
          cites TODO.md:4180,4180
  4/14  keystr_probe                 rc=0         9.7s  DIVERGES 5 marker(s) in 41 parsed line(s)  [5 known]  🔴 AND EXITS 0 -- invisible to any rc-only collector
          cites TODO.md:4180
  5/14  kwrest_probe                 rc=0         9.6s  --  no verdict channel BY DESIGN (declared): a measurement instrument, not an oracle. Its ROWS still need a human.
          cites TODO.md:8552,8552
  6/14  lineentry_probe              rc=0         1.2s  clean: reported `DIFF: 0/4` -- a summary of ZERO is a measurement, not a silence
          cites TODO.md:10277,10277
  7/14  loc_probe                    rc=0         2.1s  --  no verdict channel BY DESIGN (declared): a measurement instrument, not an oracle. Its ROWS still need a human.
          cites TODO.md:12018,12018
  8/14  maxfilestail_probe           rc=0         1.0s  clean: reported `DIFF: 0/1` -- a summary of ZERO is a measurement, not a silence
          cites TODO.md:5219,5219
  9/14  mergexpr_probe               rc=0         9.2s  clean: 14 parsed line(s), no divergence marker
          cites TODO.md:5219,5219
 10/14  namesurvive_probe            rc=0         1.3s  clean: 3 parsed line(s), no divergence marker
          cites TODO.md:5219,5219
 11/14  ngram14_probe                rc=1        30.7s  DIVERGES 9/18  r.atn r.exphuge x.m100 x.m200 x.m1e30 x.m150 x.m170 x.m180 x.p100  [9 known]
          cites TODO.md:3155
 12/14  omitarg_probe                rc=0        21.0s  clean: 15 parsed line(s), no divergence marker
          cites TODO.md:5219,5219
 13/14  open2_probe                  rc=0        19.5s  DIVERGES 1/18  e.same2  [1 known]  🔴 AND EXITS 0 -- invisible to any rc-only collector
          cites TODO.md:10076
 14/14  partial_probe                rc=0         9.7s  clean: 6 parsed line(s), no divergence marker
          cites TODO.md:5219,5219
