PASS  a=0                      ref: 11 00
PASS  a=9                      ref: 1A 00
PASS  a=10                     ref: 0F 0A 00
PASS  a=255                    ref: 0F FF 00
PASS  a=256                    ref: 1C 00
PASS  a=32767                  ref: 1C FF 7F 00
PASS  a=32768                  ref: 1D 45 32 76 80 00
PASS  a=40000                  ref: 1D 45 40 00
PASS  a=65535                  ref: 1D 45 65 53 50 00
PASS  a=65536                  ref: 1D 45 65 53 60 00
PASS  a=99999                  ref: 1D 45 99 99 90 00
PASS  a=999999                 ref: 1D 46 99 99 99 00
PASS  a=1000000                ref: 1F 47 10 00
PASS  a=9999999                ref: 1F 47 99 99 99 90 00
PASS  a=10000000               ref: 1F 48 10 00
PASS  a=99999999               ref: 1F 48 99 99 99 99 00
PASS  a=123456789012345678     ref: 1F 52 12 34 56 78 90 12 35 00
PASS  a=.5                     ref: 1D 40 50 00
PASS  a=0.5                    ref: 1D 40 50 00
PASS  a=1.5                    ref: 1D 41 15 00
PASS  a=1.                     ref: 1D 41 10 00
PASS  a=1.0                    ref: 1D 41 10 00
PASS  a=3.14159                ref: 1D 41 31 41 59 00
PASS  a=3.1415926              ref: 1F 41 31 41 59 26 00
PASS  a=0.1                    ref: 1D 40 10 00
PASS  a=.000001                ref: 1D 3B 10 00
PASS  a=123456.7               ref: 1F 46 12 34 56 70 00
PASS  a=1234567.8              ref: 1F 47 12 34 56 78 00
PASS  a=1234567                ref: 1F 47 12 34 56 70 00
PASS  a=1234564                ref: 1F 47 12 34 56 40 00
PASS  a=9999995                ref: 1F 47 99 99 99 50 00
PASS  a=1e5                    ref: 1D 46 10 00
PASS  a=1e10                   ref: 1D 4B 10 00
PASS  a=1.5e2                  ref: 1D 43 15 00
PASS  a=1e-3                   ref: 1D 3E 10 00
PASS  a=2.5e-10                ref: 1D 37 25 00
PASS  a=1d5                    ref: 1F 46 10 00
PASS  a=1.5d-3                 ref: 1F 3E 15 00
PASS  a=1e38                   ref: 1D 67 10 00
PASS  a=1e62                   ref: 1D 7F 10 00
PASS  a=1e63                   ref: <rejected>  [both rejected]
PASS  a=1e64                   ref: <rejected>  [both rejected]
PASS  a=1e-63                  ref: 1D 02 10 00
PASS  a=1e-64                  ref: 1D 01 10 00
PASS  a=1e-65                  ref: 1D 00
PASS  a=1!                     ref: 1D 41 10 00
PASS  a=1#                     ref: 1F 41 10 00
PASS  a=32767#                 ref: 1F 45 32 76 70 00
PASS  a=1.5!                   ref: 1D 41 15 00
PASS  a=1.5#                   ref: 1F 41 15 00
PASS  a=100000!                ref: 1D 46 10 00
PASS  a=1234567!               ref: 1D 47 12 34 57 00
PASS  a=65535%                 ref: <rejected>  [both rejected]
PASS  a=1234565!               ref: 1D 47 12 34 57 00
PASS  a=1234575!               ref: 1D 47 12 34 58 00
PASS  a=123456789012345        ref: 1F 4F 12 34 56 78 90 12 35 00
PASS  a=1234567890123455       ref: 1F 50 12 34 56 78 90 12 35 00
PASS  a=9999995!               ref: 1D 47 10 00
PASS  a=9999999999999999       ref: 1F 51 10 00
PASS  a=0!                     ref: 1D 00
PASS  a=0#                     ref: 1F 00
PASS  a=.0                     ref: 1D 00
PASS  a=0e0                    ref: 1D 00
PASS  a=1%                     ref: 12 00

🔴 INSTRUMENT FAULT: a full run built 64 case(s); this suite is pinned at 66. Bump EXPECT_CASES in the same commit that changes the matrix -- never to make a run go green.
refcache: 0 hit, 2 miss, 2 stored
