PASS  1+2                      ref: [ 3 ]
PASS  10-4                     ref: [ 6 ]
PASS  6*7                      ref: [ 42 ]
PASS  7-9                      ref: [-2 ]
PASS  2=2                      ref: [-1 ]
PASS  2>3                      ref: [ 0 ]
PASS  7<>7                     ref: [ 0 ]
PASS  7/2                      ref: [ 3.5 ]
PASS  10/2                     ref: [ 5 ]
PASS  1/3                      ref: [ .33333333333333 ]
PASS  2/3                      ref: [ .66666666666667 ]
PASS  -7/2                     ref: [-3.5 ]
PASS  1/8                      ref: [ .125 ]
PASS  2!/3!                    ref: [ .66666666666667 ]
PASS  2#/3                     ref: [ .66666666666667 ]
PASS  2/3#                     ref: [ .66666666666667 ]
PASS  2#/3#                    ref: [ .66666666666667 ]
PASS  1!/512!                  ref: [ 1.953125E-03 ]
PASS  1#/512#                  ref: [ 1.953125E-03 ]
PASS  1!/3!*3                  ref: [ .99999999999999 ]
PASS  1/3*3                    ref: [ .99999999999999 ]
PASS  1+2.5                    ref: [ 3.5 ]
PASS  1.5+1                    ref: [ 2.5 ]
PASS  1+2.5#                   ref: [ 3.5 ]
PASS  1.5!+1#                  ref: [ 2.5 ]
PASS  2*3.5                    ref: [ 7 ]
PASS  2.5*4                    ref: [ 10 ]
PASS  2.5#*4                   ref: [ 10 ]
PASS  2.5-1.5                  ref: [ 1 ]
PASS  .3-.1                    ref: [ .2 ]
PASS  .1+.2                    ref: [ .3 ]
PASS  32767+1                  ref: [ 32768 ]
PASS  -32768-1                 ref: [-32769 ]
PASS  32767+32767              ref: [ 65534 ]
PASS  32000+32000              ref: [ 64000 ]
PASS  -32768-32768             ref: [-65536 ]
PASS  32767*2                  ref: [ 65534 ]
PASS  300*300                  ref: [ 90000 ]
PASS  3125*625                 ref: [ 1953125 ]
PASS  32767*32767              ref: [ 1073676289 ]
PASS  -32768*2                 ref: [-65536 ]
PASS  -200*300                 ref: [-60000 ]
PASS  3125!*625!               ref: [ 1953125 ]
PASS  1.000005!+1              ref: [ 2.00001 ]
PASS  1.000025!+1              ref: [ 2.00003 ]
PASS  1000000!+1               ref: [ 1000001 ]
PASS  999999!+1                ref: [ 1000000 ]
PASS  123456!*654321!          ref: [ 80779853376 ]
PASS  2.00001!-1.000005!       ref: [ 1 ]
PASS  12345678#*87654321#      ref: [ 1.0821520223746E+15 ]
PASS  99999999999999#+1        ref: [ 1E+14 ]
PASS  1.000000000000005#+1     ref: [ 2 ]
PASS  2!/3!-2#/3#              ref: [ 0 ]
PASS  2#/3#*1!                 ref: [ .66666666666667 ]
PASS  1!*2#/3#                 ref: [ .66666666666667 ]
PASS  1!/3!+0#                 ref: [ .33333333333333 ]
PASS  1e10+1                   ref: [ 10000000001 ]
PASS  -1.5*2                   ref: [-3 ]
PASS  -(1.5+2.5)               ref: [-4 ]
PASS  2--3.5                   ref: [ 5.5 ]
PASS  (1+2)*3.5                ref: [ 10.5 ]
PASS  2+3*4.5                  ref: [ 15.5 ]
PASS  1.5+2.5*3.5-4.5/2        ref: [ 8 ]
PASS  (1.5+2.5)*(3.5-1.5)      ref: [ 8 ]
PASS  1e62*9                   ref: <no span>
PASS  1e62*10                  ref: <no span>
PASS  1e40*1e40                ref: <no span>
PASS  -1e40*1e40               ref: <no span>
PASS  9e62+9e62                ref: <no span>
PASS  1e-40*1e-32              ref: [ 0 ]
PASS  -1e-40*1e-32             ref: [ 0 ]
PASS  1e-40/1e30               ref: [ 0 ]
PASS  1d62*10                  ref: <no span>
PASS  1e62+0#                  ref: [ 1E+62 ]
PASS  0*-1                     ref: [ 0 ]
PASS  0!/5                     ref: [ 0 ]
PASS  0/3!                     ref: [ 0 ]
PASS  0.0+0                    ref: [ 0 ]
PASS  1/0                      ref: <no span>
PASS  1!/0                     ref: <no span>
PASS  1#/0                     ref: <no span>
PASS  0/0                      ref: <no span>
PASS  1\0                      ref: <no span>
PASS  1 mod 0                  ref: <no span>
PASS  7\2                      ref: [ 3 ]
PASS  -7\2                     ref: [-3 ]
PASS  7\-2                     ref: [-3 ]
PASS  -7\-2                    ref: [ 3 ]
PASS  7 mod 2                  ref: [ 1 ]
PASS  -7 mod 2                 ref: [-1 ]
PASS  7 mod -2                 ref: [ 1 ]
PASS  -7 mod -2                ref: [-1 ]
PASS  32767\-1                 ref: [-32767 ]
PASS  -32768\-1                ref: [ 32768 ]
PASS  7.5\2                    ref: [ 3 ]
PASS  2.5\1                    ref: [ 2 ]
PASS  3.5\1                    ref: [ 3 ]
PASS  -2.5\1                   ref: [-2 ]
PASS  7.9 mod 3                ref: [ 1 ]
PASS  40000!\2                 ref: <no span>
PASS  40000 mod 7              ref: <no span>
PASS  1.5=1.5                  ref: [-1 ]
PASS  1.5>1.4                  ref: [-1 ]
PASS  1.5<1.4                  ref: [ 0 ]
PASS  1.5<>1.5                 ref: [ 0 ]
PASS  1.5>=1.5                 ref: [-1 ]
PASS  1.5<=1.4                 ref: [ 0 ]
PASS  1=1.0                    ref: [-1 ]
PASS  -1.5<-1                  ref: [-1 ]
PASS  .1!=.1#                  ref: [-1 ]
PASS  2!/3!=2#/3#              ref: [-1 ]
PASS  1!/2!=1#/2#              ref: [-1 ]
PASS  2>1.5                    ref: [-1 ]
PASS  (1.5>1)+5                ref: [ 4 ]
PASS  not 1.5                  ref: [-2 ]
PASS  not 2.5                  ref: [-3 ]
PASS  1.5 and 3                ref: [ 1 ]
PASS  1.5 or 4                 ref: [ 5 ]
PASS  40000! and 65535         ref: <no span>
PASS  100000! and 1            ref: <no span>
PASS  hex$(2.5*2)              ref: [5]
PASS  hex$(2.5)                ref: [2]
PASS  hex$(3.5)                ref: [3]
PASS  hex$(2.9)                ref: [2]
PASS  hex$(-2.5)               ref: [FFFE]
PASS  hex$(40000.5)            ref: [9C41]
PASS  2.9\1                    ref: [ 2 ]
PASS  -2.9\1                   ref: [-2 ]
PASS  7.5 mod 4                ref: [ 3 ]
PASS  7\2.5                    ref: [ 3 ]
PASS  7\1.5                    ref: [ 7 ]
PASS  123456!+.5               ref: [ 123456.5 ]
PASS  1000000!+1!              ref: [ 1000001 ]
PASS  9e61*9                   ref: [ 8.1E+62 ]
PASS  2e62*4                   ref: <no span>
PASS  1e40/1e-40               ref: <no span>
PASS  1e62/.1                  ref: <no span>
PASS  2e62/.4                  ref: <no span>
PASS  1+5e-14                  ref: [ 1.0000000000001 ]
PASS  3+5e-14                  ref: [ 3.0000000000001 ]
PASS  1+6e-14                  ref: [ 1.0000000000001 ]
PASS  1+4e-14                  ref: [ 1 ]
PASS  1-1e-15                  ref: [ 1 ]
PASS  1.0000000000003#/2       ref: [ .50000000000015 ]
PASS  2.5#*1.0000000000001#    ref: [ 2.5000000000003 ]
PASS  1/3*3-1                  ref: [-1E-14 ]
PASS  40000=40000!             ref: [-1 ]
PASS  1e10>5                   ref: [-1 ]
PASS  hex$(40000.1)            ref: [9C41]
PASS  1e-32*1e-32              ref: [ 1E-64 ]
PASS  1e-33*1e-32              ref: [ 0 ]
PASS  1.0000000000003#/4       ref: [ .25000000000008 ]
PASS  -2/3                     ref: [-.66666666666667 ]
PASS  hex$(32767.5)            ref: [7FFF]
PASS  hex$(65535.5)            ref: [0]
PASS  hex$(65536.)             ref: <no span>
PASS  hex$(-32768.5)           ref: [8000]
PASS  hex$(-32768.9)           ref: [8000]
PASS  32767.5\1                ref: [ 32767 ]
PASS  -32768.5\1               ref: [-32768 ]
PASS  2-5e-14                  ref: [ 1.9999999999999 ]
PASS  5e-14-2                  ref: [-1.9999999999999 ]
PASS  8.5-5e-14                ref: [ 8.4999999999999 ]
PASS  200-5e-12                ref: [ 199.99999999999 ]
PASS  2+(-5e-14)               ref: [ 1.9999999999999 ]
PASS  -1-5e-14                 ref: [-1.0000000000001 ]
PASS  2-(-5e-14)               ref: [ 2.0000000000001 ]
PASS  2-4e-14                  ref: [ 2 ]
PASS  2-6e-14                  ref: [ 1.9999999999999 ]
PASS  -cint(-32768)            ref: [ 32768 ]
PASS  -(-32768\1)              ref: [ 32768 ]
PASS  0-cint(-32768)           ref: [-32768 ]
PASS  cint(-32768)             ref: [-32768 ]
PASS  -32768\1                 ref: [-32768 ]
PASS  -cint(-32767)            ref: [ 32767 ]
PASS  -cint(32767)             ref: [-32767 ]
PASS  abs(cint(-32768))        ref: [ 32768 ]
PASS  -cdbl(-32768)            ref: [ 32768 ]
PASS  1-cint(-32768)           ref: [-32767 ]
PASS  32767-cint(-32768)       ref: [-1 ]
PASS  0-(-32768\1)             ref: [-32768 ]
PASS  1-cint(-32767)           ref: [ 32768 ]
PASS  0-cint(-32767)           ref: [ 32767 ]
PASS  0-cint(32767)            ref: [-32767 ]
PASS  0+cint(-32768)           ref: [-32768 ]
PASS  -1-cint(-32768)          ref: [ 32767 ]
PASS  100-cint(-32768)         ref: [-32668 ]
PASS  (-32768\1)-(-32768\1)    ref: [ 0 ]
PASS  cint(-32768)-1           ref: [-32769 ]
PASS  (-32768\1)+(-32768\1)    ref: [-65536 ]
PASS  32767-cint(-32767)       ref: [ 65534 ]
PASS  2/1.4142135623731        ref: [ 1.4142135623729 ]   [KNOWN-DEV: zb=1.4142135623731 (correct) vs ref low-biased]
PASS  3/1.7320508075689        ref: [ 1.7320508075687 ]   [KNOWN-DEV: zb=1.7320508075689 (correct) vs ref low-biased]
PASS  10/3.1622776601684       ref: [ 3.1622776601683 ]   [KNOWN-DEV: zb=3.1622776601684 (correct) vs ref low-biased]
PASS  123.456/11.111075555499  ref: [ 11.111075555496 ]   [KNOWN-DEV: zb=11.111075555498 (correct) vs ref low-biased]
PASS  1/1.3333333333333        ref: [ .75000000000001 ]   [KNOWN-DEV: zb=.75000000000002 (correct) vs ref low-biased]
PASS  print "[";1.5;2;"]"      ref: [ 1.5  2 ]
PASS  print "[";2;1.5;"]"      ref: [ 2  1.5 ]
PASS  if .5 then print "[y]" else print "[n]" ref: [y]
PASS  if 1.5 then print "[y]" else print "[n]" ref: [y]
PASS  if 1.5-1.5 then print "[y]" else print "[n]" ref: [n]
PASS  poke 100000,0            ref: <no span>

🔴 INSTRUMENT FAULT: a full run built 202 case(s) and 5 known-deviation row(s); this suite is pinned at 203 and 5. Either the matrix changed (bump EXPECT_CASES in the same commit, deliberately) or it is being built wrong -- a shrunken matrix prints ALL PASS identically to a whole one.
refcache: 0 hit, 2 miss, 2 stored
