python3 tools/run_gates.py 
=== warm-up (serial build of shared artifacts) ===
warm-up 7s
=== refcache OFF for every unit: a gate measures, it never replays (docs/spec-refcache.md §7) ===
=== emulator tier RUNS: probes/tests/tools or the Makefile changed ===
=== 4 tree-mutating unit(s), SERIAL (they rewrite a shared tracked file) ===
  rc=0              1s  switch-build-check
  rc=0              5s  diskdep-check
  rc=0              0s  wall-literal-check
  rc=0             43s  selftest-check
  (post-mutator refresh 6s -- the plants moved mtimes, so the pool would otherwise race a rebuild)
=== 111 units, J=8, lineerr in 8 shards, nice=0 solo=None ===
  rc=0              2s  basic-reloc
  rc=0              0s  subrom-abi-check
  rc=0              0s  diskrom-abi-check
  rc=0              0s  rom-parts-check
  rc=0              1s  subrom-closure-check
  rc=0             22s  unit-test
  rc=0              0s  deadcode
  rc=0              3s  wall-assertion-check
  rc=0              0s  ram-claim-check
  rc=0              0s  redundant-load-check
  rc=0              1s  rowshape-check
  rc=0              4s  injector-check
  rc=0              1s  temp-root-check
  rc=0              1s  todo-citation-check
  rc=0              2s  chokepoint-check
  rc=0              0s  shared-body-check
  rc=0              0s  probe-reach-check
  rc=0              0s  battery-membership-check
  rc=0              0s  fixture-integrity-check
  rc=0              1s  preflight-check
  rc=0              5s  latch-check
  rc=0             19s  kwsweep
  rc=0             11s  patch-freshness-check
  rc=0              2s  refcache-check
  rc=0              0s  knife-guard-check
  rc=0              0s  knife-rom-guard-check
  rc=0              0s  deffn-selftest
  rc=0              1s  banner-acceptance
  rc=0             26s  string-acceptance
  rc=0             19s  str-domain-acceptance
  rc=0             12s  strparen-acceptance
  rc=0             51s  penderr-acceptance
  rc=0             43s  missing-acceptance
  rc=0             11s  error-acceptance
  rc=0             65s  error-trap-acceptance
  rc=0             90s  onerr0-acceptance
  rc=0            107s  math-acceptance
  rc=0             78s  float-acceptance
  rc=0             35s  intarg-acceptance
  rc=0             41s  logicops-acceptance
  rc=0            220s  screenerr-acceptance
  rc=0             43s  tmfp-acceptance
  rc=0             61s  stmtpend-acceptance
  rc=0            115s  array-acceptance
  rc=0            117s  deffn-strict
  rc=0            364s  graphics-acceptance
  rc=0             54s  abort-acceptance
  rc=0            137s  interval-trap-acceptance
  rc=0             84s  clearpool-acceptance
  rc=0            130s  stackpool-acceptance
  rc=0            160s  trapdepth-acceptance
  rc=0             74s  ctlcross-acceptance
  rc=0            407s  ctllim-acceptance
  rc=0            402s  ramfree-acceptance
  rc=0             13s  cursor-acceptance
  rc=0             88s  time-acceptance
  rc=0            275s  namspc-acceptance
  rc=0             94s  arrdim-acceptance
  rc=0             44s  arylv-acceptance
  rc=0             54s  badfnum-acceptance
  rc=0              7s  beep-acceptance
  rc=0             21s  binfre-acceptance
  rc=0             22s  cassave-acceptance
  rc=0             81s  castail-acceptance
  rc=0            126s  deffn-acceptance
  rc=0             44s  direct-ctrl-acceptance
  rc=0             17s  dskmsg-acceptance
  rc=0             85s  editverb-acceptance
  rc=0             30s  fldary-acceptance
  rc=0             96s  fldwidth-acceptance
  rc=0             24s  forvar-acceptance
  rc=0             53s  gicini-acceptance
  rc=0              5s  graphics-floor-acceptance
  rc=0            142s  ifsem-acceptance
  rc=0              4s  input-acceptance
  rc=0             61s  nodisk-acceptance
  rc=0             75s  pusing-acceptance
  rc=0             41s  catterm-acceptance
  rc=0             14s  catusr-acceptance
  rc=0             12s  nameord-acceptance
  rc=0              5s  namegate-acceptance
  rc=0             37s  inputary-acceptance
  rc=0            141s  key-trap-acceptance
  rc=0             53s  linemax-acceptance
  rc=0            147s  lnblank-acceptance
  rc=0             37s  locarg-acceptance
  rc=0             41s  lof-acceptance
  rc=0             79s  lptverb-acceptance
  rc=0             52s  lrvar-acceptance
  rc=0             55s  lvfix-acceptance
  rc=0             22s  nxary-acceptance
  rc=0             30s  nxlist-acceptance
  rc=0             25s  play-acceptance
  rc=0             11s  play-trace-acceptance
  rc=0             22s  readvar-acceptance
  rc=0              8s  runtail-acceptance
  rc=0             28s  sound-acceptance
  rc=0             68s  sprite-trap-acceptance
  rc=0             56s  stop-trap-acceptance
  rc=0            149s  strig-trap-acceptance
  rc=0              0s  subrom-acceptance
  rc=0             66s  tgtspc-acceptance
  rc=0             68s  width-acceptance
  rc=0            105s  lineerr#1/8
  rc=0            107s  lineerr#2/8
  rc=0            104s  lineerr#3/8
  rc=0            102s  lineerr#4/8
  rc=0            100s  lineerr#5/8
  rc=0             99s  lineerr#6/8
  rc=0             90s  lineerr#7/8
  rc=0             63s  lineerr#8/8

=== wall 846s (7s build + 839s gates) ===
GATES: 108/108 green
hashes: 496da3db f980489f 35377711 99a63f2e
recorded: this full green battery is now the baseline a future skip must prove itself against
