✗ big       FOR A=56700 TO 56702
     VG-8020: 56700 0 0 56700 56701 0 0 56701 56702 0 0 56702 | 56703 0 0 56703 3
     zerobas: -8836 0 0 -8836 -8835 0 0 -883 5 -8834 0 0 -8834 | -8833 0 0 - 8833 3
✗ step25    FOR A=0 TO 1 STEP .25
     VG-8020: 0 0 0 0 .25 0 0 .25 .5 0 0 .5 .75 0 0 .75 1 0 0 1 | 1.25 0 0 1.25 5
     zerobas: 0 0 0 0 0 0 0 0 0 0 0 0 0 0 0 0 0 0 0 0 0 0 0 0 0 0 0 0 0 0 0 0 0 0 0 0 0 0 0 0 0 0 0 0 0 0 0 0 0 0 0 0 | NO END
✗ halfinit  FOR A=.5 TO 3
     VG-8020: .5 0 0 .5 1.5 0 0 1.5 2.5 0 0 2.5 | 3.5 0 0 3.5 3
     zerobas: 0 0 0 0 1 0 0 1 2 0 0 2 3 0 0 3 | 4 0 0 4 4
  fraclim   FOR A=1 TO 2.5
     VG-8020: 1 0 0 1 2 0 0 2 | 3 0 0 3 2
✗ negfrac   FOR A=1 TO 0 STEP -.5
     VG-8020: 1 0 0 1 .5 0 0 .5 0 0 0 0 | -.5 0 0 -.5 3
     zerobas: 1 0 0 1 | 1 0 0 1 1
✗ edge      FOR A=1 TO 32767 STEP 16384
     VG-8020: 1 0 0 1 16385 0 0 16385 | 32769 0 0 32769 2
     zerobas: 1 0 0 1 16385 0 0 16385 -32767 0 0 -32767 -16383 0 0 -1 6383 1 0 0 1 16385 0 0 16 385 -32767 0 0 -32767 -16383 0 0 -16383 1 0 0 1 16385 0 0 16385 -32767 0 0 -32767 -16 383 0 0 -16383 1 0 0 1 | NO END
✗ edgeint   FOR A%=1 TO 32767 STEP 16384
     VG-8020: 0 1 0 0 0 16385 0 0 | ERR 6 30
     zerobas: 0 1 0 0 0 16385 0 0 0 - 32767 0 0 0 -16383 0 0 0 1 0 0 0 16385 0 0 0 -32767 0 0 0 -16383 0 0 0 1 0 0 0 16385 0 0 0 -32767 0 0 0 -16383 0 0 0 1 0 0 | NO END
  intfrac   FOR A%=1 TO 3 STEP .5
     VG-8020: 0 1 0 0 0 1 0 0 0 1 0 0 0 1 0 0 0 1 0 0 0 1 0 0 0 1 0 0 0 1 0 0 0 1 0 0 0 1 0 0 0 1 0 0 0 1 0 0 0 1 0 0 | NO END
  intinit   FOR A%=1.7 TO 3
     VG-8020: 0 1 0 0 0 2 0 0 0 3 0 0 | 0 4 0 0 3
✗ single    FOR A!=0 TO 1 STEP .1
     VG-8020: 0 0 0 0 0 0 .1 0 0 0 .2 0 0 0 .3 0 0 0 .4 0 0 0 .5 0 0 0 .6 0 0 0 .7 0 0 0 .8 0 0 0 .9 0 0 0 1 0 | 0 0 1.1 0 11
     zerobas: 0 0 0 0 0 0 0 0 0 0 0 0 0 0 0 0 0 0 0 0 0 0 0 0 0 0 0 0 0 0 0 0 0 0 0 0 0 0 0 0 0 0 0 0 0 0 0 0 0 0 0 0 | NO END
✗ double    FOR A#=0 TO 1 STEP .1
     VG-8020: 0 0 0 0 .1 0 0 .1 .2 0 0 .2 .3 0 0 .3 .4 0 0 .4 .5 0 0 .5 .6 0 0 .6 .7 0 0 .7 .8 0 0 .8 .9 0 0 .9 1 0 0 1 | 1.1 0 0 1.1 11
     zerobas: 0 0 0 0 0 0 0 0 0 0 0 0 0 0 0 0 0 0 0 0 0 0 0 0 0 0 0 0 0 0 0 0 0 0 0 0 0 0 0 0 0 0 0 0 0 0 0 0 0 0 0 0 | NO END
✗ hugestep  FOR A=0 TO 100000 STEP 40000
     VG-8020: 0 0 0 0 40000 0 0 40000 80000 0 0 80000 | 120000 0 0 120000 3
     zerobas: 0 0 0 0 | -25536 0 0 -25536 1
✗ neg       FOR A=-40000 TO -39999
     VG-8020: -40000 0 0 -40000 -39999 0 0 -39999 | -39998 0 0 -39998 2
     zerobas: 25536 0 0 25536 25537 0 0 25537 | 25538 0 0 25538 2
✗ bodyfrac  FOR A=1 TO 3:A=A+.5
     VG-8020: 1.5 0 0 1.5 3 0 0 3 | 4 0 0 4 2
     zerobas: 1.5 0 0 1.5 2.5 0 0 2.5 3.5 0 0 3.5 | 4 0 0 4 3
  forint    FOR A=1 TO 3
     VG-8020: 1 0 0 1 2 0 0 2 3 0 0 3 | 4 0 0 4 3
AGREE 4/15
