python3 tools/run_gates.py 
=== warm-up (serial build of shared artifacts) ===
warm-up 7s
=== refcache OFF for every unit: a gate measures, it never replays (docs/spec-refcache.md §7) ===
=== emulator tier RUNS: probes/tests/tools or the Makefile changed ===
=== 4 tree-mutating unit(s), SERIAL (they rewrite a shared tracked file) ===
  rc=0              1s  switch-build-check
  rc=0              5s  diskdep-check
  rc=0              0s  wall-literal-check
  rc=0             45s  selftest-check
  (post-mutator refresh 7s -- the plants moved mtimes, so the pool would otherwise race a rebuild)
=== 111 units, J=8, lineerr in 8 shards, nice=0 solo=None ===
  rc=0              3s  basic-reloc
  rc=0              0s  subrom-abi-check
  rc=0              0s  diskrom-abi-check
  rc=0              0s  rom-parts-check
  rc=0              1s  subrom-closure-check
  rc=0             22s  unit-test
  rc=0              0s  deadcode
  rc=0              3s  wall-assertion-check
  rc=0              0s  ram-claim-check
  rc=0              0s  redundant-load-check
  rc=0              1s  rowshape-check
  rc=0              4s  injector-check
  rc=0              1s  temp-root-check
  rc=0              1s  todo-citation-check
  rc=0              2s  chokepoint-check
  rc=0              0s  shared-body-check
  rc=0              0s  probe-reach-check
  rc=0              0s  battery-membership-check
  rc=0              0s  fixture-integrity-check
  rc=0              1s  preflight-check
  rc=0              4s  latch-check
  rc=0             18s  kwsweep
  rc=0             12s  patch-freshness-check
  rc=0              1s  refcache-check
  rc=0              0s  knife-guard-check
  rc=0              1s  knife-rom-guard-check
  rc=0              0s  deffn-selftest
  rc=0              0s  banner-acceptance
  rc=0             36s  string-acceptance
  rc=0             18s  str-domain-acceptance
  rc=0             11s  strparen-acceptance
  rc=0             42s  penderr-acceptance
  rc=0             45s  missing-acceptance
  rc=0             12s  error-acceptance
  rc=0             68s  error-trap-acceptance
  rc=0             95s  onerr0-acceptance
  rc=0            110s  math-acceptance
  rc=0             91s  float-acceptance
  rc=0             44s  intarg-acceptance
  rc=0             46s  logicops-acceptance
  rc=0            226s  screenerr-acceptance
  rc=0             49s  tmfp-acceptance
  rc=0             62s  stmtpend-acceptance
  rc=0            106s  array-acceptance
  rc=0            125s  deffn-strict
  rc=0            373s  graphics-acceptance
  rc=0             54s  abort-acceptance
  rc=0            146s  interval-trap-acceptance
  rc=0             87s  clearpool-acceptance
  rc=0            132s  stackpool-acceptance
  rc=0            153s  trapdepth-acceptance
  rc=0             77s  ctlcross-acceptance
  rc=0            367s  ctllim-acceptance
  rc=0            411s  ramfree-acceptance
  rc=0             16s  cursor-acceptance
  rc=0             86s  time-acceptance
  rc=0            265s  namspc-acceptance
  rc=0             94s  arrdim-acceptance
  rc=0             49s  arylv-acceptance
  rc=0             56s  badfnum-acceptance
  rc=0              9s  beep-acceptance
  rc=0             23s  binfre-acceptance
  rc=0             19s  cassave-acceptance
  rc=0             78s  castail-acceptance
  rc=0            121s  deffn-acceptance
  rc=0             49s  direct-ctrl-acceptance
  rc=0             13s  dskmsg-acceptance
  rc=0             74s  editverb-acceptance
  rc=0             25s  fldary-acceptance
  rc=0             95s  fldwidth-acceptance
  rc=0             22s  forvar-acceptance
  rc=0             48s  gicini-acceptance
  rc=0              5s  graphics-floor-acceptance
  rc=0            141s  ifsem-acceptance
  rc=0              4s  input-acceptance
  rc=0             55s  nodisk-acceptance
  rc=0             74s  pusing-acceptance
  rc=0             42s  catterm-acceptance
  rc=0             18s  catusr-acceptance
  rc=0             17s  nameord-acceptance
  rc=0             11s  namegate-acceptance
  rc=0             37s  inputary-acceptance
  rc=0            129s  key-trap-acceptance
  rc=0             56s  linemax-acceptance
  rc=0            158s  lnblank-acceptance
  rc=0             37s  locarg-acceptance
  rc=0             39s  lof-acceptance
  rc=0             78s  lptverb-acceptance
  rc=0             56s  lrvar-acceptance
  rc=0             54s  lvfix-acceptance
  rc=0             22s  nxary-acceptance
  rc=0             20s  nxlist-acceptance
  rc=0             28s  play-acceptance
  rc=0             11s  play-trace-acceptance
  rc=0             21s  readvar-acceptance
  rc=0              8s  runtail-acceptance
  rc=0             22s  sound-acceptance
  rc=0             66s  sprite-trap-acceptance
  rc=0             51s  stop-trap-acceptance
  rc=0            151s  strig-trap-acceptance
  rc=0              0s  subrom-acceptance
  rc=0             70s  tgtspc-acceptance
  rc=0             84s  width-acceptance
  rc=0            103s  lineerr#1/8
  rc=0            104s  lineerr#2/8
  rc=0            102s  lineerr#3/8
  rc=0            101s  lineerr#4/8
  rc=0             93s  lineerr#5/8
  rc=0             85s  lineerr#6/8
  rc=0             81s  lineerr#7/8
  rc=0             61s  lineerr#8/8

=== wall 847s (7s build + 840s gates) ===
GATES: 108/108 green
hashes: fe698e19 aa2caa9c 7d36a467 6bffac04
recorded: this full green battery is now the baseline a future skip must prove itself against
