=== D-FSPECCHAR: which bytes does a filespec refuse? ===

  byte   why                                          cf3300                 zb                    
  $41   A  -- CONTROL: a plain letter must be ACCEPTED <File not found>       <File not found>      
  $2A   *  -- CONTROL: the wildcard every FILES row uses OK                     OK                    
  $00   NUL                                          <Bad file name>        <Bad file name>       
  $01   SOH                                          <Bad file name>        <Bad file name>       
  $04   the byte D-FILESINP hit                      <Bad file name>        <Bad file name>       
  $09   TAB                                          <Bad file name>        <Bad file name>       
  $0D   CR                                           <Bad file name>        <Bad file name>       
  $1F   US -- last control                           <Bad file name>        <Bad file name>       
  $20   space                                        <Bad file name>        <Bad file name>       
  $21   !                                            <File not found>       <File not found>      
  $23   #                                            <File not found>       <File not found>      
  $26   &                                            <File not found>       <File not found>      
  $28   (                                            <File not found>       <File not found>      
  $2B   +                                            <Bad file name>        <Bad file name>       
  $2C   ,                                            <Bad file name>        <Bad file name>       
  $2D   -                                            <File not found>       <File not found>      
  $2E   .  -- the 8.3 SEPARATOR, known shape         <Bad file name>        <Bad file name>       
  $2F   /                                            <Bad file name>        <Bad file name>       
  $3A   :                                            <Bad file name>        <Bad file name>       
  $3B   ;                                            <Bad file name>        <Bad file name>       
  $3C   <                                            <File not found>       <File not found>      
  $3D   =                                            <Bad file name>        <Bad file name>       
  $3F   ?  -- the single-char wildcard               <File not found>       <File not found>      
  $5B   [                                            <Bad file name>        <Bad file name>       
  $5C   \                                            <Bad file name>        <Bad file name>       
  $5D   ]                                            <Bad file name>        <Bad file name>       
  $7C   |                                            <File not found>       <File not found>      
  $7E   ~                                            <File not found>       <File not found>      
  $61   a  -- lowercase                              <File not found>       <File not found>      
  $80   high bit                                     <File not found>       <File not found>      
  $FF   $FF                                          <Bad file name>        <Bad file name>       
  $10   DLE -- mid-range control, does the whole $01-$1F band behave alike? <Bad file name>        <Bad file name>       
  $22   "                                            <Bad file name>        <Bad file name>       
  $24   $                                            <File not found>       <File not found>      
  $25   %                                            <File not found>       <File not found>      
  $27   '                                            <File not found>       <File not found>      
  $29   )                                            <File not found>       <File not found>      
  $3E   >  -- the partner of the accepted '<'        <File not found>       <File not found>      
  $40   @                                            <File not found>       <File not found>      
  $5E   ^                                            <File not found>       <File not found>      
  $5F   _                                            <File not found>       <File not found>      
  $60   `                                            <File not found>       <File not found>      
  $7B   {                                            <File not found>       <File not found>      
  $7D   }                                            <File not found>       <File not found>      
  $7F   DEL                                          <File not found>       <File not found>      

0 byte(s) diverge of 45 swept (2 of them controls that must not).
refcache: 0 hit, 90 miss, 90 stored
