pasmo --bin basic/main.asm build/basic-reloc.rom build/basic-reloc.sym
WARNING: Switching to 3 pass mode on line 827 of file basic/sysvars.inc
WARNING: Var APOS_MARK is never used on line 562 of file basic/sysvars.inc
WARNING: Var BINARY_ID is never used on line 161 of file basic/sysvars.inc
WARNING: Var BPB_BYTSPERSEC is never used on line 2657 of file basic/sysvars.inc
WARNING: Var BPB_FATSZ16 is never used on line 2662 of file basic/sysvars.inc
WARNING: Var BPB_NUMFATS is never used on line 2660 of file basic/sysvars.inc
WARNING: Var BPB_ROOTENTCNT is never used on line 2661 of file basic/sysvars.inc
WARNING: Var BPB_RSVDSECCNT is never used on line 2659 of file basic/sysvars.inc
WARNING: Var BPB_SECPERCLUS is never used on line 2658 of file basic/sysvars.inc
WARNING: Var BSAVE_DISK_ID is never used on line 2629 of file basic/sysvars.inc
WARNING: Var CAS_HDRNAME is never used on line 3286 of file basic/sysvars.inc
WARNING: Var CLOC is never used on line 72 of file basic/sysvars.inc
WARNING: Var CMASK is never used on line 73 of file basic/sysvars.inc
WARNING: Var CS120_LOW is never used on line 138 of file basic/sysvars.inc
WARNING: Var CS240_LOW is never used on line 139 of file basic/sysvars.inc
WARNING: Var DATALINE is never used on line 3519 of file basic/sysvars.inc
WARNING: Var DATAPTR is never used on line 3518 of file basic/sysvars.inc
WARNING: Var DB_CUR is never used on line 3713 of file basic/sysvars.inc
WARNING: Var DIRENT_FILESIZE is never used on line 2666 of file basic/sysvars.inc
WARNING: Var DIRENT_FIRSTCLUS is never used on line 2665 of file basic/sysvars.inc
WARNING: Var DISKOP_SEL_FAT_ALLOC_CLUSTER is never used on line 2781 of file basic/sysvars.inc
WARNING: Var DISKOP_SEL_FAT_DELETE is never used on line 2787 of file basic/sysvars.inc
WARNING: Var DISKOP_SEL_FAT_READ_FAT_SECTOR is never used on line 2779 of file basic/sysvars.inc
WARNING: Var DISKOP_SEL_FAT_WRITE_FAT_ENTRY is never used on line 2782 of file basic/sysvars.inc
WARNING: Var DISKOP_SEL_NAME_CMP is never used on line 2777 of file basic/sysvars.inc
WARNING: Var DISKOP_SEL_READ_SECTOR is never used on line 2773 of file basic/sysvars.inc
WARNING: Var DISKOP_SEL_WRITE_SECTOR is never used on line 2774 of file basic/sysvars.inc
WARNING: Var DSKIO_ENTRY is never used on line 2655 of file basic/sysvars.inc
WARNING: Var DSV_PTR is never used on line 2574 of file basic/sysvars.inc
WARNING: Var ENDPTR is never used on line 747 of file basic/sysvars.inc
WARNING: Var EOC is never used on line 2667 of file basic/sysvars.inc
WARNING: Var FAT_B0 is never used on line 2720 of file basic/sysvars.inc
WARNING: Var FAT_B1 is never used on line 2721 of file basic/sysvars.inc
WARNING: Var FAT_BYTEIDX is never used on line 2718 of file basic/sysvars.inc
WARNING: Var FAT_CLUSSEC is never used on line 2711 of file basic/sysvars.inc
WARNING: Var FAT_DIRREM is never used on line 2724 of file basic/sysvars.inc
WARNING: Var FAT_DIRSEC is never used on line 2723 of file basic/sysvars.inc
WARNING: Var FAT_FATSEC is never used on line 2719 of file basic/sysvars.inc
WARNING: Var FAT_FATSTART is never used on line 2706 of file basic/sysvars.inc
WARNING: Var FAT_FIRSTDATA is never used on line 2709 of file basic/sysvars.inc
WARNING: Var FAT_FIRSTROOT is never used on line 2707 of file basic/sysvars.inc
WARNING: Var FAT_NAMEPTR is never used on line 2722 of file basic/sysvars.inc
WARNING: Var FAT_NUMFATS is never used on line 2714 of file basic/sysvars.inc
WARNING: Var FAT_PARITY is never used on line 2717 of file basic/sysvars.inc
WARNING: Var FAT_ROOTSECS is never used on line 2708 of file basic/sysvars.inc
WARNING: Var FAT_SECPERCLUS is never used on line 2705 of file basic/sysvars.inc
WARNING: Var FAT_SECPERFAT is never used on line 2715 of file basic/sysvars.inc
WARNING: Var FCH_CTXSZ is never used on line 3159 of file basic/sysvars.inc
WARNING: Var FILES_ENTIDX is never used on line 2611 of file basic/sysvars.inc
WARNING: Var FLD_DESC is never used on line 3250 of file basic/sysvars.inc
WARNING: Var FMT_DESC is never used on line 3249 of file basic/sysvars.inc
WARNING: Var FMT_SEC is never used on line 3248 of file basic/sysvars.inc
WARNING: Var FN_DPTR is never used on line 3460 of file basic/sysvars.inc
WARNING: Var FN_PAREA_END is never used on line 3481 of file basic/sysvars.inc
WARNING: Var FN_RTYPE is never used on line 3475 of file basic/sysvars.inc
WARNING: Var FN_SLOTP is never used on line 3474 of file basic/sysvars.inc
WARNING: Var FPNUM_SIZE is never used on line 3633 of file basic/sysvars.inc
WARNING: Var FWBUF is never used on line 2702 of file basic/sysvars.inc
WARNING: Var FWR_DIRSEC is never used on line 2736 of file basic/sysvars.inc
WARNING: Var GFX_ARCF is never used on line 648 of file basic/sysvars.inc
WARNING: Var GFX_ASPMAJ is never used on line 646 of file basic/sysvars.inc
WARNING: Var GFX_ASPS is never used on line 647 of file basic/sysvars.inc
WARNING: Var GFX_BAD is never used on line 95 of file basic/sysvars.inc
WARNING: Var GFX_CNT is never used on line 625 of file basic/sysvars.inc
WARNING: Var GFX_COLOR_OFST is never used on line 63 of file basic/sysvars.inc
WARNING: Var GFX_CPHASE is never used on line 721 of file basic/sysvars.inc
WARNING: Var GFX_CS_AX is never used on line 664 of file basic/sysvars.inc
WARNING: Var GFX_CS_AY is never used on line 667 of file basic/sysvars.inc
WARNING: Var GFX_CS_M2 is never used on line 1792 of file basic/sysvars.inc
WARNING: Var GFX_CX is never used on line 620 of file basic/sysvars.inc
WARNING: Var GFX_CY is never used on line 621 of file basic/sysvars.inc
WARNING: Var GFX_DESC is never used on line 1830 of file basic/sysvars.inc
WARNING: Var GFX_DJ is never used on line 94 of file basic/sysvars.inc
WARNING: Var GFX_DMAJ is never used on line 623 of file basic/sysvars.inc
WARNING: Var GFX_DMIN is never used on line 624 of file basic/sysvars.inc
WARNING: Var GFX_ENEG is never used on line 687 of file basic/sysvars.inc
WARNING: Var GFX_EOCT is never used on line 684 of file basic/sysvars.inc
WARNING: Var GFX_ERR is never used on line 622 of file basic/sysvars.inc
WARNING: Var GFX_EU14 is never used on line 685 of file basic/sysvars.inc
WARNING: Var GFX_EVX is never used on line 651 of file basic/sysvars.inc
WARNING: Var GFX_EVY is never used on line 652 of file basic/sysvars.inc
WARNING: Var GFX_FILLCNT is never used on line 634 of file basic/sysvars.inc
WARNING: Var GFX_FULLW is never used on line 653 of file basic/sysvars.inc
WARNING: Var GFX_M is never used on line 669 of file basic/sysvars.inc
WARNING: Var GFX_PFY is never used on line 1737 of file basic/sysvars.inc
WARNING: Var GFX_PGEN_BASE is never used on line 62 of file basic/sysvars.inc
WARNING: Var GFX_PPITCH is never used on line 1970 of file basic/sysvars.inc
WARNING: Var GFX_PSCX is never used on line 1740 of file basic/sysvars.inc
WARNING: Var GFX_PSCY is never used on line 1741 of file basic/sysvars.inc
WARNING: Var GFX_PSPA is never used on line 1742 of file basic/sysvars.inc
WARNING: Var GFX_PTESTX is never used on line 1735 of file basic/sysvars.inc
WARNING: Var GFX_PTESTY is never used on line 1736 of file basic/sysvars.inc
WARNING: Var GFX_PTOP is never used on line 1733 of file basic/sysvars.inc
WARNING: Var GFX_PX is never used on line 661 of file basic/sysvars.inc
WARNING: Var GFX_PXL is never used on line 1738 of file basic/sysvars.inc
WARNING: Var GFX_PXR is never used on line 1739 of file basic/sysvars.inc
WARNING: Var GFX_PY is never used on line 663 of file basic/sysvars.inc
WARNING: Var GFX_QD is never used on line 660 of file basic/sysvars.inc
WARNING: Var GFX_QX is never used on line 658 of file basic/sysvars.inc
WARNING: Var GFX_QY is never used on line 659 of file basic/sysvars.inc
WARNING: Var GFX_R is never used on line 645 of file basic/sysvars.inc
WARNING: Var GFX_SATR_BASE is never used on line 729 of file basic/sysvars.inc
WARNING: Var GFX_SDX is never used on line 628 of file basic/sysvars.inc
WARNING: Var GFX_SDY is never used on line 629 of file basic/sysvars.inc
WARNING: Var GFX_SMIN is never used on line 627 of file basic/sysvars.inc
WARNING: Var GFX_SNEG is never used on line 686 of file basic/sysvars.inc
WARNING: Var GFX_SOCT is never used on line 680 of file basic/sysvars.inc
WARNING: Var GFX_SPAT_BASE is never used on line 728 of file basic/sysvars.inc
WARNING: Var GFX_STEEP is never used on line 626 of file basic/sysvars.inc
WARNING: Var GFX_SU14 is never used on line 683 of file basic/sysvars.inc
WARNING: Var GFX_SVX is never used on line 649 of file basic/sysvars.inc
WARNING: Var GFX_SVY is never used on line 650 of file basic/sysvars.inc
WARNING: Var GFX_TX1 is never used on line 630 of file basic/sysvars.inc
WARNING: Var GFX_TX2 is never used on line 632 of file basic/sysvars.inc
WARNING: Var GFX_TY1 is never used on line 631 of file basic/sysvars.inc
WARNING: Var GFX_TY2 is never used on line 633 of file basic/sysvars.inc
WARNING: Var GFX_WE_O is never used on line 689 of file basic/sysvars.inc
WARNING: Var GFX_WE_P is never used on line 688 of file basic/sysvars.inc
WARNING: Var GFX_WRAPF is never used on line 690 of file basic/sysvars.inc
WARNING: Var GFX_WS_O is never used on line 672 of file basic/sysvars.inc
WARNING: Var GFX_WS_P is never used on line 671 of file basic/sysvars.inc
WARNING: Var GFX_YSTEP is never used on line 635 of file basic/sysvars.inc
WARNING: Var GP_CLIDX is never used on line 3183 of file basic/sysvars.inc
WARNING: Var GP_CLUS is never used on line 3182 of file basic/sysvars.inc
WARNING: Var GP_FLAGS is never used on line 3187 of file basic/sysvars.inc
WARNING: Var GP_OLDNSEC is never used on line 3186 of file basic/sysvars.inc
WARNING: Var GP_PHYS is never used on line 3185 of file basic/sysvars.inc
WARNING: Var GP_RECLEN is never used on line 3274 of file basic/sysvars.inc
WARNING: Var GP_SEC is never used on line 3180 of file basic/sysvars.inc
WARNING: Var GP_SECINCL is never used on line 3184 of file basic/sysvars.inc
WARNING: Var GP_WITHIN is never used on line 3181 of file basic/sysvars.inc
WARNING: Var HORNER_ACC is never used on line 3961 of file basic/sysvars.inc
WARNING: Var HORNER_CNT is never used on line 3963 of file basic/sysvars.inc
WARNING: Var HORNER_G is never used on line 3944 of file basic/sysvars.inc
WARNING: Var HORNER_PTR is never used on line 3976 of file basic/sysvars.inc
WARNING: Var INITXT is never used on line 15 of file basic/sysvars.inc
WARNING: Var LE_OP_RELINK is never used on line 2851 of file basic/sysvars.inc
WARNING: Var LE_OP_STORE is never used on line 2850 of file basic/sysvars.inc
WARNING: Var LINENO_ACC_STOP is never used on line 869 of file basic/sysvars.inc
WARNING: Var LINL32 is never used on line 113 of file basic/sysvars.inc
WARNING: Var MATH_BREAK is never used on line 3929 of file basic/sysvars.inc
WARNING: Var MATH_R is never used on line 3949 of file basic/sysvars.inc
WARNING: Var MATH_RECIP is never used on line 3925 of file basic/sysvars.inc
WARNING: Var MATH_SIGN is never used on line 3921 of file basic/sysvars.inc
WARNING: Var MCLPTR is never used on line 3014 of file basic/sysvars.inc
WARNING: Var MSGESC_LO is never used on line 4396 of file basic/sysvars.inc
WARNING: Var NEW_TOKEN is never used on line 2243 of file basic/sysvars.inc
WARNING: Var PLAY_DEF_NOTEL is never used on line 3087 of file basic/sysvars.inc
WARNING: Var PLAY_DEF_OCTAVE is never used on line 3086 of file basic/sysvars.inc
WARNING: Var PLAY_DEF_TEMPO is never used on line 3088 of file basic/sysvars.inc
WARNING: Var PLAY_DEF_VOLUME is never used on line 3089 of file basic/sysvars.inc
WARNING: Var PLAY_OP_NOTE is never used on line 3107 of file basic/sysvars.inc
WARNING: Var PLYCNT is never used on line 3017 of file basic/sysvars.inc
WARNING: Var PLY_BUFEND is never used on line 3105 of file basic/sysvars.inc
WARNING: Var PLY_LASTDUR is never used on line 3104 of file basic/sysvars.inc
WARNING: Var PLY_NUMOVF is never used on line 3100 of file basic/sysvars.inc
WARNING: Var PU_COMMAS is never used on line 3241 of file basic/sysvars.inc
WARNING: Var PU_DEC is never used on line 3242 of file basic/sysvars.inc
WARNING: Var PU_DIG is never used on line 3239 of file basic/sysvars.inc
WARNING: Var QD_PUT is never used on line 3023 of file basic/sysvars.inc
WARNING: Var QD_PUTBAK is never used on line 3025 of file basic/sysvars.inc
WARNING: Var QD_SIZE is never used on line 3026 of file basic/sysvars.inc
WARNING: Var QUEUEN is never used on line 3015 of file basic/sysvars.inc
WARNING: Var QUOTE_REM is never used on line 561 of file basic/sysvars.inc
WARNING: Var RND_ACCLE is never used on line 4023 of file basic/sysvars.inc
WARNING: Var RND_AJ is never used on line 4038 of file basic/sysvars.inc
WARNING: Var RND_CARRY is never used on line 4040 of file basic/sysvars.inc
WARNING: Var RND_I is never used on line 4030 of file basic/sysvars.inc
WARNING: Var RND_IJ is never used on line 4035 of file basic/sysvars.inc
WARNING: Var RND_J is never used on line 4033 of file basic/sysvars.inc
WARNING: Var RND_K is never used on line 4044 of file basic/sysvars.inc
WARNING: Var RND_LE is never used on line 4017 of file basic/sysvars.inc
WARNING: Var RND_STATE is never used on line 4008 of file basic/sysvars.inc
WARNING: Var RN_OLD is never used on line 2940 of file basic/sysvars.inc
WARNING: Var SL_DELHI is never used on line 2894 of file basic/sysvars.inc
WARNING: Var SL_DELLO is never used on line 2893 of file basic/sysvars.inc
WARNING: Var SL_SLOT is never used on line 2210 of file basic/sysvars.inc
WARNING: Var SUBROM_IDX_INTTEST is never used on line 4066 of file basic/sysvars.inc
WARNING: Var SUB_INT_DELTA is never used on line 3734 of file basic/sysvars.inc
WARNING: Var TKDCOUNT is never used on line 3560 of file basic/sysvars.inc
WARNING: Var TKEXP is never used on line 3563 of file basic/sysvars.inc
WARNING: Var TKEXPD is never used on line 3564 of file basic/sysvars.inc
WARNING: Var TKEXPSIGN is never used on line 3565 of file basic/sysvars.inc
WARNING: Var TKFLAGS is never used on line 3562 of file basic/sysvars.inc
WARNING: Var TKHAVESIG is never used on line 3558 of file basic/sysvars.inc
WARNING: Var TKINTLEN is never used on line 3557 of file basic/sysvars.inc
WARNING: Var TKLEAD is never used on line 3568 of file basic/sysvars.inc
WARNING: Var TKLNUM is never used on line 781 of file basic/sysvars.inc
WARNING: Var TKNAME is never used on line 805 of file basic/sysvars.inc
WARNING: Var TKNZPOS is never used on line 3559 of file basic/sysvars.inc
WARNING: Var TKPOS is never used on line 3556 of file basic/sysvars.inc
WARNING: Var TKRADIX is never used on line 807 of file basic/sysvars.inc
WARNING: Var TKRTOK is never used on line 808 of file basic/sysvars.inc
WARNING: Var TKSRCSAVE is never used on line 3611 of file basic/sysvars.inc
WARNING: Var TKSTORED is never used on line 3561 of file basic/sysvars.inc
WARNING: Var TKVALEND is never used on line 3599 of file basic/sysvars.inc
WARNING: Var TOKBUFSZ is never used on line 894 of file basic/sysvars.inc
WARNING: Var TOKMAX_BODY is never used on line 895 of file basic/sysvars.inc
WARNING: Var VCBC is never used on line 3020 of file basic/sysvars.inc
WARNING: Var VCX_ENVPER is never used on line 3033 of file basic/sysvars.inc
WARNING: Var VCX_ENVSH is never used on line 3038 of file basic/sysvars.inc
WARNING: Var VCX_NOTEL is never used on line 3035 of file basic/sysvars.inc
WARNING: Var VCX_OCTAVE is never used on line 3034 of file basic/sysvars.inc
WARNING: Var VCX_TEMPO is never used on line 3036 of file basic/sysvars.inc
WARNING: Var VCX_VOLUME is never used on line 3037 of file basic/sysvars.inc
WARNING: Var VDP_ADDR is never used on line 56 of file basic/sysvars.inc
WARNING: Var VDP_DATA is never used on line 55 of file basic/sysvars.inc
WARNING: Var VOICAQ is never used on line 3010 of file basic/sysvars.inc
WARNING: Var VOICBQ is never used on line 3011 of file basic/sysvars.inc
WARNING: Var VOICCQ is never used on line 3012 of file basic/sysvars.inc
WARNING: Var VOICEN is never used on line 3013 of file basic/sysvars.inc
WARNING: Var WRTVDP is never used on line 13 of file basic/sysvars.inc
WARNING: Var __MEAS_LOW_END is never used on line 155 of file basic/main.asm
WARNING: Var __MEAS_PAGE1_END is never used on line 428 of file basic/main.asm
WARNING: Var ary_reset is never used on line 341 of file basic/arrays.asm
WARNING: Var ascii_save is never used on line 230 of file basic/save.asm
WARNING: Var bl_skip_spaces is never used on line 30 of file basic/bload.asm
WARNING: Var bsv_is_disk is never used on line 129 of file basic/save.asm
WARNING: Var cas_flush_block is never used on line 407 of file basic/save.asm
WARNING: Var clr_himem is never used on line 111 of file basic/clear.asm
WARNING: Var cut_lp is never used on line 59 of file basic/usr.asm
WARNING: Var disk_putbyte is never used on line 82 of file basic/sv-diskwr.inc
WARNING: Var dl_cas_close is never used on line 120 of file basic/cload.asm
WARNING: Var dl_is_cas is never used on line 111 of file basic/cload.asm
WARNING: Var dpl_err_pop is never used on line 1091 of file basic/cload.asm
WARNING: Var dpl_link_err is never used on line 1063 of file basic/cload.asm
WARNING: Var dr_cas_close is never used on line 284 of file basic/cload.asm
WARNING: Var efi_p_ok is never used on line 1784 of file basic/str-engine.asm
WARNING: Var ei_set is never used on line 2664 of file basic/program.asm
WARNING: Var err_stack is never used on line 1935 of file basic/program.asm
WARNING: Var esn_bad is never used on line 2312 of file basic/program.asm
WARNING: Var ev_f_err is never used on line 703 of file basic/expr.asm
WARNING: Var evmc_total_scan is never used on line 1611 of file basic/expr.asm
WARNING: Var fat_io_find is never used on line 38 of file basic/fatio-body.inc
WARNING: Var fn_leave is never used on line 371 of file basic/deffn.asm
WARNING: Var key_set is never used on line 2951 of file basic/program.asm
WARNING: Var mul16 is never used on line 2341 of file basic/expr.asm
WARNING: Var nx_again is never used on line 1901 of file basic/program.asm
WARNING: Var pu_emit_str0 is never used on line 389 of file basic/printusing.asm
WARNING: Var raise_error_forced is never used on line 1373 of file basic/interp.asm
WARNING: Var sav_is_disk is never used on line 204 of file basic/save.asm
WARNING: Var spr_set is never used on line 1050 of file basic/graphics.asm
WARNING: Var str_mkf_int is never used on line 382 of file basic/strvar.asm
WARNING: Var strig_set is never used on line 2826 of file basic/program.asm
WARNING: Var sw_types is never used on line 413 of file basic/missing.asm
WARNING: Var wid_apply is never used on line 253 of file basic/screen.asm
python3 tools/gen_resident_abi.py build/basic-reloc.sym sub/basic-resident-abi.inc
wrote sub/basic-resident-abi.inc: 13 resident-ABI symbols (from build/basic-reloc.sym)
pasmo -I sub --bin sub/sub.asm build/sub.rom build/sub.sym
WARNING: Switching to 3 pass mode on line 827 of file basic/sysvars.inc
ERROR: Symbol 'raise_error' is undefined  on line 80 of file basic/pdfcb-body.inc
make: *** [build/sub.rom] Error 1
