=== D-FSPECCHAR: which bytes does a filespec refuse? ===

  byte   why                                          cf3300                 zb                    
  $41   A  -- CONTROL: a plain letter must be ACCEPTED <File not found>       <File not found>      
  $2A   *  -- CONTROL: the wildcard every FILES row uses OK                     OK                    
  $00   NUL                                          <Bad file name>        <Bad file name>       
  $01   SOH                                          <Bad file name>        <File not found>        🔴 DIFF
  $04   the byte D-FILESINP hit                      <Bad file name>        <File not found>        🔴 DIFF
  $09   TAB                                          <Bad file name>        <File not found>        🔴 DIFF
  $0D   CR                                           <Bad file name>        <File not found>        🔴 DIFF
  $1F   US -- last control                           <Bad file name>        <File not found>        🔴 DIFF
  $20   space                                        <Bad file name>        <Bad file name>       
  $21   !                                            <File not found>       <File not found>      
  $23   #                                            <File not found>       <File not found>      
  $26   &                                            <File not found>       <File not found>      
  $28   (                                            <File not found>       <File not found>      
  $2B   +                                            <Bad file name>        <File not found>        🔴 DIFF
  $2C   ,                                            <Bad file name>        <File not found>        🔴 DIFF
  $2D   -                                            <File not found>       <File not found>      
  $2E   .  -- the 8.3 SEPARATOR, known shape         <Bad file name>        <Bad file name>       
  $2F   /                                            <Bad file name>        <File not found>        🔴 DIFF
  $3A   :                                            <Bad file name>        <File not found>        🔴 DIFF
  $3B   ;                                            <Bad file name>        <File not found>        🔴 DIFF
  $3C   <                                            <File not found>       <File not found>      
  $3D   =                                            <Bad file name>        <File not found>        🔴 DIFF
  $3F   ?  -- the single-char wildcard               <File not found>       <File not found>      
  $5B   [                                            <Bad file name>        <File not found>        🔴 DIFF
  $5C   \                                            <Bad file name>        <File not found>        🔴 DIFF
  $5D   ]                                            <Bad file name>        <File not found>        🔴 DIFF
  $7C   |                                            <File not found>       <File not found>      
  $7E   ~                                            <File not found>       <File not found>      
  $61   a  -- lowercase                              <File not found>       <File not found>      
  $80   high bit                                     <File not found>       <File not found>      
  $FF   $FF                                          <Bad file name>        <File not found>        🔴 DIFF

15 byte(s) diverge of 31 swept (2 of them controls that must not).
   $01 SOH                                          cf3300=<Bad file name>        zb=<File not found>
   $04 the byte D-FILESINP hit                      cf3300=<Bad file name>        zb=<File not found>
   $09 TAB                                          cf3300=<Bad file name>        zb=<File not found>
   $0D CR                                           cf3300=<Bad file name>        zb=<File not found>
   $1F US -- last control                           cf3300=<Bad file name>        zb=<File not found>
   $2B +                                            cf3300=<Bad file name>        zb=<File not found>
   $2C ,                                            cf3300=<Bad file name>        zb=<File not found>
   $2F /                                            cf3300=<Bad file name>        zb=<File not found>
   $3A :                                            cf3300=<Bad file name>        zb=<File not found>
   $3B ;                                            cf3300=<Bad file name>        zb=<File not found>
   $3D =                                            cf3300=<Bad file name>        zb=<File not found>
   $5B [                                            cf3300=<Bad file name>        zb=<File not found>
   $5C \                                            cf3300=<Bad file name>        zb=<File not found>
   $5D ]                                            cf3300=<Bad file name>        zb=<File not found>
   $FF $FF                                          cf3300=<Bad file name>        zb=<File not found>
refcache: 0 hit, 62 miss, 62 stored
