python3 tools/run_gates.py 
=== warm-up (serial build of shared artifacts) ===
warm-up 7s
=== refcache OFF for every unit: a gate measures, it never replays (docs/spec-refcache.md §7) ===
=== emulator tier RUNS: probes/tests/tools or the Makefile changed ===
=== 4 tree-mutating unit(s), SERIAL (they rewrite a shared tracked file) ===
  rc=0              1s  switch-build-check
  rc=0              5s  diskdep-check
  rc=0              0s  wall-literal-check
  rc=0             46s  selftest-check
  (post-mutator refresh 7s -- the plants moved mtimes, so the pool would otherwise race a rebuild)
=== 111 units, J=8, lineerr in 8 shards, nice=0 solo=None ===
  rc=0              3s  basic-reloc
  rc=0              0s  subrom-abi-check
  rc=0              0s  diskrom-abi-check
  rc=0              0s  rom-parts-check
  rc=0              1s  subrom-closure-check
  rc=0             23s  unit-test
  rc=0              0s  deadcode
  rc=0              3s  wall-assertion-check
  rc=0              0s  ram-claim-check
  rc=0              0s  redundant-load-check
  rc=0              2s  rowshape-check
  rc=0              5s  injector-check
  rc=0              1s  temp-root-check
  rc=0              1s  todo-citation-check
  rc=0              2s  chokepoint-check
  rc=0              0s  shared-body-check
  rc=0              0s  probe-reach-check
  rc=0              0s  battery-membership-check
  rc=0              0s  fixture-integrity-check
  rc=0              1s  preflight-check
  rc=0              4s  latch-check
  rc=0             19s  kwsweep
  rc=0             12s  patch-freshness-check
  rc=0              2s  refcache-check
  rc=0              0s  knife-guard-check
  rc=0              1s  knife-rom-guard-check
  rc=0              0s  deffn-selftest
  rc=0              0s  banner-acceptance
  rc=0             33s  string-acceptance
  rc=0             18s  str-domain-acceptance
  rc=0             12s  strparen-acceptance
  rc=0             42s  penderr-acceptance
  rc=0             46s  missing-acceptance
  rc=0             12s  error-acceptance
  rc=0             68s  error-trap-acceptance
  rc=0             94s  onerr0-acceptance
  rc=0            110s  math-acceptance
  rc=0             80s  float-acceptance
  rc=0             43s  intarg-acceptance
  rc=0             38s  logicops-acceptance
  rc=0            226s  screenerr-acceptance
  rc=0             49s  tmfp-acceptance
  rc=0             53s  stmtpend-acceptance
  rc=0            113s  array-acceptance
  rc=0            125s  deffn-strict
  rc=0            368s  graphics-acceptance
  rc=0             55s  abort-acceptance
  rc=0            146s  interval-trap-acceptance
  rc=0             85s  clearpool-acceptance
  rc=0            132s  stackpool-acceptance
  rc=0            163s  trapdepth-acceptance
  rc=0             76s  ctlcross-acceptance
  rc=0            399s  ctllim-acceptance
  rc=0            408s  ramfree-acceptance
  rc=0             16s  cursor-acceptance
  rc=0             89s  time-acceptance
  rc=0            250s  namspc-acceptance
  rc=0             96s  arrdim-acceptance
  rc=0             49s  arylv-acceptance
  rc=0             57s  badfnum-acceptance
  rc=0              4s  beep-acceptance
  rc=0             29s  binfre-acceptance
  rc=0             25s  cassave-acceptance
  rc=0             74s  castail-acceptance
  rc=0            122s  deffn-acceptance
  rc=0             42s  direct-ctrl-acceptance
  rc=0             11s  dskmsg-acceptance
  rc=0             81s  editverb-acceptance
  rc=0             29s  fldary-acceptance
  rc=0             94s  fldwidth-acceptance
  rc=0             26s  forvar-acceptance
  rc=0             53s  gicini-acceptance
  rc=0              0s  graphics-floor-acceptance
  rc=0            151s  ifsem-acceptance
  rc=0              9s  input-acceptance
  rc=0             60s  nodisk-acceptance
  rc=0             73s  pusing-acceptance
  rc=0             42s  catterm-acceptance
  rc=0             13s  catusr-acceptance
  rc=0             18s  nameord-acceptance
  rc=0              5s  namegate-acceptance
  rc=0             37s  inputary-acceptance
  rc=0            140s  key-trap-acceptance
  rc=0             56s  linemax-acceptance
  rc=0            148s  lnblank-acceptance
  rc=0             40s  locarg-acceptance
  rc=0             44s  lof-acceptance
  rc=0             86s  lptverb-acceptance
  rc=0             57s  lrvar-acceptance
  rc=0             57s  lvfix-acceptance
  rc=0             26s  nxary-acceptance
  rc=0             23s  nxlist-acceptance
  rc=0             31s  play-acceptance
  rc=0             11s  play-trace-acceptance
  rc=0             20s  readvar-acceptance
  rc=0             10s  runtail-acceptance
  rc=0             29s  sound-acceptance
  rc=0             66s  sprite-trap-acceptance
  rc=0             55s  stop-trap-acceptance
  rc=0            154s  strig-trap-acceptance
  rc=0              0s  subrom-acceptance
  rc=0             71s  tgtspc-acceptance
  rc=0             70s  width-acceptance
  rc=0            104s  lineerr#1/8
  rc=0            104s  lineerr#2/8
  rc=0             98s  lineerr#3/8
  rc=0            100s  lineerr#4/8
  rc=0             94s  lineerr#5/8
  rc=0             86s  lineerr#6/8
  rc=0             78s  lineerr#7/8
  rc=0             60s  lineerr#8/8

=== wall 855s (7s build + 848s gates) ===
GATES: 108/108 green
hashes: fe698e19 aa2caa9c 7d36a467 6bffac04
recorded: this full green battery is now the baseline a future skip must prove itself against
