python3 tools/run_gates.py 
=== warm-up (serial build of shared artifacts) ===
warm-up 7s
=== refcache OFF for every unit: a gate measures, it never replays (docs/spec-refcache.md §7) ===
=== emulator tier RUNS: probes/tests/tools or the Makefile changed ===
=== 4 tree-mutating unit(s), SERIAL (they rewrite a shared tracked file) ===
  rc=0              1s  switch-build-check
  rc=0              5s  diskdep-check
  rc=0              0s  wall-literal-check
  rc=0             43s  selftest-check
  (post-mutator refresh 6s -- the plants moved mtimes, so the pool would otherwise race a rebuild)
=== 111 units, J=8, lineerr in 8 shards, nice=0 solo=None ===
  rc=0              2s  basic-reloc
  rc=0              0s  subrom-abi-check
  rc=0              0s  diskrom-abi-check
  rc=0              0s  rom-parts-check
  rc=0              1s  subrom-closure-check
  rc=0             22s  unit-test
  rc=0              0s  deadcode
  rc=0              3s  wall-assertion-check
  rc=0              0s  ram-claim-check
  rc=0              0s  redundant-load-check
  rc=0              1s  rowshape-check
  rc=0              4s  injector-check
  rc=0              1s  temp-root-check
  rc=0              1s  todo-citation-check
  rc=0              2s  chokepoint-check
  rc=0              0s  shared-body-check
  rc=0              0s  probe-reach-check
  rc=0              0s  battery-membership-check
  rc=0              0s  fixture-integrity-check
  rc=0              1s  preflight-check
  rc=0              5s  latch-check
  rc=0             19s  kwsweep
  rc=0             11s  patch-freshness-check
  rc=0              3s  refcache-check
  rc=0              0s  knife-guard-check
  rc=0              0s  knife-rom-guard-check
  rc=0              0s  deffn-selftest
  rc=0              1s  banner-acceptance
  rc=0             26s  string-acceptance
  rc=0             18s  str-domain-acceptance
  rc=0             11s  strparen-acceptance
  rc=0             52s  penderr-acceptance
  rc=0             44s  missing-acceptance
  rc=0             11s  error-acceptance
  rc=0             67s  error-trap-acceptance
  rc=0             94s  onerr0-acceptance
  rc=0            108s  math-acceptance
  rc=0             92s  float-acceptance
  rc=0             43s  intarg-acceptance
  rc=0             35s  logicops-acceptance
  rc=0            232s  screenerr-acceptance
  rc=0             43s  tmfp-acceptance
  rc=0             59s  stmtpend-acceptance
  rc=0            111s  array-acceptance
  rc=0            126s  deffn-strict
  rc=0            373s  graphics-acceptance
  rc=0             56s  abort-acceptance
  rc=0            146s  interval-trap-acceptance
  rc=0             87s  clearpool-acceptance
  rc=0            134s  stackpool-acceptance
  rc=0            152s  trapdepth-acceptance
  rc=0             76s  ctlcross-acceptance
  rc=0            400s  ctllim-acceptance
  rc=0            403s  ramfree-acceptance
  rc=0             24s  cursor-acceptance
  rc=0             82s  time-acceptance
  rc=0            262s  namspc-acceptance
  rc=0             95s  arrdim-acceptance
  rc=0             46s  arylv-acceptance
  rc=0             57s  badfnum-acceptance
  rc=0              8s  beep-acceptance
  rc=0             22s  binfre-acceptance
  rc=0             27s  cassave-acceptance
  rc=0             76s  castail-acceptance
  rc=0            119s  deffn-acceptance
  rc=0             49s  direct-ctrl-acceptance
  rc=0             12s  dskmsg-acceptance
  rc=0             83s  editverb-acceptance
  rc=0             24s  fldary-acceptance
  rc=0             94s  fldwidth-acceptance
  rc=0             23s  forvar-acceptance
  rc=0             51s  gicini-acceptance
  rc=0              0s  graphics-floor-acceptance
  rc=0            131s  ifsem-acceptance
  rc=0              4s  input-acceptance
  rc=0             54s  nodisk-acceptance
  rc=0             71s  pusing-acceptance
  rc=0             39s  catterm-acceptance
  rc=0             13s  catusr-acceptance
  rc=0             12s  nameord-acceptance
  rc=0             10s  namegate-acceptance
  rc=0             32s  inputary-acceptance
  rc=0            138s  key-trap-acceptance
  rc=0             58s  linemax-acceptance
  rc=0            151s  lnblank-acceptance
  rc=0             39s  locarg-acceptance
  rc=0             42s  lof-acceptance
  rc=0             80s  lptverb-acceptance
  rc=0             56s  lrvar-acceptance
  rc=0             61s  lvfix-acceptance
  rc=0             27s  nxary-acceptance
  rc=0             24s  nxlist-acceptance
  rc=0             31s  play-acceptance
  rc=0             11s  play-trace-acceptance
  rc=0             21s  readvar-acceptance
  rc=0             10s  runtail-acceptance
  rc=0             23s  sound-acceptance
  rc=0             69s  sprite-trap-acceptance
  rc=0             55s  stop-trap-acceptance
  rc=0            142s  strig-trap-acceptance
  rc=0              0s  subrom-acceptance
  rc=0             64s  tgtspc-acceptance
  rc=0             75s  width-acceptance
  rc=0             96s  lineerr#1/8
  rc=0            104s  lineerr#2/8
  rc=0            101s  lineerr#3/8
  rc=0            100s  lineerr#4/8
  rc=0             97s  lineerr#5/8
  rc=0             92s  lineerr#6/8
  rc=0             81s  lineerr#7/8
  rc=0             67s  lineerr#8/8

=== wall 848s (7s build + 842s gates) ===
GATES: 108/108 green
hashes: fe698e19 aa2caa9c 7d36a467 6bffac04
recorded: this full green battery is now the baseline a future skip must prove itself against
