=== CLIP MODEL + continuation + STEP-STEP (VRAM band, SCREEN2 held) ===

-- clip_negTL: LINE(-100,-100)-(50,50),15   x(0, 24) y(0, 24)
   #........................
   .#.......................
   ..#......................
   ...#.....................
   ....#....................
   .....#...................
   ......#..................
   .......#.................
   ........#................
   .........#...............
   ..........#..............
   ...........#.............
   ............#............
   .............#...........
   ..............#..........
   ...............#.........
   ................#........
   .................#.......
   ..................#......
   ...................#.....
   ....................#....
   .....................#...
   ......................#..
   .......................#.
   ........................#

-- clip_offBR: LINE(0,0)-(510,190),15   x(0, 24) y(0, 12)
   #........................
   .##......................
   ...#.....................
   ....#....................
   .....##..................
   .......#.................
   ........#................
   .........##..............
   ...........#.............
   ............#............
   .............##..........
   ...............#.........
   ................#........

-- clip_alloff: LINE(300,300)-(400,400),15   x(0, 24) y(0, 24)
   .........................
   .........................
   .........................
   .........................
   .........................
   .........................
   .........................
   .........................
   .........................
   .........................
   .........................
   .........................
   .........................
   .........................
   .........................
   .........................
   .........................
   .........................
   .........................
   .........................
   .........................
   .........................
   .........................
   .........................
   .........................

-- cont: PSET(3,3):LINE-(3,12),15   x(0, 8) y(0, 15)
   .........
   .........
   .........
   ...#.....
   ...#.....
   ...#.....
   ...#.....
   ...#.....
   ...#.....
   ...#.....
   ...#.....
   ...#.....
   ...#.....
   .........
   .........
   .........

-- step_step: PSET(10,10):LINE STEP(2,2)-STEP(3,3),15   x(8, 23) y(8, 23)
   ................
   ................
   ..#.............
   ................
   ....#...........
   .....#..........
   ......#.........
   .......#........
   ................
   ................
   ................
   ................
   ................
   ................
   ................
   ................

-- degenerate: LINE(5,5)-(5,5),15   x(0, 12) y(0, 12)
   .............
   .............
   .............
   .............
   .............
   .....#.......
   .............
   .............
   .............
   .............
   .............
   .............
   .............

=== ERR numbers + syntax survey (boot-per-case) ===
  ovf_end_x    -> 'OK'       raw='MSX BASIC version 1.0 Copyright 1983 by Microsoft 28815 Byte'
  ovf_start    -> 'OK'       raw='MSX BASIC version 1.0 Copyright 1983 by Microsoft 28815 Byte'
  scr0         -> 'OK'       raw='MSX BASIC version 1.0 Copyright 1983 by Microsoft 28815 Byte'
  scr1         -> 'OK'       raw='MSX BASIC version 1.0 Copyright 1983 by Microsoft 28815 Byte'
  box_nocol    -> 'OK'       raw='MSX BASIC version 1.0 Copyright 1983 by Microsoft 28815 Byte'

(done)
