=== C6b  errors (isolated boots) ===
  r0           -> K (no error)      raw='K Ok color auto goto list run'
  rneg         -> ?(hang/empty)     raw=''
  center_off   -> K (no error)      raw='K Ok color auto goto list run'
  center_neg   -> K (no error)      raw='K Ok color auto goto list run'
  center_ovf   -> E6                raw='E 6 Ok color auto goto list run'
  r_ovf        -> E6                raw='E 6 Ok color auto goto list run'
  scr0         -> E5                raw='E 5 Ok color auto goto list run'
  scr1         -> E5                raw='E 5 Ok color auto goto list run'
  aspect_neg   -> E5                raw='E 5 Ok color auto goto list run'
  badcolor     -> E5                raw='E 5 Ok color auto goto list run'

=== C5b  work area after CIRCLE(30,40),10 (fresh) ===
    GX 10 GY 40 AX 30 AY 40 Ok color auto goto list run

=== C3  aspect ratio scaling (CIRCLE(64,64),20,15,,,A) ===

  -- aspect=0.5: CIRCLE(64,64),20,15,,,0.5
     ...............................................
     ...............................................
     ...............................................
     ...............................................
     ...............................................
     ...............................................
     ...............................................
     ...............................................
     ...............................................
     ...............................................
     ...............................................
     ...............................................
     ...............................................
     ................###############................
     ............####...............####............
     ..........##.......................##..........
     ........##...........................##........
     ......##...............................##......
     .....##.................................##.....
     ....##...................................##....
     ....#.....................................#....
     ...#.......................................#...
     ...#.......................................#...
     ...#.......................................#...
     ...#.......................................#...
     ...#.......................................#...
     ....#.....................................#....
     ....##...................................##....
     .....##.................................##.....
     ......##...............................##......
     ........##...........................##........
     ..........##.......................##..........
     ............####...............####............
     ................###############................
     ...............................................
     ...............................................
     ...............................................
     ...............................................
     ...............................................
     ...............................................
     ...............................................
     ...............................................
     ...............................................
     ...............................................
     ...............................................
     ...............................................
     ...............................................
     x 44..84 (w=41)  y 54..74 (h=21)  n=100

  -- aspect=1: CIRCLE(64,64),20,15,,,1
     ...............................................
     ...............................................
     ...............................................
     ...................#########...................
     ................###.........###................
     ..............##...............##..............
     ............##...................##............
     ...........#.......................#...........
     ..........#.........................#..........
     .........#...........................#.........
     ........#.............................#........
     .......#...............................#.......
     ......#.................................#......
     ......#.................................#......
     .....#...................................#.....
     .....#...................................#.....
     ....#.....................................#....
     ....#.....................................#....
     ....#.....................................#....
     ...#.......................................#...
     ...#.......................................#...
     ...#.......................................#...
     ...#.......................................#...
     ...#.......................................#...
     ...#.......................................#...
     ...#.......................................#...
     ...#.......................................#...
     ...#.......................................#...
     ....#.....................................#....
     ....#.....................................#....
     ....#.....................................#....
     .....#...................................#.....
     .....#...................................#.....
     ......#.................................#......
     ......#.................................#......
     .......#...............................#.......
     ........#.............................#........
     .........#...........................#.........
     ..........#.........................#..........
     ...........#.......................#...........
     ............##...................##............
     ..............##...............##..............
     ................###.........###................
     ...................#########...................
     ...............................................
     ...............................................
     ...............................................
     x 44..84 (w=41)  y 44..84 (h=41)  n=112

  -- aspect=2: CIRCLE(64,64),20,15,,,2
     ...............................................
     ...............................................
     ...............................................
     .....................#####.....................
     ...................##.....##...................
     ..................##.......##..................
     .................##.........##.................
     .................#...........#.................
     ................#.............#................
     ................#.............#................
     ...............#...............#...............
     ...............#...............#...............
     ..............#.................#..............
     ..............#.................#..............
     ..............#.................#..............
     ..............#.................#..............
     .............#...................#.............
     .............#...................#.............
     .............#...................#.............
     .............#...................#.............
     .............#...................#.............
     .............#...................#.............
     .............#...................#.............
     .............#...................#.............
     .............#...................#.............
     .............#...................#.............
     .............#...................#.............
     .............#...................#.............
     .............#...................#.............
     .............#...................#.............
     .............#...................#.............
     ..............#.................#..............
     ..............#.................#..............
     ..............#.................#..............
     ..............#.................#..............
     ...............#...............#...............
     ...............#...............#...............
     ................#.............#................
     ................#.............#................
     .................#...........#.................
     .................##.........##.................
     ..................##.......##..................
     ...................##.....##...................
     .....................#####.....................
     ...............................................
     ...............................................
     ...............................................
     x 54..74 (w=21)  y 44..84 (h=41)  n=100

  -- aspect=3: CIRCLE(64,64),20,15,,,3
     ...............................................
     ...............................................
     ...............................................
     ......................###......................
     .....................#...#.....................
     ....................#.....#....................
     ...................##.....##...................
     ...................#.......#...................
     ...................#.......#...................
     ..................#.........#..................
     ..................#.........#..................
     ..................#.........#..................
     .................#...........#.................
     .................#...........#.................
     .................#...........#.................
     .................#...........#.................
     .................#...........#.................
     .................#...........#.................
     .................#...........#.................
     ................#.............#................
     ................#.............#................
     ................#.............#................
     ................#.............#................
     ................#.............#................
     ................#.............#................
     ................#.............#................
     ................#.............#................
     ................#.............#................
     .................#...........#.................
     .................#...........#.................
     .................#...........#.................
     .................#...........#.................
     .................#...........#.................
     .................#...........#.................
     .................#...........#.................
     ..................#.........#..................
     ..................#.........#..................
     ..................#.........#..................
     ...................#.......#...................
     ...................#.......#...................
     ...................##.....##...................
     ....................#.....#....................
     .....................#...#.....................
     ......................###......................
     ...............................................
     ...............................................
     ...............................................
     x 57..71 (w=15)  y 44..84 (h=41)  n=88

  -- aspect=.25: CIRCLE(64,64),20,15,,,.25
     ...............................................
     ...............................................
     ...............................................
     ...............................................
     ...............................................
     ...............................................
     ...............................................
     ...............................................
     ...............................................
     ...............................................
     ...............................................
     ...............................................
     ...............................................
     ...............................................
     ...............................................
     ...............................................
     ...............................................
     ...............................................
     ..............###################..............
     .........#####...................#####.........
     ......###.............................###......
     ....##...................................##....
     ...##.....................................##...
     ...#.......................................#...
     ...##.....................................##...
     ....##...................................##....
     ......###.............................###......
     .........#####...................#####.........
     ..............###################..............
     ...............................................
     ...............................................
     ...............................................
     ...............................................
     ...............................................
     ...............................................
     ...............................................
     ...............................................
     ...............................................
     ...............................................
     ...............................................
     ...............................................
     ...............................................
     ...............................................
     ...............................................
     ...............................................
     ...............................................
     ...............................................
     x 44..84 (w=41)  y 59..69 (h=11)  n=88

=== C4  start/end-angle arcs (CIRCLE(40,40),15,15,S,E) ===

  -- q_0_to_hpi: CIRCLE(40,40),15,15,0,1.57
     .....................................
     .....................................
     .....................................
     ...................###...............
     ......................###............
     .........................##..........
     ...........................#.........
     ............................#........
     .............................#.......
     ..............................#......
     ...............................#.....
     ...............................#.....
     ................................#....
     ................................#....
     ................................#....
     .................................#...
     .................................#...
     .................................#...
     .................................#...
     .....................................
     .....................................
     .....................................
     .....................................
     .....................................
     .....................................
     .....................................
     .....................................
     .....................................
     .....................................
     .....................................
     .....................................
     .....................................
     .....................................
     .....................................
     .....................................
     .....................................
     .....................................
     x 41..55 (w=15)  y 25..40 (h=16)  n=21

  -- q_hpi_to_pi: CIRCLE(40,40),15,15,1.57,3.14
     .....................................
     .....................................
     .....................................
     ...............#####.................
     ............###......................
     ..........##.........................
     .........#...........................
     ........#............................
     .......#.............................
     ......#..............................
     .....#...............................
     .....#...............................
     ....#................................
     ....#................................
     ....#................................
     ...#.................................
     ...#.................................
     ...#.................................
     .....................................
     .....................................
     .....................................
     .....................................
     .....................................
     .....................................
     .....................................
     .....................................
     .....................................
     .....................................
     .....................................
     .....................................
     .....................................
     .....................................
     .....................................
     .....................................
     .....................................
     .....................................
     .....................................
     x 25..41 (w=17)  y 25..39 (h=15)  n=22

  -- half_0_to_pi: CIRCLE(40,40),15,15,0,3.14
     .....................................
     .....................................
     .....................................
     ...............#######...............
     ............###.......###............
     ..........##.............##..........
     .........#.................#.........
     ........#...................#........
     .......#.....................#.......
     ......#.......................#......
     .....#.........................#.....
     .....#.........................#.....
     ....#...........................#....
     ....#...........................#....
     ....#...........................#....
     ...#.............................#...
     ...#.............................#...
     ...#.............................#...
     .................................#...
     .....................................
     .....................................
     .....................................
     .....................................
     .....................................
     .....................................
     .....................................
     .....................................
     .....................................
     .....................................
     .....................................
     .....................................
     .....................................
     .....................................
     .....................................
     .....................................
     .....................................
     .....................................
     x 25..55 (w=31)  y 25..40 (h=16)  n=42

  -- neg_start: CIRCLE(40,40),15,15,-1.57,0
     .....................................
     .....................................
     .....................................
     ...............#####.................
     ............###....#.................
     ..........##.......#.................
     .........#.........#.................
     ........#..........#.................
     .......#...........#.................
     ......#............#.................
     .....#.............#.................
     .....#............#..................
     ....#.............#..................
     ....#.............#..................
     ....#.............#..................
     ...#..............#..................
     ...#..............#..................
     ...#..............#..................
     ...#..............#..............#...
     ...#.............................#...
     ...#.............................#...
     ...#.............................#...
     ....#...........................#....
     ....#...........................#....
     ....#...........................#....
     .....#.........................#.....
     .....#.........................#.....
     ......#.......................#......
     .......#.....................#.......
     ........#...................#........
     .........#.................#.........
     ..........##.............##..........
     ............###.......###............
     ...............#######...............
     .....................................
     .....................................
     .....................................
     x 25..55 (w=31)  y 25..55 (h=31)  n=80

  -- neg_both: CIRCLE(40,40),15,15,-0.1,-1.57
     .....................................
     .....................................
     .....................................
     ...................###...............
     ...................#..###............
     ...................#.....##..........
     ...................#.......#.........
     ...................#........#........
     ...................#.........#.......
     ...................#..........#......
     ...................#...........#.....
     ..................#............#.....
     ..................#.............#....
     ..................#.............#....
     ..................#.............#....
     ..................#..............#...
     ..................#..............#...
     ..................#.......########...
     ..................########...........
     .....................................
     .....................................
     .....................................
     .....................................
     .....................................
     .....................................
     .....................................
     .....................................
     .....................................
     .....................................
     .....................................
     .....................................
     .....................................
     .....................................
     .....................................
     .....................................
     .....................................
     .....................................
     x 40..55 (w=16)  y 25..40 (h=16)  n=49

(done round 2)
