
=== S1 basic  box15 PAINT(28,28),4,15 ===
  x(14, 42) y(14, 42)   effective colour (hex nibble per pixel)
   y 14 44444444444444444444444444444   .............................
   y 15 44444444444444444444444444444   .............................
   y 16 44444444444444444444444444444   .............................
   y 17 44444444444444444444444444444   .............................
   y 18 44444444444444444444444444444   .............................
   y 19 44444444444444444444444444444   .............................
   y 20 44444444444444444444444444444   .............................
   y 21 44444444444444444444444444444   .............................
   y 22 44444444444444444444444444444   .............................
   y 23 44444444444444444444444444444   .............................
   y 24 44444444444444444444444444444   .............................
   y 25 44444444444444444444444444444   .............................
   y 26 44444444444444444444444444444   .............................
   y 27 44444444444444444444444444444   .............................
   y 28 44444444444444444444444444444   .............................
   y 29 44444444444444444444444444444   .............................
   y 30 44444444444444444444444444444   .............................
   y 31 44444444444444444444444444444   .............................
   y 32 44444444444444444444444444444   .............................
   y 33 44444444444444444444444444444   .............................
   y 34 44444444444444444444444444444   .............................
   y 35 44444444444444444444444444444   .............................
   y 36 44444444444444444444444444444   .............................
   y 37 44444444444444444444444444444   .............................
   y 38 44444444444444444444444444444   .............................
   y 39 44444444444444444444444444444   .............................
   y 40 44444444444444444444444444444   .............................
   y 41 44444444444444444444444444444   .............................
   y 42 44444444444444444444444444444   .............................

=== S2 leak   box15 PAINT(28,28),4,7  (border!=box) ===
  x(12, 46) y(12, 46)   effective colour (hex nibble per pixel)
   y 12 44444444444444444444444444444444444   ...................................
   y 13 44444444444444444444444444444444444   ...................................
   y 14 44444444444444444444444444444444444   ...................................
   y 15 44444444444444444444444444444444444   ...................................
   y 16 44444444444444444444444444444444444   ...................................
   y 17 44444444444444444444444444444444444   ...................................
   y 18 44444444444444444444444444444444444   ...................................
   y 19 44444444444444444444444444444444444   ...................................
   y 20 44444444444444444444444444444444444   ...................................
   y 21 44444444444444444444444444444444444   ...................................
   y 22 44444444444444444444444444444444444   ...................................
   y 23 44444444444444444444444444444444444   ...................................
   y 24 44444444444444444444444444444444444   ...................................
   y 25 44444444444444444444444444444444444   ...................................
   y 26 44444444444444444444444444444444444   ...................................
   y 27 44444444444444444444444444444444444   ...................................
   y 28 44444444444444444444444444444444444   ...................................
   y 29 44444444444444444444444444444444444   ...................................
   y 30 44444444444444444444444444444444444   ...................................
   y 31 44444444444444444444444444444444444   ...................................
   y 32 44444444444444444444444444444444444   ...................................
   y 33 44444444444444444444444444444444444   ...................................
   y 34 44444444444444444444444444444444444   ...................................
   y 35 44444444444444444444444444444444444   ...................................
   y 36 44444444444444444444444444444444444   ...................................
   y 37 44444444444444444444444444444444444   ...................................
   y 38 44444444444444444444444444444444444   ...................................
   y 39 44444444444444444444444444444444444   ...................................
   y 40 44444444444444444444444444444444444   ...................................
   y 41 44444444444444444444444444444444444   ...................................
   y 42 44444444444444444444444444444444444   ...................................
   y 43 44444444444444444444444444444444444   ...................................
   y 44 44444444444444444444444444444444444   ...................................
   y 45 11111111111111111111111111111111111   ...................................
   y 46 11111111111111111111111111111111111   ...................................

=== S3 clash  narrow box x=(18,29) PAINT interior 4 border15 ===
  x(16, 31) y(16, 36)   effective colour (hex nibble per pixel)
   y 16 4444444444444444   ................
   y 17 4444444444444444   ................
   y 18 4444444444444444   ................
   y 19 4444444444444444   ................
   y 20 4444444444444444   ................
   y 21 4444444444444444   ................
   y 22 4444444444444444   ................
   y 23 4444444444444444   ................
   y 24 4444444444444444   ................
   y 25 4444444444444444   ................
   y 26 4444444444444444   ................
   y 27 4444444444444444   ................
   y 28 4444444444444444   ................
   y 29 4444444444444444   ................
   y 30 4444444444444444   ................
   y 31 4444444444444444   ................
   y 32 4444444444444444   ................
   y 33 4444444444444444   ................
   y 34 4444444444444444   ................
   y 35 4444444444444444   ................
   y 36 4444444444444444   ................

=== S4 concave U-wall inside box ===
  x(14, 42) y(14, 42)   effective colour (hex nibble per pixel)
   y 14 44444444444444444444444444444   .............................
   y 15 44444444444444444444444444444   .............................
   y 16 44444444444444444444444444444   .............................
   y 17 44444444444444444444444444444   .............................
   y 18 44444444444444444444444444444   .............................
   y 19 44444444444444444444444444444   .............................
   y 20 44444444444444444444444444444   .............................
   y 21 44444444444444444444444444444   .............................
   y 22 44444444444444444444444444444   .............................
   y 23 44444444444444444444444444444   .............................
   y 24 44444444444444444444444444444   .............................
   y 25 44444444444444444444444444444   .............................
   y 26 44444444444444444444444444444   .............................
   y 27 44444444444444444444444444444   .............................
   y 28 44444444444444444444444444444   .............................
   y 29 44444444444444444444444444444   .............................
   y 30 44444444444444444444444444444   .............................
   y 31 44444444444444444444444444444   .............................
   y 32 44444444444444444444444444444   .............................
   y 33 44444444444444444444444444444   .............................
   y 34 44444444444444444444444444444   .............................
   y 35 44444444444444444444444444444   .............................
   y 36 44444444444444444444444444444   .............................
   y 37 44444444444444444444444444444   .............................
   y 38 44444444444444444444444444444   .............................
   y 39 44444444444444444444444444444   .............................
   y 40 44444444444444444444444444444   .............................
   y 41 44444444444444444444444444444   .............................
   y 42 44444444444444444444444444444   .............................

=== S6 brd16  box15 PAINT(28,28),4,16 ===
  x(14, 42) y(14, 42)   effective colour (hex nibble per pixel)
   y 14 44444444444444444444444444444   .............................
   y 15 44444444444444444444444444444   .............................
   y 16 44444444444444444444444444444   .............................
   y 17 44444444444444444444444444444   .............................
   y 18 44444444444444444444444444444   .............................
   y 19 44444444444444444444444444444   .............................
   y 20 44444444444444444444444444444   .............................
   y 21 44444444444444444444444444444   .............................
   y 22 44444444444444444444444444444   .............................
   y 23 44444444444444444444444444444   .............................
   y 24 44444444444444444444444444444   .............................
   y 25 44444444444444444444444444444   .............................
   y 26 44444444444444444444444444444   .............................
   y 27 44444444444444444444444444444   .............................
   y 28 44444444444444444444444444444   .............................
   y 29 44444444444444444444444444444   .............................
   y 30 44444444444444444444444444444   .............................
   y 31 44444444444444444444444444444   .............................
   y 32 44444444444444444444444444444   .............................
   y 33 44444444444444444444444444444   .............................
   y 34 44444444444444444444444444444   .............................
   y 35 44444444444444444444444444444   .............................
   y 36 44444444444444444444444444444   .............................
   y 37 44444444444444444444444444444   .............................
   y 38 44444444444444444444444444444   .............................
   y 39 44444444444444444444444444444   .............................
   y 40 44444444444444444444444444444   .............................
   y 41 44444444444444444444444444444   .............................
   y 42 44444444444444444444444444444   .............................

=== S7 tile PAINT(x,y),"A",15 -> E 13  raw='E 13 Ok color auto goto list run' ===
=== S8 four-arg PAINT(x,y),4,15,7 -> E 2  raw='E 2 Ok color auto goto list run' ===
