python3 probes/disk/diskbasic_acceptance.py 
  PASS  [live    ] FILES            converged
  PASS  [live    ] KILL             converged
  PASS  [live    ] NAME             converged
  PASS  [live    ] MAXFILES         converged
  PASS  [live    ] MERGE            converged
  PASS  [live    ] FIELD/LSET/RSET  converged
  PASS  [live    ] GET/PUT          converged
  PASS  [live    ] GET(RDBLK)       converged
  PASS  [live    ] PUT(WRBLK)       converged
  PASS  [live    ] MKI$/CVI         converged
  PASS  [live    ] EOF/LOF          converged
  PASS  [live    ] DSKF             converged
  PASS  [live    ] PRINT#           converged
  PASS  [live    ] PRINT#-append    converged
  PASS  [live    ] INPUT#           converged
  PASS  [live    ] PRINT#-USING     converged
  PASS  [live    ] INPUT$           converged
  PASS  [artifact] CALL FORMAT      converged
  PASS  [artifact] SAVE/BSAVE       converged
  PASS  [live    ] SAVE(ASCII)      converged
  PASS  [live    ] BSAVE(.bas)      converged
  PASS  [artifact] LOAD             converged
  PASS  [artifact] LOAD(NUL)        converged
  PASS  [live    ] LOAD(ASCII)      converged
  PASS  [artifact] RUN"file"        converged
  PASS  [artifact] BLOAD            converged
  PASS  [live    ] AUTOEXEC         converged
  PASS  [live    ] BSAVE/BLOAD(VRAM) converged
  PASS  [artifact] OPTION(hygiene)  converged
  PASS  [live    ] OPEN(LEN=)       converged
  PASS  [live    ] FILES(wild)      converged
  PASS  [live    ] KILL(wild)       converged
  PASS  [artifact] CLOSE(list)      converged
  PASS  [artifact] OPEN(LPT/CRT)    converged

===== Disk-BASIC acceptance: 34/34 verbs converged =====
ALL CONVERGED — the Disk-BASIC verb surface still matches the oracle.
