### ROM identity vs the carve commit
93d73edf  build/basic-reloc.rom
c486e7ff  build/sub.rom
2c630d3d  build/disk.rom
    measure: page-0 low region free = 46 B ($2812-$3FFF, __MEAS_LOW_END @ 0x3fd2)
    measure: page-1 free            = 31 B ($4000-$7FFF, __MEAS_PAGE1_END @ 0x7fe1) <- subrom wave-2 tokeniser-eviction relief
    measure: sub page 0 free       = 3299 B ($0000-$3FFF, the callable-from-main island, __MEAS_SUB_P0_END @ 0x331d)
    measure: sub page 1 free       = 1624 B ($4000-$7FFF, the BIOS-visible island, __MEAS_SUB_P1_END @ 0x79a8)
  main: 1594 spans, 73 seeds -> 0 dead (+0 allowlisted)
  sub : 1557 spans, 104 seeds -> 0 dead (+1 allowlisted)
OK: no unreachable spans in either build; every allowlist entry still verified dead (the sweep is not blind).
### unit-test

ALL 59 TEST FILE(S) PASSED
### deadcode
  sub : 1557 spans, 104 seeds -> 0 dead (+1 allowlisted)
OK: no unreachable spans in either build; every allowlist entry still verified dead (the sweep is not blind).
### wall-assertion-check
== UNDATED FREE-SPACE ASSERTIONS (gating) ==
   none — every open item that quotes a wall says WHEN it was read
### redundant-load-check
== DEAD LOADS (gating) ==
   none — every call of a proven routine already relies on the contract
### rowshape-check
ALL PASS -- 27 probe(s) print two exit paths' worth of report rows,
and every one of them prints ONE grammar on both.
### injector-check

ALL PASS -- one LIVE injector across 418 files, and it is the one `make latch-check` scores; 3 frozen characterization record(s) acknowledged and unreachable.
### preflight-check

ALL PASS -- every launch site this checker cannot prove harmless is guarded.
### latch-check
  PASS  F  D-LATCH injector, forced at $11B0 (pop af) -> DELIVERED (swallow 0, chain '54321', frozen body, no drain guard)
latch-check: 16/16 rows
### diskdep-check
python3 tools/check_disk_deps.py 
65 make target(s) run a probe needing test720.dsk; 65 declare $(DISK_TEST_DSK), 0 do not
### diskdep-selftest

self-test 6/6 (4/4 findings, 1/1 blindness, 1/1 latent-route control)
ALL GATE-HALF GATES OK
