  ran vg8020  f.33200   '7 SAME'
  ran vg8020  f.33400   '7 SAME'
  ran vg8020  f.33600   '7 SAME'
  ran vg8020  f.33800   '0 ->33800'
  ran vg8020  f.33900   '0 ->33900'
  ran vg8020  g3.p34k   '<NO HIMEM>'
  ran vg8020  g3.p36k   '<NO HIMEM>'
  ran vg8020  g3.p38k   '<NO HIMEM>'
  ran vg8020  g3.p0_36k '0 ->36000'
  ran cf3300  f.33200   '7 SAME'
  ran cf3300  f.33400   '7 SAME'
  ran cf3300  f.33600   '7 SAME'
  ran cf3300  f.33800   '0 ->33800'
  ran cf3300  f.33900   '0 ->33900'
  ran cf3300  g3.p34k   '<NO HIMEM>'
  ran cf3300  g3.p36k   '<NO HIMEM>'
  ran cf3300  g3.p38k   '<NO HIMEM>'
  ran cf3300  g3.p0_36k '0 ->36000'
  ran zb      f.33200   '0 ->33200'
  ran zb      f.33400   '0 ->33400'
  ran zb      f.33600   '0 ->33600'
  ran zb      f.33800   '0 ->33800'
  ran zb      f.33900   '0 ->33900'
  ran zb      g3.p34k   '<NO HIMEM>'
  ran zb      g3.p36k   '<NO HIMEM>'
  ran zb      g3.p38k   '<NO HIMEM>'
  ran zb      g3.p0_36k '0 ->36000'

  f.33200    vg8020='7 SAME'  cf3300='7 SAME'  zb='0 ->33200'   *** DIFF
  f.33400    vg8020='7 SAME'  cf3300='7 SAME'  zb='0 ->33400'   *** DIFF
  f.33600    vg8020='7 SAME'  cf3300='7 SAME'  zb='0 ->33600'   *** DIFF
  f.33800    vg8020='0 ->33800'  cf3300='0 ->33800'  zb='0 ->33800'
  f.33900    vg8020='0 ->33900'  cf3300='0 ->33900'  zb='0 ->33900'
  g3.p34k    vg8020='<NO HIMEM>'  cf3300='<NO HIMEM>'  zb='<NO HIMEM>'   .... NOT MEASURED
  g3.p36k    vg8020='<NO HIMEM>'  cf3300='<NO HIMEM>'  zb='<NO HIMEM>'   .... NOT MEASURED
  g3.p38k    vg8020='<NO HIMEM>'  cf3300='<NO HIMEM>'  zb='<NO HIMEM>'   .... NOT MEASURED
  g3.p0_36k  vg8020='0 ->36000'  cf3300='0 ->36000'  zb='0 ->36000'

ROWS: 9 printed, 6 scored -- 3 DIFF
