  ran vg8020  d.50000   '0 ->50000'
  ran vg8020  d.40000   '0 ->40000'
  ran vg8020  d.32768   '7 SAME'
  ran vg8020  d.32767   '5 SAME'
  ran vg8020  d.65535   '5 SAME'
  ran vg8020  d.65536   '6 SAME'
  ran vg8020  d.70000   '6 SAME'
  ran vg8020  d.hffff   '5 SAME'
  ran vg8020  d.neg1    '5 SAME'
  ran vg8020  d.h8000   '7 SAME'
  ran vg8020  d.hd000   '0 ->53248'
  ran vg8020  d.zero    '5 SAME'
  ran vg8020  d.one     '5 SAME'
  ran vg8020  d.h4000   '5 SAME'
  ran vg8020  d.h8050   '7 SAME'
  ran vg8020  u.56000   '0 ->56000'
  ran vg8020  u.56951   '0 ->56951'
  ran vg8020  u.57000   '0 ->57000'
  ran vg8020  u.58000   '0 ->58000'
  ran vg8020  u.60000   '0 ->60000'
  ran vg8020  u.62000   '0 ->62000'
  ran vg8020  u.62336   '0 SAME'
  ran vg8020  u.62337   '5 SAME'
  ran vg8020  u.63000   '5 SAME'
  ran vg8020  t.4to6    '0 ->60000'
  ran vg8020  t.4to5    '0 ->50000'
  ran vg8020  t.6to4    '0 ->40000'
  ran vg8020  t.4to4    '0 ->40000'
  ran vg8020  l.33000   '7 SAME'
  ran vg8020  l.34000   '0 ->34000'
  ran vg8020  l.35000   '0 ->35000'
  ran vg8020  l.36000   '0 ->36000'
  ran vg8020  l.38000   '0 ->38000'
  ran vg8020  l.39000   '0 ->39000'
  ran vg8020  p.dim38k  '0 ->38000'
  ran vg8020  p.dim40k  '0 ->40000'
  ran vg8020  p.dim44k  '0 ->44000'
  ran vg8020  b.7fff    '5 SAME'
  ran vg8020  b.8001    '7 SAME'
  ran cf3300  d.50000   '0 ->50000'
  ran cf3300  d.40000   '0 ->40000'
  ran cf3300  d.32768   '7 SAME'
  ran cf3300  d.32767   '5 SAME'
  ran cf3300  d.65535   '5 SAME'
  ran cf3300  d.65536   '6 SAME'
  ran cf3300  d.70000   '6 SAME'
  ran cf3300  d.hffff   '5 SAME'
  ran cf3300  d.neg1    '5 SAME'
  ran cf3300  d.h8000   '7 SAME'
  ran cf3300  d.hd000   '0 ->53248'
  ran cf3300  d.zero    '5 SAME'
  ran cf3300  d.one     '5 SAME'
  ran cf3300  d.h4000   '5 SAME'
  ran cf3300  d.h8050   '7 SAME'
  ran cf3300  u.56000   '0 ->56000'
  ran cf3300  u.56951   '0 SAME'
  ran cf3300  u.57000   '0 ->57000'
  ran cf3300  u.58000   '0 ->58000'
  ran cf3300  u.60000   '0 ->60000'
  ran cf3300  u.62000   '0 ->62000'
  ran cf3300  u.62336   '0 ->62336'
  ran cf3300  u.62337   '5 SAME'
  ran cf3300  u.63000   '5 SAME'
  ran cf3300  t.4to6    '0 ->60000'
  ran cf3300  t.4to5    '0 ->50000'
  ran cf3300  t.6to4    '0 ->40000'
  ran cf3300  t.4to4    '0 ->40000'
  ran cf3300  l.33000   '7 SAME'
  ran cf3300  l.34000   '0 ->34000'
  ran cf3300  l.35000   '0 ->35000'
  ran cf3300  l.36000   '0 ->36000'
  ran cf3300  l.38000   '0 ->38000'
  ran cf3300  l.39000   '0 ->39000'
  ran cf3300  p.dim38k  '0 ->38000'
  ran cf3300  p.dim40k  '0 ->40000'
  ran cf3300  p.dim44k  '0 ->44000'
  ran cf3300  b.7fff    '5 SAME'
  ran cf3300  b.8001    '7 SAME'
  ran zb      d.50000   '0 ->50000'
  ran zb      d.40000   '0 ->40000'
  ran zb      d.32768   '0 ->32768'
  ran zb      d.32767   '0 ->32767'
  ran zb      d.65535   '0 ->65535'
  ran zb      d.65536   '6 SAME'
  ran zb      d.70000   '6 SAME'
  ran zb      d.hffff   '0 ->65535'
  ran zb      d.neg1    '0 ->65535'
  ran zb      d.h8000   '0 ->32768'
  ran zb      d.hd000   '0 ->53248'
  ran zb      d.zero    '0 ->0'
  ran zb      d.one     '0 ->1'
  ran zb      d.h4000   '0 ->16384'
  ran zb      d.h8050   '0 ->32848'
  ran zb      u.56000   '0 ->56000'
  ran zb      u.56951   '0 ->56951'
  ran zb      u.57000   '0 ->57000'
  ran zb      u.58000   '0 ->58000'
  ran zb      u.60000   '0 ->60000'
  ran zb      u.62000   '0 ->62000'
  ran zb      u.62336   '0 SAME'
  ran zb      u.62337   '0 ->62337'
  ran zb      u.63000   '0 ->63000'
  ran zb      t.4to6    '0 ->60000'
  ran zb      t.4to5    '0 ->50000'
  ran zb      t.6to4    '0 ->40000'
  ran zb      t.4to4    '0 ->40000'
  ran zb      l.33000   '0 ->33000'
  ran zb      l.34000   '0 ->34000'
  ran zb      l.35000   '0 ->35000'
  ran zb      l.36000   '0 ->36000'
  ran zb      l.38000   '0 ->38000'
  ran zb      l.39000   '0 ->39000'
  ran zb      p.dim38k  '0 ->38000'
  ran zb      p.dim40k  '0 ->40000'
  ran zb      p.dim44k  '0 ->44000'
  ran zb      b.7fff    '0 ->32767'
  ran zb      b.8001    '0 ->32769'

  d.50000   vg8020='0 ->50000'  cf3300='0 ->50000'  zb='0 ->50000'
  d.40000   vg8020='0 ->40000'  cf3300='0 ->40000'  zb='0 ->40000'
  d.32768   vg8020='7 SAME'  cf3300='7 SAME'  zb='0 ->32768'   *** DIFF
  d.32767   vg8020='5 SAME'  cf3300='5 SAME'  zb='0 ->32767'   *** DIFF
  d.65535   vg8020='5 SAME'  cf3300='5 SAME'  zb='0 ->65535'   *** DIFF
  d.65536   vg8020='6 SAME'  cf3300='6 SAME'  zb='6 SAME'
  d.70000   vg8020='6 SAME'  cf3300='6 SAME'  zb='6 SAME'
  d.hffff   vg8020='5 SAME'  cf3300='5 SAME'  zb='0 ->65535'   *** DIFF
  d.neg1    vg8020='5 SAME'  cf3300='5 SAME'  zb='0 ->65535'   *** DIFF
  d.h8000   vg8020='7 SAME'  cf3300='7 SAME'  zb='0 ->32768'   *** DIFF
  d.hd000   vg8020='0 ->53248'  cf3300='0 ->53248'  zb='0 ->53248'
  d.zero    vg8020='5 SAME'  cf3300='5 SAME'  zb='0 ->0'   *** DIFF
  d.one     vg8020='5 SAME'  cf3300='5 SAME'  zb='0 ->1'   *** DIFF
  d.h4000   vg8020='5 SAME'  cf3300='5 SAME'  zb='0 ->16384'   *** DIFF
  d.h8050   vg8020='7 SAME'  cf3300='7 SAME'  zb='0 ->32848'   *** DIFF
  u.56000   vg8020='0 ->56000'  cf3300='0 ->56000'  zb='0 ->56000'
  u.56951   vg8020='0 ->56951'  cf3300='0 SAME'  zb='0 ->56951'   !! THE REFERENCES DISAGREE -- read the rule, not the row
  u.57000   vg8020='0 ->57000'  cf3300='0 ->57000'  zb='0 ->57000'
  u.58000   vg8020='0 ->58000'  cf3300='0 ->58000'  zb='0 ->58000'
  u.60000   vg8020='0 ->60000'  cf3300='0 ->60000'  zb='0 ->60000'
  u.62000   vg8020='0 ->62000'  cf3300='0 ->62000'  zb='0 ->62000'
  u.62336   vg8020='0 SAME'  cf3300='0 ->62336'  zb='0 SAME'   !! THE REFERENCES DISAGREE -- read the rule, not the row
  u.62337   vg8020='5 SAME'  cf3300='5 SAME'  zb='0 ->62337'   *** DIFF
  u.63000   vg8020='5 SAME'  cf3300='5 SAME'  zb='0 ->63000'   *** DIFF
  t.4to6    vg8020='0 ->60000'  cf3300='0 ->60000'  zb='0 ->60000'
  t.4to5    vg8020='0 ->50000'  cf3300='0 ->50000'  zb='0 ->50000'
  t.6to4    vg8020='0 ->40000'  cf3300='0 ->40000'  zb='0 ->40000'
  t.4to4    vg8020='0 ->40000'  cf3300='0 ->40000'  zb='0 ->40000'
  l.33000   vg8020='7 SAME'  cf3300='7 SAME'  zb='0 ->33000'   *** DIFF
  l.34000   vg8020='0 ->34000'  cf3300='0 ->34000'  zb='0 ->34000'
  l.35000   vg8020='0 ->35000'  cf3300='0 ->35000'  zb='0 ->35000'
  l.36000   vg8020='0 ->36000'  cf3300='0 ->36000'  zb='0 ->36000'
  l.38000   vg8020='0 ->38000'  cf3300='0 ->38000'  zb='0 ->38000'
  l.39000   vg8020='0 ->39000'  cf3300='0 ->39000'  zb='0 ->39000'
  p.dim38k  vg8020='0 ->38000'  cf3300='0 ->38000'  zb='0 ->38000'
  p.dim40k  vg8020='0 ->40000'  cf3300='0 ->40000'  zb='0 ->40000'
  p.dim44k  vg8020='0 ->44000'  cf3300='0 ->44000'  zb='0 ->44000'
  b.7fff    vg8020='5 SAME'  cf3300='5 SAME'  zb='0 ->32767'   *** DIFF
  b.8001    vg8020='7 SAME'  cf3300='7 SAME'  zb='0 ->32769'   *** DIFF

ROWS: 39 printed, 37 scored -- 15 DIFF
