  ran vg8020  s.n2_42k  '0 ->42000'
  ran vg8020  s.big33k  '7 SAME'
  ran vg8020  s.big42k  '7 SAME'
  ran vg8020  s.big44k  '0 ->44000'
  ran vg8020  s.big52k  '0 ->52000'
  ran vg8020  g.pad34k  '<NO HIMEM>'
  ran vg8020  g.pad38k  '<NO HIMEM>'
  ran vg8020  g.pad0_34k '0 ->34000'
  ran cf3300  s.n2_42k  '0 ->42000'
  ran cf3300  s.big33k  '7 SAME'
  ran cf3300  s.big42k  '7 SAME'
  ran cf3300  s.big44k  '0 ->44000'
  ran cf3300  s.big52k  '0 ->52000'
  ran cf3300  g.pad34k  '<NO HIMEM>'
  ran cf3300  g.pad38k  '<NO HIMEM>'
  ran cf3300  g.pad0_34k '0 ->34000'
  ran zb      s.n2_42k  '0 ->42000'
  ran zb      s.big33k  '0 ->33000'
  ran zb      s.big42k  '0 ->42000'
  ran zb      s.big44k  '0 ->44000'
  ran zb      s.big52k  '0 ->52000'
  ran zb      g.pad34k  '<NO HIMEM>'
  ran zb      g.pad38k  '<NO HIMEM>'
  ran zb      g.pad0_34k '0 ->34000'

  s.n2_42k    vg8020='0 ->42000'  cf3300='0 ->42000'  zb='0 ->42000'
  s.big33k    vg8020='7 SAME'  cf3300='7 SAME'  zb='0 ->33000'   *** DIFF
  s.big42k    vg8020='7 SAME'  cf3300='7 SAME'  zb='0 ->42000'   *** DIFF
  s.big44k    vg8020='0 ->44000'  cf3300='0 ->44000'  zb='0 ->44000'
  s.big52k    vg8020='0 ->52000'  cf3300='0 ->52000'  zb='0 ->52000'
  g.pad34k    vg8020='<NO HIMEM>'  cf3300='<NO HIMEM>'  zb='<NO HIMEM>'   .... NOT MEASURED
  g.pad38k    vg8020='<NO HIMEM>'  cf3300='<NO HIMEM>'  zb='<NO HIMEM>'   .... NOT MEASURED
  g.pad0_34k  vg8020='0 ->34000'  cf3300='0 ->34000'  zb='0 ->34000'

ROWS: 8 printed, 6 scored -- 2 DIFF
