  ran zb      d.50000   '0 ->50000'
  ran zb      d.40000   '0 ->40000'
  ran zb      d.32768   '0 ->32768'
  ran zb      d.32767   '5 SAME'
  ran zb      d.65535   '5 SAME'
  ran zb      d.65536   '6 SAME'
  ran zb      d.70000   '6 SAME'
  ran zb      d.hffff   '5 SAME'
  ran zb      d.neg1    '5 SAME'
  ran zb      d.h8000   '0 ->32768'
  ran zb      d.hd000   '0 ->53248'
  ran zb      d.zero    '5 SAME'
  ran zb      d.one     '5 SAME'
  ran zb      d.h4000   '5 SAME'
  ran zb      d.h8050   '0 ->32848'
  ran zb      u.60000   '0 ->60000'
  ran zb      u.62000   '0 ->62000'
  ran zb      u.62336   '0 SAME'
  ran zb      u.62337   '5 SAME'
  ran zb      u.63000   '5 SAME'
  ran zb      l.33000   '0 ->33000'
  ran zb      l.34000   '0 ->34000'
  ran zb      b.7fff    '5 SAME'
  ran zb      b.8001    '0 ->32769'
  ran zb      f.33600   '0 ->33600'
  ran zb      f.33650   '0 ->33650'
  ran zb      f.33700   '0 ->33700'
  ran zb      f.33750   '0 ->33750'

  d.50000  zb='0 ->50000'   (zb only)
  d.40000  zb='0 ->40000'   (zb only)
  d.32768  zb='0 ->32768'   (zb only)
  d.32767  zb='5 SAME'   (zb only)
  d.65535  zb='5 SAME'   (zb only)
  d.65536  zb='6 SAME'   (zb only)
  d.70000  zb='6 SAME'   (zb only)
  d.hffff  zb='5 SAME'   (zb only)
  d.neg1   zb='5 SAME'   (zb only)
  d.h8000  zb='0 ->32768'   (zb only)
  d.hd000  zb='0 ->53248'   (zb only)
  d.zero   zb='5 SAME'   (zb only)
  d.one    zb='5 SAME'   (zb only)
  d.h4000  zb='5 SAME'   (zb only)
  d.h8050  zb='0 ->32848'   (zb only)
  u.60000  zb='0 ->60000'   (zb only)
  u.62000  zb='0 ->62000'   (zb only)
  u.62336  zb='0 SAME'   (zb only)
  u.62337  zb='5 SAME'   (zb only)
  u.63000  zb='5 SAME'   (zb only)
  l.33000  zb='0 ->33000'   (zb only)
  l.34000  zb='0 ->34000'   (zb only)
  b.7fff   zb='5 SAME'   (zb only)
  b.8001   zb='0 ->32769'   (zb only)
  f.33600  zb='0 ->33600'   (zb only)
  f.33650  zb='0 ->33650'   (zb only)
  f.33700  zb='0 ->33700'   (zb only)
  f.33750  zb='0 ->33750'   (zb only)

ROWS: 28 printed, 0 scored -- 0 DIFF
