python3 tools/run_gates.py 
=== warm-up (serial build of shared artifacts) ===
warm-up 7s
=== refcache OFF for every unit: a gate measures, it never replays (docs/spec-refcache.md §7) ===
=== emulator tier RUNS: ROM images differ from the last green battery ===
=== 4 tree-mutating unit(s), SERIAL (they rewrite a shared tracked file) ===
  rc=0              1s  switch-build-check
  rc=0              5s  diskdep-check
  rc=0              0s  wall-literal-check
  rc=0             45s  selftest-check
  (post-mutator refresh 7s -- the plants moved mtimes, so the pool would otherwise race a rebuild)
=== 118 units, J=8, lineerr in 8 shards, nice=0 solo=None ===
  rc=0              3s  basic-reloc
  rc=0              0s  subrom-abi-check
  rc=0              0s  diskrom-abi-check
  rc=0              0s  rom-parts-check
  rc=0              1s  subrom-closure-check
  rc=0             26s  unit-test
  rc=0              0s  deadcode
  rc=0              3s  wall-assertion-check
  rc=0              0s  ram-claim-check
  rc=0              0s  build-assert-check
  rc=0              3s  needle-case-check
  rc=0              0s  redundant-load-check
  rc=0              1s  rowshape-check
  rc=0              4s  injector-check
  rc=0              1s  temp-root-check
  rc=0              2s  todo-citation-check
  rc=0              0s  todo-marker-check
  rc=0              0s  deferral-pin-check
  rc=0              1s  error-alphabet-check
  rc=0              2s  chokepoint-check
  rc=0              0s  shared-body-check
  rc=0              0s  probe-reach-check
  rc=0              0s  battery-membership-check
  rc=0              0s  fixture-integrity-check
  rc=0              1s  preflight-check
  rc=0              4s  latch-check
  rc=0             19s  kwsweep
  rc=0             11s  patch-freshness-check
  rc=0              2s  refcache-check
  rc=0              0s  knife-guard-check
  rc=0              1s  knife-rom-guard-check
  rc=0              0s  deffn-selftest
  rc=0              0s  probe-sides-selftest
  rc=0              0s  banner-acceptance
  rc=0             37s  string-acceptance
  rc=0             19s  str-domain-acceptance
  rc=0             12s  strparen-acceptance
  rc=0             43s  penderr-acceptance
  rc=0             46s  missing-acceptance
  rc=0             12s  error-acceptance
  rc=0             67s  error-trap-acceptance
  rc=0             92s  onerr0-acceptance
  rc=0            107s  math-acceptance
  rc=0             97s  float-acceptance
  rc=0             57s  intarg-acceptance
  rc=0             33s  logicops-acceptance
  rc=0            231s  screenerr-acceptance
  rc=0             48s  tmfp-acceptance
  rc=0             58s  stmtpend-acceptance
  rc=0            103s  array-acceptance
  rc=0            122s  deffn-strict
  rc=0            366s  graphics-acceptance
  rc=0             59s  abort-acceptance
  rc=0            138s  interval-trap-acceptance
  rc=0             85s  clearpool-acceptance
  rc=0            129s  stackpool-acceptance
  rc=0            164s  trapdepth-acceptance
  rc=0             74s  ctlcross-acceptance
  rc=0            376s  ctllim-acceptance
  rc=0            411s  ramfree-acceptance
  rc=0             12s  txtceil-acceptance
  rc=0             12s  cursor-acceptance
  rc=0             87s  time-acceptance
  rc=0            296s  namspc-acceptance
  rc=0             94s  arrdim-acceptance
  rc=0             51s  arylv-acceptance
  rc=0             55s  badfnum-acceptance
  rc=0              6s  beep-acceptance
  rc=0             21s  binfre-acceptance
  rc=0             25s  cassave-acceptance
  rc=0             83s  castail-acceptance
  rc=0            125s  deffn-acceptance
  rc=0             45s  direct-ctrl-acceptance
  rc=0             10s  dskmsg-acceptance
  rc=0             83s  editverb-acceptance
  rc=0             32s  fldary-acceptance
  rc=0             88s  fldwidth-acceptance
  rc=0             23s  forvar-acceptance
  rc=0             46s  gicini-acceptance
  rc=0              5s  graphics-floor-acceptance
  rc=0            142s  ifsem-acceptance
  rc=0              4s  input-acceptance
  rc=0             61s  nodisk-acceptance
  rc=0             76s  pusing-acceptance
  rc=0             45s  catterm-acceptance
  rc=0             19s  catusr-acceptance
  rc=0             14s  nameord-acceptance
  rc=0              5s  namegate-acceptance
  rc=0             40s  inputary-acceptance
  rc=0            145s  key-trap-acceptance
  rc=0             58s  linemax-acceptance
  rc=0            135s  lnblank-acceptance
  rc=0             35s  locarg-acceptance
  rc=0             41s  lof-acceptance
  rc=0             87s  lptverb-acceptance
  rc=0             58s  lrvar-acceptance
  rc=0             56s  lvfix-acceptance
  rc=0             23s  nxary-acceptance
  rc=0             31s  nxlist-acceptance
  rc=0             27s  play-acceptance
  rc=0             11s  play-trace-acceptance
  rc=0             22s  readvar-acceptance
  rc=0              8s  runtail-acceptance
  rc=0             29s  sound-acceptance
  rc=0             69s  sprite-trap-acceptance
  rc=0             55s  stop-trap-acceptance
  rc=0            156s  strig-trap-acceptance
  rc=0              0s  subrom-acceptance
  rc=0             71s  tgtspc-acceptance
  rc=0             65s  width-acceptance
  rc=0            109s  lineerr#1/8
  rc=0            109s  lineerr#2/8
  rc=0            108s  lineerr#3/8
  rc=0            107s  lineerr#4/8
  rc=0            104s  lineerr#5/8
  rc=0             97s  lineerr#6/8
  rc=0             94s  lineerr#7/8
  rc=0             69s  lineerr#8/8

=== wall 868s (7s build + 862s gates) ===
GATES: 115/115 green
hashes: 52d36292 760789a8 dbb0401d 5c9643a0
recorded: this full green battery is now the baseline a future skip must prove itself against
