msxtest: BASIC image carries islands -- loaded at $0010, not $2812
build under measurement: git=b63ba791 zerobas-main-eu.rom=c5edf9f31c24 sub.rom=160c1e4a896c disk.rom=24ddabf3f0f9

==============================================================================
LAYER 1 — CRUNCH (tokenisation only; NOT a support answer)
==============================================================================
SAME   input_t3  input za
SAME   inputkw   input#1,a$
SAME   input_b   input#1,a$
SAME   inputnum  input#1,x
SAME   input_flt input za

==============================================================================
LAYER 2 — SUPPORT (the load-bearing layer)
==============================================================================
MISSING       inputnum  OPEN"N.TXT"FOR OUTPUT AS#1:PRINT#1,1.5;40000:CLOSE#1:OPEN"N.TXT"FOR INPUT AS#1:INPUT#1,X,Y:CLOSE#1:PRINT"[N";X;Y;"]"
            ref  [value] '[N 1.5  40000 ]'
            zb   [error:type mismatch] 'Type mismatch in 40'
DIVERGENT     input_flt INPUT ZA:INPUT ZB:PRINT"[F";ZA;ZB;"]"
            ref  [value] '? 1.5|? 40000|[F 1.5  40000 ]'
            zb   [value] '? 1.5|?Redo from start|? 40000|?||||||||||||||||color  auto   goto   list   run'
SUPPORTED     input_t3  INPUT ZA:PRINT"[I";ZA;"]"
            ref  [value] '? ABC|?Redo from start|? 5|[I 5 ]'
SUPPORTED     inputkw   OPEN"HI.TXT"FOR INPUT AS#1:INPUT#1,A$:CLOSE#1:PRINT"[I";LEN(A$);"]"
            ref  [value] '[I 24 ]'
SUPPORTED     input_b   OPEN"HI.TXT"FOR INPUT AS#1:INPUT#1,A$:CLOSE#1:PRINT"[";LEFT$(A$,5);"]"
            ref  [value] '[Hello]'

==============================================================================
COMBINED — tokenised? x observable consequence
==============================================================================
word       crunch  support     consequence
------------------------------------------------------------------------------
input_t3   present SUPPORTED   match
inputkw    present SUPPORTED   match
input_b    present SUPPORTED   match
inputnum   present MISSING     ref '[N 1.5  40000 ]' vs zb 'Type mismatch in 40'
input_flt  present DIVERGENT   ref '? 1.5|? 40000|[F 1.5  40000 ]' vs zb '? 1.5|?Redo from start|? 40000|?||||||||||||||||color  auto   goto   list   run'

==============================================================================
SUMMARY  MISSING=1  DIVERGENT=1  SUPPORTED=3
         executed 5 / 5 words; 0 crunch-only
==============================================================================
ROWS: 5 printed, 5 scored — 0 crunch-only word(s) carry no support reading and are printed but not scored
pin: NOT written -- an --only run measures a subset, and the pin is the whole sweep

=== CRUNCH PIN — words the reference tokenises and zerobas does not ===
refcache: 3 hit, 4 miss, 4 stored
knife = HEAD's input.asm + files.asm + vars.asm + strheap.asm; ROMs (main sub) fixed 6bf959d7d48e d090b1d7f857 -> knifed c5edf9f31c24 160c1e4a896c -> restored 6bf959d7d48e d090b1d7f857 
