CONSOLE: INPUT A, typed value then 7 (a ?Redo reads the 7)
value               Philips_VG_8020   C-BIOS_MSX1_EU_REPAC
  '5'                           [ 5 ]                  [ 5 ]
  '-3'                          [-3 ]                  [-3 ]
  '1.5'                       [ 1.5 ]                [ 1.5 ]
  '40000'                   [ 40000 ]              [ 40000 ]
  '1E3'                      [ 1000 ]               [ 1000 ]
  '-2.5E-2'                  [-.025 ]               [-.025 ]
  ' 7 '                         [ 7 ]                  [ 7 ]
  '12X'                         [ 7 ]                  [ 7 ]
  '&H10'                       [ 16 ]                 [ 16 ]
  '1D2'                       [ 100 ]                [ 100 ]
CONSOLE round 2: INPUT A, typed value then 7 (a ?Redo reads the 7)
value               Philips_VG_8020   C-BIOS_MSX1_EU_REPAC
  '1 2'                        [ 12 ]                 [ 12 ]
  '1-2'                         [ 7 ]                  [ 7 ]
  '+'                           [ 0 ]                  [ 0 ]
  '-'                           [ 0 ]                  [ 0 ]
  '.'                           [ 0 ]                  [ 0 ]
  ''                            [ 0 ]                  [ 0 ]
  '  '                          [ 0 ]                  [ 0 ]
  '1E'                          [ 1 ]                  [ 1 ]
  '1E+'                         [ 1 ]                  [ 1 ]
  '.5'                         [ .5 ]                 [ .5 ]
  '5.'                          [ 5 ]                  [ 5 ]
  '&H1G'                        [ 7 ]                  [ 7 ]
  '1,2'                         [ 1 ]                  [ 1 ]
  '3!'                          [ 3 ]                  [ 3 ]
refcache: 24 hit, 24 miss, 24 stored
FILE: PRINT #1,<v> then INPUT #1,X
value              National_CF-3300   C-BIOS_MSX1_EU_REPAC
  '5'                         [ 5 0 ]                [ 5 0 ]
  '-3'                        [-3 0 ]                [-3 0 ]
  '1.5'                     [ 1.5 0 ]              [ 1.5 0 ]
  '40000'                 [ 40000 0 ]            [ 40000 0 ]
  '1E3'                    [ 1000 0 ]             [ 1000 0 ]
  '-2.5E-2'                [-.025 0 ]             [-.025 0 ]
  '1/3'         [ .33333333333333 0 ]  [ .33333333333333 0 ]
  '123456789'         [ 123456789 0 ]        [ 123456789 0 ]
  'A%'                        [ 4 0 ]                [ 4 0 ]
  '1#/3'        [ .33333333333333 0 ]  [ .33333333333333 0 ]
FILE round 2: PRINT #1,<v> then INPUT #1,X,Y (X Y ERR)
value              National_CF-3300   C-BIOS_MSX1_EU_REPAC
  '1;2'                     [ 1 2 0 ]              [ 1 2 0 ]
  '1,2'                     [ 1 2 0 ]              [ 1 2 0 ]
  '"12X"'                 [ 12 0 55 ]            [ 12 0 55 ]
  '"  3"'                  [ 3 0 55 ]             [ 3 0 55 ]
  '"1 2"'                   [ 1 2 0 ]              [ 1 2 0 ]
  '""'                     [ 0 0 55 ]             [ 0 0 55 ]
  '"&H10"'                [ 16 0 55 ]            [ 16 0 55 ]
  '"3,4"'                   [ 3 4 0 ]              [ 3 4 0 ]
  '"5":PRINT #1,"6"'              [ 5 6 0 ]              [ 5 6 0 ]
  '-1;-2'                  [-1 -2 0 ]             [-1 -2 0 ]
refcache: 0 hit, 40 miss, 40 stored
