msxtest: BASIC image carries islands -- loaded at $0010, not $2812
build under measurement: git=b63ba791 zerobas-main-eu.rom=6bf959d7d48e sub.rom=d090b1d7f857 disk.rom=844f362e1a69

==============================================================================
LAYER 1 — CRUNCH (tokenisation only; NOT a support answer)
==============================================================================
SAME   input_t3  input za
SAME   inputkw   input#1,a$
SAME   input_b   input#1,a$
SAME   inputnum  input#1,x
SAME   input_flt input za

==============================================================================
LAYER 2 — SUPPORT (the load-bearing layer)
==============================================================================
SUPPORTED     input_t3  INPUT ZA:PRINT"[I";ZA;"]"
            ref  [value] '? ABC|?Redo from start|? 5|[I 5 ]'
SUPPORTED     inputkw   OPEN"HI.TXT"FOR INPUT AS#1:INPUT#1,A$:CLOSE#1:PRINT"[I";LEN(A$);"]"
            ref  [value] '[I 24 ]'
SUPPORTED     input_b   OPEN"HI.TXT"FOR INPUT AS#1:INPUT#1,A$:CLOSE#1:PRINT"[";LEFT$(A$,5);"]"
            ref  [value] '[Hello]'
SUPPORTED     inputnum  OPEN"N.TXT"FOR OUTPUT AS#1:PRINT#1,1.5;40000:CLOSE#1:OPEN"N.TXT"FOR INPUT AS#1:INPUT#1,X,Y:CLOSE#1:PRINT"[N";X;Y;"]"
            ref  [value] '[N 1.5  40000 ]'
SUPPORTED     input_flt INPUT ZA:INPUT ZB:PRINT"[F";ZA;ZB;"]"
            ref  [value] '? 1.5|? 40000|[F 1.5  40000 ]'

==============================================================================
COMBINED — tokenised? x observable consequence
==============================================================================
word       crunch  support     consequence
------------------------------------------------------------------------------
input_t3   present SUPPORTED   match
inputkw    present SUPPORTED   match
input_b    present SUPPORTED   match
inputnum   present SUPPORTED   match
input_flt  present SUPPORTED   match

==============================================================================
SUMMARY  SUPPORTED=5
         executed 5 / 5 words; 0 crunch-only
==============================================================================
ROWS: 5 printed, 5 scored — 0 crunch-only word(s) carry no support reading and are printed but not scored
pin: NOT written -- an --only run measures a subset, and the pin is the whole sweep

=== CRUNCH PIN — words the reference tokenises and zerobas does not ===
refcache: 0 hit, 7 miss, 7 stored
