CONSOLE: INPUT A, typed value then 7 (a ?Redo reads the 7)
value               Philips_VG_8020   C-BIOS_MSX1_EU_REPAC
  '5'                           [ 5 ]                  [ 5 ]
  '-3'                          [-3 ]                  [-3 ]
✗ '1.5'                       [ 1.5 ]                  [ 7 ]
✗ '40000'                   [ 40000 ]              [-25536 ]
✗ '1E3'                      [ 1000 ]                  [ 7 ]
✗ '-2.5E-2'                  [-.025 ]                  [ 7 ]
  ' 7 '                         [ 7 ]                  [ 7 ]
  '12X'                         [ 7 ]                  [ 7 ]
✗ '&H10'                       [ 16 ]                  [ 7 ]
✗ '1D2'                       [ 100 ]                  [ 7 ]
FILE: PRINT #1,<v> then INPUT #1,X
value              National_CF-3300   C-BIOS_MSX1_EU_REPAC
✗ '5'                         [ 5 0 ]               [ 0 13 ]
✗ '-3'                        [-3 0 ]               [ 0 13 ]
✗ '1.5'                     [ 1.5 0 ]               [ 0 13 ]
✗ '40000'                 [ 40000 0 ]               [ 0 13 ]
✗ '1E3'                    [ 1000 0 ]               [ 0 13 ]
✗ '-2.5E-2'                [-.025 0 ]               [ 0 13 ]
✗ '1/3'         [ .33333333333333 0 ]               [ 0 13 ]
✗ '123456789'         [ 123456789 0 ]               [ 0 13 ]
✗ 'A%'                        [ 4 0 ]               [ 0 13 ]
✗ '1#/3'        [ .33333333333333 0 ]               [ 0 13 ]
refcache: 0 hit, 40 miss, 40 stored
