CONSOLE round 2: INPUT A, typed value then 7 (a ?Redo reads the 7)
value               Philips_VG_8020   C-BIOS_MSX1_EU_REPAC
✗ '1 2'                        [ 12 ]                  [ 7 ]
  '1-2'                         [ 7 ]                  [ 7 ]
✗ '+'                           [ 0 ]                  [ 7 ]
✗ '-'                           [ 0 ]                  [ 7 ]
✗ '.'                           [ 0 ]                  [ 7 ]
✗ ''                            [ 0 ]                  [ 7 ]
✗ '  '                          [ 0 ]                  [ 7 ]
✗ '1E'                          [ 1 ]                  [ 7 ]
✗ '1E+'                         [ 1 ]                  [ 7 ]
✗ '.5'                         [ .5 ]                  [ 7 ]
✗ '5.'                          [ 5 ]                  [ 7 ]
  '&H1G'                        [ 7 ]                  [ 7 ]
  '1,2'                         [ 1 ]                  [ 1 ]
✗ '3!'                          [ 3 ]                  [ 7 ]
FILE round 2: PRINT #1,<v> then INPUT #1,X,Y (X Y ERR)
value              National_CF-3300   C-BIOS_MSX1_EU_REPAC
✗ '1;2'                     [ 1 2 0 ]             [ 0 0 13 ]
✗ '1,2'                     [ 1 2 0 ]             [ 0 0 13 ]
✗ '"12X"'                 [ 12 0 55 ]             [ 0 0 13 ]
✗ '"  3"'                  [ 3 0 55 ]             [ 0 0 13 ]
✗ '"1 2"'                   [ 1 2 0 ]             [ 0 0 13 ]
✗ '""'                     [ 0 0 55 ]             [ 0 0 13 ]
✗ '"&H10"'                [ 16 0 55 ]             [ 0 0 13 ]
✗ '"3,4"'                   [ 3 4 0 ]             [ 0 0 13 ]
✗ '"5":PRINT #1,"6"'              [ 5 6 0 ]             [ 0 0 13 ]
✗ '-1;-2'                  [-1 -2 0 ]             [ 0 0 13 ]
refcache: 0 hit, 48 miss, 48 stored
