FILE: PRINT #1,<w>:PRINT #1,"NX" then INPUT #1,A$ and LINE INPUT #1,R$ -> [A$ with _ | LEN | R$ ERR]
case                 National_CF-3300       C-BIOS_MSX1_EU_REPAC
  'num'                  [5_| 2 |NX 0 ]             [5_| 2 |NX 0 ]
  'lead'                 [AB| 2 |NX 0 ]             [AB| 2 |NX 0 ]
  'trail'              [AB__| 4 |NX 0 ]           [AB__| 4 |NX 0 ]
  'embed'               [A_B| 3 |NX 0 ]            [A_B| 3 |NX 0 ]
  'both'               [AB__| 4 |NX 0 ]           [AB__| 4 |NX 0 ]
  'quoted'           [__AB__| 6 |NX 0 ]         [__AB__| 6 |NX 0 ]
  'comma'              [AB__| 4 |CD 0 ]           [AB__| 4 |CD 0 ]
  'empty'                  [| 0 |NX 0 ]               [| 0 |NX 0 ]
  'qcomma'              [A,B| 3 |NX 0 ]            [A,B| 3 |NX 0 ]
✗ 'qjunk'                [AB| 2 |CD 0 ]             [AB| 2 |NX 0 ]
✗ 'qjunkc'            [AB| 2 |CD,EF 0 ]             [AB| 2 |EF 0 ]
✗ 'qopen'                  [| 11 | 55 ]          [AB,CD| 5 |NX 0 ]
  'qmid'               [A#B#| 4 |NX 0 ]           [A#B#| 4 |NX 0 ]
  'qlead'                [AB| 2 |NX 0 ]             [AB| 2 |NX 0 ]
CONSOLE: INPUT A$ typed -> [A$ with _ | LEN]
case                  Philips_VG_8020       C-BIOS_MSX1_EU_REPAC
  '  AB'                       [AB| 2 ]                   [AB| 2 ]
  'AB  '                       [AB| 2 ]                   [AB| 2 ]
  '  AB  '                     [AB| 2 ]                   [AB| 2 ]
  'A B'                       [A_B| 3 ]                  [A_B| 3 ]
  '"  AB  "'               [__AB__| 6 ]               [__AB__| 6 ]
  '"A,B"'                     [A,B| 3 ]                  [A,B| 3 ]
  '  AB  ,CD'                 [AB__| 4 ]                 [AB__| 4 ]
✗ '"AB"CD'                   NO READING                   [AB| 2 ]
  '  "AB"'                     [AB| 2 ]                   [AB| 2 ]
  '"AB'                        [AB| 2 ]                   [AB| 2 ]
  'A"B"'                     [A#B#| 4 ]                 [A#B#| 4 ]
refcache: 0 hit, 50 miss, 50 stored
