SAME ins_xy     ref: insflg=255 csrx=5 linttb=1111111111 rows=..Ok....................................|..ABXY#D................................|........................................|........................................|
                zb:  insflg=255 csrx=5 linttb=1111111111 rows=..Ok....................................|..ABXY#D................................|........................................|........................................|
SAME ins_twice  ref: insflg=0 csrx=5 linttb=1111111111 rows=..Ok....................................|..ABXY#.................................|........................................|........................................|
                zb:  insflg=0 csrx=5 linttb=1111111111 rows=..Ok....................................|..ABXY#.................................|........................................|........................................|
SAME ins_right  ref: insflg=0 csrx=6 linttb=1111111111 rows=..Ok....................................|..ABCXY#................................|........................................|........................................|
                zb:  insflg=0 csrx=6 linttb=1111111111 rows=..Ok....................................|..ABCXY#................................|........................................|........................................|
SAME ins_left   ref: insflg=0 csrx=4 linttb=1111111111 rows=..Ok....................................|..AXY#..................................|........................................|........................................|
                zb:  insflg=0 csrx=4 linttb=1111111111 rows=..Ok....................................|..AXY#..................................|........................................|........................................|
SAME ins_bs     ref: insflg=255 csrx=4 linttb=1111111111 rows=..Ok....................................|..AXY#D.................................|........................................|........................................|
                zb:  insflg=255 csrx=4 linttb=1111111111 rows=..Ok....................................|..AXY#D.................................|........................................|........................................|
SAME ins_enter  ref: insflg=0 csrx=4 linttb=1111111111 rows=..Ok....................................|..ABCD..................................|..Syntax.error..........................|..Ok....................................|..PRI#..................................|........................................|........................................|
                zb:  insflg=0 csrx=4 linttb=1111111111 rows=..Ok....................................|..ABCD..................................|..Syntax.error..........................|..Ok....................................|..PRI#..................................|........................................|........................................|
SAME ins_wrap   ref: insflg=255 csrx=3 linttb=1011111111 rows=..Ok....................................|..ZZ#123456789ABCDEFGHIJKLMNOPQRSTUVWXY.|..Z.....................................|........................................|
                zb:  insflg=255 csrx=3 linttb=1011111111 rows=..Ok....................................|..ZZ#123456789ABCDEFGHIJKLMNOPQRSTUVWXY.|..Z.....................................|........................................|
SAME ins_full   ref: insflg=255 csrx=2 linttb=1011111111 rows=..Ok....................................|..Q#123456789ABCDEFGHIJKLMNOPQRSTUVWXYZ.|..!.....................................|........................................|
                zb:  insflg=255 csrx=2 linttb=1011111111 rows=..Ok....................................|..Q#123456789ABCDEFGHIJKLMNOPQRSTUVWXYZ.|..!.....................................|........................................|
SAME ins_nextln ref: insflg=255 csrx=5 linttb=1011101111 rows=..Ok....................................|..10.REM.AAAAAAAAAAAAAAAAAAAAAAAAAAAAAA.|........................................|..20.REM.B..............................|..LIST..................................|..10.Q#EM.AAAAAAAAAAAAAAAAAAAAAAAAAAAAA.|..A.....................................|..20.REM.B..............................|
                zb:  insflg=255 csrx=5 linttb=1011101111 rows=..Ok....................................|..10.REM.AAAAAAAAAAAAAAAAAAAAAAAAAAAAAA.|........................................|..20.REM.B..............................|..LIST..................................|..10.Q#EM.AAAAAAAAAAAAAAAAAAAAAAAAAAAAA.|..A.....................................|..20.REM.B..............................|
SAME ins_nextocc ref: insflg=255 csrx=6 linttb=1111011111 rows=..Ok....................................|..10.REM.AAAAAAAAAAAAAAAAAAAAAAAAAAAAA..|..20.REM.B..............................|..LIST..................................|..10.QQ#EM.AAAAAAAAAAAAAAAAAAAAAAAAAAAA.|..A.....................................|..20.REM.B..............................|
                zb:  insflg=255 csrx=6 linttb=1111011111 rows=..Ok....................................|..10.REM.AAAAAAAAAAAAAAAAAAAAAAAAAAAAA..|..20.REM.B..............................|..LIST..................................|..10.QQ#EM.AAAAAAAAAAAAAAAAAAAAAAAAAAAA.|..A.....................................|..20.REM.B..............................|
SAME del        ref: insflg=0 csrx=3 linttb=1111111111 rows=..Ok....................................|..AB#...................................|........................................|........................................|
                zb:  insflg=0 csrx=3 linttb=1111111111 rows=..Ok....................................|..AB#...................................|........................................|........................................|
SAME bs         ref: insflg=0 csrx=2 linttb=1111111111 rows=..Ok....................................|..A#D...................................|........................................|........................................|
                zb:  insflg=0 csrx=2 linttb=1111111111 rows=..Ok....................................|..A#D...................................|........................................|........................................|

DIFF: 0/12
