python3 tools/run_gates.py 
=== warm-up (serial build of shared artifacts) ===
warm-up 7s
=== refcache OFF for every unit: a gate measures, it never replays (docs/spec-refcache.md §7) ===
=== emulator tier RUNS: ROM images differ from the last green battery ===
=== 4 tree-mutating unit(s), SERIAL (they rewrite a shared tracked file) ===
  rc=0              1s  switch-build-check
  rc=0              6s  diskdep-check
  rc=0              0s  wall-literal-check
  rc=0             49s  selftest-check
  (post-mutator refresh 7s -- the plants moved mtimes, so the pool would otherwise race a rebuild)
=== 119 units, J=8, lineerr in 8 shards, nice=0 solo=None ===
  rc=0              3s  basic-reloc
  rc=0              0s  subrom-abi-check
  rc=0              0s  diskrom-abi-check
  rc=0              0s  rom-parts-check
  rc=0              1s  subrom-closure-check
  rc=0             28s  unit-test
  rc=0              0s  deadcode
  rc=0              3s  wall-assertion-check
  rc=0              0s  ram-claim-check
  rc=0              0s  build-assert-check
  rc=0              3s  needle-case-check
  rc=0              0s  redundant-load-check
  rc=0              1s  rowshape-check
  rc=0              5s  injector-check
  rc=0              1s  temp-root-check
  rc=0              2s  todo-citation-check
  rc=0              0s  todo-marker-check
  rc=0              0s  deferral-pin-check
  rc=0              1s  error-alphabet-check
  rc=0              2s  chokepoint-check
  rc=0              0s  shared-body-check
  rc=0              0s  probe-reach-check
  rc=0              0s  battery-membership-check
  rc=0              0s  fixture-integrity-check
  rc=0              1s  preflight-check
  rc=0              4s  latch-check
  rc=0             19s  kwsweep
  rc=0             12s  patch-freshness-check
  rc=0              2s  refcache-check
  rc=0              0s  knife-guard-check
  rc=0              1s  knife-rom-guard-check
  rc=0              0s  deffn-selftest
  rc=0              0s  probe-sides-selftest
  rc=0              0s  banner-acceptance
  rc=0             26s  string-acceptance
  rc=0             18s  str-domain-acceptance
  rc=0             12s  strparen-acceptance
  rc=0             53s  penderr-acceptance
  rc=0             51s  missing-acceptance
  rc=0             12s  error-acceptance
  rc=0             68s  error-trap-acceptance
  rc=0            101s  onerr0-acceptance
  rc=0            107s  math-acceptance
  rc=0             89s  float-acceptance
  rc=0             64s  intarg-acceptance
  rc=0             43s  logicops-acceptance
  rc=0            235s  screenerr-acceptance
  rc=0             44s  tmfp-acceptance
  rc=0             61s  stmtpend-acceptance
  rc=0            116s  array-acceptance
  rc=0            129s  deffn-strict
  rc=0            381s  graphics-acceptance
  rc=0             62s  abort-acceptance
  rc=0            140s  interval-trap-acceptance
  rc=0             90s  clearpool-acceptance
  rc=0            130s  stackpool-acceptance
  rc=0            153s  trapdepth-acceptance
  rc=0             63s  trapsvc-acceptance
  rc=0             66s  ctlcross-acceptance
  rc=0            376s  ctllim-acceptance
  rc=0            431s  ramfree-acceptance
  rc=0             19s  txtceil-acceptance
  rc=0             23s  cursor-acceptance
  rc=0             79s  time-acceptance
  rc=0            303s  namspc-acceptance
  rc=0            101s  arrdim-acceptance
  rc=0             53s  arylv-acceptance
  rc=0             59s  badfnum-acceptance
  rc=0              9s  beep-acceptance
  rc=0             24s  binfre-acceptance
  rc=0             27s  cassave-acceptance
  rc=0             82s  castail-acceptance
  rc=0            121s  deffn-acceptance
  rc=0             45s  direct-ctrl-acceptance
  rc=0             10s  dskmsg-acceptance
  rc=0             85s  editverb-acceptance
  rc=0             32s  fldary-acceptance
  rc=0             97s  fldwidth-acceptance
  rc=0             23s  forvar-acceptance
  rc=0             44s  gicini-acceptance
  rc=0              0s  graphics-floor-acceptance
  rc=0            147s  ifsem-acceptance
  rc=0              8s  input-acceptance
  rc=0             55s  nodisk-acceptance
  rc=0             81s  pusing-acceptance
  rc=0             45s  catterm-acceptance
  rc=0             19s  catusr-acceptance
  rc=0             14s  nameord-acceptance
  rc=0              4s  namegate-acceptance
  rc=0             41s  inputary-acceptance
  rc=0            144s  key-trap-acceptance
  rc=0             59s  linemax-acceptance
  rc=0            151s  lnblank-acceptance
  rc=0             39s  locarg-acceptance
  rc=0             45s  lof-acceptance
  rc=0             86s  lptverb-acceptance
  rc=0             49s  lrvar-acceptance
  rc=0             54s  lvfix-acceptance
  rc=0             21s  nxary-acceptance
  rc=0             25s  nxlist-acceptance
  rc=0             31s  play-acceptance
  rc=0             11s  play-trace-acceptance
  rc=0             31s  readvar-acceptance
  rc=0             11s  runtail-acceptance
  rc=0             23s  sound-acceptance
  rc=0             73s  sprite-trap-acceptance
  rc=0             54s  stop-trap-acceptance
  rc=0            157s  strig-trap-acceptance
  rc=0              6s  subrom-acceptance
  rc=0             66s  tgtspc-acceptance
  rc=0             77s  width-acceptance
  rc=0            113s  lineerr#1/8
  rc=0            115s  lineerr#2/8
  rc=0            111s  lineerr#3/8
  rc=0            111s  lineerr#4/8
  rc=0            104s  lineerr#5/8
  rc=0             95s  lineerr#6/8
  rc=0             88s  lineerr#7/8
  rc=0             63s  lineerr#8/8

=== wall 893s (7s build + 886s gates) ===
GATES: 116/116 green
hashes: 9168d2b0 760789a8 c4c369c2 43bb4d27
recorded: this full green battery is now the baseline a future skip must prove itself against
