python3 tools/install-repack-machine.py --merged build/zerobas-main-eu.rom --disk-rom build/disk.rom \
	  --sub-rom build/sub.rom
wrote C-BIOS_MSX1_EU_REPACK_DISK  (-> machine "C-BIOS_MSX1_EU_REPACK_DISK": merged repack ROM in slot 0, zerobas-disk in slot 3-1, zerobas-sub in slot 3-2)
     /Users/joost/.openMSX/share/machines/C-BIOS_MSX1_EU_REPACK_DISK.xml
python3 tools/install-repack-machine.py --merged build/zerobas-main-eu.rom --sub-rom build/sub.rom \
	  --no-disk
wrote C-BIOS_MSX1_EU_REPACK_NODISK  (-> machine "C-BIOS_MSX1_EU_REPACK_NODISK": merged repack ROM in slot 0, slot 3-1 EMPTY (diskless target), zerobas-sub in slot 3-2)
     /Users/joost/.openMSX/share/machines/C-BIOS_MSX1_EU_REPACK_NODISK.xml
python3 probes/basic/basic_probe_pusing.py --gate

row                       expected                      zb   verdict
c.hash                       '  5'             <NO OUTPUT>   🔴 UNREADABLE
c.neg                        ' -5'             <NO OUTPUT>   🔴 UNREADABLE
c.over                    '%12345'             <NO OUTPUT>   🔴 UNREADABLE
c.max                    '  32767'             <NO OUTPUT>   🔴 UNREADABLE
c.over16                 '1234567'               '1234567'   ok
c.round                    '    2'                 '    2'   ok
c.round2                   '    3'                 '    3'   ok
c.negmax                 ' -32768'               ' -32768'   ok
d.basic                    ' 1.50'                 ' 1.50'   ok
d.int                      ' 5.00'                 ' 5.00'   ok
d.neg                      '-1.50'                 '-1.50'   ok
d.round                     ' 1.3'                  ' 1.3'   ok
d.round2                    ' 1.4'                  ' 1.4'   ok
d.roundup                    ' 2.'                   ' 2.'   ok
d.lead                       '.50'                   '.50'   ok
d.leadover                 '%1.50'                 '%1.50'   ok
d.leadone                     '.5'                    '.5'   ok
d.leadzer                    '.00'                   '.00'   ok
d.leadneg                  '%-.50'                 '%-.50'   ok
d.leadrnd                     '.3'                    '.3'   ok
d.leadzero                  '0.50'                  '0.50'   ok
d.over                    '%12.50'                '%12.50'   ok
d.wide                 '   3.1416'             '   3.1416'   ok
d.zero                     ' 0.00'                 ' 0.00'   ok
d.grow                       '10.'                   '10.'   ok
d.growfrac                  '10.0'                  '10.0'   ok
m.basic                    '1,234'                 '1,234'   ok
m.small                    '  123'                 '  123'   ok
m.big                 ' 1,234,567'            ' 1,234,567'   ok
m.dot                   '1,234.50'              '1,234.50'   ok
m.neg                    '%-1,234'               '%-1,234'   ok
m.pos                '%12,345,678'           '%12,345,678'   ok
m.trail                      '  5'                   '  5'   ok
m.lead                       ', 5'             <NO OUTPUT>   🔴 UNREADABLE
x.mixed                 ' 5  1.50'             <NO OUTPUT>   🔴 UNREADABLE
p.lead                       ' +5'             <NO OUTPUT>   🔴 UNREADABLE
p.leadneg                    ' -5'             <NO OUTPUT>   🔴 UNREADABLE
p.trail                      ' 5+'             <NO OUTPUT>   🔴 UNREADABLE
p.trailneg                   ' 5-'             <NO OUTPUT>   🔴 UNREADABLE
p.dot                     ' +1.50'                ' +1.50'   ok
n.pos                        ' 5 '             <NO OUTPUT>   🔴 UNREADABLE
n.neg                        ' 5-'             <NO OUTPUT>   🔴 UNREADABLE
n.dot                     ' 1.50-'                ' 1.50-'   ok
a.basic                     '***5'             <NO OUTPUT>   🔴 UNREADABLE
a.neg                       '**-5'             <NO OUTPUT>   🔴 UNREADABLE
a.full                      '1234'             <NO OUTPUT>   🔴 UNREADABLE
a.dot                     '**1.50'                '**1.50'   ok
e.basic                ' 1.50E+00'             ' 1.50E+00'   ok
e.big                    '0.1E+04'               '0.1E+04'   ok
e.small                  '0.1E-02'               '0.1E-02'   ok
e.neg                  '-1.50E+00'             '-1.50E+00'   ok
e.zero                 ' 0.00E+00'             ' 0.00E+00'   ok
e.wide                ' 15.00E-01'            ' 15.00E-01'   ok
e.negtight               '-.1E+04'               '-.1E+04'   ok
e.round                  '0.1E+00'               '0.1E+00'   ok
e.car3                  ' 1.50^^^'              ' 1.50^^^'   ok
e.car5                ' 1.50E+00^'            ' 1.50E+00^'   ok
e.nodot                   ' 2E+00'                ' 2E+00'   ok
e.huge                 ' 1.50E+10'             ' 1.50E+10'   ok
e.tiny                 ' 1.50E-10'             ' 1.50E-10'   ok
f.big              ' 15000000000 '         ' 15000000000 '   ok
f.small                ' 1.5E-10 '             ' 1.5E-10 '   ok
f.frac                   ' .0999 '               ' .0999 '   ok
e.comma             ' 1234.50E+00'          ' 1234.50E+00'   ok
e.sign                '+15.00E-01'            '+15.00E-01'   ok
e.star               '*150.00E-02'           '*150.00E-02'   ok
e.dot0                   ' 2.E+00'               ' 2.E+00'   ok

scored 67  divergent 0  unreadable 15  vanished 0
PUSING: RED (15)
refcache: 0 hit, 67 miss, 67 stored
make: *** [pusing-acceptance] Error 1
