2.40 PC=108B NEWKEY2=FF PUT=FBF0 GET=FBF0 SCNCNT=8B REPCNT=00 JIFFY=0075
2.50 PC=108B NEWKEY2=FF PUT=FBF0 GET=FBF0 SCNCNT=86 REPCNT=00 JIFFY=007A
2.60 PC=10DB NEWKEY2=FF PUT=FBF0 GET=FBF0 SCNCNT=81 REPCNT=00 JIFFY=007F
2.70 PC=7EF8 NEWKEY2=FF PUT=FBF0 GET=FBF0 SCNCNT=7C REPCNT=00 JIFFY=0084
2.80 PC=11A0 NEWKEY2=FF PUT=FBF0 GET=FBF0 SCNCNT=77 REPCNT=00 JIFFY=0089
2.90 PC=11A0 NEWKEY2=FF PUT=FBF0 GET=FBF0 SCNCNT=72 REPCNT=00 JIFFY=008E
3.00 PC=11A0 NEWKEY2=FF PUT=FBF0 GET=FBF0 SCNCNT=6D REPCNT=00 JIFFY=0093
3.10 PC=11A0 NEWKEY2=FF PUT=FBF0 GET=FBF0 SCNCNT=68 REPCNT=00 JIFFY=0098
3.20 PC=11A0 NEWKEY2=FF PUT=FBF0 GET=FBF0 SCNCNT=63 REPCNT=00 JIFFY=009D
3.30 PC=11A0 NEWKEY2=FF PUT=FBF0 GET=FBF0 SCNCNT=5E REPCNT=00 JIFFY=00A2
3.40 PC=11A0 NEWKEY2=FF PUT=FBF0 GET=FBF0 SCNCNT=59 REPCNT=00 JIFFY=00A7
3.50 PC=11A0 NEWKEY2=FF PUT=FBF0 GET=FBF0 SCNCNT=54 REPCNT=00 JIFFY=00AC
3.60 PC=11A0 NEWKEY2=FF PUT=FBF0 GET=FBF0 SCNCNT=4F REPCNT=00 JIFFY=00B1
3.70 PC=11A0 NEWKEY2=FF PUT=FBF0 GET=FBF0 SCNCNT=4A REPCNT=00 JIFFY=00B6
3.80 PC=11A0 NEWKEY2=FF PUT=FBF0 GET=FBF0 SCNCNT=45 REPCNT=00 JIFFY=00BB
3.90 PC=11A0 NEWKEY2=FF PUT=FBF0 GET=FBF0 SCNCNT=40 REPCNT=00 JIFFY=00C0
4.00 PC=11A0 NEWKEY2=FF PUT=FBF0 GET=FBF0 SCNCNT=3B REPCNT=00 JIFFY=00C5
4.10 PC=11A0 NEWKEY2=FF PUT=FBF0 GET=FBF0 SCNCNT=36 REPCNT=00 JIFFY=00CA
4.20 PC=11A0 NEWKEY2=FF PUT=FBF0 GET=FBF0 SCNCNT=31 REPCNT=00 JIFFY=00CF
4.30 PC=11A0 NEWKEY2=FF PUT=FBF0 GET=FBF0 SCNCNT=2C REPCNT=00 JIFFY=00D4
4.40 PC=11A0 NEWKEY2=FF PUT=FBF0 GET=FBF0 SCNCNT=27 REPCNT=00 JIFFY=00D9
4.50 PC=11A0 NEWKEY2=FF PUT=FBF0 GET=FBF0 SCNCNT=22 REPCNT=00 JIFFY=00DE
4.60 PC=11A0 NEWKEY2=FF PUT=FBF0 GET=FBF0 SCNCNT=1D REPCNT=00 JIFFY=00E3
4.70 PC=11A0 NEWKEY2=FF PUT=FBF0 GET=FBF0 SCNCNT=18 REPCNT=00 JIFFY=00E8
4.80 PC=11A0 NEWKEY2=FF PUT=FBF0 GET=FBF0 SCNCNT=13 REPCNT=00 JIFFY=00ED
4.90 PC=11A0 NEWKEY2=FF PUT=FBF0 GET=FBF0 SCNCNT=0E REPCNT=00 JIFFY=00F2
5.00 PC=11A0 NEWKEY2=FF PUT=FBF0 GET=FBF0 SCNCNT=09 REPCNT=00 JIFFY=00F7
5.10 PC=11A0 NEWKEY2=FF PUT=FBF0 GET=FBF0 SCNCNT=04 REPCNT=00 JIFFY=00FC
5.20 PC=11A0 NEWKEY2=BF PUT=FBF1 GET=FBF1 SCNCNT=02 REPCNT=05 JIFFY=0101
5.30 PC=1906 NEWKEY2=FF PUT=FBF1 GET=FBF1 SCNCNT=03 REPCNT=04 JIFFY=0106
5.40 PC=1984 NEWKEY2=FF PUT=FBF2 GET=FBF2 SCNCNT=03 REPCNT=05 JIFFY=010C
5.50 PC=11A0 NEWKEY2=BF PUT=FBF3 GET=FBF3 SCNCNT=01 REPCNT=05 JIFFY=0111
5.60 PC=11A0 NEWKEY2=FF PUT=FBF3 GET=FBF3 SCNCNT=02 REPCNT=03 JIFFY=0116
5.70 PC=19A2 NEWKEY2=FF PUT=FBF4 GET=FBF4 SCNCNT=03 REPCNT=05 JIFFY=011B
5.80 PC=11A0 NEWKEY2=BF PUT=FBF5 GET=FBF5 SCNCNT=01 REPCNT=05 JIFFY=0120
5.90 PC=11A0 NEWKEY2=FF PUT=FBF5 GET=FBF5 SCNCNT=02 REPCNT=03 JIFFY=0125
6.00 PC=11A0 NEWKEY2=FF PUT=FBF6 GET=FBF6 SCNCNT=03 REPCNT=04 JIFFY=012A
