0.50 PC=036A NEWKEY2=FF PUT=0000 GET=FFFF SCNCNT=FF REPCNT=FF JIFFY=0000
0.60 PC=036B NEWKEY2=FF PUT=0000 GET=FFFF SCNCNT=FF REPCNT=FF JIFFY=0000
0.70 PC=7D68 NEWKEY2=00 PUT=0000 GET=0000 SCNCNT=00 REPCNT=00 JIFFY=0000
0.80 PC=7D60 NEWKEY2=00 PUT=0000 GET=0000 SCNCNT=00 REPCNT=00 JIFFY=0000
0.90 PC=7D66 NEWKEY2=00 PUT=0000 GET=0000 SCNCNT=00 REPCNT=00 JIFFY=0000
1.00 PC=7D68 NEWKEY2=00 PUT=0000 GET=0000 SCNCNT=00 REPCNT=00 JIFFY=0000
1.10 PC=7D63 NEWKEY2=00 PUT=0000 GET=0000 SCNCNT=00 REPCNT=00 JIFFY=0000
1.20 PC=0819 NEWKEY2=FF PUT=FBF0 GET=FBF0 SCNCNT=03 REPCNT=0C JIFFY=0001
1.30 PC=0739 NEWKEY2=FF PUT=FBF0 GET=FBF0 SCNCNT=01 REPCNT=0B JIFFY=0006
1.40 PC=0286 NEWKEY2=FF PUT=FBF0 GET=FBF0 SCNCNT=02 REPCNT=09 JIFFY=000B
1.50 PC=081C NEWKEY2=FF PUT=FBF0 GET=FBF0 SCNCNT=03 REPCNT=07 JIFFY=0010
1.60 PC=7D0D NEWKEY2=FF PUT=FBF0 GET=FBF0 SCNCNT=01 REPCNT=06 JIFFY=0015
1.70 PC=7D0D NEWKEY2=FF PUT=FBF0 GET=FBF0 SCNCNT=02 REPCNT=04 JIFFY=001A
1.80 PC=7D0D NEWKEY2=FF PUT=FBF0 GET=FBF0 SCNCNT=03 REPCNT=02 JIFFY=001F
1.90 PC=7D0D NEWKEY2=FF PUT=FBF0 GET=FBF0 SCNCNT=01 REPCNT=01 JIFFY=0024
2.00 PC=7D0D NEWKEY2=FF PUT=FBF0 GET=FBF0 SCNCNT=02 REPCNT=01 JIFFY=0029
2.10 PC=7D0D NEWKEY2=FF PUT=FBF0 GET=FBF0 SCNCNT=03 REPCNT=01 JIFFY=002E
2.20 PC=7D0F NEWKEY2=FF PUT=FBF0 GET=FBF0 SCNCNT=01 REPCNT=01 JIFFY=0033
2.30 PC=7D0E NEWKEY2=FF PUT=FBF0 GET=FBF0 SCNCNT=02 REPCNT=01 JIFFY=0038
2.40 PC=7D0D NEWKEY2=FF PUT=FBF0 GET=FBF0 SCNCNT=03 REPCNT=01 JIFFY=003D
2.50 PC=7D0D NEWKEY2=FF PUT=FBF0 GET=FBF0 SCNCNT=01 REPCNT=01 JIFFY=0042
2.60 PC=7D0D NEWKEY2=FF PUT=FBF0 GET=FBF0 SCNCNT=02 REPCNT=01 JIFFY=0047
2.70 PC=7D0F NEWKEY2=FF PUT=FBF0 GET=FBF0 SCNCNT=03 REPCNT=01 JIFFY=004C
2.80 PC=7D0D NEWKEY2=FF PUT=FBF0 GET=FBF0 SCNCNT=01 REPCNT=01 JIFFY=0051
2.90 PC=7D0D NEWKEY2=FF PUT=FBF0 GET=FBF0 SCNCNT=02 REPCNT=01 JIFFY=0056
3.00 PC=7D0D NEWKEY2=FF PUT=FBF0 GET=FBF0 SCNCNT=03 REPCNT=01 JIFFY=005B
3.10 PC=7D0D NEWKEY2=FF PUT=FBF0 GET=FBF0 SCNCNT=01 REPCNT=01 JIFFY=0060
3.20 PC=7D0D NEWKEY2=FF PUT=FBF0 GET=FBF0 SCNCNT=02 REPCNT=01 JIFFY=0065
3.30 PC=7D0F NEWKEY2=FF PUT=FBF0 GET=FBF0 SCNCNT=03 REPCNT=01 JIFFY=006A
3.40 PC=7D0D NEWKEY2=FF PUT=FBF0 GET=FBF0 SCNCNT=01 REPCNT=01 JIFFY=006F
3.50 PC=7D0D NEWKEY2=FF PUT=FBF0 GET=FBF0 SCNCNT=02 REPCNT=01 JIFFY=0074
3.60 PC=7D0D NEWKEY2=FF PUT=FBF0 GET=FBF0 SCNCNT=03 REPCNT=01 JIFFY=0079
3.70 PC=7D0D NEWKEY2=FF PUT=FBF0 GET=FBF0 SCNCNT=01 REPCNT=01 JIFFY=007E
3.80 PC=7D0D NEWKEY2=FF PUT=FBF0 GET=FBF0 SCNCNT=02 REPCNT=01 JIFFY=0083
3.90 PC=7D0F NEWKEY2=FF PUT=FBF0 GET=FBF0 SCNCNT=03 REPCNT=01 JIFFY=0088
4.00 PC=7D0D NEWKEY2=FF PUT=FBF0 GET=FBF0 SCNCNT=01 REPCNT=01 JIFFY=008D
4.10 PC=7D0D NEWKEY2=FF PUT=FBF0 GET=FBF0 SCNCNT=02 REPCNT=01 JIFFY=0092
4.20 PC=7D0D NEWKEY2=FF PUT=FBF0 GET=FBF0 SCNCNT=03 REPCNT=01 JIFFY=0097
4.30 PC=7D0D NEWKEY2=FF PUT=FBF0 GET=FBF0 SCNCNT=01 REPCNT=01 JIFFY=009C
4.40 PC=7D0F NEWKEY2=FF PUT=FBF0 GET=FBF0 SCNCNT=02 REPCNT=01 JIFFY=00A1
4.50 PC=7D0E NEWKEY2=FF PUT=FBF0 GET=FBF0 SCNCNT=03 REPCNT=01 JIFFY=00A6
4.60 PC=7D0D NEWKEY2=FF PUT=FBF0 GET=FBF0 SCNCNT=01 REPCNT=01 JIFFY=00AB
4.70 PC=7D0D NEWKEY2=FF PUT=FBF0 GET=FBF0 SCNCNT=02 REPCNT=01 JIFFY=00B0
4.80 PC=7D0D NEWKEY2=FF PUT=FBF0 GET=FBF0 SCNCNT=03 REPCNT=01 JIFFY=00B5
4.90 PC=7D0D NEWKEY2=FF PUT=FBF0 GET=FBF0 SCNCNT=01 REPCNT=01 JIFFY=00BA
5.00 PC=0731 NEWKEY2=FF PUT=FBF0 GET=FBF0 SCNCNT=02 REPCNT=01 JIFFY=00BF
5.10 PC=028F NEWKEY2=FF PUT=FBF0 GET=FBF0 SCNCNT=03 REPCNT=01 JIFFY=00C4
5.20 PC=0738 NEWKEY2=FF PUT=FBF0 GET=FBF0 SCNCNT=01 REPCNT=01 JIFFY=00C9
5.30 PC=0D6A NEWKEY2=FF PUT=FBF0 GET=FBF0 SCNCNT=01 REPCNT=01 JIFFY=00CF
5.40 PC=0D7A NEWKEY2=FF PUT=FBF0 GET=FBF0 SCNCNT=02 REPCNT=01 JIFFY=00D4
5.50 PC=0D59 NEWKEY2=FF PUT=FBF0 GET=FBF0 SCNCNT=03 REPCNT=01 JIFFY=00D9
5.60 PC=0D7E NEWKEY2=FF PUT=FBF0 GET=FBF0 SCNCNT=01 REPCNT=01 JIFFY=00DE
5.70 PC=10D9 NEWKEY2=FF PUT=FBF0 GET=FBF0 SCNCNT=02 REPCNT=01 JIFFY=00E3
5.80 PC=0D76 NEWKEY2=FF PUT=FBF0 GET=FBF0 SCNCNT=03 REPCNT=01 JIFFY=00E8
5.90 PC=0D6A NEWKEY2=FF PUT=FBF0 GET=FBF0 SCNCNT=01 REPCNT=01 JIFFY=00ED
6.00 PC=0D7A NEWKEY2=FF PUT=FBF0 GET=FBF0 SCNCNT=02 REPCNT=01 JIFFY=00F2
