=== vg8020
  F1   99 111 108 111 114  32   0   0   0   0   0   0   0   0   0   0   |color <0><0><0><0><0><0><0><0><0><0>|
  F2   97 117 116 111  32   0   0   0   0   0   0   0   0   0   0   0   |auto <0><0><0><0><0><0><0><0><0><0><0>|
  F3  103 111 116 111  32   0   0   0   0   0   0   0   0   0   0   0   |goto <0><0><0><0><0><0><0><0><0><0><0>|
  F4  108 105 115 116  32   0   0   0   0   0   0   0   0   0   0   0   |list <0><0><0><0><0><0><0><0><0><0><0>|
  F5  114 117 110  13   0   0   0   0   0   0   0   0   0   0   0   0   |run<13><0><0><0><0><0><0><0><0><0><0><0><0>|
  F6   99 111 108 111 114  32  49  53  44  52  44  52  13   0   0   0   |color 15,4,4<13><0><0><0>|
  F7   99 108 111  97 100  34   0   0   0   0   0   0   0   0   0   0   |cload"<0><0><0><0><0><0><0><0><0><0>|
  F8   99 111 110 116  13   0   0   0   0   0   0   0   0   0   0   0   |cont<13><0><0><0><0><0><0><0><0><0><0><0>|
  F9  108 105 115 116  46  13  30  30   0   0   0   0   0   0   0   0   |list.<13><30><30><0><0><0><0><0><0><0><0>|
  F10  12 114 117 110  13   0   0   0   0   0   0   0   0   0   0   0   |<12>run<13><0><0><0><0><0><0><0><0><0><0><0>|
=== cf3300
  F1   99 111 108 111 114  32   0   0   0   0   0   0   0   0   0   0   |color <0><0><0><0><0><0><0><0><0><0>|
  F2   97 117 116 111  32   0   0   0   0   0   0   0   0   0   0   0   |auto <0><0><0><0><0><0><0><0><0><0><0>|
  F3  103 111 116 111  32   0   0   0   0   0   0   0   0   0   0   0   |goto <0><0><0><0><0><0><0><0><0><0><0>|
  F4  108 105 115 116  32   0   0   0   0   0   0   0   0   0   0   0   |list <0><0><0><0><0><0><0><0><0><0><0>|
  F5  114 117 110  13   0   0   0   0   0   0   0   0   0   0   0   0   |run<13><0><0><0><0><0><0><0><0><0><0><0><0>|
  F6   99 111 108 111 114  32  49  53  44  52  44  55  13   0   0   0   |color 15,4,7<13><0><0><0>|
  F7   99 108 111  97 100  34   0   0   0   0   0   0   0   0   0   0   |cload"<0><0><0><0><0><0><0><0><0><0>|
  F8   99 111 110 116  13   0   0   0   0   0   0   0   0   0   0   0   |cont<13><0><0><0><0><0><0><0><0><0><0><0>|
  F9  108 105 115 116  46  13  30  30   0   0   0   0   0   0   0   0   |list.<13><30><30><0><0><0><0><0><0><0><0>|
  F10  12 114 117 110  13   0   0   0   0   0   0   0   0   0   0   0   |<12>run<13><0><0><0><0><0><0><0><0><0><0><0>|
=== zb
  F1    0   0   0   0   0   0   0   0   0   0   0   0   0   0   0   0   |<0><0><0><0><0><0><0><0><0><0><0><0><0><0><0><0>|
  F2    0   0   0   0   0   0   0   0   0   0   0   0   0   0   0   0   |<0><0><0><0><0><0><0><0><0><0><0><0><0><0><0><0>|
  F3    0   0   0   0   0   0   0   0   0   0   0   0   0   0   0   0   |<0><0><0><0><0><0><0><0><0><0><0><0><0><0><0><0>|
  F4    0   0   0   0   0   0   0   0   0   0   0   0   0   0   0   0   |<0><0><0><0><0><0><0><0><0><0><0><0><0><0><0><0>|
  F5    0   0   0   0   0   0   0   0   0   0   0   0   0   0   0   0   |<0><0><0><0><0><0><0><0><0><0><0><0><0><0><0><0>|
  F6    0   0   0   0   0   0   0   0   0   0   0   0   0   0   0   0   |<0><0><0><0><0><0><0><0><0><0><0><0><0><0><0><0>|
  F7    0   0   0   0   0   0   0   0   0   0   0   0   0   0   0   0   |<0><0><0><0><0><0><0><0><0><0><0><0><0><0><0><0>|
  F8    0   0   0   0   0   0   0   0   0   0   0   0   0   0   0   0   |<0><0><0><0><0><0><0><0><0><0><0><0><0><0><0><0>|
  F9    0   0   0   0   0   0   0   0   0   0   0   0   0   0   0   0   |<0><0><0><0><0><0><0><0><0><0><0><0><0><0><0><0>|
  F10   0   0   0   0   0   0   0   0   0   0   0   0   0   0   0   0   |<0><0><0><0><0><0><0><0><0><0><0><0><0><0><0><0>|

slots where the two references differ: [6]
VG8020_IMAGE = b'color \x00\x00\x00\x00\x00\x00\x00\x00\x00\x00auto \x00\x00\x00\x00\x00\x00\x00\x00\x00\x00\x00goto \x00\x00\x00\x00\x00\x00\x00\x00\x00\x00\x00list \x00\x00\x00\x00\x00\x00\x00\x00\x00\x00\x00run\r\x00\x00\x00\x00\x00\x00\x00\x00\x00\x00\x00\x00color 15,4,4\r\x00\x00\x00cload"\x00\x00\x00\x00\x00\x00\x00\x00\x00\x00cont\r\x00\x00\x00\x00\x00\x00\x00\x00\x00\x00\x00list.\r\x1e\x1e\x00\x00\x00\x00\x00\x00\x00\x00\x0crun\r\x00\x00\x00\x00\x00\x00\x00\x00\x00\x00\x00'
refcache: 0 hit, 3 miss, 3 stored
