  ran vg8020  k.slot1   -> '0 90 81 88 0'
  ran vg8020  k.slot2   -> '0 90 81 88 0'
  ran vg8020  k.slot10  -> '0 90 81 88 0'
  ran vg8020  k.s1at2   -> '0 97 117 116 111'
  ran vg8020  k.none    -> '0 99 111 108 111'
  ran vg8020  k.smoke   -> '0 1 2 3 4'
  ran cf3300  k.slot1   -> '0 90 81 88 0'
  ran cf3300  k.slot2   -> '0 90 81 88 0'
  ran cf3300  k.slot10  -> '0 90 81 88 0'
  ran cf3300  k.s1at2   -> '0 97 117 116 111'
  ran cf3300  k.none    -> '0 99 111 108 111'
  ran cf3300  k.smoke   -> '0 1 2 3 4'
  ran zb      k.slot1   -> '0 0 0 0 0'
  ran zb      k.slot2   -> '0 0 0 0 0'
  ran zb      k.slot10  -> '0 0 0 0 0'
  ran zb      k.s1at2   -> '0 0 0 0 0'
  ran zb      k.none    -> '0 0 0 0 0'
  ran zb      k.smoke   -> '0 1 2 3 4'

  k.slot1   vg8020='0 90 81 88 0'  cf3300='0 90 81 88 0'  zb='0 0 0 0 0'   🔴 DIFF
  k.slot2   vg8020='0 90 81 88 0'  cf3300='0 90 81 88 0'  zb='0 0 0 0 0'   🔴 DIFF
  k.slot10  vg8020='0 90 81 88 0'  cf3300='0 90 81 88 0'  zb='0 0 0 0 0'   🔴 DIFF
  k.s1at2   vg8020='0 97 117 116 111'  cf3300='0 97 117 116 111'  zb='0 0 0 0 0'   🔴 DIFF
  k.none    vg8020='0 99 111 108 111'  cf3300='0 99 111 108 111'  zb='0 0 0 0 0'   🔴 DIFF
  k.smoke   vg8020='0 1 2 3 4'  cf3300='0 1 2 3 4'  zb='0 1 2 3 4'   ✅

    capture-on-signal: 18 on signal, 0 fell back to the scheduled budget   [signalled at 26.1-47.4 emulated s]
rc=0
