SAME S0 W40  ref linlen=40 |color...auto....goto....list....run.....|
             zb  linlen=40 |color...auto....goto....list....run.....|
SAME S0 W39  ref linlen=39 |.color...auto....goto....list....run....|
             zb  linlen=39 |.color...auto....goto....list....run....|
SAME S0 W38  ref linlen=38 |.color..auto...goto...list...run........|
             zb  linlen=38 |.color..auto...goto...list...run........|
SAME S0 W37  ref linlen=37 |..color..auto...goto...list...run.......|
             zb  linlen=37 |..color..auto...goto...list...run.......|
SAME S0 W36  ref linlen=36 |..color..auto...goto...list...run.......|
             zb  linlen=36 |..color..auto...goto...list...run.......|
SAME S0 W30  ref linlen=30 |.....color.auto..goto..list..run........|
             zb  linlen=30 |.....color.auto..goto..list..run........|
SAME S0 W25  ref linlen=25 |........colo.auto.goto.list.run.........|
             zb  linlen=25 |........colo.auto.goto.list.run.........|
SAME S0 W24  ref linlen=24 |........colo.auto.goto.list.run.........|
             zb  linlen=24 |........colo.auto.goto.list.run.........|
SAME S0 W20  ref linlen=20 |..........col.aut.got.lis.run...........|
             zb  linlen=20 |..........col.aut.got.lis.run...........|
SAME S0 W15  ref linlen=15 |.............co.au.go.li.ru.............|
             zb  linlen=15 |.............co.au.go.li.ru.............|
SAME S0 W10  ref linlen=10 |...............c.a.g.l.r................|
             zb  linlen=10 |...............c.a.g.l.r................|
SAME S0 W5   ref linlen=5 |........................................|
             zb  linlen=5 |........................................|
SAME S0 W1   ref linlen=1 |........................................|
             zb  linlen=1 |........................................|
SAME S1 W32  ref linlen=32 |color.auto..goto..list..run.....|
             zb  linlen=32 |color.auto..goto..list..run.....|
SAME S1 W31  ref linlen=31 |.color.auto..goto..list..run....|
             zb  linlen=31 |.color.auto..goto..list..run....|
SAME S1 W30  ref linlen=30 |.color.auto..goto..list..run....|
             zb  linlen=30 |.color.auto..goto..list..run....|
SAME S1 W29  ref linlen=29 |..color.auto..goto..list..run...|
             zb  linlen=29 |..color.auto..goto..list..run...|
SAME S1 W25  ref linlen=25 |....colo.auto.goto.list.run.....|
             zb  linlen=25 |....colo.auto.goto.list.run.....|
SAME S1 W24  ref linlen=24 |....colo.auto.goto.list.run.....|
             zb  linlen=24 |....colo.auto.goto.list.run.....|
SAME S1 W20  ref linlen=20 |......col.aut.got.lis.run.......|
             zb  linlen=20 |......col.aut.got.lis.run.......|
SAME S1 W15  ref linlen=15 |.........co.au.go.li.ru.........|
             zb  linlen=15 |.........co.au.go.li.ru.........|
SAME S1 W10  ref linlen=10 |...........c.a.g.l.r............|
             zb  linlen=10 |...........c.a.g.l.r............|
SAME S1 W5   ref linlen=5 |................................|
             zb  linlen=5 |................................|
SAME S1 W1   ref linlen=1 |................................|
             zb  linlen=1 |................................|

DIFF: 0/24
