PASS b.ctl            ref='6'  zb='6'
ok   b.forward        ref='ERR 18 AT 60'  zb='ERR 18 AT 60'
ok   b.nested         ref='8'  zb='8'
ok   b.noarg          ref='7'  zb='7'
ok   b.param          ref='3 5'  zb='3 5'
ok   b.paramnew       ref='8 0'  zb='8 0'
ok   b.recurse        ref='ERR 7 AT 60'  zb='ERR 7 AT 60'
ok   b.redef          ref='3'  zb='3'
ok   b.str            ref='hi!'  zb='hi!'
ok   b.two            ref='5'  zb='5'
ok   b.undef          ref='ERR 18 AT 60'  zb='ERR 18 AT 60'
PASS d.ctl            ref='6'  zb='6'
ok   d.def            ref='<Undefined user function>'  zb='<Undefined user function>'
ok   d.defonly        ref='<Illegal direct>'  zb='<Illegal direct>'
ok   d.defrun         ref='<Undefined user function>'  zb='<Undefined user function>'
PASS d.defusr         ref='OK'  zb='OK'
PASS d.let            ref='OK'  zb='OK'
ok   d.sameline       ref='<Illegal direct>'  zb='<Illegal direct>'
ok   o.actualfirst    ref='60'  zb='60'
ok   o.argnoarg       ref='7 1'  zb='7 1'
ok   o.aryformal      ref='ERR 2 AT 60'  zb='ERR 2 AT 60'
ok   o.badname        ref='ERR 2 AT 20'  zb='ERR 2 AT 20'
ok   o.barecall       ref='ERR 2 AT 60'  zb='ERR 2 AT 60'
ok   o.clearwipe.ctl  ref='3'  zb='3'
ok   o.clearwipe3     ref='<Undefined user function>'  zb='<Undefined user function>'
PASS o.ctl            ref='6'  zb='6'
PASS o.ctl2           ref='6'  zb='6'
ok   o.defint         ref='2'  zb='2'
ok   o.defint.ctl     ref='2.5'  zb='2.5'
ok   o.defintbang     ref='2.5'  zb='2.5'
ok   o.defstr         ref='hi!'  zb='hi!'
ok   o.dynaddr        ref='5'  zb='5'
ok   o.dynorder       ref='5'  zb='5'
ok   o.dynscope       ref='5'  zb='5'
ok   o.dynself        ref='205'  zb='205'
ok   o.errfend13      ref='5 13'  zb='5 13'
ok   o.errfend18      ref='5 18'  zb='5 18'
ok   o.errrestore     ref='5 11'  zb='5 11'
ok   o.fnbang         ref='2.5'  zb='2.5'
ok   o.fnpct          ref='2'  zb='2'
ok   o.global         ref='5'  zb='5'
ok   o.ifnot          ref='ERR 18 AT 60'  zb='ERR 18 AT 60'
ok   o.ifthen         ref='3'  zb='3'
ok   o.lazybody       ref='OK'  zb='OK'
ok   o.lazydiv        ref='OK'  zb='OK'
ok   o.namespace      ref='9 3'  zb='9 3'
ok   o.nestsame       ref='7'  zb='7'
ok   o.noeq           ref='OK'  zb='OK'
ok   o.numstr         ref='ERR 13 AT 60'  zb='ERR 13 AT 60'
ok   o.outer.ctl      ref='2'  zb='2'
ok   o.outerabs       ref='2'  zb='2'
ok   o.outerafter     ref='2'  zb='2'
ok   o.outerbefore    ref='2'  zb='2'
ok   o.outernoarg     ref='3'  zb='3'
DIFF o.p10            ref='ERR 5 AT 60'  zb='1'  🔴 SILENT WRONG ANSWER (a value where the reference refuses)
ok   o.p11            ref='ERR 5 AT 60'  zb='ERR 5 AT 60'
ok   o.p12            ref='ERR 5 AT 60'  zb='ERR 5 AT 60'
ok   o.p16            ref='ERR 5 AT 60'  zb='ERR 5 AT 60'
ok   o.p3             ref='1'  zb='1'
ok   o.p5             ref='1'  zb='1'
ok   o.p8             ref='1'  zb='1'
ok   o.p9             ref='1'  zb='1'
ok   o.quotedcolon    ref='a:Q'  zb='a:Q'
ok   o.realcell       ref='5'  zb='5'
PASS o.realcell.ctl   ref='5'  zb='5'
ok   o.runtwice       ref='3'  zb='3'
--   o.sameaddr       ref='30327'  zb='27179'  (own-design RAM layout; see PREDICATE)
ok   o.stmtcolon      ref='3 9'  zb='3 9'
ok   o.strnum         ref='ERR 13 AT 60'  zb='ERR 13 AT 60'
ok   o.strnumx        ref='5 13'  zb='5 13'
ok   o.suffn          ref='3'  zb='3'
ok   o.sufformal      ref='3'  zb='3'
ok   o.toofew         ref='ERR 2 AT 60'  zb='ERR 2 AT 60'
ok   o.toomany        ref='ERR 2 AT 60'  zb='ERR 2 AT 60'
ok   o.twocalls       ref='7'  zb='7'
ok   o.twofault       ref='ERR 2 AT 20'  zb='ERR 2 AT 20'
ok   o.undefarg       ref='ERR 18 AT 60'  zb='ERR 18 AT 60'
ok   o.varptr         ref='2'  zb='2'
PASS o.varptr.ctl     ref='5'  zb='5'
--   z.addr           ref='-2325'  zb='-5473'  (own-design RAM layout; see PREDICATE)
--   z.addr.ctl       ref='-32679'  zb='-32679'  (own-design RAM layout; see PREDICATE)
--   z.addr2          ref='-2325'  zb='-5473'  (own-design RAM layout; see PREDICATE)
--   z.addr2i         ref='-2325'  zb='-5473'  (own-design RAM layout; see PREDICATE)
ok   z.p10def         ref='OK'  zb='OK'
PASS claim:o.sameaddr  zb:o.sameaddr='27179'  VARPTR(formal) differs from VARPTR(variable)
PASS claim:z.addr2    zb:z.addr2='-5473'  zb:z.addr2i='-5473'  the shadow cell does not move with nesting
PASS claim:z.addr     zb:z.addr='-5473'  zb:z.addr.ctl='-32679'  the shadow is not the variable's own cell
ROWS: 87 printed, 82 scored — 1 of 71 DEF FN rows still divergent; 0 of 8 controls failed
SILENT WRONG ANSWERS (1): o.p10
DEF FN not implemented (expected until the verb ships): o.p10
