python3 tools/install-repack-machine.py --merged build/zerobas-main-eu.rom --disk-rom build/disk.rom \
	  --sub-rom build/sub.rom
wrote C-BIOS_MSX1_EU_REPACK_DISK  (-> machine "C-BIOS_MSX1_EU_REPACK_DISK": merged repack ROM in slot 0, zerobas-disk in slot 3-1, zerobas-sub in slot 3-2)
     /Users/joost/.openMSX/share/machines/C-BIOS_MSX1_EU_REPACK_DISK.xml
python3 tools/install-repack-machine.py --merged build/zerobas-main-eu.rom --sub-rom build/sub.rom \
	  --no-disk
wrote C-BIOS_MSX1_EU_REPACK_NODISK  (-> machine "C-BIOS_MSX1_EU_REPACK_NODISK": merged repack ROM in slot 0, slot 3-1 EMPTY (diskless target), zerobas-sub in slot 3-2)
     /Users/joost/.openMSX/share/machines/C-BIOS_MSX1_EU_REPACK_NODISK.xml
python3 probes/basic/basic_probe_kwsweep.py \
	        --zb-machine C-BIOS_MSX1_EU_REPACK_DISK --only 'auto,inputkw,renum'
build under measurement: git=23523093 zerobas-main-eu.rom=4b8ab7997c91 sub.rom=0fabb2c45707 disk.rom=fc5ed2de76d7

==============================================================================
LAYER 1 — CRUNCH (tokenisation only; NOT a support answer)
==============================================================================
SAME   renum     renum 100
SAME   inputkw   input#1,a$
SAME   auto      auto 100

==============================================================================
LAYER 2 — SUPPORT (the load-bearing layer)
==============================================================================
SUPPORTED     renum     RENUM 100:PRINT"[R1]"
            ref  [error:undefined line] 'Undefined line 100 in 10'
SUPPORTED     inputkw   OPEN"HI.TXT"FOR INPUT AS#1:INPUT#1,A$:CLOSE#1:PRINT"[I";LEN(A$);"]"
            ref  [value] '[I 24 ]'
SUPPORTED     auto      AUTO 100
            ref  [value] '100'

==============================================================================
COMBINED — tokenised? x observable consequence
==============================================================================
word       crunch  support     consequence
------------------------------------------------------------------------------
renum      present SUPPORTED   match
inputkw    present SUPPORTED   match
auto       present SUPPORTED   match

==============================================================================
SUMMARY  SUPPORTED=3
         executed 3 / 3 words; 0 crunch-only
==============================================================================
ROWS: 3 printed, 3 scored — 0 crunch-only word(s) carry no support reading and are printed but not scored
pin: 3 row verdict(s) -> /Users/joost/projects/zerobas/build/kwsweep-verdicts.json

=== CRUNCH PIN — words the reference tokenises and zerobas does not ===
refcache: 0 hit, 7 miss, 7 stored
