ZEROBAS_KWCOVER=/Users/joost/projects/zerobas/build/kwcover.tsv /Applications/Xcode.app/Contents/Developer/usr/bin/make gates
python3 tools/run_gates.py 
=== warm-up (serial build of shared artifacts) ===
warm-up 8s
=== refcache OFF for every unit: a gate measures, it never replays (docs/spec-refcache.md §7) ===
=== SKIPPING 88 emulator target(s): ROMs and probe/test/tool sources byte-identical to the green full battery of 2026-09-13 13:39:55 ===
=== 4 tree-mutating unit(s), SERIAL (they rewrite a shared tracked file) ===
  rc=0              1s  switch-build-check
  rc=0              6s  diskdep-check
  rc=0              0s  wall-literal-check
  rc=0             53s  selftest-check
  (post-mutator refresh 8s -- the plants moved mtimes, so the pool would otherwise race a rebuild)
=== 36 units, J=8, lineerr in 8 shards, nice=0 solo=None ===
  rc=0              3s  basic-reloc
  rc=0              0s  deps-check
  rc=0              0s  subrom-abi-check
  rc=0              0s  diskrom-abi-check
  rc=0              0s  rom-parts-check
  rc=0              1s  subrom-closure-check
  rc=0             26s  unit-test
  rc=0              1s  deadcode
  rc=0              3s  wall-assertion-check
  rc=0              0s  ram-claim-check
  rc=0              0s  build-assert-check
  rc=0              4s  needle-case-check
  rc=0              0s  redundant-load-check
  rc=0              1s  rowshape-check
  rc=0              5s  injector-check
  rc=0              1s  temp-root-check
  rc=0              2s  todo-citation-check
  rc=0              0s  todo-marker-check
  rc=0              0s  deferral-pin-check
  rc=0              1s  error-alphabet-check
  rc=0              2s  chokepoint-check
  rc=0              0s  filed-pin-check
  rc=0              2s  disk-mount-check
  rc=0              0s  shared-body-check
  rc=0              0s  probe-reach-check
  rc=0              0s  battery-membership-check
  rc=0              0s  fixture-integrity-check
  rc=0              1s  preflight-check
  rc=0              3s  latch-check
  rc=0             37s  kwsweep
  rc=0             11s  patch-freshness-check
  rc=0              2s  refcache-check
  rc=0              0s  knife-guard-check
  rc=0              1s  knife-rom-guard-check
  rc=0              0s  deffn-selftest
  rc=0              0s  probe-sides-selftest

=== wall 48s (8s build + 40s gates) ===
GATES: 40/40 green [STATIC TIER ONLY]
  ⚠️  88 EMULATOR TARGET(S) NOT RUN — ROMs and probe/test/tool sources byte-identical to the green full battery of 2026-09-13 13:39:55
  ⚠️  this is NOT a full battery; `make gates-full` to force one
hashes: 844c9814 c3df5c56 c35d5500 fc5ed2de
python3 tools/kwcover.py
D-KWCOVER: 754 typed line(s) captured from 3 suite(s); 159 keywords

  EXERCISED   153  at least one collected suite types it
  UNEXERCISED   6  nothing in the battery types it

  UNEXERCISED  CONT
  UNEXERCISED  LOAD
  UNEXERCISED  NAME
  UNEXERCISED  PAINT
  UNEXERCISED  PLAY
  UNEXERCISED  VAL
