python3 tools/install-repack-machine.py --merged build/zerobas-main-eu.rom --disk-rom build/disk.rom \
	  --sub-rom build/sub.rom
wrote C-BIOS_MSX1_EU_REPACK_DISK  (-> machine "C-BIOS_MSX1_EU_REPACK_DISK": merged repack ROM in slot 0, zerobas-disk in slot 3-1, zerobas-sub in slot 3-2)
     /Users/joost/.openMSX/share/machines/C-BIOS_MSX1_EU_REPACK_DISK.xml
python3 tools/install-repack-machine.py --merged build/zerobas-main-eu.rom --sub-rom build/sub.rom \
	  --no-disk
wrote C-BIOS_MSX1_EU_REPACK_NODISK  (-> machine "C-BIOS_MSX1_EU_REPACK_NODISK": merged repack ROM in slot 0, slot 3-1 EMPTY (diskless target), zerobas-sub in slot 3-2)
     /Users/joost/.openMSX/share/machines/C-BIOS_MSX1_EU_REPACK_NODISK.xml
python3 probes/basic/basic_probe_kwsweep.py \
	        --zb-machine C-BIOS_MSX1_EU_REPACK_DISK --only 'dskf,files,lof,eof,bload,close,bsave,save,kill,merge,lset,rset,runkw,dski,dsko,copy,set,ipl,cmd,loc,mki'
build under measurement: git=bda981ae zerobas-main-eu.rom=2af90b3a5e8c sub.rom=48f7da4f2e06 disk.rom=fc5ed2de76d7

==============================================================================
LAYER 1 — CRUNCH (tokenisation only; NOT a support answer)
==============================================================================
SAME   mki       a$=mki$(1)
SAME   dskf      a=dskf(0)
SAME   files     files
SAME   lof       a=lof(1)
SAME   eof       a=eof(1)
SAME   bload     bload"x"
SAME   close     close
SAME   bsave     bsave"x",0,1
SAME   save      save"x"
SAME   kill      kill"x"
SAME   merge     merge"x"
SAME   lset      lset a$="x"
SAME   rset      rset a$="x"
SAME   runkw     run 20
SAME   dski      a$=dski$(0,0)
SAME   dsko      dsko$0,0
SAME   copy      copy"a:x"to"a:y"
SAME   set       set password
SAME   ipl       ipl
SAME   cmd       cmd"x"
SAME   loc       a=loc(1)

==============================================================================
LAYER 2 — SUPPORT (the load-bearing layer)
==============================================================================
DIVERGENT     files     FILES"HI.TXT":PRINT"[8]"
            ref  [value] 'HI      .TXT [8]'
            zb   [value] 'HI      .TXT|[8]'
DIVERGENT     merge     OPEN"N.BAS"FOR OUTPUT AS#1:PRINT#1,"100 END":CLOSE:MERGE"N.BAS":PRINT"[M1]"
            ref  [value] ''
            zb   [value] '[M1]'
SUPPORTED     mki       PRINT"[";LEN(MKI$(1));"]"
            ref  [value] '[ 2 ]'
SUPPORTED     dskf      PRINT"[";DSKF(1);"]"
            ref  [value] '[ 707 ]'
SUPPORTED     lof       OPEN"HI.TXT"FOR INPUT AS#1:A=LOF(1):CLOSE#1:PRINT"[";A;"]"
            ref  [value] '[ 26 ]'
SUPPORTED     eof       OPEN"HI.TXT"FOR INPUT AS#1:A$=INPUT$(26,#1):A=EOF(1):CLOSE#1:PRINT"[";A;"]"
            ref  [value] '[-1 ]'
SUPPORTED     bload     POKE&HC000,7:BLOAD"PROG.BIN":A=PEEK(&HC000):PRINT"[";A;"]"
            ref  [value] '[ 62 ]'
SUPPORTED     close     OPEN"W.TXT"FOR OUTPUT AS#1:PRINT#1,"ABC":CLOSE#1:OPEN"W.TXT"FOR INPUT AS#1:A=LOF(1):CLOSE#1:PRINT"[";A;"]"
            ref  [value] '[ 6 ]'
SUPPORTED     bsave     POKE&HC800,99:BSAVE"O.BIN",&HC800,&HC800:POKE&HC800,7:BLOAD"O.BIN":A=PEEK(&HC800):PRINT"[";A;"]"
            ref  [value] '[ 99 ]'
SUPPORTED     save      A=1:SAVE"S.BAS":OPEN"S.BAS"FOR INPUT AS#1:A=LOF(1):CLOSE#1:PRINT"[";A;"]"
            ref  [value] '[ 68 ]'
SUPPORTED     kill      A=DSKF(1):KILL"PROG2.BAS":B=DSKF(1):PRINT"[";B-A;"]"
            ref  [value] '[ 1 ]'
SUPPORTED     lset      OPEN"R.DAT"AS#1:FIELD#1,4 AS A$:LSET A$="B":A=ASC(A$):CLOSE#1:PRINT"[";A;"]"
            ref  [value] '[ 66 ]'
SUPPORTED     rset      OPEN"R.DAT"AS#1:FIELD#1,4 AS A$:RSET A$="B":A=ASC(A$):CLOSE#1:PRINT"[";A;"]"
            ref  [value] '[ 32 ]'
SUPPORTED     runkw     POKE&HE001,0:POKE&HE001,PEEK(&HE001)+1:IF PEEK(&HE001)<2 THEN RUN 20:PRINT"[";PEEK(&HE001);"]"
            ref  [value] '[ 2 ]'
SUPPORTED     dski      A$=DSKI$(0,7):B=PEEK(&HF351)+256*PEEK(&HF352):A=PEEK(B):PRINT"[";A;"]"
            ref  [value] '[ 84 ]'
SUPPORTED     dsko      A$=DSKI$(0,7):B=PEEK(&HF351)+256*PEEK(&HF352):POKE B,88:DSKO$0,7:A$=DSKI$(0,0):A$=DSKI$(0,7):A=PEEK(B):PRINT"[";A;"]"
            ref  [value] '[ 88 ]'
SUPPORTED     copy      COPY"HI.TXT" TO "H2.TXT":OPEN"H2.TXT"FOR INPUT AS#1:A=LOF(1):CLOSE#1:PRINT"[";A;"]"
            ref  [value] '[ 26 ]'
SUPPORTED     set       SET PASSWORD
            ref  [error:illegal function call] 'Illegal function call in 10'
SUPPORTED     ipl       IPL
            ref  [error:illegal function call] 'Illegal function call in 10'
SUPPORTED     cmd       CMD"X"
            ref  [error:illegal function call] 'Illegal function call in 10'
SUPPORTED     loc       OPEN"HI.TXT"FOR INPUT AS#1:A$=INPUT$(10,#1):A=LOC(1):CLOSE#1:PRINT"[";A;"]"
            ref  [value] '[ 26 ]'

==============================================================================
COMBINED — tokenised? x observable consequence
==============================================================================
word       crunch  support     consequence
------------------------------------------------------------------------------
mki        present SUPPORTED   match
dskf       present SUPPORTED   match
files      present DIVERGENT   ref 'HI      .TXT [8]' vs zb 'HI      .TXT|[8]'
lof        present SUPPORTED   match
eof        present SUPPORTED   match
bload      present SUPPORTED   match
close      present SUPPORTED   match
bsave      present SUPPORTED   match
save       present SUPPORTED   match
kill       present SUPPORTED   match
merge      present DIVERGENT   ref '' vs zb '[M1]'
lset       present SUPPORTED   match
rset       present SUPPORTED   match
runkw      present SUPPORTED   match
dski       present SUPPORTED   match
dsko       present SUPPORTED   match
copy       present SUPPORTED   match
set        present SUPPORTED   match
ipl        present SUPPORTED   match
cmd        present SUPPORTED   match
loc        present SUPPORTED   match

==============================================================================
SUMMARY  DIVERGENT=2  SUPPORTED=19
         executed 21 / 21 words; 0 crunch-only
==============================================================================
ROWS: 21 printed, 21 scored — 0 crunch-only word(s) carry no support reading and are printed but not scored
pin: 21 row verdict(s) -> /Users/joost/projects/zerobas/build/kwsweep-verdicts.json

=== CRUNCH PIN — words the reference tokenises and zerobas does not ===
refcache: 0 hit, 7 miss, 7 stored
