--- OPEN: reference National_CF-3300
Ok
10 ON ERROR GOTO 110
20 OPEN "T.TXT" FOR OUTPUT AS #1
30 PRINT #1,"ONE":PRINT #1,2;3
40 CLOSE #1
50 OPEN "T.TXT" FOR INPUT AS #1
60 LINE INPUT #1,A$:INPUT #1,B,C
70 PRINT A$;B+C;EOF(1);PEEK(VARPTR(#1))
80 OPEN "HI.TXT" FOR INPUT AS #2
90 CLOSE:OPEN "NO.TXT" FOR INPUT AS #1
100 END
110 PRINT "Error";ERR:RESUME NEXT
RUN
ONE 5 -1  1
Error 52
Error 53
Ok
color   auto    goto    list    run
--- OPEN: zerobas C-BIOS_MSX1_EU_REPACK_DISK
ZB
10 ON ERROR GOTO 110
20 OPEN "T.TXT" FOR OUTPUT AS #1
30 PRINT #1,"ONE":PRINT #1,2;3
40 CLOSE #1
50 OPEN "T.TXT" FOR INPUT AS #1
60 LINE INPUT #1,A$:INPUT #1,B,C
70 PRINT A$;B+C;EOF(1);PEEK(VARPTR(#1))
80 OPEN "HI.TXT" FOR INPUT AS #2
90 CLOSE:OPEN "NO.TXT" FOR INPUT AS #1
100 END
110 PRINT "Error";ERR:RESUME NEXT
RUN
ONE 5 -1  1
Error 52
Error 53
ZB
color   auto    goto    list    run
=== OPEN: PASS
