--- STICK: reference Philips_VG_8020
Ok
10 ON ERROR GOTO 60
20 PRINT STICK(0);STICK(1);STICK(2)
30 PRINT STICK(-0.6)
40 PRINT STICK(3)
50 END
60 PRINT "Error";ERR:RESUME NEXT
RUN
 0  0  0
 0
Error 5
Ok
color   auto    goto    list    run
--- STICK: zerobas C-BIOS_MSX1_EU_REPACK_NODISK
ZB
10 ON ERROR GOTO 60
20 PRINT STICK(0);STICK(1);STICK(2)
30 PRINT STICK(-0.6)
40 PRINT STICK(3)
50 END
60 PRINT "Error";ERR:RESUME NEXT
RUN
 0  0  0
 0
Error 5
ZB
color   auto    goto    list    run
=== STICK: PASS
