--- PLAY: reference Philips_VG_8020
Ok
10 ON ERROR GOTO 100
20 PLAY "T120O4L8CDEFG","O3L2C"
30 FOR I=1 TO 9:NEXT
40 FOR I=0 TO 3:PRINT PLAY(I);:NEXT
50 PRINT
60 IF PLAY(0) THEN 60
70 PRINT PLAY(0)
80 PLAY "V16C"
90 END
100 PRINT "Error";ERR:RESUME NEXT
RUN
-1 -1 -1  0
 0
Error 5
Ok
color   auto    goto    list    run
--- PLAY: zerobas C-BIOS_MSX1_EU_REPACK_NODISK
ZB
10 ON ERROR GOTO 100
20 PLAY "T120O4L8CDEFG","O3L2C"
30 FOR I=1 TO 9:NEXT
40 FOR I=0 TO 3:PRINT PLAY(I);:NEXT
50 PRINT
60 IF PLAY(0) THEN 60
70 PRINT PLAY(0)
80 PLAY "V16C"
90 END
100 PRINT "Error";ERR:RESUME NEXT
RUN
-1 -1 -1  0
 0
Error 5
ZB
color   auto    goto    list    run
=== PLAY: PASS
