--- LEN: reference Philips_VG_8020
Ok
10 A$="HELLO"
20 PRINT LEN(A$);LEN("");LEN(A$+A$)
30 PRINT LEN(STR$(12))
40 ON ERROR GOTO 70
50 PRINT LEN(5)
60 END
70 PRINT "Error";ERR:RESUME NEXT
RUN
 5  0  10
 3
Error 13
Ok
color   auto    goto    list    run
--- LEN: zerobas C-BIOS_MSX1_EU_REPACK_NODISK
ZB
10 A$="HELLO"
20 PRINT LEN(A$);LEN("");LEN(A$+A$)
30 PRINT LEN(STR$(12))
40 ON ERROR GOTO 70
50 PRINT LEN(5)
60 END
70 PRINT "Error";ERR:RESUME NEXT
RUN
 5  0  10
 3
Error 13
ZB
color   auto    goto    list    run
=== LEN: PASS
