--- KEY: reference Philips_VG_8020
Ok
10 KEY 1,"HELLO"
20 KEY LIST
30 ON ERROR GOTO 50
40 KEY 11,"X":END
50 PRINT "Error";ERR:RESUME NEXT
RUN
HELLO
auto
goto
list
run
color 15,4,4
cload"
cont
list.
 run
Error 5
Ok
HELLO   auto    goto    list    run
--- KEY: zerobas C-BIOS_MSX1_EU_REPACK_NODISK
ZB
10 KEY 1,"HELLO"
20 KEY LIST
30 ON ERROR GOTO 50
40 KEY 11,"X":END
50 PRINT "Error";ERR:RESUME NEXT
RUN
HELLO
auto
goto
list
run
color 15,4,4
cload"
cont
list.
 run
Error 5
ZB
color   auto    goto    list    run
=== KEY: PASS
