--- INSTR: reference Philips_VG_8020
Ok
10 A$="HELLO WORLD"
20 PRINT INSTR(A$,"O");INSTR(6,A$,"O")
30 PRINT INSTR(A$,"Z");INSTR(A$,"")
40 PRINT INSTR(20,A$,"O")
50 ON ERROR GOTO 80
60 PRINT INSTR(0,A$,"O")
70 END
80 PRINT "Error";ERR:RESUME NEXT
RUN
 5  8
 0  1
 0
Error 5
Ok
color   auto    goto    list    run
--- INSTR: zerobas C-BIOS_MSX1_EU_REPACK_NODISK
ZB
10 A$="HELLO WORLD"
20 PRINT INSTR(A$,"O");INSTR(6,A$,"O")
30 PRINT INSTR(A$,"Z");INSTR(A$,"")
40 PRINT INSTR(20,A$,"O")
50 ON ERROR GOTO 80
60 PRINT INSTR(0,A$,"O")
70 END
80 PRINT "Error";ERR:RESUME NEXT
RUN
 5  8
 0  1
 0
Error 5
ZB
color   auto    goto    list    run
=== INSTR: PASS
