--- MOTOR: reference Philips_VG_8020
Ok
10 MOTOR ON:A=INP(&HAA) AND 16
20 MOTOR OFF:B=INP(&HAA) AND 16
30 MOTOR:C=INP(&HAA) AND 16
40 MOTOR OFF
50 PRINT A;B;C
60 ON ERROR GOTO 90
70 MOTOR 2
80 END
90 PRINT "Error";ERR:RESUME NEXT
RUN
 0  16  0
Error 2
Ok
color   auto    goto    list    run
--- MOTOR: zerobas C-BIOS_MSX1_EU_REPACK_NODISK
ZB
10 MOTOR ON:A=INP(&HAA) AND 16
20 MOTOR OFF:B=INP(&HAA) AND 16
30 MOTOR:C=INP(&HAA) AND 16
40 MOTOR OFF
50 PRINT A;B;C
60 ON ERROR GOTO 90
70 MOTOR 2
80 END
90 PRINT "Error";ERR:RESUME NEXT
RUN
 0  16  0
Error 2
ZB
color   auto    goto    list    run
=== MOTOR: PASS
