--- CSNG: reference Philips_VG_8020
Ok
10 ON ERROR GOTO 80
20 A#=1.23456789#
30 PRINT A#;CSNG(A#)
40 PRINT 2/3
50 PRINT CSNG(2/3)
60 PRINT CSNG("A")
70 END
80 PRINT "Error";ERR:RESUME NEXT
RUN
 1.23456789  1.23457
 .66666666666667
 .666667
Error 13
Ok
color   auto    goto    list    run
--- CSNG: zerobas C-BIOS_MSX1_EU_REPACK_NODISK
ZB
10 ON ERROR GOTO 80
20 A#=1.23456789#
30 PRINT A#;CSNG(A#)
40 PRINT 2/3
50 PRINT CSNG(2/3)
60 PRINT CSNG("A")
70 END
80 PRINT "Error";ERR:RESUME NEXT
RUN
 1.23456789  1.23457
 .66666666666667
 .666667
Error 13
ZB
color   auto    goto    list    run
=== CSNG: PASS
