--- numbers: reference Philips_VG_8020
Ok
10 PRINT 1/3;7/2;7\2
20 A!=1/3:A%=-1.7:PRINT A!;A%;INT(-1.7)
30 PRINT 32767*32767;&HFF;&O17
40 PRINT .01;.001;1E13;1E14
50 B!=1.5:V=VARPTR(B!)
60 FOR I=0 TO 3:PRINT PEEK(V+I);:NEXT
70 PRINT:ON ERROR GOTO 100
80 PRINT 1/0
90 PRINT 1E62*9
95 END
100 PRINT "Error";ERR:RESUME NEXT
RUN
 .33333333333333  3.5  3
 .333333 -1 -2
 1073676289  255  15
 .01  1E-03  10000000000000  1E+14
 65  21  0  0
Error 11
Error 6
Ok
color   auto    goto    list    run
--- numbers: zerobas C-BIOS_MSX1_EU_REPACK_NODISK
ZB
10 PRINT 1/3;7/2;7\2
20 A!=1/3:A%=-1.7:PRINT A!;A%;INT(-1.7)
30 PRINT 32767*32767;&HFF;&O17
40 PRINT .01;.001;1E13;1E14
50 B!=1.5:V=VARPTR(B!)
60 FOR I=0 TO 3:PRINT PEEK(V+I);:NEXT
70 PRINT:ON ERROR GOTO 100
80 PRINT 1/0
90 PRINT 1E62*9
95 END
100 PRINT "Error";ERR:RESUME NEXT
RUN
 .33333333333333  3.5  3
 .333333 -1 -2
 1073676289  255  15
 .01  1E-03  10000000000000  1E+14
 65  21  0  0
Error 11
Error 6
ZB
color   auto    goto    list    run
=== numbers: PASS
