--- IMP: reference Philips_VG_8020
Ok
10 PRINT 5 IMP 3;1 IMP 0
20 PRINT 0 IMP -1;-1 IMP 0
30 PRINT 0 IMP 0 IMP 0
40 PRINT &HF0F0 IMP &H0FF0
50 ON ERROR GOTO 80
60 PRINT 32768 IMP 0
70 END
80 PRINT "Error";ERR:RESUME NEXT
RUN
-5 -2
-1  0
 0
 4095
Error 6
Ok
color   auto    goto    list    run
--- IMP: zerobas C-BIOS_MSX1_EU_REPACK_NODISK
ZB
10 PRINT 5 IMP 3;1 IMP 0
20 PRINT 0 IMP -1;-1 IMP 0
30 PRINT 0 IMP 0 IMP 0
40 PRINT &HF0F0 IMP &H0FF0
50 ON ERROR GOTO 80
60 PRINT 32768 IMP 0
70 END
80 PRINT "Error";ERR:RESUME NEXT
RUN
-5 -2
-1  0
 0
 4095
Error 6
ZB
color   auto    goto    list    run
=== IMP: PASS
