--- EOF: reference National_CF-3300
Ok
10 OPEN "E.TXT" FOR OUTPUT AS #1
20 PRINT #1,"L1":PRINT #1,"L2"
30 CLOSE #1
40 OPEN "E.TXT" FOR INPUT AS #1
50 IF EOF(1) THEN 80
60 LINE INPUT #1,A$:PRINT A$;EOF(1)
70 GOTO 50
80 CLOSE #1:ON ERROR GOTO 120
90 PRINT EOF(1)
100 OPEN "F" FOR OUTPUT AS #1
110 PRINT EOF(1):CLOSE:END
120 PRINT "Error";ERR:RESUME NEXT
RUN
L1 0
L2-1
Error 59
Error 61
Ok
color   auto    goto    list    run
--- EOF: zerobas C-BIOS_MSX1_EU_REPACK_DISK
ZB
10 OPEN "E.TXT" FOR OUTPUT AS #1
20 PRINT #1,"L1":PRINT #1,"L2"
30 CLOSE #1
40 OPEN "E.TXT" FOR INPUT AS #1
50 IF EOF(1) THEN 80
60 LINE INPUT #1,A$:PRINT A$;EOF(1)
70 GOTO 50
80 CLOSE #1:ON ERROR GOTO 120
90 PRINT EOF(1)
100 OPEN "F" FOR OUTPUT AS #1
110 PRINT EOF(1):CLOSE:END
120 PRINT "Error";ERR:RESUME NEXT
RUN
L1 0
L2-1
Error 59
Error 61
ZB
color   auto    goto    list    run
=== EOF: PASS
