--- SGN: reference Philips_VG_8020
Ok
10 PRINT SGN(-5);SGN(0);SGN(5)
20 PRINT SGN(-2.5);SGN(2.5)
30 PRINT SGN (7)
40 ON ERROR GOTO 70
50 PRINT SGN("A")
60 END
70 PRINT "Error";ERR:RESUME NEXT
RUN
-1  0  1
-1  1
 1
Error 13
Ok
color   auto    goto    list    run
--- SGN: zerobas C-BIOS_MSX1_EU_REPACK_NODISK
ZB
10 PRINT SGN(-5);SGN(0);SGN(5)
20 PRINT SGN(-2.5);SGN(2.5)
30 PRINT SGN (7)
40 ON ERROR GOTO 70
50 PRINT SGN("A")
60 END
70 PRINT "Error";ERR:RESUME NEXT
RUN
-1  0  1
-1  1
 1
Error 13
ZB
color   auto    goto    list    run
=== SGN: PASS
