--- CINT: reference Philips_VG_8020
Ok
10 ON ERROR GOTO 80
20 PRINT CINT(2.9);CINT(-2.9)
30 PRINT CINT(32767.6);CINT(-32768.6)
40 A%=CINT(3.7):PRINT A%
50 PRINT CINT(32768)
60 PRINT CINT("A")
70 END
80 PRINT "Error";ERR:RESUME NEXT
RUN
 2 -2
 32767 -32768
 3
Error 6
Error 13
Ok
color   auto    goto    list    run
--- CINT: zerobas C-BIOS_MSX1_EU_REPACK_NODISK
ZB
10 ON ERROR GOTO 80
20 PRINT CINT(2.9);CINT(-2.9)
30 PRINT CINT(32767.6);CINT(-32768.6)
40 A%=CINT(3.7):PRINT A%
50 PRINT CINT(32768)
60 PRINT CINT("A")
70 END
80 PRINT "Error";ERR:RESUME NEXT
RUN
 2 -2
 32767 -32768
 3
Error 6
Error 13
ZB
color   auto    goto    list    run
=== CINT: PASS
