--- LOC: reference National_CF-3300
Ok
10 OPEN "TEST.BIN" AS #1 LEN=128
20 PRINT LOC(1);
30 GET #1,3:PRINT LOC(1);
40 GET #1,7:PRINT LOC(1)
50 CLOSE
60 OPEN "HI.TXT" FOR INPUT AS #1
70 A$=INPUT$(5,#1):PRINT LOC(1)
80 CLOSE
90 ON ERROR GOTO 120
100 PRINT LOC(1)
110 END
120 PRINT "Error";ERR:RESUME NEXT
RUN
 0  3  7
 26
Error 59
Ok
color   auto    goto    list    run
--- LOC: zerobas C-BIOS_MSX1_EU_REPACK_DISK
ZB
10 OPEN "TEST.BIN" AS #1 LEN=128
20 PRINT LOC(1);
30 GET #1,3:PRINT LOC(1);
40 GET #1,7:PRINT LOC(1)
50 CLOSE
60 OPEN "HI.TXT" FOR INPUT AS #1
70 A$=INPUT$(5,#1):PRINT LOC(1)
80 CLOSE
90 ON ERROR GOTO 120
100 PRINT LOC(1)
110 END
120 PRINT "Error";ERR:RESUME NEXT
RUN
 0  3  7
 26
Error 59
ZB
color   auto    goto    list    run
=== LOC: PASS
