--- BASE: reference Philips_VG_8020
Ok
10 FOR I=5 TO 9:PRINT BASE(I);:NEXT
20 PRINT
30 V=BASE(5):BASE(5)=&H1C00
40 PRINT BASE(5):BASE(5)=V
50 ON ERROR GOTO 90
60 PRINT BASE(20)
70 BASE(5)=70000
80 END
90 PRINT "Error";ERR:RESUME NEXT
RUN
 6144  8192  0  6912  14336
 7168
Error 5
Error 6
Ok
color   auto    goto    list    run
--- BASE: zerobas C-BIOS_MSX1_EU_REPACK_NODISK
ZB
10 FOR I=5 TO 9:PRINT BASE(I);:NEXT
20 PRINT
30 V=BASE(5):BASE(5)=&H1C00
40 PRINT BASE(5):BASE(5)=V
50 ON ERROR GOTO 90
60 PRINT BASE(20)
70 BASE(5)=70000
80 END
90 PRINT "Error";ERR:RESUME NEXT
RUN
 6144  8192  0  6912  14336
 7168
Error 5
Error 6
ZB
color   auto    goto    list    run
=== BASE: PASS
