--- LEFT$: reference Philips_VG_8020
Ok
10 A$="ABCDE"
20 PRINT LEFT$(A$,2)
30 PRINT LEFT$(A$,9);LEN(LEFT$(A$,0))
40 ON ERROR GOTO 80
50 PRINT LEFT$(A$,256)
60 PRINT LEFT$(A$,70000)
70 END
80 PRINT "Error";ERR:RESUME NEXT
RUN
AB
ABCDE 0
Error 5
Error 6
Ok
color   auto    goto    list    run
--- LEFT$: zerobas C-BIOS_MSX1_EU_REPACK_NODISK
ZB
10 A$="ABCDE"
20 PRINT LEFT$(A$,2)
30 PRINT LEFT$(A$,9);LEN(LEFT$(A$,0))
40 ON ERROR GOTO 80
50 PRINT LEFT$(A$,256)
60 PRINT LEFT$(A$,70000)
70 END
80 PRINT "Error";ERR:RESUME NEXT
RUN
AB
ABCDE 0
Error 5
Error 6
ZB
color   auto    goto    list    run
=== LEFT$: PASS
