--- memory-map: reference Philips_VG_8020
Ok
10 T=0:V=0:A=0:S=0
20 T=PEEK(&HF676)+256*PEEK(&HF677)
30 V=PEEK(&HF6C2)+256*PEEK(&HF6C3)
40 A=PEEK(&HF6C4)+256*PEEK(&HF6C5)
50 DIM Q(9)
60 S=PEEK(&HF6C6)+256*PEEK(&HF6C7)
70 PRINT T;A-V;S-A
80 X=PEEK(&HF678)+256*PEEK(&HF679)
90 PRINT HEX$(X)
100 CLEAR 500:PRINT FRE("")
RUN
 32769  44  88
F67A
 500
Ok
color   auto    goto    list    run
--- memory-map: zerobas C-BIOS_MSX1_EU_REPACK_NODISK
ZB
10 T=0:V=0:A=0:S=0
20 T=PEEK(&HF676)+256*PEEK(&HF677)
30 V=PEEK(&HF6C2)+256*PEEK(&HF6C3)
40 A=PEEK(&HF6C4)+256*PEEK(&HF6C5)
50 DIM Q(9)
60 S=PEEK(&HF6C6)+256*PEEK(&HF6C7)
70 PRINT T;A-V;S-A
80 X=PEEK(&HF678)+256*PEEK(&HF679)
90 PRINT HEX$(X)
100 CLEAR 500:PRINT FRE("")
RUN
 32769  44  88
F67A
 500
ZB
color   auto    goto    list    run
=== memory-map: PASS
