--- VPEEK: reference Philips_VG_8020
Ok
10 VPOKE 16383,7:A=VPEEK(16383)
20 VPOKE 16383,255:B=VPEEK(16383)
30 PRINT A;B
40 ON ERROR GOTO 80
50 PRINT VPEEK(16384)
60 PRINT VPEEK(70000)
70 END
80 PRINT "Error";ERR:RESUME NEXT
RUN
 7  255
Error 5
Error 6
Ok
color   auto    goto    list    run
--- VPEEK: zerobas C-BIOS_MSX1_EU_REPACK_NODISK
ZB
10 VPOKE 16383,7:A=VPEEK(16383)
20 VPOKE 16383,255:B=VPEEK(16383)
30 PRINT A;B
40 ON ERROR GOTO 80
50 PRINT VPEEK(16384)
60 PRINT VPEEK(70000)
70 END
80 PRINT "Error";ERR:RESUME NEXT
RUN
 7  255
Error 5
Error 6
ZB
color   auto    goto    list    run
=== VPEEK: PASS
