--- PEEK: reference Philips_VG_8020
Ok
10 POKE &HD000,66
20 PRINT PEEK(&HD000);PEEK(-12288)
30 PRINT PEEK(&HF41C)+256*PEEK(&HF41D)
40 ON ERROR GOTO 80
50 PRINT PEEK(70000)
60 PRINT PEEK("A")
70 END
80 PRINT "Error";ERR:RESUME NEXT
RUN
 66  66
 30
Error 6
Error 13
Ok
color   auto    goto    list    run
--- PEEK: zerobas C-BIOS_MSX1_EU_REPACK_NODISK
ZB
10 POKE &HD000,66
20 PRINT PEEK(&HD000);PEEK(-12288)
30 PRINT PEEK(&HF41C)+256*PEEK(&HF41D)
40 ON ERROR GOTO 80
50 PRINT PEEK(70000)
60 PRINT PEEK("A")
70 END
80 PRINT "Error";ERR:RESUME NEXT
RUN
 66  66
 30
Error 6
Error 13
ZB
color   auto    goto    list    run
=== PEEK: PASS
