--- CLOSE: reference National_CF-3300
Ok
10 OPEN "C.TXT" FOR OUTPUT AS #1
20 PRINT #1,"ABC"
30 CLOSE #1
40 OPEN "C.TXT" FOR INPUT AS #1
50 PRINT LOF(1):CLOSE
60 ON ERROR GOTO 90
70 CLOSE #1:CLOSE #0:CLOSE #2
80 CLOSE #-1:END
90 PRINT "Error";ERR:RESUME NEXT
RUN
 6
Error 52
Error 5
Ok
color   auto    goto    list    run
--- CLOSE: zerobas C-BIOS_MSX1_EU_REPACK_DISK
ZB
10 OPEN "C.TXT" FOR OUTPUT AS #1
20 PRINT #1,"ABC"
30 CLOSE #1
40 OPEN "C.TXT" FOR INPUT AS #1
50 PRINT LOF(1):CLOSE
60 ON ERROR GOTO 90
70 CLOSE #1:CLOSE #0:CLOSE #2
80 CLOSE #-1:END
90 PRINT "Error";ERR:RESUME NEXT
RUN
 6
Error 52
Error 5
ZB
color   auto    goto    list    run
=== CLOSE: PASS
