--- RENUM: reference Philips_VG_8020
1 PRINT "A"
2 GOTO 1
3 GOSUB 77
RENUM
Undefined line 77 in 3
Ok
LIST
10 PRINT "A"
20 GOTO 10
30 GOSUB 77
Ok
RENUM 100,20,5
Undefined line 77 in 30
Ok
LIST
10 PRINT "A"
100 GOTO 10
105 GOSUB 77
Ok
RENUM 10,,0
Illegal function call
Ok
color   auto    goto    list    run
--- RENUM: zerobas C-BIOS_MSX1_EU_REPACK_NODISK
1 PRINT "A"
2 GOTO 1
3 GOSUB 77
RENUM
Undefined line 77 in 3
ZB
LIST
10 PRINT "A"
20 GOTO 10
30 GOSUB 77
ZB
RENUM 100,20,5
Undefined line 77 in 30
ZB
LIST
10 PRINT "A"
100 GOTO 10
105 GOSUB 77
ZB
RENUM 10,,0
Illegal function call
ZB
color   auto    goto    list    run
=== RENUM: PASS
