--- PUT: reference National_CF-3300
Ok
10 ON ERROR GOTO 100
20 OPEN "N.DAT" AS #1 LEN=16
30 FIELD #1,10 AS N$,6 AS P$
40 LSET N$="ALICE":RSET P$="12"
50 PUT #1,1
60 LSET N$="BOB":RSET P$="345"
70 PUT #1,3
80 PRINT LOF(1);LOC(1)
90 PUT #1,0
95 CLOSE:END
100 PRINT "Error";ERR:RESUME NEXT
RUN
 48  3
Error 5
Ok
color   auto    goto    list    run
--- PUT: zerobas C-BIOS_MSX1_EU_REPACK_DISK
ZB
10 ON ERROR GOTO 100
20 OPEN "N.DAT" AS #1 LEN=16
30 FIELD #1,10 AS N$,6 AS P$
40 LSET N$="ALICE":RSET P$="12"
50 PUT #1,1
60 LSET N$="BOB":RSET P$="345"
70 PUT #1,3
80 PRINT LOF(1);LOC(1)
90 PUT #1,0
95 CLOSE:END
100 PRINT "Error";ERR:RESUME NEXT
RUN
 48  3
Error 5
ZB
color   auto    goto    list    run
=== PUT: PASS
