--- ERROR: reference Philips_VG_8020
Ok
10 ON ERROR GOTO 80
20 ERROR 53
30 ERROR 200
40 ERROR 0
50 ON ERROR GOTO 0
60 ERROR 11
70 END
80 PRINT "Error";ERR;"in";ERL
90 RESUME NEXT
RUN
Error 53 in 20
Error 200 in 30
Error 5 in 40
Division by zero in 60
Ok
color   auto    goto    list    run
--- ERROR: zerobas C-BIOS_MSX1_EU_REPACK_NODISK
ZB
10 ON ERROR GOTO 80
20 ERROR 53
30 ERROR 200
40 ERROR 0
50 ON ERROR GOTO 0
60 ERROR 11
70 END
80 PRINT "Error";ERR;"in";ERL
90 RESUME NEXT
RUN
Error 53 in 20
Error 200 in 30
Error 5 in 40
Division by zero in 60
ZB
color   auto    goto    list    run
=== ERROR: PASS
