--- LOF: reference National_CF-3300
Ok
10 OPEN "HI.TXT" FOR INPUT AS #1
20 PRINT LOF(1):CLOSE
30 OPEN "N.TXT" FOR OUTPUT AS #1
40 PRINT LOF(1):PRINT #1,"AB":CLOSE
50 OPEN "N.TXT" FOR INPUT AS #1
60 PRINT LOF(1):CLOSE
70 ON ERROR GOTO 100
80 PRINT LOF(1)
90 END
100 PRINT "Error";ERR:RESUME NEXT
RUN
 26
 0
 5
Error 59
Ok
color   auto    goto    list    run
--- LOF: zerobas C-BIOS_MSX1_EU_REPACK_DISK
ZB
10 OPEN "HI.TXT" FOR INPUT AS #1
20 PRINT LOF(1):CLOSE
30 OPEN "N.TXT" FOR OUTPUT AS #1
40 PRINT LOF(1):PRINT #1,"AB":CLOSE
50 OPEN "N.TXT" FOR INPUT AS #1
60 PRINT LOF(1):CLOSE
70 ON ERROR GOTO 100
80 PRINT LOF(1)
90 END
100 PRINT "Error";ERR:RESUME NEXT
RUN
 26
 0
 5
Error 59
ZB
color   auto    goto    list    run
=== LOF: PASS
