--- POKE: reference Philips_VG_8020
Ok
10 POKE -12288,7
20 PRINT PEEK(&HD000)
30 POKE &HD000,PEEK(&HD000)*2
40 PRINT PEEK(&HD000)
50 ON ERROR GOTO 90
60 POKE &HD000,256
70 POKE &HD000,
80 PRINT PEEK(&HD000):END
90 PRINT "Error";ERR:RESUME NEXT
RUN
 7
 14
Error 5
Error 24
 14
Ok
color   auto    goto    list    run
--- POKE: zerobas C-BIOS_MSX1_EU_REPACK_NODISK
ZB
10 POKE -12288,7
20 PRINT PEEK(&HD000)
30 POKE &HD000,PEEK(&HD000)*2
40 PRINT PEEK(&HD000)
50 ON ERROR GOTO 90
60 POKE &HD000,256
70 POKE &HD000,
80 PRINT PEEK(&HD000):END
90 PRINT "Error";ERR:RESUME NEXT
RUN
 7
 14
Error 5
Error 24
 14
ZB
color   auto    goto    list    run
=== POKE: PASS
