--- ABS: reference Philips_VG_8020
Ok
10 PRINT ABS(-5);ABS(3.5);ABS(0)
20 A%=-32768:PRINT ABS(A%)
30 PRINT ABS (-7)
40 ON ERROR GOTO 70
50 PRINT ABS("A")
60 END
70 PRINT "Error";ERR:RESUME NEXT
RUN
 5  3.5  0
 32768
 7
Error 13
Ok
color   auto    goto    list    run
--- ABS: zerobas C-BIOS_MSX1_EU_REPACK_NODISK
ZB
10 PRINT ABS(-5);ABS(3.5);ABS(0)
20 A%=-32768:PRINT ABS(A%)
30 PRINT ABS (-7)
40 ON ERROR GOTO 70
50 PRINT ABS("A")
60 END
70 PRINT "Error";ERR:RESUME NEXT
RUN
 5  3.5  0
 32768
 7
Error 13
ZB
color   auto    goto    list    run
=== ABS: PASS
