--- STRIG: reference Philips_VG_8020
Ok
10 ON ERROR GOTO 70
20 FOR I=0 TO 4:PRINT STRIG(I);:NEXT
30 PRINT
40 PRINT STRIG(4.9)
50 PRINT STRIG(5)
60 END
70 PRINT "Error";ERR:RESUME NEXT
RUN
 0  0  0  0  0
 0
Error 5
Ok
color   auto    goto    list    run
--- STRIG: zerobas C-BIOS_MSX1_EU_REPACK_NODISK
ZB
10 ON ERROR GOTO 70
20 FOR I=0 TO 4:PRINT STRIG(I);:NEXT
30 PRINT
40 PRINT STRIG(4.9)
50 PRINT STRIG(5)
60 END
70 PRINT "Error";ERR:RESUME NEXT
RUN
 0  0  0  0  0
 0
Error 5
ZB
color   auto    goto    list    run
=== STRIG: PASS
