--- MKD$: reference National_CF-3300
Ok
10 ON ERROR GOTO 90
20 A$=MKD$(1.5):GOSUB 70
30 A$=MKD$(1/3):GOSUB 70
40 PRINT CVD(A$)
50 A$=MKD$(1,1)
60 END
70 FOR I=1 TO 8:B=ASC(MID$(A$,I,1))
80 PRINT B;:NEXT:PRINT:RETURN
90 PRINT "Error";ERR:RESUME NEXT
RUN
 65  21  0  0  0  0  0  0
 64  51  51  51  51  51  51  51
 .33333333333333
Error 2
Ok
color   auto    goto    list    run
--- MKD$: zerobas C-BIOS_MSX1_EU_REPACK_DISK
ZB
10 ON ERROR GOTO 90
20 A$=MKD$(1.5):GOSUB 70
30 A$=MKD$(1/3):GOSUB 70
40 PRINT CVD(A$)
50 A$=MKD$(1,1)
60 END
70 FOR I=1 TO 8:B=ASC(MID$(A$,I,1))
80 PRINT B;:NEXT:PRINT:RETURN
90 PRINT "Error";ERR:RESUME NEXT
RUN
 65  21  0  0  0  0  0  0
 64  51  51  51  51  51  51  51
 .33333333333333
Error 2
ZB
color   auto    goto    list    run
=== MKD$: PASS
