--- RESTORE: reference Philips_VG_8020
Ok
10 READ A,B:RESTORE:READ C
20 RESTORE 80:READ D
30 PRINT A;B;C;D
40 ON ERROR GOTO 60
50 RESTORE 99:END
60 PRINT "Error";ERR:END
70 DATA 1,2
80 DATA 3
RUN
 1  2  1  3
Error 8
Ok
color   auto    goto    list    run
--- RESTORE: zerobas C-BIOS_MSX1_EU_REPACK_NODISK
ZB
10 READ A,B:RESTORE:READ C
20 RESTORE 80:READ D
30 PRINT A;B;C;D
40 ON ERROR GOTO 60
50 RESTORE 99:END
60 PRINT "Error";ERR:END
70 DATA 1,2
80 DATA 3
RUN
 1  2  1  3
Error 8
ZB
color   auto    goto    list    run
=== RESTORE: PASS
