--- BSAVE: reference National_CF-3300
Ok
10 ON ERROR GOTO 110
20 A=&HC800
30 FOR I=0 TO 4:POKE A+I,65+I:NEXT
40 BSAVE "ABC.BIN",A,A+4
50 FOR I=0 TO 4:POKE A+I,0:NEXT
60 BLOAD "ABC.BIN"
70 FOR I=0 TO 4:B$=B$+CHR$(PEEK(A+I))
80 NEXT:PRINT B$
90 BSAVE "X.BIN",A
100 END
110 PRINT "Error";ERR:RESUME NEXT
RUN
ABCDE
Error 2
Ok
color   auto    goto    list    run
--- BSAVE: zerobas C-BIOS_MSX1_EU_REPACK_DISK
ZB
10 ON ERROR GOTO 110
20 A=&HC800
30 FOR I=0 TO 4:POKE A+I,65+I:NEXT
40 BSAVE "ABC.BIN",A,A+4
50 FOR I=0 TO 4:POKE A+I,0:NEXT
60 BLOAD "ABC.BIN"
70 FOR I=0 TO 4:B$=B$+CHR$(PEEK(A+I))
80 NEXT:PRINT B$
90 BSAVE "X.BIN",A
100 END
110 PRINT "Error";ERR:RESUME NEXT
RUN
ABCDE
Error 2
ZB
color   auto    goto    list    run
=== BSAVE: PASS
