--- STRING$: reference Philips_VG_8020
Ok
10 PRINT STRING$(5,"*")
20 PRINT STRING$(3,65);STRING$(3,"xyz")
30 PRINT LEN(STRING$(0,"A"))
40 ON ERROR GOTO 70
50 PRINT STRING$(256,"A")
60 END
70 PRINT "Error";ERR:RESUME NEXT
RUN
*****
AAAxxx
 0
Error 5
Ok
color   auto    goto    list    run
--- STRING$: zerobas C-BIOS_MSX1_EU_REPACK_NODISK
ZB
10 PRINT STRING$(5,"*")
20 PRINT STRING$(3,65);STRING$(3,"xyz")
30 PRINT LEN(STRING$(0,"A"))
40 ON ERROR GOTO 70
50 PRINT STRING$(256,"A")
60 END
70 PRINT "Error";ERR:RESUME NEXT
RUN
*****
AAAxxx
 0
Error 5
ZB
color   auto    goto    list    run
=== STRING$: PASS
