--- COLOR: reference Philips_VG_8020
Ok
10 COLOR 7,4
20 COLOR ,5
30 PRINT PEEK(&HF3E9);PEEK(&HF3EA)
40 ON ERROR GOTO 80
50 COLOR 1,99
60 PRINT PEEK(&HF3E9);PEEK(&HF3EA)
70 COLOR 15,4,4:END
80 PRINT "Error";ERR:RESUME NEXT
RUN
 7  5
Error 5
 7  5
Ok
color   auto    goto    list    run
--- COLOR: zerobas C-BIOS_MSX1_EU_REPACK_NODISK
ZB
10 COLOR 7,4
20 COLOR ,5
30 PRINT PEEK(&HF3E9);PEEK(&HF3EA)
40 ON ERROR GOTO 80
50 COLOR 1,99
60 PRINT PEEK(&HF3E9);PEEK(&HF3EA)
70 COLOR 15,4,4:END
80 PRINT "Error";ERR:RESUME NEXT
RUN
 7  5
Error 5
 7  5
ZB
color   auto    goto    list    run
=== COLOR: PASS
