--- TIME: reference Philips_VG_8020
Ok
10 TIME=30000
20 PRINT INT(TIME/100)
30 T=TIME:FOR I=1 TO 400:NEXT
40 PRINT TIME>T
50 ON ERROR GOTO 90
60 TIME=70000
70 A$=TIME
80 END
90 PRINT "Error";ERR:RESUME NEXT
RUN
 300
-1
Error 6
Error 13
Ok
color   auto    goto    list    run
--- TIME: zerobas C-BIOS_MSX1_EU_REPACK_NODISK
ZB
10 TIME=30000
20 PRINT INT(TIME/100)
30 T=TIME:FOR I=1 TO 400:NEXT
40 PRINT TIME>T
50 ON ERROR GOTO 90
60 TIME=70000
70 A$=TIME
80 END
90 PRINT "Error";ERR:RESUME NEXT
RUN
 300
-1
Error 6
Error 13
ZB
color   auto    goto    list    run
=== TIME: PASS
