--- DEFDBL: reference Philips_VG_8020
Ok
10 DEFINT A-Z
20 DEFDBL D
30 A=1/3:D=1/3
40 PRINT A;D
50 ON ERROR GOTO 80
60 DEFDBL A-
70 END
80 PRINT "Error";ERR:RESUME NEXT
RUN
 0  .33333333333333
Error 2
Ok
color   auto    goto    list    run
--- DEFDBL: zerobas C-BIOS_MSX1_EU_REPACK_NODISK
ZB
10 DEFINT A-Z
20 DEFDBL D
30 A=1/3:D=1/3
40 PRINT A;D
50 ON ERROR GOTO 80
60 DEFDBL A-
70 END
80 PRINT "Error";ERR:RESUME NEXT
RUN
 0  .33333333333333
Error 2
ZB
color   auto    goto    list    run
=== DEFDBL: PASS
