--- DEFINT: reference Philips_VG_8020
Ok
10 DEFINT A-C,N
20 A=1.7:N=7/2:D=1.7:B#=1.5
30 PRINT A;N;D;B#
40 ON ERROR GOTO 70
50 DEFINT Z-A
60 END
70 PRINT "Error";ERR:RESUME NEXT
RUN
 1  3  1.7  1.5
Error 2
Ok
color   auto    goto    list    run
--- DEFINT: zerobas C-BIOS_MSX1_EU_REPACK_NODISK
ZB
10 DEFINT A-C,N
20 A=1.7:N=7/2:D=1.7:B#=1.5
30 PRINT A;N;D;B#
40 ON ERROR GOTO 70
50 DEFINT Z-A
60 END
70 PRINT "Error";ERR:RESUME NEXT
RUN
 1  3  1.7  1.5
Error 2
ZB
color   auto    goto    list    run
=== DEFINT: PASS
