--- DEFSNG: reference Philips_VG_8020
Ok
10 A=1/3
20 DEFSNG S
30 S=1/3
40 PRINT A
50 PRINT S
60 ON ERROR GOTO 90
70 DEFSNG 5
80 END
90 PRINT "Error";ERR:RESUME NEXT
RUN
 .33333333333333
 .333333
Error 2
Ok
color   auto    goto    list    run
--- DEFSNG: zerobas C-BIOS_MSX1_EU_REPACK_NODISK
ZB
10 A=1/3
20 DEFSNG S
30 S=1/3
40 PRINT A
50 PRINT S
60 ON ERROR GOTO 90
70 DEFSNG 5
80 END
90 PRINT "Error";ERR:RESUME NEXT
RUN
 .33333333333333
 .333333
Error 2
ZB
color   auto    goto    list    run
=== DEFSNG: PASS
