--- CDBL: reference Philips_VG_8020
Ok
10 ON ERROR GOTO 80
20 A!=1/3
30 PRINT A!;CDBL(A!)
40 PRINT CDBL(1)/3
50 PRINT -CDBL(-32768)
60 PRINT CDBL("A")
70 END
80 PRINT "Error";ERR:RESUME NEXT
RUN
 .333333  .333333
 .33333333333333
 32768
Error 13
Ok
color   auto    goto    list    run
--- CDBL: zerobas C-BIOS_MSX1_EU_REPACK_NODISK
ZB
10 ON ERROR GOTO 80
20 A!=1/3
30 PRINT A!;CDBL(A!)
40 PRINT CDBL(1)/3
50 PRINT -CDBL(-32768)
60 PRINT CDBL("A")
70 END
80 PRINT "Error";ERR:RESUME NEXT
RUN
 .333333  .333333
 .33333333333333
 32768
Error 13
ZB
color   auto    goto    list    run
=== CDBL: PASS
