--- CHR$: reference Philips_VG_8020
Ok
10 FOR I=65 TO 69:A$=A$+CHR$(I):NEXT
20 PRINT A$
30 PRINT LEN(CHR$(0));ASC(CHR$(65.7))
40 ON ERROR GOTO 70
50 PRINT CHR$(256)
60 END
70 PRINT "Error";ERR:RESUME NEXT
RUN
ABCDE
 1  65
Error 5
Ok
color   auto    goto    list    run
--- CHR$: zerobas   C-BIOS_MSX1_EU_REPACK_NODISK
ZB
10 FOR I=65 TO 69:A$=A$+CHR$(I):NEXT
20 PRINT A$
30 PRINT LEN(CHR$(0));ASC(CHR$(65.7))
40 ON ERROR GOTO 70
50 PRINT CHR$(256)
60 END
70 PRINT "Error";ERR:RESUME NEXT
RUN
ABCDE
 1  65
Error 5
ZB
color   auto    goto    list    run
=== CHR$: SAME

refcache: 0 hit, 2 miss, 2 stored
