--- INP: reference Philips_VG_8020
Ok
10 T=TIME
20 IF TIME=T THEN 20
30 OUT &HA0,0:OUT &HA1,123
40 OUT &HA0,0:A=INP(&HA2)
50 PRINT A
60 ON ERROR GOTO 100
70 PRINT INP("A")
80 PRINT INP()
90 END
100 PRINT "Error";ERR:RESUME NEXT
RUN
 123
Error 13
Error 2
Ok
color   auto    goto    list    run
--- INP: zerobas C-BIOS_MSX1_EU_REPACK_NODISK
ZB
10 T=TIME
20 IF TIME=T THEN 20
30 OUT &HA0,0:OUT &HA1,123
40 OUT &HA0,0:A=INP(&HA2)
50 PRINT A
60 ON ERROR GOTO 100
70 PRINT INP("A")
80 PRINT INP()
90 END
100 PRINT "Error";ERR:RESUME NEXT
RUN
 123
Error 13
Error 2
ZB
color   auto    goto    list    run
=== INP: PASS
