--- NEXT: reference Philips_VG_8020
Ok
10 FOR I=1 TO 2:FOR J=1 TO 3
20 PRINT I;J;
30 NEXT J,I
40 PRINT:PRINT "I=";I;"J=";J
50 ON ERROR GOTO 80
60 NEXT K
70 END
80 PRINT "Error";ERR:RESUME NEXT
RUN
 1  1  1  2  1  3  2  1  2  2  2  3
I= 3 J= 4
Error 1
Ok
color   auto    goto    list    run
--- NEXT: zerobas C-BIOS_MSX1_EU_REPACK_NODISK
ZB
10 FOR I=1 TO 2:FOR J=1 TO 3
20 PRINT I;J;
30 NEXT J,I
40 PRINT:PRINT "I=";I;"J=";J
50 ON ERROR GOTO 80
60 NEXT K
70 END
80 PRINT "Error";ERR:RESUME NEXT
RUN
 1  1  1  2  1  3  2  1  2  2  2  3
I= 3 J= 4
Error 1
ZB
color   auto    goto    list    run
=== NEXT: PASS
