--- BIN$: reference Philips_VG_8020
Ok
10 PRINT BIN$(5);" ";BIN$(0)
20 PRINT BIN$(255)
30 PRINT BIN$(-1)
40 PRINT LEN(BIN$(256));BIN$(5.7)
50 ON ERROR GOTO 80
60 PRINT BIN$(65536)
70 END
80 PRINT "Error";ERR:RESUME NEXT
RUN
101 0
11111111
1111111111111111
 9 101
Error 6
Ok
color   auto    goto    list    run
--- BIN$: zerobas C-BIOS_MSX1_EU_REPACK_NODISK
ZB
10 PRINT BIN$(5);" ";BIN$(0)
20 PRINT BIN$(255)
30 PRINT BIN$(-1)
40 PRINT LEN(BIN$(256));BIN$(5.7)
50 ON ERROR GOTO 80
60 PRINT BIN$(65536)
70 END
80 PRINT "Error";ERR:RESUME NEXT
RUN
101 0
11111111
1111111111111111
 9 101
Error 6
ZB
color   auto    goto    list    run
=== BIN$: PASS
