--- DSKI$: reference National_CF-3300
Ok
10 A$=DSKI$(0,7)
20 B=PEEK(&HF351)+256*PEEK(&HF352)
30 FOR I=0 TO 10:C=PEEK(B+I)
40 PRINT CHR$(C);:NEXT:PRINT
50 PRINT LEN(A$)
60 ON ERROR GOTO 90
70 A$=DSKI$(5,0)
80 END
90 PRINT "Error";ERR:RESUME NEXT
RUN
TEST    BIN
 0
Error 62
Ok
color   auto    goto    list    run
--- DSKI$: zerobas C-BIOS_MSX1_EU_REPACK_DISK
ZB
10 A$=DSKI$(0,7)
20 B=PEEK(&HF351)+256*PEEK(&HF352)
30 FOR I=0 TO 10:C=PEEK(B+I)
40 PRINT CHR$(C);:NEXT:PRINT
50 PRINT LEN(A$)
60 ON ERROR GOTO 90
70 A$=DSKI$(5,0)
80 END
90 PRINT "Error";ERR:RESUME NEXT
RUN
TEST    BIN
 0
Error 62
ZB
color   auto    goto    list    run
=== DSKI$: PASS
