--- BLOAD: reference National_CF-3300
Ok
10 ON ERROR GOTO 90
20 POKE &HC000,7
30 BLOAD "PROG.BIN"
40 PRINT PEEK(&HC000);PEEK(&HC031)
50 BLOAD "PROG.BIN",&H100
60 PRINT PEEK(&HC100)
70 BLOAD "HI.TXT"
80 BLOAD "NONE.BIN":END
90 PRINT "Error";ERR:RESUME NEXT
RUN
 62  31
 62
Error 61
Error 53
Ok
color   auto    goto    list    run
--- BLOAD: zerobas C-BIOS_MSX1_EU_REPACK_DISK
ZB
10 ON ERROR GOTO 90
20 POKE &HC000,7
30 BLOAD "PROG.BIN"
40 PRINT PEEK(&HC000);PEEK(&HC031)
50 BLOAD "PROG.BIN",&H100
60 PRINT PEEK(&HC100)
70 BLOAD "HI.TXT"
80 BLOAD "NONE.BIN":END
90 PRINT "Error";ERR:RESUME NEXT
RUN
 62  31
 62
Error 61
Error 53
ZB
color   auto    goto    list    run
=== BLOAD: PASS
