--- FIX: reference Philips_VG_8020
Ok
10 PRINT FIX(1.7);FIX(-1.7)
20 PRINT FIX(-2.7);INT(-2.7)
30 PRINT FIX(12345678.9#)
40 ON ERROR GOTO 70
50 PRINT FIX("A")
60 END
70 PRINT "Error";ERR:RESUME NEXT
RUN
 1 -1
-2 -3
 12345678
Error 13
Ok
color   auto    goto    list    run
--- FIX: zerobas C-BIOS_MSX1_EU_REPACK_NODISK
ZB
10 PRINT FIX(1.7);FIX(-1.7)
20 PRINT FIX(-2.7);INT(-2.7)
30 PRINT FIX(12345678.9#)
40 ON ERROR GOTO 70
50 PRINT FIX("A")
60 END
70 PRINT "Error";ERR:RESUME NEXT
RUN
 1 -1
-2 -3
 12345678
Error 13
ZB
color   auto    goto    list    run
=== FIX: PASS
