--- INT: reference Philips_VG_8020
Ok
10 PRINT INT(1.7);INT(-1.5);INT(-0.5)
20 PRINT INT(12345678.9#)
30 PRINT INT (7.9);INT(-2.5)-FIX(-2.5)
40 ON ERROR GOTO 70
50 PRINT INT("A")
60 END
70 PRINT "Error";ERR:RESUME NEXT
RUN
 1 -2 -1
 12345678
 7 -1
Error 13
Ok
color   auto    goto    list    run
--- INT: zerobas C-BIOS_MSX1_EU_REPACK_NODISK
ZB
10 PRINT INT(1.7);INT(-1.5);INT(-0.5)
20 PRINT INT(12345678.9#)
30 PRINT INT (7.9);INT(-2.5)-FIX(-2.5)
40 ON ERROR GOTO 70
50 PRINT INT("A")
60 END
70 PRINT "Error";ERR:RESUME NEXT
RUN
 1 -2 -1
 12345678
 7 -1
Error 13
ZB
color   auto    goto    list    run
=== INT: PASS
