--- files-and-devices: reference National_CF-3300
Ok
10 ON ERROR GOTO 110
20 OPEN "D.TXT" FOR OUTPUT AS #1
30 PRINT #1,"ONE":CLOSE
40 OPEN "D.TXT" FOR APPEND AS #1
50 PRINT #1,"TWO":CLOSE
60 OPEN "D.TXT" FOR INPUT AS #1
70 IF EOF(1) THEN 90
80 LINE INPUT #1,A$:PRINT A$:GOTO 70
90 PRINT LOF(1);PEEK(VARPTR(#1)):CLOSE
100 PRINT #1,"X"
105 OPEN "HI.TXT" FOR INPUT AS #2:END
110 PRINT "Error";ERR:RESUME NEXT
RUN
ONE
TWO
 11  1
Error 59
Error 52
Ok
color   auto    goto    list    run
--- files-and-devices: zerobas C-BIOS_MSX1_EU_REPACK_DISK
ZB
10 ON ERROR GOTO 110
20 OPEN "D.TXT" FOR OUTPUT AS #1
30 PRINT #1,"ONE":CLOSE
40 OPEN "D.TXT" FOR APPEND AS #1
50 PRINT #1,"TWO":CLOSE
60 OPEN "D.TXT" FOR INPUT AS #1
70 IF EOF(1) THEN 90
80 LINE INPUT #1,A$:PRINT A$:GOTO 70
90 PRINT LOF(1);PEEK(VARPTR(#1)):CLOSE
100 PRINT #1,"X"
105 OPEN "HI.TXT" FOR INPUT AS #2:END
110 PRINT "Error";ERR:RESUME NEXT
RUN
ONE
TWO
 11  1
Error 59
Error 52
ZB
color   auto    goto    list    run
=== files-and-devices: PASS
