--- disk: reference National_CF-3300
Ok
10 A$=DSKI$(0,0)
20 B=PEEK(&HF351)+256*PEEK(&HF352)
30 PRINT PEEK(B+13);PEEK(B+17);
35 PRINT PEEK(B+22);HEX$(PEEK(B+21))
40 A$=DSKI$(0,1)
50 PRINT PEEK(B+3);PEEK(B+4);PEEK(B+5)
60 OPEN "N.TXT" FOR OUTPUT AS #1
70 PRINT #1,"AB":CLOSE
80 A$=DSKI$(0,7):E=B+192
90 FOR I=0 TO 10:PRINT CHR$(PEEK(E+I));
100 NEXT:D=PEEK(E+24)+256*PEEK(E+25)
110 PRINT PEEK(E+28);HEX$(D);DSKF(0)
RUN
 2  112  3 F9
 3  240  255
N       TXT 5 821 705
Ok
color   auto    goto    list    run
--- disk: zerobas C-BIOS_MSX1_EU_REPACK_DISK
ZB
10 A$=DSKI$(0,0)
20 B=PEEK(&HF351)+256*PEEK(&HF352)
30 PRINT PEEK(B+13);PEEK(B+17);
35 PRINT PEEK(B+22);HEX$(PEEK(B+21))
40 A$=DSKI$(0,1)
50 PRINT PEEK(B+3);PEEK(B+4);PEEK(B+5)
60 OPEN "N.TXT" FOR OUTPUT AS #1
70 PRINT #1,"AB":CLOSE
80 A$=DSKI$(0,7):E=B+192
90 FOR I=0 TO 10:PRINT CHR$(PEEK(E+I));
100 NEXT:D=PEEK(E+24)+256*PEEK(E+25)
110 PRINT PEEK(E+28);HEX$(D);DSKF(0)
RUN
 2  112  3 F9
 3  240  255
N       TXT 5 821 705
ZB
color   auto    goto    list    run
=== disk: PASS
