--- ON: reference Philips_VG_8020
Ok
10 ON ERROR GOTO 120
20 ON INTERVAL=10 GOSUB 100
30 INTERVAL ON:T=TIME
40 IF TIME-T<100 THEN 40
50 INTERVAL OFF:PRINT C>=9 AND C<=10
60 ON INTERVAL=0 GOSUB 100
70 END
100 C=C+1:RETURN
120 PRINT "Error";ERR:RESUME NEXT
RUN
-1
Error 5
Ok
color   auto    goto    list    run
--- ON: zerobas C-BIOS_MSX1_EU_REPACK_NODISK
ZB
10 ON ERROR GOTO 120
20 ON INTERVAL=10 GOSUB 100
30 INTERVAL ON:T=TIME
40 IF TIME-T<100 THEN 40
50 INTERVAL OFF:PRINT C>=9 AND C<=10
60 ON INTERVAL=0 GOSUB 100
70 END
100 C=C+1:RETURN
120 PRINT "Error";ERR:RESUME NEXT
RUN
-1
Error 5
ZB
color   auto    goto    list    run
=== ON: PASS
