--- SOUND: reference Philips_VG_8020
Ok
10 ON ERROR GOTO 100
20 SOUND 0,123:SOUND 7,255
30 R=0:GOSUB 70:PRINT V;
40 R=7:GOSUB 70:PRINT V
50 SOUND 7,184:SOUND 14,0
60 END
70 T=TIME
80 IF TIME=T THEN 80
90 OUT &HA0,R:V=INP(&HA2):RETURN
100 PRINT "Error";ERR:RESUME NEXT
RUN
 123  191
Error 5
Ok
color   auto    goto    list    run
--- SOUND: zerobas C-BIOS_MSX1_EU_REPACK_NODISK
ZB
10 ON ERROR GOTO 100
20 SOUND 0,123:SOUND 7,255
30 R=0:GOSUB 70:PRINT V;
40 R=7:GOSUB 70:PRINT V
50 SOUND 7,184:SOUND 14,0
60 END
70 T=TIME
80 IF TIME=T THEN 80
90 OUT &HA0,R:V=INP(&HA2):RETURN
100 PRINT "Error";ERR:RESUME NEXT
RUN
 123  191
Error 5
ZB
color   auto    goto    list    run
=== SOUND: PASS
