--- NAME: reference National_CF-3300
Ok
10 ON ERROR GOTO 80
20 NAME "HI.TXT" AS "HELLO.TXT"
30 NAME "NONE.TXT" AS "X.TXT"
40 NAME "PROG.BAS" AS "PROG2.BAS"
50 FILES
60 END
80 PRINT "Error";ERR:RESUME NEXT
RUN
Error 53
Error 65
TEST    .BIN HELLO   .TXT PROG    .BIN
PROG    .BAS PROG2   .BAS PROG3   .BAS
Ok
color   auto    goto    list    run
--- NAME: zerobas C-BIOS_MSX1_EU_REPACK_DISK
ZB
10 ON ERROR GOTO 80
20 NAME "HI.TXT" AS "HELLO.TXT"
30 NAME "NONE.TXT" AS "X.TXT"
40 NAME "PROG.BAS" AS "PROG2.BAS"
50 FILES
60 END
80 PRINT "Error";ERR:RESUME NEXT
RUN
Error 53
Error 65
TEST    .BIN HELLO   .TXT PROG    .BIN
PROG    .BAS PROG2   .BAS PROG3   .BAS
ZB
color   auto    goto    list    run
=== NAME: PASS
