--- VPOKE: reference Philips_VG_8020
Ok
10 VPOKE 16383,7
20 PRINT VPEEK(16383)
30 ON ERROR GOTO 80
40 VPOKE 16384,1
50 VPOKE 16383,256
60 PRINT VPEEK(16383)
70 END
80 PRINT "Error";ERR:RESUME NEXT
RUN
 7
Error 5
Error 5
 7
Ok
color   auto    goto    list    run
--- VPOKE: zerobas C-BIOS_MSX1_EU_REPACK_NODISK
ZB
10 VPOKE 16383,7
20 PRINT VPEEK(16383)
30 ON ERROR GOTO 80
40 VPOKE 16384,1
50 VPOKE 16383,256
60 PRINT VPEEK(16383)
70 END
80 PRINT "Error";ERR:RESUME NEXT
RUN
 7
Error 5
Error 5
 7
ZB
color   auto    goto    list    run
=== VPOKE: PASS
