--- CVD: reference National_CF-3300
Ok
10 ON ERROR GOTO 80
20 A$=MKD$(1/3)
30 PRINT LEN(A$)
40 PRINT CVD(A$)
50 PRINT CVD(MKD$(.1))
60 A#=CVD(MKS$(1.5))
70 END
80 PRINT "Error";ERR:RESUME NEXT
RUN
 8
 .33333333333333
 .1
Error 5
Ok
color   auto    goto    list    run
--- CVD: zerobas C-BIOS_MSX1_EU_REPACK_DISK
ZB
10 ON ERROR GOTO 80
20 A$=MKD$(1/3)
30 PRINT LEN(A$)
40 PRINT CVD(A$)
50 PRINT CVD(MKD$(.1))
60 A#=CVD(MKS$(1.5))
70 END
80 PRINT "Error";ERR:RESUME NEXT
RUN
 8
 .33333333333333
 .1
Error 5
ZB
color   auto    goto    list    run
=== CVD: PASS
