--- MOD: reference Philips_VG_8020
Ok
10 PRINT 7 MOD 3;-7 MOD 2;7 MOD -2
20 PRINT 7.9 MOD 3;7.5 MOD 4
30 FOR I=1 TO 6:PRINT I MOD 3;:NEXT
40 PRINT
50 ON ERROR GOTO 80
60 PRINT 5 MOD 0
70 END
80 PRINT "Error";ERR:RESUME NEXT
RUN
 1 -1  1
 1  3
 1  2  0  1  2  0
Error 11
Ok
color   auto    goto    list    run
--- MOD: zerobas C-BIOS_MSX1_EU_REPACK_NODISK
ZB
10 PRINT 7 MOD 3;-7 MOD 2;7 MOD -2
20 PRINT 7.9 MOD 3;7.5 MOD 4
30 FOR I=1 TO 6:PRINT I MOD 3;:NEXT
40 PRINT
50 ON ERROR GOTO 80
60 PRINT 5 MOD 0
70 END
80 PRINT "Error";ERR:RESUME NEXT
RUN
 1 -1  1
 1  3
 1  2  0  1  2  0
Error 11
ZB
color   auto    goto    list    run
=== MOD: PASS
