--- XOR: reference Philips_VG_8020
Ok
10 PRINT 5 XOR 3;12 XOR 9
20 PRINT 5 XOR -1
30 A=1234:K=99:B=A XOR K
40 PRINT B;B XOR K
50 ON ERROR GOTO 80
60 PRINT 1 XOR 70000
70 END
80 PRINT "Error";ERR:RESUME NEXT
RUN
 6  5
-6
 1201  1234
Error 6
Ok
color   auto    goto    list    run
--- XOR: zerobas C-BIOS_MSX1_EU_REPACK_NODISK
ZB
10 PRINT 5 XOR 3;12 XOR 9
20 PRINT 5 XOR -1
30 A=1234:K=99:B=A XOR K
40 PRINT B;B XOR K
50 ON ERROR GOTO 80
60 PRINT 1 XOR 70000
70 END
80 PRINT "Error";ERR:RESUME NEXT
RUN
 6  5
-6
 1201  1234
Error 6
ZB
color   auto    goto    list    run
=== XOR: PASS
