--- OR: reference Philips_VG_8020
Ok
10 PRINT 5 OR 3;12 OR 10
20 PRINT 0 OR 0;-1 OR 0
30 K=0:K=K OR 4:K=K OR 1:PRINT K
40 ON ERROR GOTO 70
50 PRINT 1 OR "A"
60 END
70 PRINT "Error";ERR:RESUME NEXT
RUN
 7  14
 0 -1
 5
Error 13
Ok
color   auto    goto    list    run
--- OR: zerobas C-BIOS_MSX1_EU_REPACK_NODISK
ZB
10 PRINT 5 OR 3;12 OR 10
20 PRINT 0 OR 0;-1 OR 0
30 K=0:K=K OR 4:K=K OR 1:PRINT K
40 ON ERROR GOTO 70
50 PRINT 1 OR "A"
60 END
70 PRINT "Error";ERR:RESUME NEXT
RUN
 7  14
 0 -1
 5
Error 13
ZB
color   auto    goto    list    run
=== OR: PASS
