=== zb
  --- one
       0 | ZB10 FILES"HI.TXT":PRINT"<B>"|
       1 | ZBRUN|
       2 | HI      .TXT|
       3 | <B>|
       4 | ZB|
  --- onep
       0 | ZB10 FILES"HI.TXT"|
       1 | ZB20 PRINT"<";CSRLIN;",";POS(0);">"|
       2 | ZBRUN|
       3 | HI      .TXT|
       4 | < 4 , 5 >|
       5 | ZB|
  --- all
       0 | ZB10 FILES:PRINT"<B>"|
       1 | ZBRUN|
       2 | TEST    .BIN HI      .TXT PROG    .BIN|
       3 | PROG    .BAS PROG2   .BAS|
       4 | <B>|
       5 | ZB|
  --- allp
       0 | ZB10 FILES|
       1 | ZB20 PRINT"<";CSRLIN;",";POS(0);">"|
       2 | ZBRUN|
       3 | TEST    .BIN HI      .TXT PROG    .BIN|
       4 | PROG    .BAS PROG2   .BAS|
       5 | < 5 , 5 >|
       6 | ZB|
  --- none
       0 | ZB10 PRINT"<";CSRLIN;",";POS(0);">"|
       1 | ZBRUN|
       2 | < 2 , 5 >|
       3 | ZB|
=== cf3300
  --- one
       0 | Ok|
       1 | 10 FILES"HI.TXT":PRINT"<B>"|
       2 | RUN|
       3 | HI      .TXT <B>|
       4 | Ok|
      23 | color   auto    goto    list    run|
  --- onep
       0 | Ok|
       1 | 10 FILES"HI.TXT"|
       2 | 20 PRINT"<";CSRLIN;",";POS(0);">"|
       3 | RUN|
       4 | HI      .TXT < 4 , 18 >|
       5 | Ok|
      23 | color   auto    goto    list    run|
  --- all
       0 | Ok|
       1 | 10 FILES:PRINT"<B>"|
       2 | RUN|
       3 | TEST    .BIN HI      .TXT PROG    .BIN|
       4 | PROG    .BAS PROG2   .BAS <B>|
       5 | Ok|
      23 | color   auto    goto    list    run|
  --- allp
       0 | Ok|
       1 | 10 FILES|
       2 | 20 PRINT"<";CSRLIN;",";POS(0);">"|
       3 | RUN|
       4 | TEST    .BIN HI      .TXT PROG    .BIN|
       5 | PROG    .BAS PROG2   .BAS < 5 , 31 >|
       6 | Ok|
      23 | color   auto    goto    list    run|
  --- none
       0 | Ok|
       1 | 10 PRINT"<";CSRLIN;",";POS(0);">"|
       2 | RUN|
       3 | < 3 , 5 >|
       4 | Ok|
      23 | color   auto    goto    list    run|
refcache: 0 hit, 2 miss, 2 stored
