=== zb (C-BIOS_MSX1_EU_REPACK_DISK)
  dskf   -1     |  ZB10 PRINT"[";DSKF(1)>0;"]" ZBRUN [-1 ] ZB 
  dskfv  707    |  ZB10 PRINT"[";DSKF(1);"]" ZBRUN [ 707 ] ZB 
  lof    26     |  ZB10 OPEN"HI.TXT"FOR INPUT AS#1 ZB20 A=LOF(1):CLOSE#1:PRINT"[";A;"]" ZBRUN [ 26 ] ZB 
  loc    26     |  ZB10 OPEN"HI.TXT"FOR INPUT AS#1 ZB20 A$=INPUT$(10,#1):A=LOC(1):CLOSE#1 ZB30 PRINT"[";A;"]" ZBRUN [ 26 ] ZB 
  eof    -1     |  ZB10 OPEN"HI.TXT"FOR INPUT AS#1 ZB20 A$=INPUT$(26,#1):A=EOF(1):CLOSE#1 ZB30 PRINT"[";A;"]" ZBRUN [-1 ] ZB 
  files  1      |  HI .TXT [F 1 ] ZB 
  dski   84     |  ZB10 A$=DSKI$(0,7) ZB20 B=PEEK(&HF351)+256*PEEK(&HF352) ZB30 A=PEEK(B):PRINT"[";A;"]" ZBRUN [ 84 ] ZB 
  bload  62     |  ZB10 POKE&HC000,7:BLOAD"PROG.BIN" ZB20 A=PEEK(&HC000):PRINT"[";A;"]" ZBRUN [ 62 ] ZB 
  runkw  2      | 20 POKE&HE001,PEEK(&HE001)+1 ZB30 IF PEEK(&HE001)<2 THEN RUN 20 ZB40 PRINT"[";PEEK(&HE001);"]" ZBRUN [ 2 ] ZB 
  close  6      | ZB20 PRINT#1,"ABC":CLOSE#1 ZB30 OPEN"W.TXT"FOR INPUT AS#1:A=LOF(1) ZB40 CLOSE#1:PRINT"[";A;"]" ZBRUN [ 6 ] ZB 
  bsave  99     |  BSAVE"O.BIN",&HC800,&HC800 ZB30 POKE&HC800,7:BLOAD"O.BIN" ZB40 A=PEEK(&HC800):PRINT"[";A;"]" ZBRUN [ 99 ] ZB 
  save   68     |  ZB10 A=1:SAVE"S.BAS" ZB20 OPEN"S.BAS"FOR INPUT AS#1:A=LOF(1) ZB30 CLOSE#1:PRINT"[";A;"]" ZBRUN [ 68 ] ZB 
  lset   66     |  ZB10 OPEN"R.DAT"AS#1:FIELD#1,4 AS A$ ZB20 LSET A$="B":A=ASC(A$):CLOSE#1 ZB30 PRINT"[";A;"]" ZBRUN [ 66 ] ZB 
  rset   32     |  ZB10 OPEN"R.DAT"AS#1:FIELD#1,4 AS A$ ZB20 RSET A$="B":A=ASC(A$):CLOSE#1 ZB30 PRINT"[";A;"]" ZBRUN [ 32 ] ZB 
  copy   26     | COPY"HI.TXT" TO "H2.TXT" ZB20 OPEN"H2.TXT"FOR INPUT AS#1 ZB30 A=LOF(1):CLOSE#1:PRINT"[";A;"]" ZBRUN [ 26 ] ZB 
  kill   NONE   |  ZB10 A=DSKF(1):KILL"PROG2.BAS" ZB20 B=DSKF(1):PRINT"[";B-A;"]" ZBRUN 
  merge  7      |  A=7:RETURN":CLOSE ZB30 MERGE"N.BAS":GOSUB 100 ZB40 PRINT"[";A;"]" ZBRUN [ 7 ] RETURN without GOSUB in 100 ZB 
  dsko   88     | HF352) ZB30 POKE B,88:DSKO$0,7:A$=DSKI$(0,0) ZB40 A$=DSKI$(0,7):A=PEEK(B) ZB50 PRINT"[";A;"]" ZBRUN [ 88 ] ZB 
  setkw  NONE   |  ZB10 SET PASSWORD ZBRUN Illegal function call in 10 ZB 
  cmdkw  NONE   |  ZB10 CMD"X" ZBRUN Illegal function call in 10 ZB 
  iplkw  NONE   |  ZB10 IPL ZBRUN Illegal function call in 10 ZB 
refcache: 0 hit, 1 miss, 1 stored
