python3 tools/run_gates.py 
=== warm-up (serial build of shared artifacts) ===
warm-up 7s
=== refcache OFF for every unit: a gate measures, it never replays (docs/spec-refcache.md §7) ===
=== emulator tier RUNS: probes/tests/tools or the Makefile changed ===
=== 4 tree-mutating unit(s), SERIAL (they rewrite a shared tracked file) ===
  rc=0              1s  switch-build-check
  rc=0              5s  diskdep-check
  rc=0              0s  wall-literal-check
  rc=0             47s  selftest-check
  (post-mutator refresh 7s -- the plants moved mtimes, so the pool would otherwise race a rebuild)
=== 117 units, J=8, lineerr in 8 shards, nice=0 solo=None ===
  rc=0              3s  basic-reloc
  rc=0              0s  subrom-abi-check
  rc=0              0s  diskrom-abi-check
  rc=0              0s  rom-parts-check
  rc=0              1s  subrom-closure-check
  rc=0             27s  unit-test
  rc=0              0s  deadcode
  rc=0              3s  wall-assertion-check
  rc=0              0s  ram-claim-check
  rc=0              0s  build-assert-check
  rc=0              3s  needle-case-check
  rc=0              0s  redundant-load-check
  rc=0              1s  rowshape-check
  rc=0              4s  injector-check
  rc=0              1s  temp-root-check
  rc=0              2s  todo-citation-check
  rc=0              0s  todo-marker-check
  rc=0              0s  deferral-pin-check
  rc=0              1s  error-alphabet-check
  rc=0              2s  chokepoint-check
  rc=0              0s  shared-body-check
  rc=0              0s  probe-reach-check
  rc=0              0s  battery-membership-check
  rc=0              0s  fixture-integrity-check
  rc=0              1s  preflight-check
  rc=0              4s  latch-check
  rc=0             19s  kwsweep
  rc=0             12s  patch-freshness-check
  rc=0              2s  refcache-check
  rc=0              0s  knife-guard-check
  rc=0              1s  knife-rom-guard-check
  rc=0              0s  deffn-selftest
  rc=0              1s  banner-acceptance
  rc=0             36s  string-acceptance
  rc=0             19s  str-domain-acceptance
  rc=0             12s  strparen-acceptance
  rc=0             42s  penderr-acceptance
  rc=0             45s  missing-acceptance
  rc=0             11s  error-acceptance
  rc=0             66s  error-trap-acceptance
  rc=0             91s  onerr0-acceptance
  rc=0            113s  math-acceptance
  rc=0             87s  float-acceptance
  rc=0             42s  intarg-acceptance
  rc=0             36s  logicops-acceptance
  rc=0            228s  screenerr-acceptance
  rc=0             48s  tmfp-acceptance
  rc=0             52s  stmtpend-acceptance
  rc=0            110s  array-acceptance
  rc=0            123s  deffn-strict
  rc=0            361s  graphics-acceptance
  rc=0             53s  abort-acceptance
  rc=0            142s  interval-trap-acceptance
  rc=0             84s  clearpool-acceptance
  rc=0            133s  stackpool-acceptance
  rc=0            160s  trapdepth-acceptance
  rc=0             74s  ctlcross-acceptance
  rc=0            405s  ctllim-acceptance
  rc=0            415s  ramfree-acceptance
  rc=0             12s  txtceil-acceptance
  rc=0             21s  cursor-acceptance
  rc=0             80s  time-acceptance
  rc=0            303s  namspc-acceptance
  rc=0             99s  arrdim-acceptance
  rc=0             52s  arylv-acceptance
  rc=0             60s  badfnum-acceptance
  rc=0              9s  beep-acceptance
  rc=0             23s  binfre-acceptance
  rc=0             28s  cassave-acceptance
  rc=0             83s  castail-acceptance
  rc=0            119s  deffn-acceptance
  rc=0             50s  direct-ctrl-acceptance
  rc=0              9s  dskmsg-acceptance
  rc=0             83s  editverb-acceptance
  rc=0             32s  fldary-acceptance
  rc=0             93s  fldwidth-acceptance
  rc=0             26s  forvar-acceptance
  rc=0             50s  gicini-acceptance
  rc=0              0s  graphics-floor-acceptance
  rc=0            149s  ifsem-acceptance
  rc=0              9s  input-acceptance
  rc=0             58s  nodisk-acceptance
  rc=0             77s  pusing-acceptance
  rc=0             42s  catterm-acceptance
  rc=0             14s  catusr-acceptance
  rc=0             13s  nameord-acceptance
  rc=0             11s  namegate-acceptance
  rc=0             39s  inputary-acceptance
  rc=0            136s  key-trap-acceptance
  rc=0             53s  linemax-acceptance
  rc=0            142s  lnblank-acceptance
  rc=0             39s  locarg-acceptance
  rc=0             42s  lof-acceptance
  rc=0             81s  lptverb-acceptance
  rc=0             56s  lrvar-acceptance
  rc=0             60s  lvfix-acceptance
  rc=0             26s  nxary-acceptance
  rc=0             21s  nxlist-acceptance
  rc=0             30s  play-acceptance
  rc=0             11s  play-trace-acceptance
  rc=0             21s  readvar-acceptance
  rc=0              9s  runtail-acceptance
  rc=0             23s  sound-acceptance
  rc=0             68s  sprite-trap-acceptance
  rc=0             54s  stop-trap-acceptance
  rc=0            152s  strig-trap-acceptance
  rc=0              0s  subrom-acceptance
  rc=0             65s  tgtspc-acceptance
  rc=0             77s  width-acceptance
  rc=0            111s  lineerr#1/8
  rc=0            107s  lineerr#2/8
  rc=0            108s  lineerr#3/8
  rc=0            105s  lineerr#4/8
  rc=0            100s  lineerr#5/8
  rc=0             95s  lineerr#6/8
  rc=0             80s  lineerr#7/8
  rc=0             63s  lineerr#8/8

=== wall 871s (7s build + 864s gates) ===
GATES: 114/114 green
🔴 BATTERY FAILED ON A POOL WRITE: 1 TRACKED FILE(S) WERE WRITTEN DURING THE PARALLEL POOL. The gate tally above is about the gates; this is about the tree they ran on — 40+ units read these while they changed, and a torn read has no witness of its own.
     TODO.md
       running at the write: catterm-acceptance, catusr-acceptance, ctllim-acceptance, ifsem-acceptance, nameord-acceptance, namspc-acceptance, pusing-acceptance, ramfree-acceptance
     → re-run each named unit ALONE and diff the tree, then put the offender in MUTATORS. A legitimately regenerated path goes in REGENERATED, with its reason.
hashes: bd950846 8abf090a 6c5345c2 70c05175
🔴 THE BATTERY LEFT 1 TRACKED FILE(S) DIRTY that were clean when it started -- a plant that was not restored: TODO.md
make: *** [gates] Error 1
