python3 tools/install-repack-machine.py --merged build/zerobas-main-eu.rom --disk-rom build/disk.rom \
	  --sub-rom build/sub.rom
wrote C-BIOS_MSX1_EU_REPACK_DISK  (-> machine "C-BIOS_MSX1_EU_REPACK_DISK": merged repack ROM in slot 0, zerobas-disk in slot 3-1, zerobas-sub in slot 3-2)
     /Users/joost/.openMSX/share/machines/C-BIOS_MSX1_EU_REPACK_DISK.xml
python3 tools/install-repack-machine.py --merged build/zerobas-main-eu.rom --sub-rom build/sub.rom \
	  --no-disk
wrote C-BIOS_MSX1_EU_REPACK_NODISK  (-> machine "C-BIOS_MSX1_EU_REPACK_NODISK": merged repack ROM in slot 0, slot 3-1 EMPTY (diskless target), zerobas-sub in slot 3-2)
     /Users/joost/.openMSX/share/machines/C-BIOS_MSX1_EU_REPACK_NODISK.xml
python3 probes/basic/basic_probe_kwsweep.py \
	        --zb-machine C-BIOS_MSX1_EU_REPACK_DISK --only 'llist,lposkw,lfiles'
build under measurement: git=b5c5b1ac zerobas-main-eu.rom=4b8ab7997c91 sub.rom=0fabb2c45707 disk.rom=fc5ed2de76d7

==============================================================================
LAYER 1 — CRUNCH (tokenisation only; NOT a support answer)
==============================================================================
SAME   llist     llist
SAME   lposkw    a=lpos(0)
SAME   lfiles    lfiles

==============================================================================
LAYER 2 — SUPPORT (the load-bearing layer)
==============================================================================
SUPPORTED     llist     LLIST:REM ZQ8
            ref  [value] '10 LLIST:REM ZQ8\\r\\n'
SUPPORTED     lposkw    LPRINT"ABC";:PRINT"[P";LPOS(0);"]"
            ref  [value] '[P 3 ]'
SUPPORTED     lfiles    LPRINT"AB";:LFILES:PRINT"[P";LPOS(0);"]"
            ref  [value] '[P 0 ]'

==============================================================================
COMBINED — tokenised? x observable consequence
==============================================================================
word       crunch  support     consequence
------------------------------------------------------------------------------
llist      present SUPPORTED   match
lposkw     present SUPPORTED   match
lfiles     present SUPPORTED   match

==============================================================================
SUMMARY  SUPPORTED=3
         executed 3 / 3 words; 0 crunch-only
==============================================================================
ROWS: 3 printed, 3 scored — 0 crunch-only word(s) carry no support reading and are printed but not scored
pin: 3 row verdict(s) -> /Users/joost/projects/zerobas/build/kwsweep-verdicts.json

=== CRUNCH PIN — words the reference tokenises and zerobas does not ===
refcache: 3 hit, 7 miss, 7 stored
