python3 tools/install-repack-machine.py --merged build/zerobas-main-eu.rom --disk-rom build/disk.rom \
	  --sub-rom build/sub.rom
wrote C-BIOS_MSX1_EU_REPACK_DISK  (-> machine "C-BIOS_MSX1_EU_REPACK_DISK": merged repack ROM in slot 0, zerobas-disk in slot 3-1, zerobas-sub in slot 3-2)
     /Users/joost/.openMSX/share/machines/C-BIOS_MSX1_EU_REPACK_DISK.xml
python3 tools/install-repack-machine.py --merged build/zerobas-main-eu.rom --sub-rom build/sub.rom \
	  --no-disk
wrote C-BIOS_MSX1_EU_REPACK_NODISK  (-> machine "C-BIOS_MSX1_EU_REPACK_NODISK": merged repack ROM in slot 0, slot 3-1 EMPTY (diskless target), zerobas-sub in slot 3-2)
     /Users/joost/.openMSX/share/machines/C-BIOS_MSX1_EU_REPACK_NODISK.xml
python3 probes/basic/basic_probe_kwsweep.py \
	        --zb-machine C-BIOS_MSX1_EU_REPACK_DISK --only 'chr_t3,mid_t3,log_t3,str_t3,goto_t3,next_t3,ret_t3'
build under measurement: git=c09d3025 zerobas-main-eu.rom=e3dbed366d26 sub.rom=bf1c245daaf2 disk.rom=a01dabda5043

==============================================================================
LAYER 1 — CRUNCH (tokenisation only; NOT a support answer)
==============================================================================
SAME   chr_t3    a$=chr$(256)
SAME   mid_t3    a$=mid$("ab",0)
SAME   log_t3    a=log(0)
SAME   str_t3    a$=string$(300,"a")
SAME   goto_t3   goto 9999
SAME   next_t3   next
SAME   ret_t3    return

==============================================================================
LAYER 2 — SUPPORT (the load-bearing layer)
==============================================================================
SUPPORTED     chr_t3    PRINT CHR$(256)
            ref  [error:illegal function call] 'Illegal function call'
SUPPORTED     mid_t3    PRINT MID$("AB",0)
            ref  [error:illegal function call] 'Illegal function call'
SUPPORTED     log_t3    PRINT LOG(0)
            ref  [error:illegal function call] 'Illegal function call'
SUPPORTED     str_t3    PRINT STRING$(300,"A")
            ref  [error:illegal function call] 'Illegal function call'
SUPPORTED     goto_t3   GOTO 9999
            ref  [error:undefined line] 'Undefined line number'
SUPPORTED     next_t3   NEXT
            ref  [value] 'NEXT without FOR'
SUPPORTED     ret_t3    RETURN
            ref  [value] 'RETURN without GOSUB'

==============================================================================
COMBINED — tokenised? x observable consequence
==============================================================================
word       crunch  support     consequence
------------------------------------------------------------------------------
chr_t3     present SUPPORTED   match
mid_t3     present SUPPORTED   match
log_t3     present SUPPORTED   match
str_t3     present SUPPORTED   match
goto_t3    present SUPPORTED   match
next_t3    present SUPPORTED   match
ret_t3     present SUPPORTED   match

==============================================================================
SUMMARY  SUPPORTED=7
         executed 7 / 7 words; 0 crunch-only
==============================================================================
ROWS: 7 printed, 7 scored — 0 crunch-only word(s) carry no support reading and are printed but not scored
pin: 7 row verdict(s) -> /Users/joost/projects/zerobas/build/kwsweep-verdicts.json

=== CRUNCH PIN — words the reference tokenises and zerobas does not ===
refcache: 0 hit, 4 miss, 4 stored
