python3 tools/install-repack-machine.py --merged build/zerobas-main-eu.rom --disk-rom build/disk.rom \
	  --sub-rom build/sub.rom
wrote C-BIOS_MSX1_EU_REPACK_DISK  (-> machine "C-BIOS_MSX1_EU_REPACK_DISK": merged repack ROM in slot 0, zerobas-disk in slot 3-1, zerobas-sub in slot 3-2)
     /Users/joost/.openMSX/share/machines/C-BIOS_MSX1_EU_REPACK_DISK.xml
python3 tools/install-repack-machine.py --merged build/zerobas-main-eu.rom --sub-rom build/sub.rom \
	  --no-disk
wrote C-BIOS_MSX1_EU_REPACK_NODISK  (-> machine "C-BIOS_MSX1_EU_REPACK_NODISK": merged repack ROM in slot 0, slot 3-1 EMPTY (diskless target), zerobas-sub in slot 3-2)
     /Users/joost/.openMSX/share/machines/C-BIOS_MSX1_EU_REPACK_NODISK.xml
python3 probes/basic/basic_probe_kwsweep.py \
	        --zb-machine C-BIOS_MSX1_EU_REPACK_DISK --only 'len_t3,hex_t3,oct_t3,int_t3,exp_t3,vpoke_t3,sound_t3,fn_t3'
build under measurement: git=a73262f7 zerobas-main-eu.rom=e3dbed366d26 sub.rom=bf1c245daaf2 disk.rom=a01dabda5043

==============================================================================
LAYER 1 — CRUNCH (tokenisation only; NOT a support answer)
==============================================================================
SAME   len_t3    a=len(5)
SAME   hex_t3    a$=hex$("a")
SAME   oct_t3    a$=oct$("a")
SAME   int_t3    a=int("a")
SAME   exp_t3    a=exp(1000)
SAME   vpoke_t3  vpoke 20000,0
SAME   sound_t3  sound 20,0
SAME   fn_t3     a=fnzz(1)

==============================================================================
LAYER 2 — SUPPORT (the load-bearing layer)
==============================================================================
SUPPORTED     len_t3    PRINT LEN(5)
            ref  [error:type mismatch] 'Type mismatch'
SUPPORTED     hex_t3    PRINT HEX$("A")
            ref  [error:type mismatch] 'Type mismatch'
SUPPORTED     oct_t3    PRINT OCT$("A")
            ref  [error:type mismatch] 'Type mismatch'
SUPPORTED     int_t3    PRINT INT("A")
            ref  [error:type mismatch] 'Type mismatch'
SUPPORTED     exp_t3    PRINT EXP(1000)
            ref  [error:overflow] 'Overflow'
SUPPORTED     vpoke_t3  VPOKE 20000,0
            ref  [error:illegal function call] 'Illegal function call'
SUPPORTED     sound_t3  SOUND 20,0
            ref  [error:illegal function call] 'Illegal function call'
SUPPORTED     fn_t3     PRINT FNZZ(1)
            ref  [value] 'Undefined user function'

==============================================================================
COMBINED — tokenised? x observable consequence
==============================================================================
word       crunch  support     consequence
------------------------------------------------------------------------------
len_t3     present SUPPORTED   match
hex_t3     present SUPPORTED   match
oct_t3     present SUPPORTED   match
int_t3     present SUPPORTED   match
exp_t3     present SUPPORTED   match
vpoke_t3   present SUPPORTED   match
sound_t3   present SUPPORTED   match
fn_t3      present SUPPORTED   match

==============================================================================
SUMMARY  SUPPORTED=8
         executed 8 / 8 words; 0 crunch-only
==============================================================================
ROWS: 8 printed, 8 scored — 0 crunch-only word(s) carry no support reading and are printed but not scored
pin: 8 row verdict(s) -> /Users/joost/projects/zerobas/build/kwsweep-verdicts.json

=== CRUNCH PIN — words the reference tokenises and zerobas does not ===
refcache: 0 hit, 4 miss, 4 stored
