python3 tools/run_gates.py 
=== warm-up (serial build of shared artifacts) ===
warm-up 7s
=== refcache OFF for every unit: a gate measures, it never replays (docs/spec-refcache.md §7) ===
=== emulator tier RUNS: probes/tests/tools or the Makefile changed ===
=== 4 tree-mutating unit(s), SERIAL (they rewrite a shared tracked file) ===
  rc=0              1s  switch-build-check
  rc=0              6s  diskdep-check
  rc=0              0s  wall-literal-check
  rc=0             50s  selftest-check
  (post-mutator refresh 7s -- the plants moved mtimes, so the pool would otherwise race a rebuild)
=== 131 units, J=8, lineerr in 8 shards, nice=0 solo=None ===
  rc=0              3s  basic-reloc
  rc=0              0s  deps-check
  rc=0              0s  subrom-abi-check
  rc=0              0s  diskrom-abi-check
  rc=0              0s  rom-parts-check
  rc=0              1s  subrom-closure-check
  rc=0             28s  unit-test
  rc=0              0s  deadcode
  rc=0              3s  wall-assertion-check
  rc=0              0s  ram-claim-check
  rc=0              0s  build-assert-check
  rc=0              4s  needle-case-check
  rc=0              0s  redundant-load-check
  rc=0              1s  rowshape-check
  rc=0              5s  injector-check
  rc=0              1s  temp-root-check
  rc=0              2s  todo-citation-check
  rc=0              0s  todo-marker-check
  rc=0              0s  deferral-pin-check
  rc=0              1s  error-alphabet-check
  rc=0              2s  chokepoint-check
  rc=0              0s  filed-pin-check
  rc=0              2s  disk-mount-check
  rc=0              0s  shared-body-check
  rc=0              0s  probe-reach-check
  rc=0              0s  battery-membership-check
  rc=0              0s  fixture-integrity-check
  rc=0              1s  preflight-check
  rc=0              4s  latch-check
  rc=0             70s  kwsweep
  rc=0             12s  patch-freshness-check
  rc=0              2s  refcache-check
  rc=0              0s  knife-guard-check
  rc=0              1s  knife-rom-guard-check
  rc=0              0s  deffn-selftest
  rc=0              0s  probe-sides-selftest
  rc=0              0s  banner-acceptance
  rc=0             34s  string-acceptance
  rc=0             18s  str-domain-acceptance
  rc=0             12s  strparen-acceptance
  rc=0             54s  penderr-acceptance
  rc=0             46s  missing-acceptance
  rc=0             12s  error-acceptance
  rc=0             68s  error-trap-acceptance
  rc=0             93s  onerr0-acceptance
  rc=0            113s  math-acceptance
  rc=0             88s  float-acceptance
  rc=0             58s  intarg-acceptance
  rc=0             46s  logicops-acceptance
  rc=0            235s  screenerr-acceptance
  rc=0             41s  tmfp-acceptance
  rc=0             61s  stmtpend-acceptance
  rc=0            115s  array-acceptance
  rc=0            125s  deffn-strict
  rc=0            370s  graphics-acceptance
  rc=0             56s  abort-acceptance
  rc=0            144s  interval-trap-acceptance
  rc=0             89s  clearpool-acceptance
  rc=0            129s  stackpool-acceptance
  rc=0            157s  trapdepth-acceptance
  rc=0             63s  trapsvc-acceptance
  rc=0             73s  ctlcross-acceptance
  rc=0            377s  ctllim-acceptance
  rc=0            430s  ramfree-acceptance
  rc=0             19s  txtceil-acceptance
  rc=0              7s  runline-acceptance
  rc=0             10s  keystr-acceptance
  rc=0              4s  loc-acceptance
  rc=0              9s  dskio-acceptance
  rc=0             11s  copy-acceptance
  rc=0             10s  screditor-acceptance
  rc=0             16s  nodiskerr-acceptance
  rc=0             14s  parennest-acceptance
  rc=0             12s  cursor-acceptance
  rc=0             88s  time-acceptance
  rc=0            298s  namspc-acceptance
  rc=0            104s  arrdim-acceptance
  rc=0             20s  asciidigit-acceptance
  rc=0             62s  arylv-acceptance
  rc=0             55s  badfnum-acceptance
  rc=0              9s  beep-acceptance
  rc=0             28s  binfre-acceptance
  rc=0             17s  cassave-acceptance
  rc=0             75s  castail-acceptance
  rc=0            126s  deffn-acceptance
  rc=0             46s  direct-ctrl-acceptance
  rc=0             11s  dskmsg-acceptance
  rc=0             83s  editverb-acceptance
  rc=0             32s  fldary-acceptance
  rc=0             97s  fldwidth-acceptance
  rc=0             26s  forvar-acceptance
  rc=0             53s  gicini-acceptance
  rc=0              4s  graphics-floor-acceptance
  rc=0            152s  ifsem-acceptance
  rc=0              4s  input-acceptance
  rc=0             72s  nodisk-acceptance
  rc=0             85s  pusing-acceptance
  rc=0             48s  catterm-acceptance
  rc=0             13s  catusr-acceptance
  rc=0             17s  nameord-acceptance
  rc=0             14s  namegate-acceptance
  rc=0             35s  inputary-acceptance
  rc=0            138s  key-trap-acceptance
  rc=0             61s  linemax-acceptance
  rc=0            128s  lnblank-acceptance
  rc=0             39s  locarg-acceptance
  rc=0             45s  lof-acceptance
  rc=0             92s  lptverb-acceptance
  rc=0             57s  lrvar-acceptance
  rc=0             53s  lvfix-acceptance
  rc=0             20s  nxary-acceptance
  rc=0             20s  nxlist-acceptance
  rc=0             32s  play-acceptance
  rc=0             10s  play-trace-acceptance
  rc=0             18s  readvar-acceptance
  rc=0              8s  runtail-acceptance
  rc=0             24s  sound-acceptance
  rc=0             73s  sprite-trap-acceptance
  rc=0             55s  stop-trap-acceptance
  rc=0            143s  strig-trap-acceptance
  rc=0              6s  subrom-acceptance
  rc=0             65s  tgtspc-acceptance
  rc=0             69s  width-acceptance
  rc=0            112s  lineerr#1/8
  rc=0            110s  lineerr#2/8
  rc=0            113s  lineerr#3/8
  rc=0            104s  lineerr#4/8
  rc=0             97s  lineerr#5/8
  rc=0             95s  lineerr#6/8
  rc=0             90s  lineerr#7/8
  rc=0             63s  lineerr#8/8

=== wall 910s (7s build + 904s gates) ===
GATES: 128/128 green
hashes: 844c9814 c3df5c56 c35d5500 fc5ed2de
recorded: this full green battery is now the baseline a future skip must prove itself against
