python3 tools/install-repack-machine.py --merged build/zerobas-main-eu.rom --disk-rom build/disk.rom \
	  --sub-rom build/sub.rom
wrote C-BIOS_MSX1_EU_REPACK_DISK  (-> machine "C-BIOS_MSX1_EU_REPACK_DISK": merged repack ROM in slot 0, zerobas-disk in slot 3-1, zerobas-sub in slot 3-2)
     /Users/joost/.openMSX/share/machines/C-BIOS_MSX1_EU_REPACK_DISK.xml
python3 tools/install-repack-machine.py --merged build/zerobas-main-eu.rom --sub-rom build/sub.rom \
	  --no-disk
wrote C-BIOS_MSX1_EU_REPACK_NODISK  (-> machine "C-BIOS_MSX1_EU_REPACK_NODISK": merged repack ROM in slot 0, slot 3-1 EMPTY (diskless target), zerobas-sub in slot 3-2)
     /Users/joost/.openMSX/share/machines/C-BIOS_MSX1_EU_REPACK_NODISK.xml
python3 probes/basic/basic_probe_kwsweep.py \
	        --zb-machine C-BIOS_MSX1_EU_REPACK_DISK --only 'sqr_t3,asc_t3,left_t3,dim_t3,read_t3'
build under measurement: git=12146748 zerobas-main-eu.rom=c35d55003707 sub.rom=c3df5c5688bc disk.rom=fc5ed2de76d7

==============================================================================
LAYER 1 — CRUNCH (tokenisation only; NOT a support answer)
==============================================================================
SAME   sqr_t3    a=sqr(-1)
SAME   asc_t3    a=asc("")
SAME   left_t3   a$=left$(5,1)
SAME   dim_t3    dim zz(2)
SAME   read_t3   read zv

==============================================================================
LAYER 2 — SUPPORT (the load-bearing layer)
==============================================================================
MISSING       read_t3   READ ZV
            ref  [value] 'Out of DATA'
            zb   [error:syntax error] 'Syntax error'
SUPPORTED     sqr_t3    PRINT SQR(-1)
            ref  [error:illegal function call] 'Illegal function call'
SUPPORTED     asc_t3    PRINT ASC("")
            ref  [error:illegal function call] 'Illegal function call'
SUPPORTED     left_t3   PRINT LEFT$(5,1)
            ref  [error:type mismatch] 'Type mismatch'
SUPPORTED     dim_t3    DIM ZZ(2):ZZ(9)=1
            ref  [error:subscript out of range] 'Subscript out of range'

==============================================================================
COMBINED — tokenised? x observable consequence
==============================================================================
word       crunch  support     consequence
------------------------------------------------------------------------------
sqr_t3     present SUPPORTED   match
asc_t3     present SUPPORTED   match
left_t3    present SUPPORTED   match
dim_t3     present SUPPORTED   match
read_t3    present MISSING     ref 'Out of DATA' vs zb 'Syntax error'

==============================================================================
SUMMARY  MISSING=1  SUPPORTED=4
         executed 5 / 5 words; 0 crunch-only
==============================================================================
ROWS: 5 printed, 5 scored — 0 crunch-only word(s) carry no support reading and are printed but not scored
pin: 5 row verdict(s) -> /Users/joost/projects/zerobas/build/kwsweep-verdicts.json

=== CRUNCH PIN — words the reference tokenises and zerobas does not ===
refcache: 0 hit, 4 miss, 4 stored
