python3 tools/run_gates.py 
=== warm-up (serial build of shared artifacts) ===
warm-up 7s
=== refcache OFF for every unit: a gate measures, it never replays (docs/spec-refcache.md §7) ===
=== emulator tier RUNS: probes/tests/tools or the Makefile changed ===
=== 4 tree-mutating unit(s), SERIAL (they rewrite a shared tracked file) ===
  rc=0              1s  switch-build-check
  rc=0              6s  diskdep-check
  rc=0              0s  wall-literal-check
  rc=0             50s  selftest-check
  (post-mutator refresh 7s -- the plants moved mtimes, so the pool would otherwise race a rebuild)
=== 131 units, J=8, lineerr in 8 shards, nice=0 solo=None ===
  rc=0              3s  basic-reloc
  rc=0              0s  deps-check
  rc=0              0s  subrom-abi-check
  rc=0              0s  diskrom-abi-check
  rc=0              0s  rom-parts-check
  rc=0              1s  subrom-closure-check
  rc=0             27s  unit-test
  rc=0              0s  deadcode
  rc=0              3s  wall-assertion-check
  rc=0              0s  ram-claim-check
  rc=0              0s  build-assert-check
  rc=0              4s  needle-case-check
  rc=0              0s  redundant-load-check
  rc=0              1s  rowshape-check
  rc=0              5s  injector-check
  rc=0              1s  temp-root-check
  rc=0              2s  todo-citation-check
  rc=0              0s  todo-marker-check
  rc=0              0s  deferral-pin-check
  rc=0              1s  error-alphabet-check
  rc=0              2s  chokepoint-check
  rc=0              0s  filed-pin-check
  rc=0              2s  disk-mount-check
  rc=0              0s  shared-body-check
  rc=0              0s  probe-reach-check
  rc=0              0s  battery-membership-check
  rc=0              0s  fixture-integrity-check
  rc=0              1s  preflight-check
  rc=0              4s  latch-check
  rc=0             95s  kwsweep
  rc=0             11s  patch-freshness-check
  rc=0              1s  refcache-check
  rc=0              0s  knife-guard-check
  rc=0              1s  knife-rom-guard-check
  rc=0              0s  deffn-selftest
  rc=0              0s  probe-sides-selftest
  rc=0              0s  banner-acceptance
  rc=0             31s  string-acceptance
  rc=0             18s  str-domain-acceptance
  rc=0             11s  strparen-acceptance
  rc=0             51s  penderr-acceptance
  rc=0             54s  missing-acceptance
  rc=0             10s  error-acceptance
  rc=0             63s  error-trap-acceptance
  rc=0             90s  onerr0-acceptance
  rc=0            112s  math-acceptance
  rc=0             75s  float-acceptance
  rc=0             57s  intarg-acceptance
  rc=0             39s  logicops-acceptance
  rc=0            240s  screenerr-acceptance
  rc=0             42s  tmfp-acceptance
  rc=0             60s  stmtpend-acceptance
  rc=0            114s  array-acceptance
  rc=0            130s  deffn-strict
  rc=0            379s  graphics-acceptance
  rc=0             60s  abort-acceptance
  rc=0            142s  interval-trap-acceptance
  rc=0             91s  clearpool-acceptance
  rc=0            131s  stackpool-acceptance
  rc=0            154s  trapdepth-acceptance
  rc=0             64s  trapsvc-acceptance
  rc=0             67s  ctlcross-acceptance
  rc=0            375s  ctllim-acceptance
  rc=0            416s  ramfree-acceptance
  rc=0             19s  txtceil-acceptance
  rc=0              7s  runline-acceptance
  rc=0             10s  keystr-acceptance
  rc=0              9s  loc-acceptance
  rc=0              9s  dskio-acceptance
  rc=0             11s  copy-acceptance
  rc=0             10s  screditor-acceptance
  rc=0             12s  nodiskerr-acceptance
  rc=0             19s  parennest-acceptance
  rc=0             16s  cursor-acceptance
  rc=0             90s  time-acceptance
  rc=0            295s  namspc-acceptance
  rc=0             98s  arrdim-acceptance
  rc=0             26s  asciidigit-acceptance
  rc=0             58s  arylv-acceptance
  rc=0             55s  badfnum-acceptance
  rc=0              4s  beep-acceptance
  rc=0             29s  binfre-acceptance
  rc=0             18s  cassave-acceptance
  rc=0             76s  castail-acceptance
  rc=0            120s  deffn-acceptance
  rc=0             51s  direct-ctrl-acceptance
  rc=0             17s  dskmsg-acceptance
  rc=0             86s  editverb-acceptance
  rc=0             31s  fldary-acceptance
  rc=0             88s  fldwidth-acceptance
  rc=0             22s  forvar-acceptance
  rc=0             46s  gicini-acceptance
  rc=0              5s  graphics-floor-acceptance
  rc=0            142s  ifsem-acceptance
  rc=0              4s  input-acceptance
  rc=0             71s  nodisk-acceptance
  rc=0             93s  pusing-acceptance
  rc=0             44s  catterm-acceptance
  rc=0             19s  catusr-acceptance
  rc=0             13s  nameord-acceptance
  rc=0             12s  namegate-acceptance
  rc=0             35s  inputary-acceptance
  rc=0            129s  key-trap-acceptance
  rc=0             59s  linemax-acceptance
  rc=0            129s  lnblank-acceptance
  rc=0             40s  locarg-acceptance
  rc=0             43s  lof-acceptance
  rc=0             94s  lptverb-acceptance
  rc=0             57s  lrvar-acceptance
  rc=0             62s  lvfix-acceptance
  rc=0             22s  nxary-acceptance
  rc=0             24s  nxlist-acceptance
  rc=0             28s  play-acceptance
  rc=0             11s  play-trace-acceptance
  rc=0             22s  readvar-acceptance
  rc=0              7s  runtail-acceptance
  rc=0             23s  sound-acceptance
  rc=0             66s  sprite-trap-acceptance
  rc=0             54s  stop-trap-acceptance
  rc=0            127s  strig-trap-acceptance
  rc=0              0s  subrom-acceptance
  rc=0             70s  tgtspc-acceptance
  rc=0             77s  width-acceptance
  rc=0            105s  lineerr#1/8
  rc=0            112s  lineerr#2/8
  rc=0            107s  lineerr#3/8
  rc=0            100s  lineerr#4/8
  rc=0             98s  lineerr#5/8
  rc=0             85s  lineerr#6/8
  rc=0             79s  lineerr#7/8
  rc=0             62s  lineerr#8/8

=== wall 901s (7s build + 894s gates) ===
GATES: 128/128 green
hashes: 10650476 bf1c245d e3dbed36 a01dabda
recorded: this full green battery is now the baseline a future skip must prove itself against
