=== warm-up (serial build of shared artifacts) ===
warm-up 6s
=== 48 units, J=8, lineerr in 8 shards, nice=0 solo=None ===
  rc=0              2s  basic-reloc
  rc=0              0s  subrom-abi-check
  rc=0              1s  subrom-closure-check
  rc=0             22s  unit-test
  rc=0              0s  deadcode
  rc=0              2s  wall-assertion-check
  rc=0              0s  redundant-load-check
  rc=0              1s  rowshape-check
  rc=0              3s  injector-check
  rc=0              0s  temp-root-check
  rc=0              1s  todo-citation-check
  rc=0              1s  chokepoint-check
  rc=0              1s  preflight-check
  rc=0              4s  latch-check
  rc=0              4s  diskdep-check
  rc=0              1s  switch-build-check
  rc=0             28s  kwsweep
  rc=0              6s  patch-freshness-check
  rc=0              0s  deffn-selftest
  rc=0             33s  string-acceptance
  rc=0             18s  str-domain-acceptance
  rc=0             34s  strparen-acceptance
  rc=0            163s  penderr-acceptance
  rc=0             33s  missing-acceptance
  rc=0             15s  error-acceptance
  rc=0             62s  error-trap-acceptance
  rc=0             69s  onerr0-acceptance
  rc=0             96s  math-acceptance
  rc=0             84s  float-acceptance
  rc=0             37s  intarg-acceptance
  rc=0             35s  logicops-acceptance
  rc=0            200s  screenerr-acceptance
  rc=0            139s  tmfp-acceptance
  rc=0            179s  stmtpend-acceptance
  rc=0            105s  array-acceptance
  rc=0            117s  deffn-strict
  rc=0            305s  graphics-acceptance
  rc=0             55s  abort-acceptance
  rc=0            145s  interval-trap-acceptance
  rc=0             68s  clearpool-acceptance
  rc=0            114s  lineerr#1/8
  rc=0            113s  lineerr#2/8
  rc=0            113s  lineerr#3/8
  rc=0             99s  lineerr#4/8
  rc=0            103s  lineerr#5/8
  rc=0             94s  lineerr#6/8
  rc=0             75s  lineerr#7/8
  rc=0             68s  lineerr#8/8

=== wall 425s (6s build + 419s gates) ===
GATES: 41/41 green
hashes: 350db281 33ba143a eced167f
