python3 tools/run_gates.py 
=== warm-up (serial build of shared artifacts) ===
warm-up 7s
=== refcache OFF for every unit: a gate measures, it never replays (docs/spec-refcache.md §7) ===
=== emulator tier RUNS: probes/tests/tools or the Makefile changed ===
=== 4 tree-mutating unit(s), SERIAL (they rewrite a shared tracked file) ===
  rc=0              1s  switch-build-check
  rc=0              6s  diskdep-check
  rc=0              0s  wall-literal-check
  rc=0             48s  selftest-check
  (post-mutator refresh 7s -- the plants moved mtimes, so the pool would otherwise race a rebuild)
=== 117 units, J=8, lineerr in 8 shards, nice=0 solo=None ===
  rc=0              3s  basic-reloc
  rc=0              0s  subrom-abi-check
  rc=0              0s  diskrom-abi-check
  rc=0              0s  rom-parts-check
  rc=0              1s  subrom-closure-check
  rc=0             28s  unit-test
  rc=0              0s  deadcode
  rc=0              3s  wall-assertion-check
  rc=0              0s  ram-claim-check
  rc=0              0s  build-assert-check
  rc=0              3s  needle-case-check
  rc=0              0s  redundant-load-check
  rc=0              2s  rowshape-check
  rc=0              5s  injector-check
  rc=0              1s  temp-root-check
  rc=0              2s  todo-citation-check
  rc=0              0s  todo-marker-check
  rc=0              0s  deferral-pin-check
  rc=0              1s  error-alphabet-check
  rc=0              2s  chokepoint-check
  rc=0              0s  shared-body-check
  rc=0              0s  probe-reach-check
  rc=0              0s  battery-membership-check
  rc=0              0s  fixture-integrity-check
  rc=0              1s  preflight-check
  rc=0              4s  latch-check
  rc=0             26s  kwsweep
  rc=0             12s  patch-freshness-check
  rc=0              2s  refcache-check
  rc=0              0s  knife-guard-check
  rc=0              1s  knife-rom-guard-check
  rc=0              0s  deffn-selftest
  rc=0              0s  banner-acceptance
  rc=0             33s  string-acceptance
  rc=0             20s  str-domain-acceptance
  rc=0             12s  strparen-acceptance
  rc=0             53s  penderr-acceptance
  rc=0             49s  missing-acceptance
  rc=0              7s  error-acceptance
  rc=0             61s  error-trap-acceptance
  rc=0             97s  onerr0-acceptance
  rc=0            121s  math-acceptance
  rc=0             93s  float-acceptance
  rc=0             41s  intarg-acceptance
  rc=0             36s  logicops-acceptance
  rc=0            241s  screenerr-acceptance
  rc=0             50s  tmfp-acceptance
  rc=0             70s  stmtpend-acceptance
  rc=0            112s  array-acceptance
  rc=0            127s  deffn-strict
  rc=0            378s  graphics-acceptance
  rc=0             56s  abort-acceptance
  rc=0            150s  interval-trap-acceptance
  rc=0             87s  clearpool-acceptance
  rc=0            135s  stackpool-acceptance
  rc=0            171s  trapdepth-acceptance
  rc=0             74s  ctlcross-acceptance
  rc=0            398s  ctllim-acceptance
  rc=0            445s  ramfree-acceptance
  rc=0             18s  txtceil-acceptance
  rc=0             22s  cursor-acceptance
  rc=0             79s  time-acceptance
  rc=0            301s  namspc-acceptance
  rc=0             94s  arrdim-acceptance
  rc=0             45s  arylv-acceptance
  rc=0             61s  badfnum-acceptance
  rc=0              6s  beep-acceptance
  rc=0             22s  binfre-acceptance
  rc=0             26s  cassave-acceptance
  rc=0             83s  castail-acceptance
  rc=0            127s  deffn-acceptance
  rc=0             50s  direct-ctrl-acceptance
  rc=0             12s  dskmsg-acceptance
  rc=0             83s  editverb-acceptance
  rc=0             33s  fldary-acceptance
  rc=0             94s  fldwidth-acceptance
  rc=0             23s  forvar-acceptance
  rc=0             52s  gicini-acceptance
  rc=0              4s  graphics-floor-acceptance
  rc=0            151s  ifsem-acceptance
  rc=0              4s  input-acceptance
  rc=0             61s  nodisk-acceptance
  rc=0             73s  pusing-acceptance
  rc=0             43s  catterm-acceptance
  rc=0             14s  catusr-acceptance
  rc=0             13s  nameord-acceptance
  rc=0             11s  namegate-acceptance
  rc=0             38s  inputary-acceptance
  rc=0            144s  key-trap-acceptance
  rc=0             56s  linemax-acceptance
  rc=0            160s  lnblank-acceptance
  rc=0             37s  locarg-acceptance
  rc=0             44s  lof-acceptance
  rc=0             87s  lptverb-acceptance
  rc=0             56s  lrvar-acceptance
  rc=0             59s  lvfix-acceptance
  rc=0             20s  nxary-acceptance
  rc=0             21s  nxlist-acceptance
  rc=0             31s  play-acceptance
  rc=0             10s  play-trace-acceptance
  rc=0             15s  readvar-acceptance
  rc=0              9s  runtail-acceptance
  rc=0             29s  sound-acceptance
  rc=0             75s  sprite-trap-acceptance
  rc=0             55s  stop-trap-acceptance
  rc=0            165s  strig-trap-acceptance
  rc=0              0s  subrom-acceptance
  rc=0             72s  tgtspc-acceptance
  rc=0             86s  width-acceptance
  rc=0            116s  lineerr#1/8
  rc=0            121s  lineerr#2/8
  rc=0            113s  lineerr#3/8
  rc=0            120s  lineerr#4/8
  rc=0            106s  lineerr#5/8
  rc=0            104s  lineerr#6/8
  rc=0             96s  lineerr#7/8
  rc=0             71s  lineerr#8/8

=== wall 902s (7s build + 894s gates) ===
GATES: 114/114 green
hashes: d1dc5de5 bd57af78 9bb08b22 9a96945d
recorded: this full green battery is now the baseline a future skip must prove itself against
