D-LOCARG — LOCATE's arguments are CHECKED COERCIONS   sides: zb
==============================================================================
--   t.ok         zb=' 0  3  5 '
--   t.ok3        zb=' 0  3  5 '
--   t.zero       zb=' 0  0  0 '
--   t.omitc      zb=' 0  2  7 '
--   t.omitr      zb=' 0  4  3 '
--   t.omitr2     zb=' 0  4  3 '
--   t.omitb      zb=' 0  4  7 '
--   t.c.256      zb=' 5  4  7 '
--   t.c.neg      zb=' 5  4  7 '
--   t.c.ov       zb=' 6  4  7 '
--   t.c.str      zb=' 13  4  7 '
--   t.r.256      zb=' 5  4  7 '
--   t.r.neg      zb=' 5  4  7 '
--   t.r.ov       zb=' 6  4  7 '
--   t.r.str      zb=' 13  4  7 '
--   t.u.256      zb=' 5  4  7 '
--   t.u.ov       zb=' 6  4  7 '
--   t.u.str      zb=' 13  4  7 '
--   t.om.r256    zb=' 5  4  7 '
--   t.om.u256    zb=' 5  4  7 '
--   t.bare       zb=' 24  4  7 '
--   t.trailc     zb=' 24  4  7 '
--   t.trailu     zb=' 24  4  7 '
--   t.colon      zb=' 24  4  7 '
--   t.four       zb=' 2  1  1 '
--   t.c.div      zb=' 11  4  7 '
--   t.c.sqr      zb=' 5  4  7 '
--   t.c.b5div    zb=' 11  4  7 '
--   t.c.ovdiv    zb=' 11  4  7 '
--   t.c.ovsqr    zb=' 5  4  7 '
--   t.r.ovdiv    zb=' 11  4  7 '
--   t.u.ovdiv    zb=' 11  4  7 '
--   t.om.ovdiv   zb=' 11  4  7 '
--   t.tmfp       zb=' 11  4  7 '
--   u.ok         zb='[RANON]'
--   u.bare       zb='Missing operand in 10'
--   u.str        zb='Type mismatch in 10'
--   u.256        zb='Illegal function call in 10'
--   u.neg        zb='Illegal function call in 10'
--   u.ov         zb='Overflow in 10'
--   u.trail      zb='Missing operand in 10'
--   u.r256       zb='Illegal function call in 10'
--   u.u256       zb='Illegal function call in 10'
--   u.div        zb='Division by zero in 10'
--   u.ovdiv      zb='Division by zero in 10'
ROWS: 45 printed, 0 scored — CHARACTERIZATION (one side)
==============================================================================
45 row(s) on zb — no agreement verdict from one side
refcache: 0 hit, 1 miss, 1 stored
