BASE (unmodified):
    u.bare   'Missing operand in 10'
    u.str    'Type mismatch in 10'
    (45 rows read in total)

K-LP1:   ROM 6c02d5d0 52d8a3cf 70c05175 f91f0d00  ->  f5c27f59 52d8a3cf 70c05175 77064ceb
    u.bare   'Missing operand in 10'                    SAME  (predicted MOVE) 🔴 MISS
    u.str    'Type mismatch in 10'                      SAME  (predicted SAME) OK
    ALL rows that moved (1 of 45): ['u.trail']
       u.trail    'Missing operand in 10'
                  -> 'Missing operand in 10|Missing operand in 10|Illegal function call in 10'

K-LP2:   ROM f5c27f59 52d8a3cf 70c05175 77064ceb  ->  ad949601 52d8a3cf 70c05175 d12be95a
    ⚠️ NOT A ROW READING — the probe REFUSED this arm:
       FAIL u.bare zb='Missing op[RANON]n 10' [POSITIVE CONTROL]
       (0 of 45 rows reached the output at all; the predictions for this arm are UNTESTED, not met)

K-LP3:   ROM ad949601 52d8a3cf 70c05175 d12be95a  ->  211002c3 52d8a3cf 70c05175 bdf0d021
    u.bare   'Missing operand in 10'                    SAME  (predicted SAME) OK
    u.str    'Type mismatch in 10'                      SAME  (predicted SAME) OK
    ALL rows that moved (0 of 45): — none —

======================================================================
🔴 2 prediction(s) MISSED: ['K-LP1/u.bare', 'K-LP2/refused']
   The filed hypothesis is NOT established by this run. Read the rows above and narrow §3.2 to what they support.
