locarg: 1 reading(s) diverge
D-LOCARG — LOCATE's arguments are CHECKED COERCIONS   sides: vg8020, cf3300, zb
==============================================================================
ok   t.ok         vg8020=' 0  3  5 '  cf3300=' 0  3  5 '  zb=' 0  3  5 '   [POSITIVE CONTROL]
ok   t.ok3        vg8020=' 0  3  5 '  cf3300=' 0  3  5 '  zb=' 0  3  5 '
ok   t.zero       vg8020=' 0  0  0 '  cf3300=' 0  0  0 '  zb=' 0  0  0 '
ok   t.omitc      vg8020=' 0  2  7 '  cf3300=' 0  2  7 '  zb=' 0  2  7 '
ok   t.omitr      vg8020=' 0  4  3 '  cf3300=' 0  4  3 '  zb=' 0  4  3 '
ok   t.omitr2     vg8020=' 0  4  3 '  cf3300=' 0  4  3 '  zb=' 0  4  3 '
ok   t.omitb      vg8020=' 0  4  7 '  cf3300=' 0  4  7 '  zb=' 0  4  7 '
ok   t.c.256      vg8020=' 5  4  7 '  cf3300=' 5  4  7 '  zb=' 5  4  7 '   [POSITIVE CONTROL]
ok   t.c.neg      vg8020=' 5  4  7 '  cf3300=' 5  4  7 '  zb=' 5  4  7 '
ok   t.c.ov       vg8020=' 6  4  7 '  cf3300=' 6  4  7 '  zb=' 6  4  7 '
ok   t.c.str      vg8020=' 13  4  7 '  cf3300=' 13  4  7 '  zb=' 13  4  7 '   [NEGATIVE CONTROL — the TYPE test must stay AHEAD of the coercion]
ok   t.r.256      vg8020=' 5  4  7 '  cf3300=' 5  4  7 '  zb=' 5  4  7 '
ok   t.r.neg      vg8020=' 5  4  7 '  cf3300=' 5  4  7 '  zb=' 5  4  7 '
ok   t.r.ov       vg8020=' 6  4  7 '  cf3300=' 6  4  7 '  zb=' 6  4  7 '
ok   t.r.str      vg8020=' 13  4  7 '  cf3300=' 13  4  7 '  zb=' 13  4  7 '
ok   t.u.256      vg8020=' 5  4  7 '  cf3300=' 5  4  7 '  zb=' 5  4  7 '
ok   t.u.ov       vg8020=' 6  4  7 '  cf3300=' 6  4  7 '  zb=' 6  4  7 '
ok   t.u.str      vg8020=' 13  4  7 '  cf3300=' 13  4  7 '  zb=' 13  4  7 '
ok   t.om.r256    vg8020=' 5  4  7 '  cf3300=' 5  4  7 '  zb=' 5  4  7 '
ok   t.om.u256    vg8020=' 5  4  7 '  cf3300=' 5  4  7 '  zb=' 5  4  7 '
ok   t.bare       vg8020=' 24  4  7 '  cf3300=' 24  4  7 '  zb=' 24  4  7 '   [NEGATIVE CONTROL — Missing operand (24), NOT Syntax error]
ok   t.trailc     vg8020=' 24  4  7 '  cf3300=' 24  4  7 '  zb=' 24  4  7 '
ok   t.trailu     vg8020=' 24  4  7 '  cf3300=' 24  4  7 '  zb=' 24  4  7 '
ok   t.colon      vg8020=' 24  4  7 '  cf3300=' 24  4  7 '  zb=' 24  4  7 '
ok   t.four       vg8020=' 2  1  1 '  cf3300=' 2  1  1 '  zb=' 2  1  1 '   [NEGATIVE CONTROL — apply-then-reject: the cursor DID move]
ok   t.c.div      vg8020=' 11  4  7 '  cf3300=' 11  4  7 '  zb=' 11  4  7 '
ok   t.c.sqr      vg8020=' 5  4  7 '  cf3300=' 5  4  7 '  zb=' 5  4  7 '
ok   t.c.b5div    vg8020=' 11  4  7 '  cf3300=' 11  4  7 '  zb=' 11  4  7 '   [NEGATIVE CONTROL — a fault that does NOT overflow was already right]
ok   t.c.ovdiv    vg8020=' 11  4  7 '  cf3300=' 11  4  7 '  zb=' 11  4  7 '
ok   t.c.ovsqr    vg8020=' 5  4  7 '  cf3300=' 5  4  7 '  zb=' 5  4  7 '
ok   t.r.ovdiv    vg8020=' 11  4  7 '  cf3300=' 11  4  7 '  zb=' 11  4  7 '
ok   t.u.ovdiv    vg8020=' 11  4  7 '  cf3300=' 11  4  7 '  zb=' 11  4  7 '
ok   t.om.ovdiv   vg8020=' 11  4  7 '  cf3300=' 11  4  7 '  zb=' 11  4  7 '
ok   t.tmfp       vg8020=' 11  4  7 '  cf3300=' 11  4  7 '  zb=' 11  4  7 '
ok   u.ok         vg8020='[RANON]'  cf3300='[RANON]'  zb='[RANON]'   [POSITIVE CONTROL]
ok   u.bare       vg8020='Missing operand in 10'  cf3300='Missing operand in 10'  zb='Missing operand in 10'   [POSITIVE CONTROL]
ok   u.str        vg8020='Type mismatch in 10'  cf3300='Type mismatch in 10'  zb='Type mismatch in 10'
ok   u.256        vg8020='Illegal function call in 10'  cf3300='Illegal function call in 10'  zb='Illegal function call in 10'
ok   u.neg        vg8020='Illegal function call in 10'  cf3300='Illegal function call in 10'  zb='Illegal function call in 10'
ok   u.ov         vg8020='Overflow in 10'  cf3300='Overflow in 10'  zb='Overflow in 10'
DIFF u.trail      vg8020='Missing operand in 10'  cf3300='Missing operand in 10'  zb='Missing operand in 10|Missing operand in 10|Illegal function call in 10'
ok   u.r256       vg8020='Illegal function call in 10'  cf3300='Illegal function call in 10'  zb='Illegal function call in 10'
ok   u.u256       vg8020='Illegal function call in 10'  cf3300='Illegal function call in 10'  zb='Illegal function call in 10'
ok   u.div        vg8020='Division by zero in 10'  cf3300='Division by zero in 10'  zb='Division by zero in 10'
ok   u.ovdiv      vg8020='Division by zero in 10'  cf3300='Division by zero in 10'  zb='Division by zero in 10'
ROWS: 45 printed, 45 scored — 44 agree, 1 diverge, 0 deferred (not scored)
==============================================================================
44/45 readings agree (45 cases, 4 positive controls, 4 negative controls, 0 row(s) with no oracle, 0 DEFERRED row(s) measured but not scored)
SIDES: vg8020,cf3300,zb — LOCATE, ON ERROR, ERR, CSRLIN and POS are core MSX-BASIC, present on every MSX1, so BOTH references are legitimate oracles for every row here
DENOMINATOR: (WHICH argument: column / row / cursor, and each of them reached DIRECTLY or through an OMITTED earlier one) x (WHICH fault: in range, >255, negative, >int16, string, missing operand, a 4th argument, and a DEFERRED expression error) x (whether the deferred fault ALSO overflows int16 -- the discriminator between 'reported for the right reason' and 'reported because nothing overwrote it') x (WHICH deferred code: 11 from 1/0 vs 5 from SQR(-1), so the rule is about RANK and not about division) x (the CURSOR side effect on every row: unchanged on a domain error, applied before a 4th-argument rejection) x (TRAPPED vs UNTRAPPED, the second reading the message text, its line number, and whether it printed ONCE). The POSITION/clamp/omitted-argument axes are NOT re-measured here: they are `make missing-acceptance`, 214 recorded rows, which is this slice's green control set.
refcache: 1 hit, 2 miss, 2 stored
