python3 tools/install-repack-machine.py --merged build/zerobas-main-eu.rom --disk-rom build/disk.rom \
	  --sub-rom build/sub.rom
wrote C-BIOS_MSX1_EU_REPACK_DISK  (-> machine "C-BIOS_MSX1_EU_REPACK_DISK": merged repack ROM in slot 0, zerobas-disk in slot 3-1, zerobas-sub in slot 3-2)
     /Users/joost/.openMSX/share/machines/C-BIOS_MSX1_EU_REPACK_DISK.xml
python3 tools/install-repack-machine.py --merged build/zerobas-main-eu.rom --sub-rom build/sub.rom \
	  --no-disk
wrote C-BIOS_MSX1_EU_REPACK_NODISK  (-> machine "C-BIOS_MSX1_EU_REPACK_NODISK": merged repack ROM in slot 0, slot 3-1 EMPTY (diskless target), zerobas-sub in slot 3-2)
     /Users/joost/.openMSX/share/machines/C-BIOS_MSX1_EU_REPACK_NODISK.xml
python3 probes/basic/basic_probe_kwsweep.py \
	        --zb-machine C-BIOS_MSX1_EU_REPACK_DISK 
build under measurement: git=fa583bf4 zerobas-main-eu.rom=491644a1731b sub.rom=b188cd316b35 disk.rom=b8453c765009

==============================================================================
LAYER 1 — CRUNCH (tokenisation only; NOT a support answer)
==============================================================================
SAME   abs       a=abs(-5)
SAME   int       a=int(1.7)
SAME   len       a=len("ab")
SAME   chr       a$=chr$(65)
SAME   mid       a$=mid$("hi",1,1)
SAME   mid_b     a$=mid$("hello",3)
SAME   mid_c     mid$(a$,2,3)="xyz"
SAME   instr     a=instr("ab","b")
SAME   instr_b   a=instr(2,"aba","a")
SAME   hex       a$=hex$(255)
SAME   sqr       a=sqr(9)
SAME   peek      a=peek(0)
SAME   peek_b    a=peek(-8192)
SAME   varptr    a=varptr(b)
SAME   varptr_b  a=varptr(z(1))
SAME   stick     a=stick(0)
SAME   stick_hold a=stick(0)
SAME   erase     erase a
SAME   erase_b   erase q
SAME   swapctl   a=1
SAME   asc       a=asc("A")
SAME   cint      a=cint(1.7)
SAME   cdbl      a=cdbl(1)
SAME   csng      a=csng(1.5)
SAME   fix       a=fix(-1.7)
SAME   sgn       a=sgn(-3)
SAME   sin       a=sin(0)
SAME   sin_b     a=sin(1)
SAME   cos       a=cos(0)
SAME   tan       a=tan(0)
SAME   tan_b     a=tan(1)
SAME   atn       a=atn(1)
SAME   exp       a=exp(1)
SAME   log       a=log(1)
SAME   mod       a=7 mod 3
SAME   notop     a=not 0
SAME   andop     a=5 and 3
SAME   orop      a=5 or 3
SAME   xorop     a=5 xor 3
SAME   oct       a$=oct$(8)
SAME   valkw     a=val("-12")
SAME   valkw_b   a=val("1.5")
SAME   valkw_c   a=val("1e3")
SAME   valkw_d   a=val("&hff")
SAME   valkw_e   a=val("12abc")
SAME   left      a$=left$("abc",2)
SAME   right     a$=right$("abc",2)
SAME   str       a$=str$(5)
SAME   stringf   a$=string$(3,"x")
SAME   space     a$=space$(3)
SAME   space_b   a$=space$(3)
SAME   csrlind   a=csrlin
SAME   let       let a=5
SAME   rem       rem x
SAME   rnd       a=rnd(1)
SAME   rnd_b     a=rnd(-1)
SAME   cvi       a=cvi("ab")
SAME   using     using "##"
SAME   using_b   using "#.##"
SAME   using_c   using "+##"
SAME   using_d   using "!"
SAME   using_e   using "##.##^^^^"
SAME   then      then a=1
SAME   elsekw    else a=1
SAME   tokw      to 5
SAME   stepkw    step 2
SAME   offkw     off
SAME   ifkw      if 1 then a=2
SAME   ifkw_b    if 0 then a=1 else a=2
SAME   ifkw_c    if 3>2 goto 40
SAME   forkw     for i=1 to 3
SAME   forkw_b   for i=1 to 9 step 4
SAME   forkw_c   for i=3 to 1 step -1
SAME   nextkw    next i
SAME   nextkw_b  next i
SAME   nextkw_c  next j,i
SAME   clearkw   clear 100
SAME   clear_b   clear
SAME   clear_c   clear 100,&hd000
SAME   dimkw     dim a(2)
SAME   dimkw_b   dim e(2,3)
SAME   beep      beep
SAME   beep_b    beep
SAME   beep_c    beep
SAME   sound     sound 7,255
SAME   sound_b   sound 0,123
SAME   playkw    play"c"
SAME   playkw_b  play"n40"
SAME   playkw_c  play"r"
SAME   playkw_d  play"o7c"
SAME   playkw_e  play"v3c"
SAME   playkw_f  play"s10m2000c"
SAME   playkw_g  play"","","c"
SAME   playkw_h  play"l64c"
SAME   playkw_i  play"t32c"
SAME   vpeek     a=vpeek(0)
SAME   vpoke     vpoke 0,1
SAME   vdpkw     a=vdp(1)
SAME   vdp_b     a=vdp(1)
SAME   vdp_c     vdp(7)=5
SAME   vdp_d     vdp(1)=208
SAME   inpkw     a=inp(168)
SAME   inp_b     a=inp(&ha2)
SAME   outkw     out 160,7
SAME   out_b     out 161,77
SAME   pokekw    poke 0,1
SAME   widthkw   width 37
SAME   widthkw_b width 29
SAME   circlekw  circle(50,50),10
SAME   circlekw_b circle(50,50),10,15,0,1.57
SAME   circlekw_c circle step(20,20),10,15
SAME   circlekw_d circle(50,50),20,15,,,.5
SAME   circlekw_e circle(50,50),10
SAME   drawkw    draw"c15r5"
SAME   drawkw_b  draw"c15d5"
SAME   drawkw_c  draw"m50,50"
SAME   drawkw_d  draw"m+20,+0"
SAME   drawkw_e  draw"bm50,50r5"
SAME   drawkw_f  draw"nr5d3"
SAME   drawkw_g  draw"c7r5"
SAME   drawkw_h  draw"s8r2"
SAME   drawkw_i  draw"a1r5"
SAME   drawkw_j  draw"xa$;"
SAME   drawkw_k  draw"r=a;"
SAME   spritekw  sprite on
SAME   sprite_on sprite on
SAME   sprite_off sprite off
SAME   sprite_stop sprite stop
SAME   spritekw_b sprite$(3)=string$(8,222)
SAME   basekw    a=base(2)
SAME   basekw_b  base(5)=6144
SAME   pdlkw     a=pdl(1)
SAME   padkw     a=pad(0)
SAME   pdl_plug  a=pdl(1)
SAME   pad_plug  a=pad(0)
SAME   pad_plug_b a=pad(1)
SAME   strig_hold a=strig(0)
SAME   attrkw    a$=attr$
SAME   stopkw    stop
SAME   maxkw     max
SAME   strigkw   a=strig(0)
SAME   onkw      on error goto 20
SAME   onkw_b    on error goto 0
SAME   ongoto    on 2 goto 20,30
SAME   ongosub   on 2 gosub 30,40
SAME   oninterval on interval=10 gosub 40
SAME   oninterval_b on interval=10 gosub
SAME   onsprite  on sprite gosub 70
SAME   onsprite_b on sprite gosub
SAME   onstrig   on strig gosub 60
SAME   onstrig_b on strig gosub 60,80
SAME   onstrig_c on strig gosub ,60
SAME   onstop    on stop gosub 60
SAME   onstop_b  on stop gosub
SAME   onkey     on key gosub 60
SAME   onkey_b   on key gosub 60,80
SAME   onkey_c   on key gosub ,60
SAME   errorkw   error 7
SAME   errorkw_b error 53
SAME   errkw     a=err
SAME   erlkw     a=erl
SAME   resumekw  resume next
SAME   resumekw_b resume
SAME   resumekw_c resume 40
SAME   defintkw  defint a
SAME   defint_b  defint a-c
SAME   listkw    list
SAME   listkw_b  list 20
SAME   listkw_c  list 20-30
SAME   deletekw  delete 99
SAME   del_line  delete 20
SAME   del_range delete 20-30
SAME   del_head  delete -20
SAME   del_tail  delete 20-
SAME   newkw     new
SAME   gosubkw   gosub 20
SAME   returnkw  return
SAME   endkw     end
SAME   datakw    data 42
SAME   datakw_b  data "x,y"
SAME   datakw_c  data a b
SAME   datakw_d  data 1,,3
SAME   readkw    read q
SAME   restorekw restore
SAME   restorekw_b restore 50
SAME   returnkw_b return 40
SAME   psetkw    pset(1,1)
SAME   psetkw_b  pset(2,2),7
SAME   psetkw_c  pset(10,10),15
SAME   psetkw_d  pset(5,5)
SAME   psetkw_e  pset step(5,0),15
SAME   presetkw  preset(1,1)
SAME   presetkw_b preset(3,3),9
SAME   presetkw_c preset step(10,0)
SAME   presetkw_d preset(10,10)
SAME   paintkw   paint(15,15),15
SAME   putsprite put sprite 0,(100,50),15,0
SAME   putsprite_b put sprite 0,(100,50),13,1
SAME   pointkw   a=point(1,1)
SAME   pointkw_b a=point(20,20)
SAME   linekw    line(1,1)-(5,1)
SAME   linekw_b  line(1,1)-(9,9),15,b
SAME   linekw_c  line(1,1)-(9,9),15,bf
SAME   linekw_d  line step(0,0)-step(5,0),15
SAME   linekw_e  line -(20,10),15
SAME   linekw_f  line(1,1)-(5,1)
SAME   colorkw   color 7
SAME   colorkw_b color ,5
SAME   colorkw_c color ,,3
SAME   clskw     cls
SAME   locate    locate 10,0
SAME   locate_b  locate 0,5
SAME   locate_c  locate ,7
SAME   locate_d  locate ,,1
SAME   csrlin    a=csrlin
SAME   pos       a=pos(0)
SAME   tab       print tab(5);"x"
SAME   spc       print spc(5);"x"
SAME   printkw_b print "a","b"
SAME   printkw_c print "ab";"cd"
SAME   printkw_d print "ab";
SAME   swap      swap a,b
SAME   fre       a=fre(0)
SAME   fre_b     a=fre(0)
SAME   fre_c     a=fre("")
SAME   tron      tron
SAME   troff     troff
SAME   tron_b    tron
SAME   troff_b   troff
SAME   renum     renum 100
SAME   ren_bare  renum
SAME   ren_start renum 100
SAME   ren_old   renum 100,7
SAME   ren_step  renum 100,,20
SAME   defsng    defsng a
SAME   defsng_b  defsng a-c
SAME   defdbl    defdbl a
SAME   defdbl_b  defdbl a-c
SAME   defstr    defstr a
SAME   defstr_b  defstr a-c
SAME   deffn     def fna(x)=x+1
SAME   fnkw      a=fnb(5)
SAME   fnkw_b    a$=fnt$("z")
SAME   deffn_b   def fns$(x$)=x$+"!"
SAME   eqv       a=5 eqv 3
SAME   imp       a=5 imp 3
SAME   llist     llist
SAME   motor     motor off
SAME   motor_b   motor on
SAME   motor_c   motor
SAME   time      time=0
SAME   timetick  a=time
SAME   time_c    time=30000
SAME   interval  interval on
SAME   mki       a$=mki$(1)
SAME   mki_c     a$=mki$(258)
SAME   mks       a$=mks$(1)
SAME   mks_b     a=asc(mks$(1.5))
SAME   mkd       a$=mkd$(1)
SAME   mkd_b     a=asc(mkd$(1.5))
SAME   cvs       a=cvs("abcd")
SAME   cvd       a=cvd("abcdefgh")
SAME   cvi_b     a=cvi(mki$(-1))
SAME   cvs_b     a=cvs(mks$(1.5))
SAME   cvd_b     a=cvd(mkd$(.1))
SAME   mki_b     a=asc(mki$(258))
SAME   usrkw     a=usr(0)
SAME   defusr    def usr=-8192
SAME   defusr_b  def usr1=-8192
SAME   usrkw_b   a=usr1(7)
SAME   screenkw  screen 2
SAME   screenkw_c screen 2,3
SAME   screenkw_d screen ,,1
SAME   keykw     key 1,"x"
SAME   keykw_b   key 1,"x"
SAME   keykw_on  key on
SAME   keykw_off key off
SAME   waitkw    wait 0,1
SAME   waitkw_b  wait 0,1,1
SAME   lposkw    a=lpos(0)
SAME   lprintkw  lprint"x"
SAME   dskf      a=dskf(0)
SAME   files     files
SAME   files_b   files
SAME   lof       a=lof(1)
SAME   openkw_b  open"prog.bas"for input as#2
SAME   maxfiles  maxfiles=2
SAME   eof       a=eof(1)
SAME   bload     bload"x"
SAME   cload     cload"zr"
SAME   cload_b   cload
SAME   inkey     a$=inkey$
SAME   csave     csave"zq"
SAME   sqr_t3    a=sqr(-1)
SAME   asc_t3    a=asc("")
SAME   left_t3   a$=left$(5,1)
SAME   dim_t3    dim zz(2)
SAME   read_t3   read zv
SAME   chr_t3    a$=chr$(256)
SAME   mid_t3    a$=mid$("ab",0)
SAME   log_t3    a=log(0)
SAME   str_t3    a$=string$(300,"a")
SAME   goto_t3   goto 9999
SAME   gotokw    goto 40
SAME   next_t3   next
SAME   ret_t3    return
SAME   instr_t3  a=instr(0,"ab","a")
SAME   poke_t3   poke 70000,0
SAME   peek_t3   a=peek(70000)
SAME   sgn_t3    a=sgn("a")
SAME   abs_t3    a=abs("a")
SAME   rest_t3   restore 9999
SAME   erase_t3  erase zq9
SAME   swap_t3   swap zq9,zq8$
SAME   space_t3  a$=space$(300)
SAME   len_t3    a=len(5)
SAME   hex_t3    a$=hex$("a")
SAME   oct_t3    a$=oct$("a")
SAME   int_t3    a=int("a")
SAME   exp_t3    a=exp(1000)
SAME   vpoke_t3  vpoke 20000,0
SAME   sound_t3  sound 20,0
SAME   fn_t3     a=fnzz(1)
SAME   kill_t3   kill"nosuch.bas"
SAME   cvi_t3    a=cvi("a")
SAME   mki_t3    a$=mki$("a")
SAME   dskf_t3   a=dskf(9)
SAME   sgn_b     a=sgn(-5)
SAME   fix_b     a=fix(-2.7)
SAME   cos_b     a=cos(0)
SAME   vpoke_b   vpoke 16383,7
SAME   vpoke_b2  vpoke 100,255
SAME   close     close
SAME   close_b   close
SAME   bsave     bsave"x",0,1
SAME   save      save"x"
SAME   kill      kill"x"
SAME   merge     merge"x"
SAME   lset      lset a$="x"
SAME   rset      rset a$="x"
SAME   inputkw   input#1,a$
SAME   input_b   input#1,a$
SAME   inputdol_b a$=input$(1)
SAME   inputdol_c a$=input$(3,#1)
SAME   inputcon  input a$
SAME   inputcon_b input "n";a
SAME   inputcon_c input a,b
SAME   lineinput line input a$
SAME   lineinput_b line input "q";a$
SAME   getkw     get#1,1
SAME   puthash   put#1,2
SAME   printhash print#1,"abc"
SAME   callkw    call zzq
SAME   callkw_b  call foo
SAME   runkw     run 20
SAME   runkw_b   run
SAME   dski      a$=dski$(0,0)
SAME   dsko      dsko$0,0
SAME   copy      copy"a:x"to"a:y"
SAME   set       set password
SAME   attr      a$=attr$(0)
SAME   ipl       ipl
SAME   cmd       cmd"x"
SAME   lfiles    lfiles
SAME   loc       a=loc(1)
SAME   openkw    open"o.txt"for output as#1
SAME   namekw    name"nm.txt" as "nm2.txt"
SAME   open_c    open"oa.txt"for append as#1
SAME   open_d    open"or.dat"as#1
SAME   fieldkw   field#1,4 as a$
SAME   bsave_b   bsave"x",0,1,2
SAME   bload_b   bload"x",r
SAME   bload_c   bload"x",s
SAME   save_b    save"x",a
SAME   runkw_c   run"prog3.bas"
SAME   loadkw    load"prog3.bas",r
SAME   load_b    load"prog3.bas"
SAME   bin       a$=bin$(5)
SAME   inputdol  a$=input$(1)
SAME   auto      auto 100
SAME   auto_bare auto
SAME   auto_step auto 100,5

==============================================================================
LAYER 2 — SUPPORT (the load-bearing layer)
==============================================================================
MISSING       cload     CLOAD"ZR"
            ref  [value] 'Skip :ZQ|Found:ZR'
            zb   [error:error] 'Skip :ZQ|load error'
DIVERGENT   ! WEAK  csrlin    PRINT:PRINT:PRINT"[";CSRLIN;"]"
            ref  [value] '||[ 4 ]'
            zb   [value] '||[ 3 ]'
            WEAK: absent => variable CSRLIN reads 0; real => the (non-zero) cursor row -- but the VALUE is ambient scroll state, so only the non-zero-ness is a reading. Scored WEAK for the reason the block above gives, and measured 2026-09-07 (D-WAITGAP, scratchpad/csrlin_probe.py): on THIS row the two REFERENCES disagree with EACH OTHER -- vg8020 11, cf3300 8, zb 10 -- in one batch, so it cannot score anything by construction. Anchored with CLS all three agree everywhere (CLS 0/0/0, CLS:PRINT 1/1/1, CLS:PRINT:PRINT 2/2/2) and CSRLIN is correct: LOCATE 0,5 -> 5, 0,10 -> 10, 0,0 -> 0 on all three, which is the decisive form because a set row admits no scroll history.
SUPPORTED     abs       PRINT"[";ABS(-5);"]"
            ref  [value] '[ 5 ]'
SUPPORTED     int       PRINT"[";INT(1.7);"]"
            ref  [value] '[ 1 ]'
SUPPORTED     len       PRINT"[";LEN("ab");"]"
            ref  [value] '[ 2 ]'
SUPPORTED     chr       PRINT"[";CHR$(65);"]"
            ref  [value] '[A]'
SUPPORTED     mid       PRINT"[";MID$("hi",2,1);"]"
            ref  [value] '[i]'
SUPPORTED     mid_b     PRINT"[";MID$("hello",3);"]"
            ref  [value] '[llo]'
SUPPORTED     mid_c     A$="abcdef":MID$(A$,2,3)="XYZ":PRINT"[";A$;"]"
            ref  [value] '[aXYZef]'
SUPPORTED     instr     PRINT"[";INSTR("ab","b");"]"
            ref  [value] '[ 2 ]'
SUPPORTED     instr_b   PRINT"[";INSTR(2,"ABA","A");"]"
            ref  [value] '[ 3 ]'
SUPPORTED     hex       PRINT"[";HEX$(255);"]"
            ref  [value] '[FF]'
SUPPORTED     sqr       PRINT"[";SQR(9);"]"
            ref  [value] '[ 3 ]'
SUPPORTED     peek      PRINT"[";PEEK(0)>=0;"]"
            ref  [value] '[-1 ]'
SUPPORTED     peek_b    POKE-8192,66:PRINT"[";PEEK(-8192);"]"
            ref  [value] '|[ 66 ]'
SUPPORTED     varptr    B=1:PRINT"[";VARPTR(B)>0;"]"
            ref  [value] '[ 0 ]'
SUPPORTED     varptr_b  A=0:B=0:DIM Z(4):A=VARPTR(Z(1)):B=VARPTR(Z(0)):PRINT"[";A-B;"]"
            ref  [value] '[ 8 ]'
SUPPORTED     stick     PRINT"[";STICK(0);"]"
            ref  [value] '[ 0 ]'
SUPPORTED     stick_hold S=0:T=TIME:W$="WWWWWWWWWWWWWWWWWW":IF STICK(0)THEN S=STICK(0):V$="VVVVVVV":IF S=0 AND TIME-T<120 THEN 20:PRINT"[2d";S;"]"
            ref  [value] '[2d 1 ]'
SUPPORTED     erase     DIM Q(2):ERASE Q:PRINT"[ok]"
            ref  [value] '[ok]'
SUPPORTED     erase_b   DIM Q(2):Q(1)=5:ERASE Q:DIM Q(2):PRINT"[";Q(1);"]"
            ref  [value] '[ 0 ]'
SUPPORTED     swapctl   A=1:PRINT"[";A;"]"
            ref  [value] '[ 1 ]'
SUPPORTED     asc       PRINT"[";ASC("A");"]"
            ref  [value] '[ 65 ]'
SUPPORTED     cint      PRINT"[";CINT(1.7);"]"
            ref  [value] '[ 1 ]'
SUPPORTED     cdbl      PRINT"[";CDBL(1)/3;"]"
            ref  [value] '[ .33333333333333 ]'
SUPPORTED     csng      PRINT"[";CSNG(1.5);"]"
            ref  [value] '[ 1.5 ]'
SUPPORTED     fix       PRINT"[";FIX(-1.7);"]"
            ref  [value] '[-1 ]'
SUPPORTED     sgn       PRINT"[";SGN(-3);"]"
            ref  [value] '[-1 ]'
SUPPORTED     sin       PRINT"[";SIN(0);"]"
            ref  [value] '[ 0 ]'
SUPPORTED     sin_b     PRINT"[";INT(SIN(1)*1000);"]"
            ref  [value] '[ 841 ]'
SUPPORTED     cos       PRINT"[";COS(0);"]"
            ref  [value] '[ 1 ]'
SUPPORTED     tan       PRINT"[";TAN(0);"]"
            ref  [value] '[ 0 ]'
SUPPORTED     tan_b     PRINT"[";INT(TAN(1)*1000);"]"
            ref  [value] '[ 1557 ]'
SUPPORTED     atn       PRINT"[";INT(ATN(1)*1000);"]"
            ref  [value] '[ 785 ]'
SUPPORTED     exp       PRINT"[";INT(EXP(1)*1000);"]"
            ref  [value] '[ 2718 ]'
SUPPORTED     log       PRINT"[";LOG(1);"]"
            ref  [value] '[ 0 ]'
SUPPORTED     mod       PRINT"[";7 MOD 3;"]"
            ref  [value] '[ 1 ]'
SUPPORTED     notop     PRINT"[";NOT 0;"]"
            ref  [value] '[-1 ]'
SUPPORTED     andop     PRINT"[";5 AND 3;"]"
            ref  [value] '[ 1 ]'
SUPPORTED     orop      PRINT"[";5 OR 3;"]"
            ref  [value] '[ 7 ]'
SUPPORTED     xorop     PRINT"[";5 XOR 3;"]"
            ref  [value] '[ 6 ]'
SUPPORTED     oct       PRINT"[";OCT$(8);"]"
            ref  [value] '[10]'
SUPPORTED     valkw     PRINT"[";VAL("-12");"]"
            ref  [value] '[-12 ]'
SUPPORTED     valkw_b   PRINT"[";VAL("1.5");"]"
            ref  [value] '[ 1.5 ]'
SUPPORTED     valkw_c   PRINT"[";VAL("1E3");"]"
            ref  [value] '[ 1000 ]'
SUPPORTED     valkw_d   PRINT"[";VAL("&HFF");"]"
            ref  [value] '[ 255 ]'
SUPPORTED     valkw_e   PRINT"[";VAL("12ABC");"]"
            ref  [value] '[ 12 ]'
SUPPORTED     left      PRINT"[";LEFT$("abc",2);"]"
            ref  [value] '[ab]'
SUPPORTED     right     PRINT"[";RIGHT$("abc",2);"]"
            ref  [value] '[bc]'
SUPPORTED     str       PRINT"[";STR$(5);"]"
            ref  [value] '[ 5]'
SUPPORTED     stringf   PRINT"[";STRING$(3,"x");"]"
            ref  [value] '[xxx]'
SUPPORTED     space     PRINT"[";LEN(SPACE$(3));"]"
            ref  [value] '[ 3 ]'
SUPPORTED     space_b   A$=SPACE$(3):PRINT"[";ASC(A$);ASC(RIGHT$(A$,1));"]"
            ref  [value] '[ 32  32 ]'
SUPPORTED     csrlind   A=CSRLIN:PRINT:PRINT"[";CSRLIN-A;"]"
            ref  [value] '|[ 1 ]'
SUPPORTED     let       LET A=5:PRINT"[";A;"]"
            ref  [value] '[ 5 ]'
SUPPORTED     rem       PRINT"[";1;"]":REM z
            ref  [value] '[ 1 ]'
SUPPORTED     rnd       PRINT"[";RND(1)<1;"]"
            ref  [value] '[-1 ]'
SUPPORTED     rnd_b     A=RND(-1):PRINT"[";INT(A*10000);"]"
            ref  [value] '[ 438 ]'
SUPPORTED     cvi       PRINT"[";CVI(MKI$(7));"]"
            ref  [value] '[ 7 ]'
SUPPORTED     using     PRINT USING"##";7
            ref  [value] '7'
SUPPORTED     using_b   PRINT"[";:PRINT USING"#.##";3.146;:PRINT"]"
            ref  [value] '[3.15]'
SUPPORTED     using_c   PRINT"[";:PRINT USING"+##";7;:PRINT"]"
            ref  [value] '[ +7]'
SUPPORTED     using_d   PRINT"[";:PRINT USING"!";"ABC";:PRINT"]"
            ref  [value] '[A]'
SUPPORTED     using_e   PRINT"[";:PRINT USING"##.##^^^^";123.4;:PRINT"]"
            ref  [value] '[ 1.23E+02]'
SUPPORTED     then      IF 2>1 THEN PRINT"[3]"
            ref  [value] '[3]'
SUPPORTED     elsekw    IF 0 THEN PRINT 1 ELSE PRINT"[8]"
            ref  [value] '[8]'
SUPPORTED     tokw      FOR I=1 TO 3:NEXT:PRINT"[";I;"]"
            ref  [value] '[ 4 ]'
SUPPORTED     stepkw    FOR I=1TO5STEP2:NEXT:PRINT"[";I;"]"
            ref  [value] '[ 7 ]'
SUPPORTED     offkw     INTERVAL OFF:PRINT"[9]"
            ref  [value] '[9]'
SUPPORTED     ifkw      IF 3>2 THEN PRINT"[4]"
            ref  [value] '[4]'
SUPPORTED     ifkw_b    IF 0 THEN PRINT"[1i]" ELSE PRINT"[1h]"
            ref  [value] '[1h]'
SUPPORTED     ifkw_c    A=0:IF 3>2 GOTO 40:A=7:Z$="XXXXXXXXXXXXXXXXXXXXXXXX":Y$="YYYYYYYYYYYYYYYYYYYYYYYY":PRINT"[1j";A;"]"
            ref  [value] '[1j 0 ]'
SUPPORTED     forkw     S=0:FOR I=1 TO 3:S=S+I:NEXT:PRINT"[";S;"]"
            ref  [value] '[ 6 ]'
SUPPORTED     forkw_b   S=0:FOR I=1 TO 9 STEP 4:S=S+I:NEXT:PRINT"[";S;"]"
            ref  [value] '[ 15 ]'
SUPPORTED     forkw_c   S=0:FOR I=3 TO 1 STEP -1:S=S*10+I:NEXT:PRINT"[";S;"]"
            ref  [value] '[ 321 ]'
SUPPORTED     nextkw    FOR I=1 TO 2:NEXT:PRINT"[";I;"]"
            ref  [value] '[ 3 ]'
SUPPORTED     nextkw_b  FOR I=1 TO 2:NEXT I:PRINT"[";I;"]"
            ref  [value] '[ 3 ]'
SUPPORTED     nextkw_c  FOR I=1 TO 2:FOR J=1 TO 2:NEXT J,I:PRINT"[";I;J;"]"
            ref  [value] '[ 3  3 ]'
SUPPORTED     clearkw   CLEAR 100:PRINT"[5]"
            ref  [value] '[5]'
SUPPORTED     clear_b   A=5:CLEAR:A=A+1:PRINT"[";A;"]"
            ref  [value] '[ 1 ]'
SUPPORTED     clear_c   POKE&HE003,PEEK(&HFC4A):POKE&HE004,PEEK(&HFC4B):CLEAR 100,&HD000:A=PEEK(&HFC4A)+256*PEEK(&HFC4B):PRINT"[";A;"]":B=PEEK(&HE003)+256*PEEK(&HE004):CLEAR 100,B
            ref  [value] '[ 53248 ]'
SUPPORTED     dimkw     DIM D(2):D(1)=5:PRINT"[";D(1);"]"
            ref  [value] '[ 5 ]'
SUPPORTED     dimkw_b   DIM E(2,3):E(1,2)=7:PRINT"[";E(1,2);E(2,1);"]"
            ref  [value] '[ 7  0 ]'
SUPPORTED     beep      BEEP:PRINT"[6]"
            ref  [value] '[6]'
SUPPORTED   ! WEAK  beep_b    SOUND 7,255:BEEP:OUT&HA0,7:PRINT"[";INP(&HA2);"]"
            ref  [value] '[ 184 ]'
            zb   [value] '[ 184 ]'
            WEAK: D-KWBATCH5 DEMOTED THIS ROW: IT READS A TRANSIENT AND THE TWO MACHINES DIFFER IN SPEED. The mixer is restored when the beep FINISHES, so 184 (sounding) vs 191 (finished) is a race between the beep and the OUT/INP two statements later. Measured 2026-09-14: ALONE both machines read 184; in the full sweep the reference reads 191 and zerobas 184, deterministically over two runs -- zerobas is 2.5-3.8x slower (the open TIER 4 item), so it is still sounding when the reference has stopped. The row was SUPPORTED for as long as batching happened to put the same neighbours before it. 🎯 `beep_c` below reads a register BEEP does NOT put back, which has no such race. THE ORIGINAL NOTE'S CLAIM IS STILL TRUE, it just is not SCOREABLE.
SUPPORTED     beep_c    SOUND 0,0:BEEP:OUT&HA0,0:PRINT"[";INP(&HA2);"]"
            ref  [value] '[ 85 ]'
SUPPORTED     sound     SOUND 7,255:PRINT"[7]"
            ref  [value] '[7]'
SUPPORTED     sound_b   SOUND 0,123:OUT&HA0,0:PRINT"[";INP(&HA2);"]"
            ref  [value] '[ 123 ]'
SUPPORTED     playkw    PLAY"O4L1T120V8C":FOR I=1 TO 200:NEXT:OUT&HA0,0:A=INP(&HA2):PRINT"[3i";A;"]"
            ref  [value] '[3i 172 ]'
SUPPORTED     playkw_b  PLAY"L1T120V8N40":FOR I=1 TO 200:NEXT:OUT&HA0,0:A=INP(&HA2):PRINT"[3j";A;"]"
            ref  [value] '[3j 83 ]'
SUPPORTED     playkw_c  PLAY"O4L1T120V8C","O4L1T120V8R":FOR I=1 TO 200:NEXT:OUT&HA0,8:A=INP(&HA2)AND15:OUT&HA0,9:B=INP(&HA2)AND15:PRINT"[3k";A;B;"]"
            ref  [value] '[3k 8  0 ]'
SUPPORTED     playkw_d  PLAY"O7L1T120V8C":FOR I=1 TO 200:NEXT:OUT&HA0,0:A=INP(&HA2):PRINT"[3l";A;"]"
            ref  [value] '[3l 53 ]'
SUPPORTED     playkw_e  PLAY"O4L1T120V3C":FOR I=1 TO 200:NEXT:OUT&HA0,8:A=INP(&HA2)AND15:PRINT"[3o";A;"]"
            ref  [value] '[3o 3 ]'
SUPPORTED     playkw_f  PLAY"O4L1T120S10M2000C":FOR I=1 TO 200:NEXT:OUT&HA0,13:A=INP(&HA2)AND15:OUT&HA0,11:B=INP(&HA2):OUT&HA0,12:C=INP(&HA2):PRINT"[3p";A;B;C;"]"
            ref  [value] '[3p 10  208  7 ]'
SUPPORTED     playkw_g  PLAY"","","O4L2T120V8C":FOR I=1 TO 200:NEXT:A=PLAY(1):B=PLAY(2):C=PLAY(3):PRINT"[3q";A;B;C;"]"
            ref  [value] '[3q 0  0 -1 ]'
SUPPORTED     playkw_h  A=0:B=0:PLAY"O4T120V8L64C":T=TIME:W$="WWWWWWWWWWWW":IF TIME-T<40 THEN 30:U$="UUUUUUUUUUUUUU":A=PLAY(0):PLAY"O4T120V8L2C":T=TIME:V$="VVVVVVVVVVVV":IF TIME-T<40 THEN 70:X$="XXXXXXXXXXXXXX":B=PLAY(0):PRINT"[3m";A;B;"]"
            ref  [value] '[3m 0 -1 ]'
SUPPORTED     playkw_i  A=0:B=0:PLAY"O4L4V8T255C":T=TIME:W$="WWWWWWWWWWWW":IF TIME-T<40 THEN 30:U$="UUUUUUUUUUUUUU":A=PLAY(0):PLAY"O4L4V8T32C":T=TIME:V$="VVVVVVVVVVVV":IF TIME-T<40 THEN 70:X$="XXXXXXXXXXXXXX":B=PLAY(0):PRINT"[3n";A;B;"]"
            ref  [value] '[3n 0 -1 ]'
SUPPORTED     vpeek     VPOKE 0,7:PRINT"[";VPEEK(0);"]"
            ref  [value] '[ 7 ]'
SUPPORTED     vpoke     VPOKE 0,9:PRINT"[";VPEEK(0);"]"
            ref  [value] '[ 9 ]'
SUPPORTED     vdpkw     PRINT"[";VDP(1)>0;"]"
            ref  [value] '[-1 ]'
SUPPORTED     vdp_b     PRINT"[";VDP(1);"]"
            ref  [value] '[ 240 ]'
SUPPORTED     vdp_c     VDP(7)=5:A=VDP(7):VDP(7)=4:B=VDP(7):PRINT"[0d";A;B;"]"
            ref  [value] '[0d 5  4 ]'
SUPPORTED     vdp_d     V=VDP(1):VDP(1)=V AND 223:T=TIME:FOR I=1 TO 400:NEXT:A=TIME-T:VDP(1)=V:PRINT"[0l";A;"]"
            ref  [value] '[0l 0 ]'
SUPPORTED     inpkw     PRINT"[";INP(&HA8)>0 ;"]"
            ref  [value] '[-1 ]'
SUPPORTED     inp_b     OUT&HA0,0:OUT&HA1,66:OUT&HA0,0:PRINT"[";INP(&HA2);"]"
            ref  [value] '[ 66 ]'
SUPPORTED     outkw     OUT &HA0,7:PRINT"[8]"
            ref  [value] '[8]'
SUPPORTED     out_b     OUT&HA0,0:OUT&HA1,77:OUT&HA0,0:PRINT"[";INP(&HA2);"]"
            ref  [value] '[ 77 ]'
SUPPORTED     pokekw    POKE-8192,7:PRINT"[";PEEK(-8192);"]"
            ref  [value] '[ 7 ]'
SUPPORTED     widthkw   WIDTH 37:PRINT"[W";PEEK(-3152);"]"
            ref  [value] '[W 37 ]'
SUPPORTED     widthkw_b WIDTH 37:SCREEN1:WIDTH 29:A=PEEK(&HF3AF):B=PEEK(&HF3AE):SCREEN0:PRINT"[0a";A;B;"]"
            ref  [value] '[0a 29  37 ]'
SUPPORTED     circlekw  SCREEN2:CIRCLE(50,50),10,15:A=POINT(60,50):SCREEN0:PRINT"[Q";A;"]"
            ref  [value] '[Q 15 ]'
SUPPORTED     circlekw_b SCREEN2:CIRCLE(50,50),10,15,0,1.57:A=POINT(60,50):B=POINT(40,50):SCREEN0:PRINT"[F";A;B;"]"
            ref  [value] '[F 15  4 ]'
SUPPORTED     circlekw_c SCREEN2:PSET(30,30),15:CIRCLE STEP(20,20),10,15:A=POINT(60,50):B=POINT(30,20):SCREEN0:PRINT"[0h";A;B;"]"
            ref  [value] '[0h 15  4 ]'
SUPPORTED     circlekw_d SCREEN2:CIRCLE(50,50),20,15,,,.5:A=POINT(70,50):B=POINT(50,70):SCREEN0:PRINT"[0i";A;B;"]"
            ref  [value] '[0i 15  4 ]'
SUPPORTED     circlekw_e SCREEN2:COLOR 11:CIRCLE(50,50),10:A=POINT(60,50):B=POINT(50,50):SCREEN0:PRINT"[0j";A;B;"]":COLOR 15
            ref  [value] '[0j 11  4 ]'
SUPPORTED     drawkw    SCREEN2:PSET(10,10),15:DRAW"A0S4C15R5":A=POINT(14,10):SCREEN0:PRINT"[D";A;"]"
            ref  [value] '[D 15 ]'
SUPPORTED     drawkw_b  SCREEN2:PSET(10,10),15:DRAW"A0S4C15D5":A=POINT(10,14):SCREEN0:PRINT"[E";A;"]"
            ref  [value] '[E 15 ]'
SUPPORTED     drawkw_c  SCREEN2:PSET(10,10),15:DRAW"A0S4C15M50,50":A=POINT(30,30):SCREEN0:PRINT"[2y";A;"]"
            ref  [value] '[2y 15 ]'
SUPPORTED     drawkw_d  SCREEN2:PSET(10,10),15:DRAW"A0S4C15M+20,+0":A=POINT(25,10):SCREEN0:PRINT"[2z";A;"]"
            ref  [value] '[2z 15 ]'
SUPPORTED     drawkw_e  SCREEN2:PSET(10,10),15:DRAW"A0S4C15BM50,50R5":A=POINT(30,30):B=POINT(52,50):SCREEN0:PRINT"[3a";A;B;"]"
            ref  [value] '[3a 4  15 ]'
SUPPORTED     drawkw_f  SCREEN2:PSET(10,10),15:DRAW"A0S4C15NR5D3":A=POINT(12,10):B=POINT(10,12):SCREEN0:PRINT"[3b";A;B;"]"
            ref  [value] '[3b 15  15 ]'
SUPPORTED     drawkw_g  SCREEN2:PSET(10,10),15:DRAW"A0S4C7R5":A=POINT(14,10):SCREEN0:PRINT"[3c";A;"]"
            ref  [value] '[3c 7 ]'
SUPPORTED     drawkw_h  SCREEN2:PSET(10,10),15:DRAW"A0C15S8R2":A=POINT(13,10):SCREEN0:PRINT"[3d";A;"]"
            ref  [value] '[3d 15 ]'
SUPPORTED     drawkw_i  SCREEN2:PSET(10,50),15:DRAW"S4C15A1R5":A=POINT(10,47):B=POINT(13,50):SCREEN0:PRINT"[3e";A;B;"]"
            ref  [value] '[3e 15  4 ]'
SUPPORTED     drawkw_j  SCREEN2:A$="R5":PSET(10,10),15:DRAW"A0S4C15XA$;":A=POINT(14,10):SCREEN0:PRINT"[3f";A;"]"
            ref  [value] '[3f 15 ]'
SUPPORTED     drawkw_k  SCREEN2:A=5:PSET(10,10),15:DRAW"A0S4C15R=A;":B=POINT(14,10):SCREEN0:PRINT"[3g";B;"]"
            ref  [value] '[3g 15 ]'
SUPPORTED     spritekw  SCREEN2:SPRITE$(0)=STRING$(8,255):A=ASC(SPRITE$(0)):SCREEN0:PRINT"[Z";A;"]"
            ref  [value] '[Z 255 ]'
SUPPORTED     sprite_on SCREEN2:SPRITE$(0)=STRING$(8,255):C=0:ON SPRITE GOSUB 80:SPRITE ON:PUTSPRITE0,(100,100),15,0:PUTSPRITE1,(104,100),15,0:T=TIME:V$="VVVVVVVVVVVVVVVVVVVVVVVV":IF C=0 AND TIME-T<120 THEN 60:SCREEN0:PRINT"[2j";C>0;"]":END:W1=55:C=C+1:RETURN
            ref  [value] '[2j-1 ]'
SUPPORTED     sprite_off SCREEN2:SPRITE$(0)=STRING$(8,255):C=0:ON SPRITE GOSUB 80:SPRITE OFF:PUTSPRITE0,(100,100),15,0:PUTSPRITE1,(104,100),15,0:T=TIME:V$="VVVVVVVVVVVVVVVVVVVVVV":IF C=0 AND TIME-T<30 THEN 60:SCREEN0:PRINT"[2k";C;"]":END:W1=55:C=C+1:RETURN
            ref  [value] '[2k 0 ]'
SUPPORTED     sprite_stop SCREEN2:SPRITE$(0)=STRING$(8,255):C=0:ON SPRITE GOSUB 80:SPRITE STOP:PUTSPRITE0,(100,100),15,0:PUTSPRITE1,(104,100),15,0:T=TIME:V$="VVVVVVVVVVVVVVVV":IF C=0 AND TIME-T<30 THEN 60:SCREEN0:PRINT"[2l";C;"]":END:W1=55:C=C+1:RETURN
            ref  [value] '[2l 0 ]'
SUPPORTED     spritekw_b SCREEN2:SPRITE$(3)=STRING$(8,222):SPRITE$(0)=STRING$(8,111):A=ASC(SPRITE$(3)):SCREEN0:PRINT"[Y";A;"]"
            ref  [value] '[Y 222 ]'
SUPPORTED     basekw    PRINT"[";BASE(2);"]"
            ref  [value] '[ 2048 ]'
SUPPORTED     basekw_b  V=BASE(5):BASE(5)=&H1800:A=BASE(5):BASE(5)=V:PRINT"[0r";A;"]"
            ref  [value] '[0r 6144 ]'
SUPPORTED     pdlkw     PRINT"[";PDL(1);"]"
            ref  [value] '[ 255 ]'
SUPPORTED     padkw     PRINT"[";PAD(9);"]"
            ref  [error:illegal function call] '[|Illegal function call'
SUPPORTED     pdl_plug  PRINT"[";PDL(1);"]"
            ref  [value] '[ 128 ]'
SUPPORTED     pad_plug  PRINT"[";PAD(0);"]"
            ref  [value] '[-1 ]'
SUPPORTED     pad_plug_b PRINT"[";PAD(1);"]"
            ref  [value] '[ 255 ]'
SUPPORTED     strig_hold S=0:T=TIME:W$="WWWWWWWWWWWWWWWWWW":IF STRIG(0)THEN S=-1:V$="VVVVVVV":IF S=0 AND TIME-T<120 THEN 20:PRINT"[1w";S;"]"
            ref  [value] '[1w-1 ]'
SUPPORTED     attrkw    PRINT"[";ATTR$;"]"
            ref  [error:illegal function call] '[|Illegal function call'
SUPPORTED     stopkw    PRINT"[T1]":STOP
            ref  [value] '[T1]|Break in 10'
SUPPORTED     maxkw     PRINT"[";MAX;"]"
            ref  [error:syntax error] '[|Syntax error'
SUPPORTED     strigkw   PRINT"[";STRIG(5);"]"
            ref  [error:illegal function call] '[|Illegal function call'
SUPPORTED     onkw      ON ERROR GOTO 20:ERROR 7:END:PRINT"[R";ERR;ERL;"]":END
            ref  [value] '[R 7  10 ]'
SUPPORTED     onkw_b    ON ERROR GOTO 40:ON ERROR GOTO 0:ERROR 7:A=1:A=2:A=3:A=4:A=5:A=6:A=7:A=8:A=9:B=1:B=2:B=3:B=4:B=5:PRINT"[0w1]":END
            ref  [error:out of memory] 'Out of memory in 20'
SUPPORTED     ongoto    ON 2 GOTO 20,30:PRINT"[J00]":END:REM ZQ:PRINT"[J77]":END:PRINT"[J99]":END
            ref  [value] '[J99]'
SUPPORTED     ongosub   ON 2 GOSUB 30,40:PRINT"[K";A;"]":END:REM ZZZZZZZZZZZZZZZZZZZZZZ:A=77:RETURN:REM QQQQQQQQQQQQQQ:A=99:RETURN
            ref  [value] '[K 99 ]'
SUPPORTED     oninterval C=0:ON INTERVAL=10 GOSUB 40:INTERVAL ON:IF C=0 THEN 20:PRINT"[1q";C>0;"]":END:W$="WWWWWW":C=C+1:RETURN
            ref  [value] '[1q-1 ]'
SUPPORTED     oninterval_b C=0:ON INTERVAL=10 GOSUB 60:INTERVAL ON:IF C=0 THEN 20:ON INTERVAL=10 GOSUB:C=0:T=TIME:IF TIME-T<30 THEN 40:PRINT"[1r";C;"]":END:W$="WWWWWWWW":C=C+1:RETURN
            ref  [value] '[1r 0 ]'
SUPPORTED     onsprite  SCREEN2:SPRITE$(0)=STRING$(8,255):C=0:ON SPRITE GOSUB 70:SPRITE ON:PUTSPRITE0,(100,100),15,0:PUTSPRITE1,(104,100),15,0:IF C=0 THEN 50:W$="WWWWWWWWWWWWWW":SCREEN0:PRINT"[1s";C>0;"]":END:C=C+1:RETURN
            ref  [value] '[1s-1 ]'
SUPPORTED     onsprite_b SCREEN2:SPRITE$(0)=STRING$(8,255):C=0:ON SPRITE GOSUB 90:SPRITE ON:PUTSPRITE0,(100,100),15,0:PUTSPRITE1,(104,100),15,0:IF C=0 THEN 50:W$="WWWWWWWWWWWWWW":ON SPRITE GOSUB:C=0:T=TIME:IF TIME-T<30 THEN 70:V$="VVVVVVVV":SCREEN0:PRINT"[1t";C;"]":END:W1=55:C=C+1:RETURN
            ref  [value] '[1t 0 ]'
SUPPORTED     onstrig   C=0:ON STRIG GOSUB 60:STRIG(0) ON:T=TIME:V$="VVVVVVVVVVVVVVVVVVVVVVVV":IF C=0 AND TIME-T<120 THEN 40:PRINT"[1x";C>0;"]":END:W$="WWWWWWWWW":C=C+1:RETURN
            ref  [value] '[1x-1 ]'
SUPPORTED     onstrig_b C=0:ON STRIG GOSUB 60,80:STRIG(0) ON:T=TIME:V$="VVVVVVVVVVVVVVVVVVVVVV":IF C=0 AND TIME-T<120 THEN 40:PRINT"[1y";C;"]":END:W$="WWWWWWWWWWW":C=1:RETURN:U$="UUUUUUUUUUUUUUUUUUUUUUUUUUU":C=2:RETURN
            ref  [value] '[1y 1 ]'
SUPPORTED     onstrig_c C=0:ON STRIG GOSUB 60:ON STRIG GOSUB ,60:STRIG(0) ON:T=TIME:IF C=0 AND TIME-T<120 THEN 40:PRINT"[1z";C;"]":END:W$="WWWWWWWWW":C=C+1:RETURN
            ref  [value] '[1z 0 ]'
SUPPORTED     onstop    C=0:ON STOP GOSUB 60:STOP ON:T=TIME:V$="VVVVVVVVVVVVVVVVVVVVVV":IF C=0 AND TIME-T<200 THEN 30:PRINT"[2q";C>0;"]":END:W$="WWWWWW":Y$="YYYYYYYYYYYYYYYYYYYYYYYY":C=C+1:RETURN
            ref  [value] '[2q-1 ]'
SUPPORTED     onstop_b  C=0:ON STOP GOSUB 60:ON STOP GOSUB:STOP ON:T=TIME:IF C=0 AND TIME-T<200 THEN 30:PRINT"[2r";C;"]":END:W$="WWWWWWWW":Y$="YYYYYYYYYYYYYYYYYYYYYYYY":C=C+1:RETURN
            ref  [value] 'Break in 30'
SUPPORTED     onkey     KEY 1,"":C=0:ON KEY GOSUB 60:KEY(1) ON:T=TIME:V$="VVVVVVVVVVVVVVVVVVVVVVVV":IF C=0 AND TIME-T<120 THEN 40:PRINT"[2a";C>0;"]":END:W$="WWWWWWWWW":C=C+1:RETURN
            ref  [value] '[2a-1 ]'
SUPPORTED     onkey_b   KEY 2,"":C=0:ON KEY GOSUB 60,80:KEY(2) ON:T=TIME:V$="VVVVVVVVVVVVVVVVVVVVVV":IF C=0 AND TIME-T<120 THEN 40:PRINT"[2b";C;"]":END:W$="WWWWWWWWWWW":C=1:RETURN:U$="UUUUUUUUUUUUUUUUUUUUUUUUUUU":C=2:RETURN
            ref  [value] '[2b 2 ]'
SUPPORTED     onkey_c   KEY 1,"":C=0:ON KEY GOSUB 60:ON KEY GOSUB ,60:KEY(1) ON:T=TIME:V$="VVVVVVVVVVVVVVVVVVVVVVVV":IF C=0 AND TIME-T<120 THEN 40:PRINT"[2c";C;"]":END:W$="WWWWWWWW":C=C+1:RETURN
            ref  [value] '[2c 0 ]'
SUPPORTED     errorkw   ON ERROR GOTO 20:ERROR 7:END:PRINT"[R";ERR;ERL;"]":END
            ref  [value] '[R 7  10 ]'
SUPPORTED     errorkw_b ON ERROR GOTO 20:ERROR 53:END:PRINT"[I";ERR;ERL;"]":END
            ref  [value] '[I 53  10 ]'
SUPPORTED     errkw     ON ERROR GOTO 20:ERROR 7:END:PRINT"[R";ERR;ERL;"]":END
            ref  [value] '[R 7  10 ]'
SUPPORTED     erlkw     ON ERROR GOTO 20:ERROR 7:END:PRINT"[R";ERR;ERL;"]":END
            ref  [value] '[R 7  10 ]'
SUPPORTED     resumekw  ON ERROR GOTO 30:ERROR 7:PRINT"[U";A;"]":END:A=5:RESUME NEXT
            ref  [value] '[U 0 ]'
SUPPORTED     resumekw_b ON ERROR GOTO 40:B=-1:W$="WWWWWWW":A=SQR(B):Y$="YYYYYYYYYYYYYYYYYYYY":PRINT"[1n";A;"]":END:V$="VVVVVVVV":B=9:RESUME
            ref  [value] '[1n 3 ]'
SUPPORTED     resumekw_c ON ERROR GOTO 50:A=7:W$="WWWWWWWW":ERROR 7:Y$="YYYYYYYYYYYYYYYYYYYYY":A=8:U$="UUUUUUUUUUUUUUUUUUUUUUUUU":PRINT"[1o";A;"]":END:V$="VVVVVVVV":RESUME 40
            ref  [value] '[1o 7 ]'
SUPPORTED     defintkw  DEFINT A:A=1.7:PRINT"[";A;"]"
            ref  [value] '[ 1 ]'
SUPPORTED     defint_b  DEFINT A-C:C=1.7:PRINT"[";C;"]"
            ref  [value] '[ 1 ]'
SUPPORTED     listkw    PRINT"[A]":LIST
            ref  [value] '[A]|10 PRINT"[A]":LIST'
SUPPORTED     listkw_b  PRINT"[A]":Z$="XXXXXXXXXXXXXXXXXXXXXXXX":Y$="YYYYYYYYYYYYYYYYYYYY":LIST 20
            ref  [value] '[A]|20 Z$="XXXXXXXXXXXXXXXXXXXXXXXX"'
SUPPORTED     listkw_c  PRINT"[A]":Z$="XXXXXXXXXXXXXXXXXXXXXXXX":Y$="YYYYYYYYYYYYYYYYYYYY":LIST 20-30
            ref  [value] '[A]|20 Z$="XXXXXXXXXXXXXXXXXXXXXXXX"|30 Y$="YYYYYYYYYYYYYYYYYYYY"'
SUPPORTED     deletekw  PRINT"[A]":DELETE 99
            ref  [error:illegal function call] '[A]|Illegal function call in 10'
SUPPORTED     del_line  DELETE 20
            ref  [value] '10 REM Z1\\r\\n30 REM Z3\\r\\n'
SUPPORTED     del_range DELETE 20-30
            ref  [value] '10 REM Z1\\r\\n'
SUPPORTED     del_head  DELETE -20
            ref  [value] '30 REM Z3\\r\\n'
SUPPORTED     del_tail  DELETE 20-
            ref  [error:illegal function call] 'Illegal function call'
SUPPORTED     newkw     PRINT"[A]":NEW
            ref  [value] '[A]'
SUPPORTED     gosubkw   A=0:GOSUB 20:PRINT"[G";A;"]":END:A=7:RETURN
            ref  [value] '[G 7 ]'
SUPPORTED     returnkw  A=0:GOSUB 20:PRINT"[H";A;"]":END:A=7:RETURN
            ref  [value] '[H 7 ]'
SUPPORTED     endkw     A=0:GOSUB 20:PRINT"[J";A;"]":END:A=7:RETURN
            ref  [value] '[J 7 ]'
SUPPORTED     datakw    DATA 42:READ A:PRINT"[";A;"]"
            ref  [value] '[ 42 ]'
SUPPORTED     datakw_b  DATA "X,Y":READ A$:PRINT"[";A$;"]"
            ref  [value] '[X,Y]'
SUPPORTED     datakw_c  DATA A B:READ A$:PRINT"[";LEN(A$);A$;"]"
            ref  [value] '[ 3 A B]'
SUPPORTED     datakw_d  DATA 1,,3:READ A,B,C:PRINT"[";A;B;C;"]"
            ref  [value] '[ 1  0  3 ]'
SUPPORTED     readkw    READ Q:RESTORE:READ R:PRINT"[E";Q+R;"]":END:DATA 3
            ref  [value] '[E 6 ]'
SUPPORTED     restorekw READ Q:RESTORE:READ R:PRINT"[F";Q+R;"]":END:DATA 3
            ref  [value] '[F 6 ]'
SUPPORTED     restorekw_b READ Q:RESTORE 50:READ R:PRINT"[1k";Q;R;"]":END:W$="WWWWWW":Y$="YYYYYYYYYYYYYYYYYYYYYY":DATA 7:V$="VVVVVVVVVVVVVVVVVVVVVV":DATA 9:DATA 11
            ref  [value] '[1k 7  11 ]'
SUPPORTED     returnkw_b A=0:GOSUB 50:Z$="XXXXXXXXXXXXXXXXXXXXXXXX":A=A+1:Y$="YYYYYYYYYYYYYYYYYYYYYYY":PRINT"[1l";A;"]":END:W$="WWWWWWWW":A=5:RETURN 40
            ref  [value] '[1l 5 ]'
SUPPORTED     psetkw    SCREEN2:PSET(1,1),15:A=POINT(1,1):SCREEN0:PRINT"[S";A;"]"
            ref  [value] '[S 15 ]'
SUPPORTED     psetkw_b  SCREEN2:PSET(2,2),7:A=POINT(2,2):SCREEN0:PRINT"[H";A;"]"
            ref  [value] '[H 7 ]'
SUPPORTED     psetkw_c  SCREEN3:PSET(10,10),15:A=POINT(10,10):SCREEN0:PRINT"[X";A;"]"
            ref  [value] '[X 15 ]'
SUPPORTED     psetkw_d  SCREEN2:COLOR 11:PSET(5,5):A=POINT(5,5):SCREEN0:PRINT"[A";A;"]":COLOR 15
            ref  [value] '[A 11 ]'
SUPPORTED     psetkw_e  SCREEN2:PSET(10,10),15:PSET STEP(5,0),15:A=POINT(15,10):SCREEN0:PRINT"[B";A;"]"
            ref  [value] '[B 15 ]'
SUPPORTED     presetkw  SCREEN2:PSET(1,1),15:PRESET(1,1):A=POINT(1,1):SCREEN0:PRINT"[R";A;"]"
            ref  [value] '[R 4 ]'
SUPPORTED     presetkw_b SCREEN2:PRESET(3,3),9:A=POINT(3,3):SCREEN0:PRINT"[M";A;"]"
            ref  [value] '[M 9 ]'
SUPPORTED     presetkw_c SCREEN2:PSET(20,10),15:PSET(10,10),15:PRESET STEP(10,0):A=POINT(20,10):B=POINT(10,10):SCREEN0:PRINT"[1";A;B;"]"
            ref  [value] '[1 4  15 ]'
SUPPORTED     presetkw_d SCREEN3:PSET(10,10),15:PSET(12,10),15:PRESET(10,10):A=POINT(10,10):B=POINT(12,10):SCREEN0:PRINT"[2";A;B;"]"
            ref  [value] '[2 4  15 ]'
SUPPORTED     paintkw   SCREEN2:LINE(10,10)-(20,20),15,B:PAINT(15,15),15:A=POINT(15,15):SCREEN0:PRINT"[U";A;"]"
            ref  [value] '[U 15 ]'
SUPPORTED     putsprite SCREEN2:SPRITE$(0)=STRING$(8,255):PUT SPRITE 0,(100,50),15,0:A=VPEEK(6912):SCREEN0:PRINT"[V";A;"]"
            ref  [value] '[V 50 ]'
SUPPORTED     putsprite_b SCREEN2:SPRITE$(1)=STRING$(8,255):PUT SPRITE 0,(100,50),13,1:A=VPEEK(6914):B=VPEEK(6915):SCREEN0:PRINT"[0x";A;B;"]"
            ref  [value] '[0x 1  13 ]'
SUPPORTED     pointkw   SCREEN2:PSET(1,1),15:A=POINT(1,1):SCREEN0:PRINT"[T";A;"]"
            ref  [value] '[T 15 ]'
SUPPORTED     pointkw_b SCREEN2:PSET(1,1),15:A=POINT(1,1):B=POINT(20,20):SCREEN0:PRINT"[0m";A;B;"]"
            ref  [value] '[0m 15  4 ]'
SUPPORTED     linekw    SCREEN2:LINE(1,1)-(5,1),15:A=POINT(3,1):SCREEN0:PRINT"[L";A;"]"
            ref  [value] '[L 15 ]'
SUPPORTED     linekw_b  SCREEN2:LINE(1,1)-(9,9),15,B:A=POINT(9,1):SCREEN0:PRINT"[P";A;"]"
            ref  [value] '[P 15 ]'
SUPPORTED     linekw_c  SCREEN2:LINE(1,1)-(9,9),15,BF:A=POINT(7,3):B=POINT(20,20):SCREEN0:PRINT"[0n";A;B;"]"
            ref  [value] '[0n 15  4 ]'
SUPPORTED     linekw_d  SCREEN2:PSET(10,10),15:LINE STEP(0,0)-STEP(5,0),15:A=POINT(13,10):B=POINT(3,0):SCREEN0:PRINT"[0o";A;B;"]"
            ref  [value] '[0o 15  4 ]'
SUPPORTED     linekw_e  SCREEN2:PSET(10,10),15:LINE -(20,10),15:A=POINT(15,10):B=POINT(15,7):SCREEN0:PRINT"[0p";A;B;"]"
            ref  [value] '[0p 15  4 ]'
SUPPORTED     linekw_f  SCREEN2:COLOR 11:LINE(1,1)-(5,1):A=POINT(3,1):B=POINT(3,10):SCREEN0:PRINT"[0q";A;B;"]":COLOR 15
            ref  [value] '[0q 11  4 ]'
SUPPORTED     colorkw   COLOR 7:PRINT"[O";PEEK(-3095);"]"
            ref  [value] '[O 7 ]'
SUPPORTED     colorkw_b COLOR 7:COLOR ,5:A=PEEK(&HF3EA):B=PEEK(&HF3E9):PRINT"[3";A;B;"]":COLOR 15,4,4
            ref  [value] '[3 5  7 ]'
SUPPORTED     colorkw_c COLOR 7:COLOR ,,3:A=PEEK(&HF3EB):B=PEEK(&HF3E9):PRINT"[4";A;B;"]":COLOR 15,4,4
            ref  [value] '[4 3  7 ]'
SUPPORTED     clskw     CLS:PRINT"[C";CSRLIN;"]"
            ref  [value] '[C 0 ]'
SUPPORTED     locate    LOCATE 10:PRINT"[X]"
            ref  [value] '[X]'
SUPPORTED     locate_b  CLS:LOCATE 0,5:PRINT"[N";CSRLIN;"]"
            ref  [value] '[N 5 ]'
SUPPORTED     locate_c  CLS:LOCATE 9,3:LOCATE ,7:A=CSRLIN:B=POS(0):PRINT"[0b";A;B;"]"
            ref  [value] '[0b 7  9 ]'
SUPPORTED     locate_d  C=PEEK(&HFCA9):POKE&HFCA9,99:LOCATE,,0:A=PEEK(&HFCA9):LOCATE,,1:B=PEEK(&HFCA9):LOCATE,,2:D=PEEK(&HFCA9):POKE&HFCA9,C:PRINT"[0e";A;B;D;"]"
            ref  [value] '[0e 0  1  1 ]'
SUPPORTED     pos       PRINT"    ";:PRINT"[";POS(0);"]"
            ref  [value] '[ 5 ]'
SUPPORTED     tab       PRINT"[";TAB(5);"X]"
            ref  [value] '[    X]'
SUPPORTED     spc       PRINT"[";SPC(5);"X]"
            ref  [value] '[     X]'
SUPPORTED     printkw_b CLS:PRINT"A","B";:A=POS(0):PRINT"[0t";A;"]"
            ref  [value] 'A             B[0t 15 ]'
SUPPORTED     printkw_c CLS:PRINT"AB";"CD";:A=POS(0):PRINT"[0u";A;"]"
            ref  [value] 'ABCD[0u 4 ]'
SUPPORTED     printkw_d CLS:PRINT"AB";:A=CSRLIN:PRINT"[0v";A;"]"
            ref  [value] 'AB[0v 0 ]'
SUPPORTED     swap      A=1:B=2:SWAP A,B:PRINT"[";A;B;"]"
            ref  [value] '[ 2  1 ]'
SUPPORTED     fre       PRINT"[";FRE(0)>1000;"]"
            ref  [value] '[-1 ]'
SUPPORTED     fre_b     A=FRE(0):DIM Z(9):B=FRE(0):PRINT"[";A-B;"]"
            ref  [value] '[ 99 ]'
SUPPORTED     fre_c     A=FRE(""):B$=STRING$(50,"X"):C=FRE(""):PRINT"[";A-C;"]"
            ref  [value] '[ 50 ]'
SUPPORTED     tron      TRON:TROFF:PRINT"[ok]"
            ref  [value] '[ok]'
SUPPORTED     troff     TROFF:PRINT"[ok]"
            ref  [value] '[ok]'
SUPPORTED     tron_b    TRON:A=1:REM ZZZZZZZZZZZZZZZZZZZZZZZZZ:B=2:PRINT"[0k]"
            ref  [value] '[20][30][0k]'
SUPPORTED     troff_b   TRON:A=1:REM ZZZZZZZZZZZZZZZZZZZZZZZZZ:TROFF:B=2:REM QQQQQQQQQQQQQQQQQQQQQQ:PRINT"[0g]"
            ref  [value] '[20][30][0g]'
SUPPORTED     renum     RENUM 100:PRINT"[R1]"
            ref  [error:undefined line] 'Undefined line 100 in 10'
SUPPORTED     ren_bare  RENUM
            ref  [value] '10 REM Z1\\r\\n20 REM Z2\\r\\n30 REM Z3\\r\\n'
SUPPORTED     ren_start RENUM 100
            ref  [value] '100 REM Z1\\r\\n110 REM Z2\\r\\n120 REM Z3\\r\\n'
SUPPORTED     ren_old   RENUM 100,7
            ref  [value] '5 REM Z1\\r\\n100 REM Z2\\r\\n110 REM Z3\\r\\n'
SUPPORTED     ren_step  RENUM 100,,20
            ref  [value] '100 REM Z1\\r\\n120 REM Z2\\r\\n140 REM Z3\\r\\n'
SUPPORTED     defsng    DEFSNG A:A=1.5:PRINT"[";A;"]"
            ref  [value] '[ 1.5 ]'
SUPPORTED     defsng_b  DEFINT A-C:DEFSNG A-C:C=1.5:PRINT"[";C;"]"
            ref  [value] '[ 1.5 ]'
SUPPORTED     defdbl    DEFDBL A:A=1.5:PRINT"[";A;"]"
            ref  [value] '[ 1.5 ]'
SUPPORTED     defdbl_b  DEFDBL A-C:C=1/3:PRINT"[";C;"]"
            ref  [value] '[ .33333333333333 ]'
SUPPORTED     defstr    DEFSTR A:A="x":PRINT"[";A;"]"
            ref  [value] '[x]'
SUPPORTED     defstr_b  DEFSTR A-C:C="x":PRINT"[";C;"]"
            ref  [value] '[x]'
SUPPORTED     deffn     DEF FNA(X)=X+1:PRINT"[";FNA(2);"]"
            ref  [value] '[ 3 ]'
SUPPORTED     fnkw      DEF FNB(X)=X*X:PRINT"[";FNB(5);"]"
            ref  [value] '[ 25 ]'
SUPPORTED     fnkw_b    DEF FNT$(X$)=X$+"?":PRINT"[";FNT$("Z");"]"
            ref  [value] '[Z?]'
SUPPORTED     deffn_b   DEF FNS$(X$)=X$+"!":PRINT"[";FNS$("A");"]"
            ref  [value] '[A!]'
SUPPORTED     eqv       PRINT"[";5 EQV 3;"]"
            ref  [value] '[-7 ]'
SUPPORTED     imp       PRINT"[";5 IMP 3;"]"
            ref  [value] '[-5 ]'
SUPPORTED     llist     LLIST:REM ZQ8
            ref  [value] '10 LLIST:REM ZQ8\\r\\n'
SUPPORTED     motor     MOTOR OFF:A=INP(&HAA)AND16:PRINT"[2n";A;"]"
            ref  [value] '[2n 16 ]'
SUPPORTED     motor_b   MOTOR ON:A=INP(&HAA)AND16:MOTOR OFF:PRINT"[2m";A;"]"
            ref  [value] '[2m 0 ]'
SUPPORTED     motor_c   MOTOR OFF:MOTOR:A=INP(&HAA)AND16:MOTOR OFF:PRINT"[2o";A;"]"
            ref  [value] '[2o 0 ]'
SUPPORTED   ! WEAK  time      T=TIME:PRINT"[";TIME>=T;"]"
            ref  [value] '[-1 ]'
            zb   [value] '[-1 ]'
            WEAK: absent => variable TI, always 0, and `0>=0` is STILL true, so this row passes on a machine with no TIME. The `timetick` row is the real test.
SUPPORTED     timetick  T=TIME:FOR I=1 TO 400:NEXT:PRINT"[";TIME>T;"]"
            ref  [value] '[-1 ]'
SUPPORTED     time_c    TIME=30000:A=INT(TIME/100):TIME=10000:B=INT(TIME/100):PRINT"[0e";A;B;"]"
            ref  [value] '[0e 300  100 ]'
SUPPORTED     mki       PRINT"[";LEN(MKI$(1));"]"
            ref  [value] '[ 2 ]'
SUPPORTED     mki_c     A$=MKI$(258):PRINT"[";ASC(A$);ASC(RIGHT$(A$,1));"]"
            ref  [value] '[ 2  1 ]'
SUPPORTED     mks       PRINT"[";LEN(MKS$(1));"]"
            ref  [value] '[ 4 ]'
SUPPORTED     mks_b     PRINT"[";ASC(MKS$(1.5));"]"
            ref  [value] '[ 65 ]'
SUPPORTED     mkd       PRINT"[";LEN(MKD$(1));"]"
            ref  [value] '[ 8 ]'
SUPPORTED     mkd_b     PRINT"[";ASC(MKD$(1.5));"]"
            ref  [value] '[ 65 ]'
SUPPORTED     cvs       PRINT"[";CVS(MKS$(1));"]"
            ref  [value] '[ 1 ]'
SUPPORTED     cvd       PRINT"[";CVD(MKD$(1));"]"
            ref  [value] '[ 1 ]'
SUPPORTED     cvi_b     A=CVI(MKI$(-1)):B=CVI(MKI$(32767)):PRINT"[";A;B;"]"
            ref  [value] '[-1  32767 ]'
SUPPORTED     cvs_b     PRINT"[";CVS(MKS$(1.5));"]"
            ref  [value] '[ 1.5 ]'
SUPPORTED     cvd_b     PRINT"[";CVD(MKD$(.1));"]"
            ref  [value] '[ .1 ]'
SUPPORTED     mki_b     PRINT"[";ASC(MKI$(258));"]"
            ref  [value] '[ 2 ]'
SUPPORTED     usrkw     POKE-8192,&HC9:DEFUSR=-8192:A=USR(7):PRINT"[U";A;"]"
            ref  [value] '[U 7 ]'
SUPPORTED     defusr    POKE-8192,&HC9:DEFUSR=-8192:A=USR(7):PRINT"[1u";A;"]"
            ref  [value] '[1u 7 ]'
SUPPORTED     defusr_b  POKE-8192,&HC9:DEFUSR1=-8192:A=USR1(7):PRINT"[1v";A;"]"
            ref  [value] '[1v 7 ]'
SUPPORTED     usrkw_b   POKE-8192,&HC9:DEFUSR1=-8192:A=USR1(7):PRINT"[";A;"]"
            ref  [value] '[ 7 ]'
SUPPORTED     screenkw  SCREEN2:A=PEEK(&HFCAF):SCREEN0:PRINT"[G";A;"]"
            ref  [value] '[G 2 ]'
SUPPORTED     screenkw_c SCREEN2,3:A=PEEK(&HF3E0):SCREEN2,0:B=PEEK(&HF3E0):SCREEN0:PRINT"[0c";A;B;"]"
            ref  [value] '[0c 227  224 ]'
SUPPORTED     screenkw_d POKE&HF3DB,99:SCREEN,,0:A=PEEK(&HF3DB):SCREEN,,1:B=PEEK(&HF3DB):SCREEN,,2:PRINT"[0d";A;B;PEEK(&HF3DB);"]"
            ref  [value] '[0d 0  1  2 ]'
SUPPORTED     keykw     KEY 1,"ZZQ":KEY LIST
            ref  [value] 'ZZQ|auto|goto|list|run|color 15,4,4|cload"|cont|list.|run'
SUPPORTED     keykw_b   KEY 1,"ZQ":A$="":T=TIME:W$="WWWWWWWWWWWWWWWWWW":A$=A$+INKEY$:V$="VVVVVVVVVVVVVVVVVV":IF LEN(A$)<2 AND TIME-T<99 THEN 30:KEY 1,"":PRINT"[3r";LEFT$(A$,2);"]"
            ref  [value] '[3rZQ]'
SUPPORTED     keykw_on  KEY ON:LOCATE 0,23:A=CSRLIN:CLS:PRINT"[K5";A;"]"
            ref  [value] '[K5 22 ]'
SUPPORTED     keykw_off KEY OFF:LOCATE 0,23:A=CSRLIN:CLS:PRINT"[K4";A;"]"
            ref  [value] '[K4 23 ]'
SUPPORTED     waitkw    WAIT &HA8,&HFF:PRINT"[Y1]"
            ref  [value] '[Y1]'
SUPPORTED     waitkw_b  WAIT &HA8,&H0F,&H0F:PRINT"[1m]"
            ref  [value] '[1m]'
SUPPORTED     lposkw    LPRINT"ABC";:PRINT"[P";LPOS(0);"]"
            ref  [value] '[P 3 ]'
SUPPORTED     lprintkw  LPRINT"ABC";:PRINT"[P";LPOS(0);"]"
            ref  [value] '[P 3 ]'
SUPPORTED     dskf      PRINT"[";DSKF(1);"]"
            ref  [value] '[ 706 ]'
SUPPORTED     files     FILES"HI.TXT":PRINT"[8]"
            ref  [value] 'HI      .TXT [8]'
SUPPORTED     files_b   FILES:PRINT"[9]"
            ref  [value] 'TEST    .BIN HI      .TXT PROG    .BIN|PROG    .BAS PROG2   .BAS PROG3   .BAS|[9]'
SUPPORTED     lof       OPEN"HI.TXT"FOR INPUT AS#1:A=LOF(1):CLOSE#1:PRINT"[";A;"]"
            ref  [value] '[ 26 ]'
SUPPORTED     openkw_b  MAXFILES=2:OPEN"HI.TXT"FOR INPUT AS#2:A$=INPUT$(2,#2):CLOSE#2:PRINT"[";A$;"]":MAXFILES=1
            ref  [value] '[He]'
SUPPORTED     maxfiles  A=7:MAXFILES=2:PRINT"[1p";A;"]":MAXFILES=1
            ref  [value] '[1p 0 ]'
SUPPORTED     eof       OPEN"HI.TXT"FOR INPUT AS#1:A$=INPUT$(26,#1):A=EOF(1):CLOSE#1:PRINT"[";A;"]"
            ref  [value] '[-1 ]'
SUPPORTED     bload     POKE&HC000,7:BLOAD"PROG.BIN":A=PEEK(&HC000):PRINT"[";A;"]"
            ref  [value] '[ 62 ]'
SUPPORTED     cload_b   CLOAD
            ref  [value] 'Found:ZQ'
SUPPORTED     inkey     POKE&HFBF0,65:POKE&HF3FA,&HF0:POKE&HF3FB,&HFB:POKE&HF3F8,&HF1:POKE&HF3F9,&HFB:A$=INKEY$:PRINT"[";A$;LEN(A$);"]"
            ref  [value] '[A 1 ]'
SUPPORTED     csave     PRINT"[Z9]":CSAVE"ZQ"
            ref  [value] 'D3 D3 D3 D3 D3 D3 D3 D3 D3 D3 5A 51 20 20 20 20 13 80 0A 00 91 22 5B 5A 39 5D 22 3A 9A 22 5A 51 22 00 00 00 00 00 00 00 00 00 00'
SUPPORTED     sqr_t3    PRINT SQR(-1)
            ref  [error:illegal function call] 'Illegal function call'
SUPPORTED     asc_t3    PRINT ASC("")
            ref  [error:illegal function call] 'Illegal function call'
SUPPORTED     left_t3   PRINT LEFT$(5,1)
            ref  [error:type mismatch] 'Type mismatch'
SUPPORTED     dim_t3    DIM ZZ(2):ZZ(9)=1
            ref  [error:subscript out of range] 'Subscript out of range'
SUPPORTED     read_t3   READ ZV
            ref  [value] 'Out of DATA'
SUPPORTED     chr_t3    PRINT CHR$(256)
            ref  [error:illegal function call] 'Illegal function call'
SUPPORTED     mid_t3    PRINT MID$("AB",0)
            ref  [error:illegal function call] 'Illegal function call'
SUPPORTED     log_t3    PRINT LOG(0)
            ref  [error:illegal function call] 'Illegal function call'
SUPPORTED     str_t3    PRINT STRING$(300,"A")
            ref  [error:illegal function call] 'Illegal function call'
SUPPORTED     goto_t3   GOTO 9999
            ref  [error:undefined line] 'Undefined line number'
SUPPORTED     gotokw    A=0:GOTO 40:A=7:Z$="XXXXXXXXXXXXXXXXXXXXXXXX":Y$="YYYYYYYYYYYYYYYYYYYYYYYY":PRINT"[1e";A;"]"
            ref  [value] '[1e 0 ]'
SUPPORTED     next_t3   NEXT
            ref  [value] 'NEXT without FOR'
SUPPORTED     ret_t3    RETURN
            ref  [value] 'RETURN without GOSUB'
SUPPORTED     instr_t3  PRINT INSTR(0,"AB","A")
            ref  [error:illegal function call] 'Illegal function call'
SUPPORTED     poke_t3   POKE 70000,0
            ref  [error:overflow] 'Overflow'
SUPPORTED     peek_t3   PRINT PEEK(70000)
            ref  [error:overflow] 'Overflow'
SUPPORTED     sgn_t3    PRINT SGN("A")
            ref  [error:type mismatch] 'Type mismatch'
SUPPORTED     abs_t3    PRINT ABS("A")
            ref  [error:type mismatch] 'Type mismatch'
SUPPORTED     rest_t3   RESTORE 9999
            ref  [error:undefined line] 'Undefined line number'
SUPPORTED     erase_t3  ERASE ZQ9
            ref  [error:illegal function call] 'Illegal function call'
SUPPORTED     swap_t3   SWAP ZQ9,ZQ8$
            ref  [error:type mismatch] 'Type mismatch'
SUPPORTED     space_t3  PRINT SPACE$(300)
            ref  [error:illegal function call] 'Illegal function call'
SUPPORTED     len_t3    PRINT LEN(5)
            ref  [error:type mismatch] 'Type mismatch'
SUPPORTED     hex_t3    PRINT HEX$("A")
            ref  [error:type mismatch] 'Type mismatch'
SUPPORTED     oct_t3    PRINT OCT$("A")
            ref  [error:type mismatch] 'Type mismatch'
SUPPORTED     int_t3    PRINT INT("A")
            ref  [error:type mismatch] 'Type mismatch'
SUPPORTED     exp_t3    PRINT EXP(1000)
            ref  [error:overflow] 'Overflow'
SUPPORTED     vpoke_t3  VPOKE 20000,0
            ref  [error:illegal function call] 'Illegal function call'
SUPPORTED     sound_t3  SOUND 20,0
            ref  [error:illegal function call] 'Illegal function call'
SUPPORTED     fn_t3     PRINT FNZZ(1)
            ref  [value] 'Undefined user function'
SUPPORTED     kill_t3   KILL"NOSUCH.BAS"
            ref  [error:file not found] 'File not found'
SUPPORTED     cvi_t3    PRINT CVI("A")
            ref  [error:illegal function call] 'Illegal function call'
SUPPORTED     mki_t3    PRINT MKI$("A")
            ref  [error:type mismatch] 'Type mismatch'
SUPPORTED     dskf_t3   PRINT DSKF(9)
            ref  [value] 'Bad drive name'
SUPPORTED     sgn_b     PRINT"[";SGN(-5);SGN(0);SGN(5);"]"
            ref  [value] '[-1  0  1 ]'
SUPPORTED     fix_b     PRINT"[";FIX(-2.7);FIX(2.7);"]"
            ref  [value] '[-2  2 ]'
SUPPORTED     cos_b     PRINT"[";COS(0);"]"
            ref  [value] '[ 1 ]'
SUPPORTED     vpoke_b   VPOKE 16383,7:PRINT"[";VPEEK(16383);"]"
            ref  [value] '[ 7 ]'
SUPPORTED     vpoke_b2  VPOKE 100,255:PRINT"[";VPEEK(100);"]"
            ref  [value] '[ 255 ]'
SUPPORTED     close     OPEN"W.TXT"FOR OUTPUT AS#1:PRINT#1,"ABC":CLOSE#1:OPEN"W.TXT"FOR INPUT AS#1:A=LOF(1):CLOSE#1:PRINT"[";A;"]"
            ref  [value] '[ 6 ]'
SUPPORTED     close_b   OPEN"W4.TXT"FOR OUTPUT AS#1:PRINT#1,"AB":CLOSE:OPEN"W4.TXT"FOR INPUT AS#1:A=LOF(1):CLOSE#1:PRINT"[";A;"]"
            ref  [value] '[ 5 ]'
SUPPORTED     bsave     POKE&HC800,99:BSAVE"O.BIN",&HC800,&HC800:POKE&HC800,7:BLOAD"O.BIN":A=PEEK(&HC800):PRINT"[";A;"]"
            ref  [value] '[ 99 ]'
SUPPORTED     save      A=1:SAVE"S.BAS":OPEN"S.BAS"FOR INPUT AS#1:A=LOF(1):CLOSE#1:PRINT"[";A;"]"
            ref  [value] '[ 68 ]'
SUPPORTED     kill      A=DSKF(1):KILL"PROG2.BAS":B=DSKF(1):PRINT"[";B-A;"]"
            ref  [value] '[ 1 ]'
SUPPORTED     merge     OPEN"N.BAS"FOR OUTPUT AS#1:PRINT#1,"100 END":CLOSE:PRINT"[M0]":MERGE"N.BAS":PRINT"[M1]"
            ref  [value] '[M0]'
SUPPORTED     lset      OPEN"R.DAT"AS#1:FIELD#1,4 AS A$:LSET A$="B":A=ASC(A$):CLOSE#1:PRINT"[";A;"]"
            ref  [value] '[ 66 ]'
SUPPORTED     rset      OPEN"R.DAT"AS#1:FIELD#1,4 AS A$:RSET A$="B":A=ASC(A$):CLOSE#1:PRINT"[";A;"]"
            ref  [value] '[ 32 ]'
SUPPORTED     inputkw   OPEN"HI.TXT"FOR INPUT AS#1:INPUT#1,A$:CLOSE#1:PRINT"[I";LEN(A$);"]"
            ref  [value] '[I 24 ]'
SUPPORTED     input_b   OPEN"HI.TXT"FOR INPUT AS#1:INPUT#1,A$:CLOSE#1:PRINT"[";LEFT$(A$,5);"]"
            ref  [value] '[Hello]'
SUPPORTED     inputdol_b A$=INPUT$(1):PRINT"[0y";A$;"]"
            ref  [value] '[0yZ]'
SUPPORTED     inputdol_c OPEN"IDL.TXT"FOR OUTPUT AS#1:PRINT#1,"ABC":CLOSE#1:OPEN"IDL.TXT"FOR INPUT AS#1:A$=INPUT$(3,#1):CLOSE#1:PRINT"[";A$;"]"
            ref  [value] '[ABC]'
SUPPORTED     inputcon  INPUT A$:PRINT"[0z";A$;"]"
            ref  [value] '[0zHELLO]'
SUPPORTED     inputcon_b INPUT "N";A:PRINT"[1a";A;"]"
            ref  [value] '[1a 42 ]'
SUPPORTED     inputcon_c INPUT A,B:PRINT"[1b";A;B;"]"
            ref  [value] '[1b 3  4 ]'
SUPPORTED     lineinput LINE INPUT A$:PRINT"[1c";A$;"]"
            ref  [value] '[1c A,B C]'
SUPPORTED     lineinput_b LINE INPUT "Q";A$:PRINT"[1d";A$;"]"
            ref  [value] '[1d X,Y]'
SUPPORTED     getkw     OPEN"R.DAT"AS#1:FIELD#1,4 AS A$:LSET A$="B":PUT#1,1:LSET A$="Z":A=ASC(A$):GET#1,1:B=ASC(A$):CLOSE#1:PRINT"[G";A;B;"]"
            ref  [value] '[G 90  66 ]'
SUPPORTED     puthash   OPEN"Q.DAT"AS#1:FIELD#1,4 AS A$:LSET A$="K":PUT#1,1:LSET A$="Z":PUT#1,2:GET#1,1:A=ASC(A$):GET#1,2:B=ASC(A$):CLOSE#1:PRINT"[";A;B;"]"
            ref  [value] '[ 75  90 ]'
SUPPORTED     printhash OPEN"P.TXT"FOR OUTPUT AS#1:PRINT#1,"ABC":CLOSE#1:OPEN"P.TXT"FOR INPUT AS#1:A$=INPUT$(3,#1):CLOSE#1:PRINT"[";A$;"]"
            ref  [value] '[ABC]'
SUPPORTED     callkw    CALL=1:PRINT"[C1]"
            ref  [error:syntax error] 'Syntax error in 10'
SUPPORTED     callkw_b  CALL FOO:PRINT"[C2]"
            ref  [error:syntax error] 'Syntax error in 10'
SUPPORTED     runkw     POKE&HE001,0:POKE&HE001,PEEK(&HE001)+1:IF PEEK(&HE001)<2 THEN RUN 20:PRINT"[";PEEK(&HE001);"]"
            ref  [value] '[ 2 ]'
SUPPORTED     runkw_b   A=VPEEK(4096):IF A=99 THEN PRINT"[2x]":END:VPOKE 4096,99:RUN
            ref  [value] '[2x]'
SUPPORTED     dski      A$=DSKI$(0,7):B=PEEK(&HF351)+256*PEEK(&HF352):A=PEEK(B):PRINT"[";A;"]"
            ref  [value] '[ 84 ]'
SUPPORTED     dsko      A$=DSKI$(0,7):B=PEEK(&HF351)+256*PEEK(&HF352):POKE B,88:DSKO$0,7:A$=DSKI$(0,0):A$=DSKI$(0,7):A=PEEK(B):PRINT"[";A;"]"
            ref  [value] '[ 88 ]'
SUPPORTED     copy      COPY"HI.TXT" TO "H2.TXT":OPEN"H2.TXT"FOR INPUT AS#1:A=LOF(1):CLOSE#1:PRINT"[";A;"]"
            ref  [value] '[ 26 ]'
SUPPORTED     set       SET PASSWORD
            ref  [error:illegal function call] 'Illegal function call in 10'
SUPPORTED     ipl       IPL
            ref  [error:illegal function call] 'Illegal function call in 10'
SUPPORTED     cmd       CMD"X"
            ref  [error:illegal function call] 'Illegal function call in 10'
SUPPORTED     lfiles    LPRINT"AB";:LFILES:PRINT"[P";LPOS(0);"]"
            ref  [value] '[P 0 ]'
SUPPORTED     loc       OPEN"HI.TXT"FOR INPUT AS#1:A$=INPUT$(10,#1):A=LOC(1):CLOSE#1:PRINT"[";A;"]"
            ref  [value] '[ 26 ]'
SUPPORTED     openkw    OPEN"O.TXT"FOR OUTPUT AS#1:PRINT#1,"AB":CLOSE#1:OPEN"O.TXT"FOR INPUT AS#1:A=LOF(1):CLOSE#1:PRINT"[";A;"]"
            ref  [value] '[ 5 ]'
SUPPORTED     namekw    OPEN"NM.TXT"FOR OUTPUT AS#1:PRINT#1,"AB":CLOSE#1:NAME"NM.TXT" AS "NM2.TXT":OPEN"NM2.TXT"FOR INPUT AS#1:A=LOF(1):CLOSE#1:PRINT"[2p";A;"]"
            ref  [value] '[2p 5 ]'
SUPPORTED     open_c    OPEN"OA.TXT"FOR OUTPUT AS#1:PRINT#1,"AB":CLOSE#1:OPEN"OA.TXT"FOR APPEND AS#1:A=LOF(1):PRINT#1,"CD":CLOSE#1:PRINT"[2f";A;"]"
            ref  [value] '[2f 5 ]'
SUPPORTED     open_d    OPEN"OR.DAT"AS#1:FIELD#1,4 AS A$:LSET A$="PQRS":PUT#1,1:GET#1,1:PRINT"[2e";A$;"]":CLOSE#1
            ref  [value] '[2ePQRS]'
SUPPORTED     fieldkw   OPEN"F.DAT"AS#1:FIELD#1,4 AS A$:LSET A$="WXYZ":PUT#1,1:GET#1,1:PRINT"[";A$;"]":CLOSE#1
            ref  [value] '[WXYZ]'
SUPPORTED     bsave_b   POKE&HC800,99:BSAVE"O2.BIN",&HC800,&HC800,&HC900:OPEN"O2.BIN"FOR INPUT AS#1:B$=INPUT$(7,#1):CLOSE#1:PRINT"[2t";ASC(MID$(B$,7,1));"]"
            ref  [value] '[2t 201 ]'
SUPPORTED     bload_b   POKE&HC800,&H3E:POKE&HC801,42:POKE&HC802,&H32:POKE&HC803,6:POKE&HC804,&HC8:POKE&HC805,&HC9:BSAVE"R.BIN",&HC800,&HC805,&HC800:POKE&HC806,0:BLOAD"R.BIN",R:A=PEEK(&HC806):PRINT"[2v";A;"]"
            ref  [value] '[2v 42 ]'
SUPPORTED     bload_c   POKE&HC800,77:BSAVE"V.BIN",&HC800,&HC800:VPOKE 2048,0:BLOAD"V.BIN",S:A=VPEEK(2048):PRINT"[2w";A;"]"
            ref  [value] '[2w 77 ]'
SUPPORTED     save_b    PRINT"[2s]":SAVE"SA.BAS",A:PRINT"[2u]"
            ref  [value] '[2s]'
SUPPORTED     runkw_c   RUN"PROG3.BAS"
            ref  [value] '[3h]'
SUPPORTED     loadkw    LOAD"PROG3.BAS",R
            ref  [value] '[3h]'
SUPPORTED     load_b    LOAD"PROG3.BAS"
            ref  [value] '10 PRINT"[3h]"\\r\\n'
SUPPORTED     bin       PRINT"[";BIN$(5);"]"
            ref  [value] '[101]'
SUPPORTED     auto      AUTO 100
            ref  [value] '100'
SUPPORTED     auto_bare AUTO
            ref  [value] '10*'
SUPPORTED     auto_step AUTO 100,5
            ref  [value] '100 REM Z|105'

==============================================================================
COMBINED — tokenised? x observable consequence
==============================================================================
word       crunch  support     consequence
------------------------------------------------------------------------------
abs        present SUPPORTED   match
int        present SUPPORTED   match
len        present SUPPORTED   match
chr        present SUPPORTED   match
mid        present SUPPORTED   match
mid_b      present SUPPORTED   match
mid_c      present SUPPORTED   match
instr      present SUPPORTED   match
instr_b    present SUPPORTED   match
hex        present SUPPORTED   match
sqr        present SUPPORTED   match
peek       present SUPPORTED   match
peek_b     present SUPPORTED   match
varptr     present SUPPORTED   match
varptr_b   present SUPPORTED   match
stick      present SUPPORTED   match
stick_hold present SUPPORTED   match
erase      present SUPPORTED   match
erase_b    present SUPPORTED   match
swapctl    present SUPPORTED   match
asc        present SUPPORTED   match
cint       present SUPPORTED   match
cdbl       present SUPPORTED   match
csng       present SUPPORTED   match
fix        present SUPPORTED   match
sgn        present SUPPORTED   match
sin        present SUPPORTED   match
sin_b      present SUPPORTED   match
cos        present SUPPORTED   match
tan        present SUPPORTED   match
tan_b      present SUPPORTED   match
atn        present SUPPORTED   match
exp        present SUPPORTED   match
log        present SUPPORTED   match
mod        present SUPPORTED   match
notop      present SUPPORTED   match
andop      present SUPPORTED   match
orop       present SUPPORTED   match
xorop      present SUPPORTED   match
oct        present SUPPORTED   match
valkw      present SUPPORTED   match
valkw_b    present SUPPORTED   match
valkw_c    present SUPPORTED   match
valkw_d    present SUPPORTED   match
valkw_e    present SUPPORTED   match
left       present SUPPORTED   match
right      present SUPPORTED   match
str        present SUPPORTED   match
stringf    present SUPPORTED   match
space      present SUPPORTED   match
space_b    present SUPPORTED   match
csrlind    present SUPPORTED   match
let        present SUPPORTED   match
rem        present SUPPORTED   match
rnd        present SUPPORTED   match
rnd_b      present SUPPORTED   match
cvi        present SUPPORTED   match
using      present SUPPORTED   match
using_b    present SUPPORTED   match
using_c    present SUPPORTED   match
using_d    present SUPPORTED   match
using_e    present SUPPORTED   match
then       present SUPPORTED   match
elsekw     present SUPPORTED   match
tokw       present SUPPORTED   match
stepkw     present SUPPORTED   match
offkw      present SUPPORTED   match
ifkw       present SUPPORTED   match
ifkw_b     present SUPPORTED   match
ifkw_c     present SUPPORTED   match
forkw      present SUPPORTED   match
forkw_b    present SUPPORTED   match
forkw_c    present SUPPORTED   match
nextkw     present SUPPORTED   match
nextkw_b   present SUPPORTED   match
nextkw_c   present SUPPORTED   match
clearkw    present SUPPORTED   match
clear_b    present SUPPORTED   match
clear_c    present SUPPORTED   match
dimkw      present SUPPORTED   match
dimkw_b    present SUPPORTED   match
beep       present SUPPORTED   match
beep_b     present SUPPORTED   match
beep_c     present SUPPORTED   match
sound      present SUPPORTED   match
sound_b    present SUPPORTED   match
playkw     present SUPPORTED   match
playkw_b   present SUPPORTED   match
playkw_c   present SUPPORTED   match
playkw_d   present SUPPORTED   match
playkw_e   present SUPPORTED   match
playkw_f   present SUPPORTED   match
playkw_g   present SUPPORTED   match
playkw_h   present SUPPORTED   match
playkw_i   present SUPPORTED   match
vpeek      present SUPPORTED   match
vpoke      present SUPPORTED   match
vdpkw      present SUPPORTED   match
vdp_b      present SUPPORTED   match
vdp_c      present SUPPORTED   match
vdp_d      present SUPPORTED   match
inpkw      present SUPPORTED   match
inp_b      present SUPPORTED   match
outkw      present SUPPORTED   match
out_b      present SUPPORTED   match
pokekw     present SUPPORTED   match
widthkw    present SUPPORTED   match
widthkw_b  present SUPPORTED   match
circlekw   present SUPPORTED   match
circlekw_b present SUPPORTED   match
circlekw_c present SUPPORTED   match
circlekw_d present SUPPORTED   match
circlekw_e present SUPPORTED   match
drawkw     present SUPPORTED   match
drawkw_b   present SUPPORTED   match
drawkw_c   present SUPPORTED   match
drawkw_d   present SUPPORTED   match
drawkw_e   present SUPPORTED   match
drawkw_f   present SUPPORTED   match
drawkw_g   present SUPPORTED   match
drawkw_h   present SUPPORTED   match
drawkw_i   present SUPPORTED   match
drawkw_j   present SUPPORTED   match
drawkw_k   present SUPPORTED   match
spritekw   present SUPPORTED   match
sprite_on  present SUPPORTED   match
sprite_off present SUPPORTED   match
sprite_stop present SUPPORTED   match
spritekw_b present SUPPORTED   match
basekw     present SUPPORTED   match
basekw_b   present SUPPORTED   match
pdlkw      present SUPPORTED   match
padkw      present SUPPORTED   match
pdl_plug   present SUPPORTED   match
pad_plug   present SUPPORTED   match
pad_plug_b present SUPPORTED   match
strig_hold present SUPPORTED   match
attrkw     present SUPPORTED   match
stopkw     present SUPPORTED   match
maxkw      present SUPPORTED   match
strigkw    present SUPPORTED   match
onkw       present SUPPORTED   match
onkw_b     present SUPPORTED   match
ongoto     present SUPPORTED   match
ongosub    present SUPPORTED   match
oninterval present SUPPORTED   match
oninterval_b present SUPPORTED   match
onsprite   present SUPPORTED   match
onsprite_b present SUPPORTED   match
onstrig    present SUPPORTED   match
onstrig_b  present SUPPORTED   match
onstrig_c  present SUPPORTED   match
onstop     present SUPPORTED   match
onstop_b   present SUPPORTED   match
onkey      present SUPPORTED   match
onkey_b    present SUPPORTED   match
onkey_c    present SUPPORTED   match
errorkw    present SUPPORTED   match
errorkw_b  present SUPPORTED   match
errkw      present SUPPORTED   match
erlkw      present SUPPORTED   match
resumekw   present SUPPORTED   match
resumekw_b present SUPPORTED   match
resumekw_c present SUPPORTED   match
defintkw   present SUPPORTED   match
defint_b   present SUPPORTED   match
listkw     present SUPPORTED   match
listkw_b   present SUPPORTED   match
listkw_c   present SUPPORTED   match
deletekw   present SUPPORTED   match
del_line   present SUPPORTED   match
del_range  present SUPPORTED   match
del_head   present SUPPORTED   match
del_tail   present SUPPORTED   match
newkw      present SUPPORTED   match
gosubkw    present SUPPORTED   match
returnkw   present SUPPORTED   match
endkw      present SUPPORTED   match
datakw     present SUPPORTED   match
datakw_b   present SUPPORTED   match
datakw_c   present SUPPORTED   match
datakw_d   present SUPPORTED   match
readkw     present SUPPORTED   match
restorekw  present SUPPORTED   match
restorekw_b present SUPPORTED   match
returnkw_b present SUPPORTED   match
psetkw     present SUPPORTED   match
psetkw_b   present SUPPORTED   match
psetkw_c   present SUPPORTED   match
psetkw_d   present SUPPORTED   match
psetkw_e   present SUPPORTED   match
presetkw   present SUPPORTED   match
presetkw_b present SUPPORTED   match
presetkw_c present SUPPORTED   match
presetkw_d present SUPPORTED   match
paintkw    present SUPPORTED   match
putsprite  present SUPPORTED   match
putsprite_b present SUPPORTED   match
pointkw    present SUPPORTED   match
pointkw_b  present SUPPORTED   match
linekw     present SUPPORTED   match
linekw_b   present SUPPORTED   match
linekw_c   present SUPPORTED   match
linekw_d   present SUPPORTED   match
linekw_e   present SUPPORTED   match
linekw_f   present SUPPORTED   match
colorkw    present SUPPORTED   match
colorkw_b  present SUPPORTED   match
colorkw_c  present SUPPORTED   match
clskw      present SUPPORTED   match
locate     present SUPPORTED   match
locate_b   present SUPPORTED   match
locate_c   present SUPPORTED   match
locate_d   present SUPPORTED   match
csrlin     present DIVERGENT   ref '||[ 4 ]' vs zb '||[ 3 ]'
pos        present SUPPORTED   match
tab        present SUPPORTED   match
spc        present SUPPORTED   match
printkw_b  present SUPPORTED   match
printkw_c  present SUPPORTED   match
printkw_d  present SUPPORTED   match
swap       present SUPPORTED   match
fre        present SUPPORTED   match
fre_b      present SUPPORTED   match
fre_c      present SUPPORTED   match
tron       present SUPPORTED   match
troff      present SUPPORTED   match
tron_b     present SUPPORTED   match
troff_b    present SUPPORTED   match
renum      present SUPPORTED   match
ren_bare   present SUPPORTED   match
ren_start  present SUPPORTED   match
ren_old    present SUPPORTED   match
ren_step   present SUPPORTED   match
defsng     present SUPPORTED   match
defsng_b   present SUPPORTED   match
defdbl     present SUPPORTED   match
defdbl_b   present SUPPORTED   match
defstr     present SUPPORTED   match
defstr_b   present SUPPORTED   match
deffn      present SUPPORTED   match
fnkw       present SUPPORTED   match
fnkw_b     present SUPPORTED   match
deffn_b    present SUPPORTED   match
eqv        present SUPPORTED   match
imp        present SUPPORTED   match
llist      present SUPPORTED   match
motor      present SUPPORTED   match
motor_b    present SUPPORTED   match
motor_c    present SUPPORTED   match
time       present SUPPORTED   match
timetick   present SUPPORTED   match
time_c     present SUPPORTED   match
interval   present not-run     crunch-only — support UNKNOWN
mki        present SUPPORTED   match
mki_c      present SUPPORTED   match
mks        present SUPPORTED   match
mks_b      present SUPPORTED   match
mkd        present SUPPORTED   match
mkd_b      present SUPPORTED   match
cvs        present SUPPORTED   match
cvd        present SUPPORTED   match
cvi_b      present SUPPORTED   match
cvs_b      present SUPPORTED   match
cvd_b      present SUPPORTED   match
mki_b      present SUPPORTED   match
usrkw      present SUPPORTED   match
defusr     present SUPPORTED   match
defusr_b   present SUPPORTED   match
usrkw_b    present SUPPORTED   match
screenkw   present SUPPORTED   match
screenkw_c present SUPPORTED   match
screenkw_d present SUPPORTED   match
keykw      present SUPPORTED   match
keykw_b    present SUPPORTED   match
keykw_on   present SUPPORTED   match
keykw_off  present SUPPORTED   match
waitkw     present SUPPORTED   match
waitkw_b   present SUPPORTED   match
lposkw     present SUPPORTED   match
lprintkw   present SUPPORTED   match
dskf       present SUPPORTED   match
files      present SUPPORTED   match
files_b    present SUPPORTED   match
lof        present SUPPORTED   match
openkw_b   present SUPPORTED   match
maxfiles   present SUPPORTED   match
eof        present SUPPORTED   match
bload      present SUPPORTED   match
cload      present MISSING     ref 'Skip :ZQ|Found:ZR' vs zb 'Skip :ZQ|load error'
cload_b    present SUPPORTED   match
inkey      present SUPPORTED   match
csave      present SUPPORTED   match
sqr_t3     present SUPPORTED   match
asc_t3     present SUPPORTED   match
left_t3    present SUPPORTED   match
dim_t3     present SUPPORTED   match
read_t3    present SUPPORTED   match
chr_t3     present SUPPORTED   match
mid_t3     present SUPPORTED   match
log_t3     present SUPPORTED   match
str_t3     present SUPPORTED   match
goto_t3    present SUPPORTED   match
gotokw     present SUPPORTED   match
next_t3    present SUPPORTED   match
ret_t3     present SUPPORTED   match
instr_t3   present SUPPORTED   match
poke_t3    present SUPPORTED   match
peek_t3    present SUPPORTED   match
sgn_t3     present SUPPORTED   match
abs_t3     present SUPPORTED   match
rest_t3    present SUPPORTED   match
erase_t3   present SUPPORTED   match
swap_t3    present SUPPORTED   match
space_t3   present SUPPORTED   match
len_t3     present SUPPORTED   match
hex_t3     present SUPPORTED   match
oct_t3     present SUPPORTED   match
int_t3     present SUPPORTED   match
exp_t3     present SUPPORTED   match
vpoke_t3   present SUPPORTED   match
sound_t3   present SUPPORTED   match
fn_t3      present SUPPORTED   match
kill_t3    present SUPPORTED   match
cvi_t3     present SUPPORTED   match
mki_t3     present SUPPORTED   match
dskf_t3    present SUPPORTED   match
sgn_b      present SUPPORTED   match
fix_b      present SUPPORTED   match
cos_b      present SUPPORTED   match
vpoke_b    present SUPPORTED   match
vpoke_b2   present SUPPORTED   match
close      present SUPPORTED   match
close_b    present SUPPORTED   match
bsave      present SUPPORTED   match
save       present SUPPORTED   match
kill       present SUPPORTED   match
merge      present SUPPORTED   match
lset       present SUPPORTED   match
rset       present SUPPORTED   match
inputkw    present SUPPORTED   match
input_b    present SUPPORTED   match
inputdol_b present SUPPORTED   match
inputdol_c present SUPPORTED   match
inputcon   present SUPPORTED   match
inputcon_b present SUPPORTED   match
inputcon_c present SUPPORTED   match
lineinput  present SUPPORTED   match
lineinput_b present SUPPORTED   match
getkw      present SUPPORTED   match
puthash    present SUPPORTED   match
printhash  present SUPPORTED   match
callkw     present SUPPORTED   match
callkw_b   present SUPPORTED   match
runkw      present SUPPORTED   match
runkw_b    present SUPPORTED   match
dski       present SUPPORTED   match
dsko       present SUPPORTED   match
copy       present SUPPORTED   match
set        present SUPPORTED   match
attr       present not-run     crunch-only — support UNKNOWN
ipl        present SUPPORTED   match
cmd        present SUPPORTED   match
lfiles     present SUPPORTED   match
loc        present SUPPORTED   match
openkw     present SUPPORTED   match
namekw     present SUPPORTED   match
open_c     present SUPPORTED   match
open_d     present SUPPORTED   match
fieldkw    present SUPPORTED   match
bsave_b    present SUPPORTED   match
bload_b    present SUPPORTED   match
bload_c    present SUPPORTED   match
save_b     present SUPPORTED   match
runkw_c    present SUPPORTED   match
loadkw     present SUPPORTED   match
load_b     present SUPPORTED   match
bin        present SUPPORTED   match
inputdol   present not-run     crunch-only — support UNKNOWN
auto       present SUPPORTED   match
auto_bare  present SUPPORTED   match
auto_step  present SUPPORTED   match

==============================================================================
NOT EXECUTED — 3 words, crunch-only. Reasons below; these are
COVERAGE HOLES IN THIS PROBE, not evidence of support.
==============================================================================
  interval  needs a stored ON INTERVAL=n GOSUB program + a timed window; covered by probes/basic/basic_probe_interval_trap.py (T5 slice), not duplicated here
  attr      NEEDS-DISK: MSX-DOS2-era; measured for the record
  inputdol  BLOCKS waiting for a keypress

==============================================================================
SUMMARY  MISSING=1  SUPPORTED=375  WEAK(excluded)=3
         executed 379 / 382 words; 3 crunch-only
==============================================================================
ROWS: 382 printed, 379 scored — 3 crunch-only word(s) carry no support reading and are printed but not scored
pin: 379 row verdict(s) -> /Users/joost/projects/zerobas/build/kwsweep-verdicts.json

=== CRUNCH PIN — words the reference tokenises and zerobas does not ===
refcache: 35 hit, 14 miss, 14 stored
