python3 tools/run_gates.py 
=== warm-up (serial build of shared artifacts) ===
warm-up 6s
=== 45 units, J=8, lineerr in 8 shards, nice=0 solo=None ===
  rc=0      2s  basic-reloc
  rc=0      0s  subrom-abi-check
  rc=0      1s  subrom-closure-check
  rc=0     22s  unit-test
  rc=0      0s  deadcode
  rc=0      2s  wall-assertion-check
  rc=0      0s  redundant-load-check
  rc=0      1s  rowshape-check
  rc=0      3s  injector-check
  rc=0      0s  temp-root-check
  rc=0      1s  preflight-check
  rc=0      4s  latch-check
  rc=0      3s  diskdep-check
  rc=0      1s  switch-build-check
  rc=0     29s  kwsweep
  rc=0      0s  deffn-selftest
  rc=0     33s  string-acceptance
  rc=0     18s  str-domain-acceptance
  rc=0     36s  strparen-acceptance
  rc=0    171s  penderr-acceptance
  rc=0     42s  missing-acceptance
  rc=0     13s  error-acceptance
  rc=0     64s  error-trap-acceptance
  rc=0     70s  onerr0-acceptance
  rc=0     96s  math-acceptance
  rc=0     82s  float-acceptance
  rc=0     43s  intarg-acceptance
  rc=0     34s  logicops-acceptance
  rc=0    196s  screenerr-acceptance
  rc=0    137s  tmfp-acceptance
  rc=0    173s  stmtpend-acceptance
  rc=0    106s  array-acceptance
  rc=0    117s  deffn-strict
  rc=0    305s  graphics-acceptance
  rc=0     56s  abort-acceptance
  rc=0    140s  interval-trap-acceptance
  rc=0     74s  clearpool-acceptance
  rc=0    115s  lineerr#1/8
  rc=0    108s  lineerr#2/8
  rc=0    113s  lineerr#3/8
  rc=0    102s  lineerr#4/8
  rc=0     97s  lineerr#5/8
  rc=0     94s  lineerr#6/8
  rc=0     74s  lineerr#7/8
  rc=0     71s  lineerr#8/8

=== wall 423s (6s build + 417s gates) ===
GATES: 38/38 green
hashes: 24d8e393 ae796ccb 5bf17dee
rc=0
