python3 tools/run_gates.py 
=== warm-up (serial build of shared artifacts) ===
warm-up 7s
=== 44 units, J=8, lineerr in 8 shards, nice=0 solo=None ===
  rc=0      2s  basic-reloc
  rc=0      0s  subrom-abi-check
  rc=0      1s  subrom-closure-check
  rc=0     23s  unit-test
  rc=0      0s  deadcode
  rc=0      2s  wall-assertion-check
  rc=0      0s  redundant-load-check
  rc=0      1s  rowshape-check
  rc=0      3s  injector-check
  rc=0      1s  preflight-check
  rc=0      4s  latch-check
  rc=0      3s  diskdep-check
  rc=0      1s  switch-build-check
  rc=0     36s  kwsweep
  rc=0      0s  deffn-selftest
  rc=0     37s  string-acceptance
  rc=0     19s  str-domain-acceptance
  rc=0     42s  strparen-acceptance
  rc=0    194s  penderr-acceptance
  rc=0     35s  missing-acceptance
  rc=0     13s  error-acceptance
  rc=0     72s  error-trap-acceptance
  rc=0     78s  onerr0-acceptance
  rc=0    103s  math-acceptance
  rc=0     85s  float-acceptance
  rc=2     42s  intarg-acceptance
  rc=0     43s  logicops-acceptance
  rc=0    214s  screenerr-acceptance
  rc=0    162s  tmfp-acceptance
  rc=2    209s  stmtpend-acceptance
  rc=0    110s  array-acceptance
  rc=0    133s  deffn-strict
  rc=0    466s  graphics-acceptance
  rc=0     60s  abort-acceptance
  rc=0    148s  interval-trap-acceptance
  rc=0     75s  clearpool-acceptance
  rc=1    128s  lineerr#1/8
  rc=0    126s  lineerr#2/8
  rc=0    133s  lineerr#3/8
  rc=0    116s  lineerr#4/8
  rc=0    114s  lineerr#5/8
  rc=0    103s  lineerr#6/8
  rc=0     89s  lineerr#7/8
  rc=0     84s  lineerr#8/8

=== retrying 3 red unit(s) SERIALLY (flake vs real) ===
  retry intarg-acceptance: rc 2->0  FLAKE (green on retry)
  retry stmtpend-acceptance: rc 2->0  FLAKE (green on retry)
  retry lineerr#1/8: rc 1->0  FLAKE (green on retry)

=== wall 752s (7s build + 745s gates) ===
GATES: 37/37 green
recovered flakes (green on serial retry): intarg-acceptance stmtpend-acceptance lineerr#1/8
hashes: 41b8c4ed 1922eaa0 7d27b871
