  ran zb      m.none        -> '2 69'
  ran zb      m.colon       -> '2 69'
  ran zb      m.num         -> '2 69'
  ran zb      m.plus        -> '2 69'
  ran zb      m.nocomma     -> '2 69'
  ran zb      m.noclose     -> '13 69'
  ran zb      m.noeq        -> '2 69'
  ran zb      m.ok          -> '0 81'
  ran zb      m.ok3         -> '0 81'

  m.none     zb='2 69'   (zb only)
  m.colon    zb='2 69'   (zb only)
  m.num      zb='2 69'   (zb only)
  m.plus     zb='2 69'   (zb only)
  m.nocomma  zb='2 69'   (zb only)
  m.noclose  zb='13 69'   (zb only)
  m.noeq     zb='2 69'   (zb only)
  m.ok       zb='0 81'   (zb only)
  m.ok3      zb='0 81'   (zb only)

  0 scored, 0 DIFF, 9 not measured
    capture-on-signal: 9 on signal, 0 fell back to the scheduled budget   [signalled at 35.1-35.1 emulated s]
