Merge made by the 'ort' strategy.
 TODO.md                                            |   65 +-
 basic/deffn.asm                                    |  403 +++++
 basic/expr.asm                                     |    2 +
 basic/float-arith.asm                              |   53 +-
 basic/interp.asm                                   |   24 +-
 basic/kwtable.inc                                  |   13 +
 basic/main.asm                                     |   40 +-
 basic/missing.asm                                  |   18 +
 basic/print.asm                                    |   15 +
 basic/save.asm                                     |   40 +-
 basic/strvar.asm                                   |    3 +
 basic/sysvars.inc                                  |  111 ++
 basic/usr.asm                                      |   14 +-
 docs/spec-basic-deffnev.md                         |  159 ++
 docs/spec-basic-deffnland.md                       |  395 +++++
 scratchpad/alias_gate_sweep.py                     |   69 +
 scratchpad/base_wall.out                           |    4 +
 scratchpad/batt_emul/RESULTS                       |   12 +
 scratchpad/batt_emul/cassave-acceptance.log        |   35 +
 scratchpad/batt_emul/castail-acceptance.log        |   48 +
 scratchpad/batt_emul/diskbasic-acceptance.log      |   44 +
 scratchpad/batt_emul/dskmsg-acceptance.log         |   30 +
 scratchpad/batt_emul/fat-error-acceptance.log      |   52 +
 scratchpad/batt_emul/fldwidth-acceptance.log       |   62 +
 scratchpad/batt_emul/graphics-acceptance.log       |  411 +++++
 scratchpad/batt_emul/graphics-floor-acceptance.log |    9 +
 scratchpad/batt_emul/lineerr-acceptance.log        |  224 +++
 scratchpad/batt_emul/namspc-acceptance.log         |  118 ++
 scratchpad/batt_emul/strparen-acceptance.log       |   28 +
 scratchpad/batt_final/RESULTS                      |    6 +
 scratchpad/batt_final/audit-citations.log          |   29 +
 scratchpad/batt_final/basic-reloc.log              |   51 +
 scratchpad/batt_final/deadcode.log                 |    6 +
 scratchpad/batt_final/rowshape-check.log           |   41 +
 scratchpad/batt_final/wall-assertion-check.log     |   12 +
 scratchpad/batt_full/RESULTS                       |   15 +
 scratchpad/batt_full/audit-citations.log           |   29 +
 scratchpad/batt_full/deadcode.log                  |    6 +
 scratchpad/batt_full/deffn-selftest.log            |   20 +
 scratchpad/batt_full/deffn-strict.log              |   92 ++
 scratchpad/batt_full/diskdep-check.log             |    2 +
 scratchpad/batt_full/diskdep-selftest.log          |   10 +
 scratchpad/batt_full/injector-check.log            |   13 +
 scratchpad/batt_full/kwsweep.log                   |  271 ++++
 scratchpad/batt_full/latch-check.log               |   20 +
 scratchpad/batt_full/preflight-check.log           |    9 +
 scratchpad/batt_full/redundant-load-check.log      |   54 +
 scratchpad/batt_full/rowshape-check.log            |   41 +
 scratchpad/batt_full/unit-test.log                 |   62 +
 scratchpad/batt_full/wall-assertion-check.log      |   12 +
 scratchpad/batt_r1/RESULTS                         |    3 +
 scratchpad/batt_r1/deffn-selftest.log              |   20 +
 scratchpad/batt_r1/deffn-strict.log                |   95 ++
 scratchpad/batt_r2/RESULTS                         |    2 +
 scratchpad/batt_r2/deffn-strict.log                |   92 ++
 scratchpad/clone_scout3.out                        |   24 +
 scratchpad/de_knife_base.out                       |   92 ++
 scratchpad/de_knife_cut.out                        |   94 ++
 scratchpad/de_knife_run.out                        |   39 +
 scratchpad/deffn_de_knife.py                       |  100 ++
 scratchpad/deffn_demo.out                          |   21 +
 scratchpad/deffn_demo.py                           |  119 ++
 scratchpad/deffn_measure_over.py                   |   86 ++
 scratchpad/deffn_scaffold.py                       |   74 +
 scratchpad/land1.out                               |  538 +++++++
 scratchpad/land2.out                               |  559 +++++++
 scratchpad/land3.out                               | 1614 +++++++++++++++++++
 scratchpad/land4.out                               | 1614 +++++++++++++++++++
 scratchpad/region_sizes.py                         |   73 +
 scratchpad/scaf_build1.out                         |  817 ++++++++++
 scratchpad/scaf_build2.out                         | 1358 ++++++++++++++++
 scratchpad/scaf_build3.out                         | 1628 +++++++++++++++++++
 scratchpad/scaf_build4.out                         | 1629 ++++++++++++++++++++
 scratchpad/subbuild.out                            |    6 +
 sub/arrays.asm                                     |   62 +
 sub/basic-resident-abi.inc                         |   16 +-
 sub/deffn.asm                                      |  441 ++++++
 sub/sub.asm                                        |    7 +
 tools/check_kwtable_identity.py                    |    4 +-
 zerobas-main-eu.bps                                |  Bin 23723 -> 23987 bytes
 zerobas-main-eu.ips                                |  Bin 23224 -> 23473 bytes
 81 files changed, 14470 insertions(+), 59 deletions(-)
 create mode 100644 basic/deffn.asm
 create mode 100644 docs/spec-basic-deffnev.md
 create mode 100644 docs/spec-basic-deffnland.md
 create mode 100644 scratchpad/alias_gate_sweep.py
 create mode 100644 scratchpad/base_wall.out
 create mode 100644 scratchpad/batt_emul/RESULTS
 create mode 100644 scratchpad/batt_emul/cassave-acceptance.log
 create mode 100644 scratchpad/batt_emul/castail-acceptance.log
 create mode 100644 scratchpad/batt_emul/diskbasic-acceptance.log
 create mode 100644 scratchpad/batt_emul/dskmsg-acceptance.log
 create mode 100644 scratchpad/batt_emul/fat-error-acceptance.log
 create mode 100644 scratchpad/batt_emul/fldwidth-acceptance.log
 create mode 100644 scratchpad/batt_emul/graphics-acceptance.log
 create mode 100644 scratchpad/batt_emul/graphics-floor-acceptance.log
 create mode 100644 scratchpad/batt_emul/lineerr-acceptance.log
 create mode 100644 scratchpad/batt_emul/namspc-acceptance.log
 create mode 100644 scratchpad/batt_emul/strparen-acceptance.log
 create mode 100644 scratchpad/batt_final/RESULTS
 create mode 100644 scratchpad/batt_final/audit-citations.log
 create mode 100644 scratchpad/batt_final/basic-reloc.log
 create mode 100644 scratchpad/batt_final/deadcode.log
 create mode 100644 scratchpad/batt_final/rowshape-check.log
 create mode 100644 scratchpad/batt_final/wall-assertion-check.log
 create mode 100644 scratchpad/batt_full/RESULTS
 create mode 100644 scratchpad/batt_full/audit-citations.log
 create mode 100644 scratchpad/batt_full/deadcode.log
 create mode 100644 scratchpad/batt_full/deffn-selftest.log
 create mode 100644 scratchpad/batt_full/deffn-strict.log
 create mode 100644 scratchpad/batt_full/diskdep-check.log
 create mode 100644 scratchpad/batt_full/diskdep-selftest.log
 create mode 100644 scratchpad/batt_full/injector-check.log
 create mode 100644 scratchpad/batt_full/kwsweep.log
 create mode 100644 scratchpad/batt_full/latch-check.log
 create mode 100644 scratchpad/batt_full/preflight-check.log
 create mode 100644 scratchpad/batt_full/redundant-load-check.log
 create mode 100644 scratchpad/batt_full/rowshape-check.log
 create mode 100644 scratchpad/batt_full/unit-test.log
 create mode 100644 scratchpad/batt_full/wall-assertion-check.log
 create mode 100644 scratchpad/batt_r1/RESULTS
 create mode 100644 scratchpad/batt_r1/deffn-selftest.log
 create mode 100644 scratchpad/batt_r1/deffn-strict.log
 create mode 100644 scratchpad/batt_r2/RESULTS
 create mode 100644 scratchpad/batt_r2/deffn-strict.log
 create mode 100644 scratchpad/clone_scout3.out
 create mode 100644 scratchpad/de_knife_base.out
 create mode 100644 scratchpad/de_knife_cut.out
 create mode 100644 scratchpad/de_knife_run.out
 create mode 100644 scratchpad/deffn_de_knife.py
 create mode 100644 scratchpad/deffn_demo.out
 create mode 100644 scratchpad/deffn_demo.py
 create mode 100644 scratchpad/deffn_measure_over.py
 create mode 100644 scratchpad/deffn_scaffold.py
 create mode 100644 scratchpad/land1.out
 create mode 100644 scratchpad/land2.out
 create mode 100644 scratchpad/land3.out
 create mode 100644 scratchpad/land4.out
 create mode 100644 scratchpad/region_sizes.py
 create mode 100644 scratchpad/scaf_build1.out
 create mode 100644 scratchpad/scaf_build2.out
 create mode 100644 scratchpad/scaf_build3.out
 create mode 100644 scratchpad/scaf_build4.out
 create mode 100644 scratchpad/subbuild.out
 create mode 100644 sub/deffn.asm
