python3 tools/install-repack-machine.py --merged build/zerobas-main-eu.rom --disk-rom build/disk.rom \
	  --sub-rom build/sub.rom
wrote C-BIOS_MSX1_EU_REPACK_DISK  (-> machine "C-BIOS_MSX1_EU_REPACK_DISK": merged repack ROM in slot 0, zerobas-disk in slot 3-1, zerobas-sub in slot 3-2)
     /Users/joost/.openMSX/share/machines/C-BIOS_MSX1_EU_REPACK_DISK.xml
python3 tools/install-repack-machine.py --merged build/zerobas-main-eu.rom --sub-rom build/sub.rom \
	  --no-disk
wrote C-BIOS_MSX1_EU_REPACK_NODISK  (-> machine "C-BIOS_MSX1_EU_REPACK_NODISK": merged repack ROM in slot 0, slot 3-1 EMPTY (diskless target), zerobas-sub in slot 3-2)
     /Users/joost/.openMSX/share/machines/C-BIOS_MSX1_EU_REPACK_NODISK.xml
python3 probes/basic/basic_probe_kwsweep.py \
	        --zb-machine C-BIOS_MSX1_EU_REPACK_DISK --only 'merge,files,lfiles'
build under measurement: git=14c4cfac zerobas-main-eu.rom=4b8ab7997c91 sub.rom=0fabb2c45707 disk.rom=fc5ed2de76d7

==============================================================================
LAYER 1 — CRUNCH (tokenisation only; NOT a support answer)
==============================================================================
SAME   files     files
SAME   merge     merge"x"
SAME   lfiles    lfiles

==============================================================================
LAYER 2 — SUPPORT (the load-bearing layer)
==============================================================================
SUPPORTED     files     FILES"HI.TXT":PRINT"[8]"
            ref  [value] 'HI      .TXT [8]'
SUPPORTED     merge     OPEN"N.BAS"FOR OUTPUT AS#1:PRINT#1,"100 END":CLOSE:PRINT"[M0]":MERGE"N.BAS":PRINT"[M1]"
            ref  [value] '[M0]'
SUPPORTED     lfiles    LPRINT"AB";:LFILES:PRINT"[P";LPOS(0);"]"
            ref  [value] '[P 0 ]'

==============================================================================
COMBINED — tokenised? x observable consequence
==============================================================================
word       crunch  support     consequence
------------------------------------------------------------------------------
files      present SUPPORTED   match
merge      present SUPPORTED   match
lfiles     present SUPPORTED   match

==============================================================================
SUMMARY  SUPPORTED=3
         executed 3 / 3 words; 0 crunch-only
==============================================================================
ROWS: 3 printed, 3 scored — 0 crunch-only word(s) carry no support reading and are printed but not scored
pin: 3 row verdict(s) -> /Users/joost/projects/zerobas/build/kwsweep-verdicts.json

=== CRUNCH PIN — words the reference tokenises and zerobas does not ===
refcache: 1 hit, 6 miss, 6 stored
