python3 tools/run_gates.py 
=== warm-up (serial build of shared artifacts) ===
warm-up 7s
=== refcache OFF for every unit: a gate measures, it never replays (docs/spec-refcache.md §7) ===
=== emulator tier RUNS: ROM images differ from the last green battery ===
=== 4 tree-mutating unit(s), SERIAL (they rewrite a shared tracked file) ===
  rc=2              1s  switch-build-check
  rc=0              6s  diskdep-check
  rc=0              0s  wall-literal-check
  rc=0             48s  selftest-check
  (post-mutator refresh 7s -- the plants moved mtimes, so the pool would otherwise race a rebuild)
=== 117 units, J=8, lineerr in 8 shards, nice=0 solo=None ===
  rc=0              3s  basic-reloc
  rc=0              0s  subrom-abi-check
  rc=0              0s  diskrom-abi-check
  rc=0              0s  rom-parts-check
  rc=0              1s  subrom-closure-check
  rc=0             27s  unit-test
  rc=0              0s  deadcode
  rc=0              3s  wall-assertion-check
  rc=0              0s  ram-claim-check
  rc=0              0s  build-assert-check
  rc=0              3s  needle-case-check
  rc=2              0s  redundant-load-check
  rc=0              1s  rowshape-check
  rc=0              5s  injector-check
  rc=0              1s  temp-root-check
  rc=0              2s  todo-citation-check
  rc=0              0s  todo-marker-check
  rc=0              0s  deferral-pin-check
  rc=0              1s  error-alphabet-check
  rc=0              2s  chokepoint-check
  rc=0              0s  shared-body-check
  rc=0              0s  probe-reach-check
  rc=0              0s  battery-membership-check
  rc=0              0s  fixture-integrity-check
  rc=0              1s  preflight-check
  rc=0              4s  latch-check
  rc=0             19s  kwsweep
  rc=0             12s  patch-freshness-check
  rc=0              2s  refcache-check
  rc=0              0s  knife-guard-check
  rc=0              1s  knife-rom-guard-check
  rc=0              0s  deffn-selftest
  rc=0              0s  banner-acceptance
  rc=0             33s  string-acceptance
  rc=0             18s  str-domain-acceptance
  rc=0             11s  strparen-acceptance
  rc=0             53s  penderr-acceptance
  rc=0             44s  missing-acceptance
  rc=0             11s  error-acceptance
  rc=0             66s  error-trap-acceptance
  rc=0             92s  onerr0-acceptance
  rc=0            107s  math-acceptance
  rc=0             87s  float-acceptance
  rc=0             51s  intarg-acceptance
  rc=0             36s  logicops-acceptance
  rc=0            242s  screenerr-acceptance
  rc=0             43s  tmfp-acceptance
  rc=0             60s  stmtpend-acceptance
  rc=0            110s  array-acceptance
  rc=0            124s  deffn-strict
  rc=0            366s  graphics-acceptance
  rc=0             55s  abort-acceptance
  rc=0            147s  interval-trap-acceptance
  rc=0             88s  clearpool-acceptance
  rc=0            131s  stackpool-acceptance
  rc=0            164s  trapdepth-acceptance
  rc=0             76s  ctlcross-acceptance
  rc=0            388s  ctllim-acceptance
  rc=0            400s  ramfree-acceptance
  rc=0             12s  txtceil-acceptance
  rc=0             13s  cursor-acceptance
  rc=0             88s  time-acceptance
  rc=0            291s  namspc-acceptance
  rc=0            101s  arrdim-acceptance
  rc=0             52s  arylv-acceptance
  rc=0             58s  badfnum-acceptance
  rc=0              3s  beep-acceptance
  rc=0             21s  binfre-acceptance
  rc=0             26s  cassave-acceptance
  rc=0             74s  castail-acceptance
  rc=0            119s  deffn-acceptance
  rc=0             44s  direct-ctrl-acceptance
  rc=0             11s  dskmsg-acceptance
  rc=0             83s  editverb-acceptance
  rc=0             31s  fldary-acceptance
  rc=0             95s  fldwidth-acceptance
  rc=0             23s  forvar-acceptance
  rc=0             52s  gicini-acceptance
  rc=0              5s  graphics-floor-acceptance
  rc=0            145s  ifsem-acceptance
  rc=0              4s  input-acceptance
  rc=0             62s  nodisk-acceptance
  rc=0             76s  pusing-acceptance
  rc=0             44s  catterm-acceptance
  rc=0             14s  catusr-acceptance
  rc=0             13s  nameord-acceptance
  rc=0             11s  namegate-acceptance
  rc=0             33s  inputary-acceptance
  rc=0            139s  key-trap-acceptance
  rc=0             54s  linemax-acceptance
  rc=0            140s  lnblank-acceptance
  rc=0             37s  locarg-acceptance
  rc=0             44s  lof-acceptance
  rc=0             94s  lptverb-acceptance
  rc=0             59s  lrvar-acceptance
  rc=0             62s  lvfix-acceptance
  rc=0             22s  nxary-acceptance
  rc=0             22s  nxlist-acceptance
  rc=0             31s  play-acceptance
  rc=0             10s  play-trace-acceptance
  rc=0             21s  readvar-acceptance
  rc=0              8s  runtail-acceptance
  rc=0             23s  sound-acceptance
  rc=0             66s  sprite-trap-acceptance
  rc=0             56s  stop-trap-acceptance
  rc=0            142s  strig-trap-acceptance
  rc=0              0s  subrom-acceptance
  rc=0             65s  tgtspc-acceptance
  rc=0             77s  width-acceptance
  rc=0            104s  lineerr#1/8
  rc=0            105s  lineerr#2/8
  rc=0            109s  lineerr#3/8
  rc=0            101s  lineerr#4/8
  rc=0            100s  lineerr#5/8
  rc=0             94s  lineerr#6/8
  rc=0             88s  lineerr#7/8
  rc=0             65s  lineerr#8/8

=== retrying 1 red unit(s) SERIALLY (flake vs real) ===
  retry redundant-load-check: rc 2->2  REAL (still red)

=== wall 865s (7s build + 858s gates) ===
GATES: 112/114 green
RED: switch-build-check redundant-load-check
hashes: 2f60b7cf dd98db58 abc0c015 9a96945d
make: *** [gates] Error 1
