python3 tools/check_switch_builds.py
baseline (all switches on): assembles, postchecks OK (1)

PASS  G6_RESIDENT equ 0 (basic)
PASS  G7_RESIDENT equ 0 (basic)
PASS  G8_RESIDENT equ 0 (basic)
PASS  I1_RESIDENT equ 0 (basic)
PASS  TRAPS_T3 equ 0 (basic)
PASS  TRAPS_T4 equ 0 (basic)
PASS  CLEARPOOL equ 0 (basic+sub)  [fperr_to_err[FPERR_MISSOP=11] = 24]

SWITCHES: 7 of 7 assemble with the switch off
python3 tools/redundant_load_sweep.py
== denominator ==
   120 files, 69286 lines, 2758 `call` sites walked
   5 routine(s) with a PROVEN return-the-byte contract:
     bl_skip_spaces       A=(hl   ) sub/bload.asm:77
     edt_skip_spaces      A=(hl   ) sub/deftype.asm:186
     ev_sp                A=(ix+0 ) basic/expr.asm:327
     ldr_skipsp           A=(hl   ) sub/lineedit.asm:429
     skip_spaces          A=(hl   ) sub/readdata.asm:41

== CANDIDATES — 19 site(s), 11 callee(s) ==
   (the sweep proves only the tight-skip shape; these need a human to
    read the callee's exits, and every one below has been read)
   [CLOBBER   ] basic/expr.asm:582  call check_vartype_num / ld a,(hl)
   [POINTER   ] basic/expr.asm:1294  call fch_modes_ptr / ld a,(hl)
   [POINTER   ] basic/field.asm:576  call tgt_desc_fix / ld a,(hl)
   [POINTER   ] basic/files.asm:1150  call fch_modes_ptr / ld a,(hl)
   [POINTER   ] basic/files.asm:1314  call fch_modes_ptr / ld a,(hl)
   [POINTER   ] basic/files.asm:1517  call fch_modes_ptr / ld a,(hl)
   [POINTER   ] basic/files.asm:1588  call fch_modes_ptr / ld a,(hl)
   [CLOBBER   ] basic/interp.asm:877  call var_name_key / ld a,(hl)
   [CLOBBER   ] basic/interp.asm:920  call var_name_key / ld a,(hl)
   [POINTER   ] basic/printusing.asm:436  call pu_deref_body / ld a,(hl)
   [CLOBBER   ] basic/str-engine.asm:1004  call eval_byte_arg / ld a,(hl)
   [CLOBBER   ] basic/str-engine.asm:1027  call eval / ld a,(hl)
   [CLOBBER   ] basic/str-engine.asm:1157  call str_arg_snap / ld a,(hl)
   [CLOBBER   ] basic/str-engine.asm:1605  call eval / ld a,(hl)
   [CLOBBER   ] basic/strvar.asm:116  call var_name_key / ld a,(hl)
   [CLOBBER   ] basic/strvar.asm:431  call eval / ld a,(hl)
   [POINTER   ] basic/traps.asm:444  call ztrap_entry / ld a,(hl)
   [POINTER   ] sub/dirverb.asm:215  call df_entptr / ld a,(hl)
   [POINTER   ] sub/graphics.asm:2255  call gfx_pstk_addr / ld a,(hl)

   verdicts on file (tools/redundant-load-reviewed.txt):
     check_vartype_num  CLOBBER  returns A = (VARTYPE)
     df_entptr          POINTER  returns HL = FSECTOR_BUF + entry offset
     eval               CLOBBER  returns the value in DE; A is scratch, HL the advanced cursor
     eval_byte_arg      CLOBBER  returns A = E, the evaluated byte
     fch_modes_ptr      POINTER  returns HL = FCH_MODES + A; the load reads the mode byte
     gfx_pstk_addr      POINTER  returns HL = GFX_PSTK + slot
     pu_deref_body      POINTER  returns HL = RVDESC / the body pointer it just built
     str_arg_snap       CLOBBER  returns HL = the cursor it PUSHED before the snapshot
     tgt_desc_fix       POINTER  returns HL = offset + ARYTAB (the D-ARYLV §13a fixup)
     var_name_key       CLOBBER  returns A = the RESOLVED TYPE (VARTYPE), HL past the name
     ztrap_entry        POINTER  returns HL = ZTRAP + 3A; the load reads the trap state

== DEAD LOADS (gating) ==
   none — every call of a proven routine already relies on the contract
