  ran vg8020  m.none        -> '24 69'
  ran vg8020  m.colon       -> '24 69'
  ran vg8020  m.num         -> '13 69'
  ran vg8020  m.plus        -> '24 69'
  ran vg8020  m.nocomma     -> '2 69'
  ran vg8020  m.noclose     -> '13 69'
  ran vg8020  m.noeq        -> '2 69'
  ran vg8020  m.ok          -> '0 81'
  ran vg8020  m.ok3         -> '0 81'
  ran cf3300  m.none        -> '24 69'
  ran cf3300  m.colon       -> '24 69'
  ran cf3300  m.num         -> '13 69'
  ran cf3300  m.plus        -> '24 69'
  ran cf3300  m.nocomma     -> '2 69'
  ran cf3300  m.noclose     -> '13 69'
  ran cf3300  m.noeq        -> '2 69'
  ran cf3300  m.ok          -> '0 81'
  ran cf3300  m.ok3         -> '0 81'
  ran zb      m.none        -> '2 69'
  ran zb      m.colon       -> '2 69'
  ran zb      m.num         -> '2 69'
  ran zb      m.plus        -> '2 69'
  ran zb      m.nocomma     -> '2 69'
  ran zb      m.noclose     -> '13 69'
  ran zb      m.noeq        -> '2 69'
  ran zb      m.ok          -> '0 81'
  ran zb      m.ok3         -> '0 81'

  m.none     vg8020='24 69'  cf3300='24 69'  zb='2 69'   🔴 DIFF
  m.colon    vg8020='24 69'  cf3300='24 69'  zb='2 69'   🔴 DIFF
  m.num      vg8020='13 69'  cf3300='13 69'  zb='2 69'   🔴 DIFF
  m.plus     vg8020='24 69'  cf3300='24 69'  zb='2 69'   🔴 DIFF
  m.nocomma  vg8020='2 69'  cf3300='2 69'  zb='2 69'   ✅
  m.noclose  vg8020='13 69'  cf3300='13 69'  zb='13 69'   ✅
  m.noeq     vg8020='2 69'  cf3300='2 69'  zb='2 69'   ✅
  m.ok       vg8020='0 81'  cf3300='0 81'  zb='0 81'   ✅
  m.ok3      vg8020='0 81'  cf3300='0 81'  zb='0 81'   ✅

  9 scored, 4 DIFF, 0 not measured
    capture-on-signal: 27 on signal, 0 fell back to the scheduled budget   [signalled at 35.1-47.4 emulated s]
rc=0
