python3 tools/run_gates.py 
=== warm-up (serial build of shared artifacts) ===
warm-up 6s
=== 45 units, J=8, lineerr in 8 shards, nice=0 solo=None ===
  rc=0      2s  basic-reloc
  rc=0      0s  subrom-abi-check
  rc=0      1s  subrom-closure-check
  rc=0     22s  unit-test
  rc=0      0s  deadcode
  rc=0      2s  wall-assertion-check
  rc=0      0s  redundant-load-check
  rc=0      1s  rowshape-check
  rc=0      3s  injector-check
  rc=0      0s  temp-root-check
  rc=0      1s  preflight-check
  rc=0      4s  latch-check
  rc=0      3s  diskdep-check
  rc=0      1s  switch-build-check
  rc=0     29s  kwsweep
  rc=0      0s  deffn-selftest
  rc=0     34s  string-acceptance
  rc=0     18s  str-domain-acceptance
  rc=0     37s  strparen-acceptance
  rc=0    172s  penderr-acceptance
  rc=0     35s  missing-acceptance
  rc=0     13s  error-acceptance
  rc=0     66s  error-trap-acceptance
  rc=0     72s  onerr0-acceptance
  rc=0     98s  math-acceptance
  rc=0     83s  float-acceptance
  rc=0     43s  intarg-acceptance
  rc=0     32s  logicops-acceptance
  rc=0    202s  screenerr-acceptance
  rc=0    139s  tmfp-acceptance
  rc=0    175s  stmtpend-acceptance
  rc=0    106s  array-acceptance
  rc=0    119s  deffn-strict
  rc=0    292s  graphics-acceptance
  rc=0     55s  abort-acceptance
  rc=0    140s  interval-trap-acceptance
  rc=0     75s  clearpool-acceptance
  rc=0    115s  lineerr#1/8
  rc=0    108s  lineerr#2/8
  rc=0    112s  lineerr#3/8
  rc=0    102s  lineerr#4/8
  rc=0     96s  lineerr#5/8
  rc=0     92s  lineerr#6/8
  rc=0     72s  lineerr#7/8
  rc=0     70s  lineerr#8/8

=== wall 411s (6s build + 405s gates) ===
GATES: 38/38 green
hashes: a19e1637 33ba143a 8e9ba847
rc=0
