python3 tools/run_gates.py 
=== warm-up (serial build of shared artifacts) ===
warm-up 7s
=== refcache OFF for every unit: a gate measures, it never replays (docs/spec-refcache.md §7) ===
=== emulator tier RUNS: ROM images differ from the last green battery ===
=== 4 tree-mutating unit(s), SERIAL (they rewrite a shared tracked file) ===
  rc=0              1s  switch-build-check
  rc=0              5s  diskdep-check
  rc=0              0s  wall-literal-check
  rc=0             45s  selftest-check
  (post-mutator refresh 7s -- the plants moved mtimes, so the pool would otherwise race a rebuild)
=== 118 units, J=8, lineerr in 8 shards, nice=0 solo=None ===
  rc=0              3s  basic-reloc
  rc=0              0s  subrom-abi-check
  rc=0              0s  diskrom-abi-check
  rc=0              0s  rom-parts-check
  rc=0              1s  subrom-closure-check
  rc=0             28s  unit-test
  rc=0              0s  deadcode
  rc=0              3s  wall-assertion-check
  rc=0              0s  ram-claim-check
  rc=0              0s  build-assert-check
  rc=0              3s  needle-case-check
  rc=0              0s  redundant-load-check
  rc=0              1s  rowshape-check
  rc=0              5s  injector-check
  rc=0              1s  temp-root-check
  rc=2              2s  todo-citation-check
  rc=0              0s  todo-marker-check
  rc=0              0s  deferral-pin-check
  rc=0              1s  error-alphabet-check
  rc=0              2s  chokepoint-check
  rc=0              0s  shared-body-check
  rc=0              0s  probe-reach-check
  rc=0              0s  battery-membership-check
  rc=0              0s  fixture-integrity-check
  rc=0              1s  preflight-check
  rc=0              4s  latch-check
  rc=0             18s  kwsweep
  rc=0             11s  patch-freshness-check
  rc=0              2s  refcache-check
  rc=0              0s  knife-guard-check
  rc=0              1s  knife-rom-guard-check
  rc=0              0s  deffn-selftest
  rc=0              0s  probe-sides-selftest
  rc=0              0s  banner-acceptance
  rc=0             36s  string-acceptance
  rc=0             18s  str-domain-acceptance
  rc=0             11s  strparen-acceptance
  rc=0             42s  penderr-acceptance
  rc=0             45s  missing-acceptance
  rc=0             12s  error-acceptance
  rc=0             67s  error-trap-acceptance
  rc=0             93s  onerr0-acceptance
  rc=0            106s  math-acceptance
  rc=0             87s  float-acceptance
  rc=0             63s  intarg-acceptance
  rc=0             35s  logicops-acceptance
  rc=0            230s  screenerr-acceptance
  rc=0             49s  tmfp-acceptance
  rc=0             58s  stmtpend-acceptance
  rc=0            104s  array-acceptance
  rc=0            117s  deffn-strict
  rc=0            366s  graphics-acceptance
  rc=0             55s  abort-acceptance
  rc=0            142s  interval-trap-acceptance
  rc=0             80s  clearpool-acceptance
  rc=0            128s  stackpool-acceptance
  rc=0            157s  trapdepth-acceptance
  rc=0             74s  ctlcross-acceptance
  rc=0            373s  ctllim-acceptance
  rc=0            415s  ramfree-acceptance
  rc=0             12s  txtceil-acceptance
  rc=0             12s  cursor-acceptance
  rc=0             86s  time-acceptance
  rc=0            294s  namspc-acceptance
  rc=0             99s  arrdim-acceptance
  rc=0             45s  arylv-acceptance
  rc=0             55s  badfnum-acceptance
  rc=0              7s  beep-acceptance
  rc=0             22s  binfre-acceptance
  rc=0             26s  cassave-acceptance
  rc=0             76s  castail-acceptance
  rc=0            119s  deffn-acceptance
  rc=0             45s  direct-ctrl-acceptance
  rc=0             17s  dskmsg-acceptance
  rc=0             84s  editverb-acceptance
  rc=0             31s  fldary-acceptance
  rc=0             93s  fldwidth-acceptance
  rc=0             23s  forvar-acceptance
  rc=0             46s  gicini-acceptance
  rc=0              5s  graphics-floor-acceptance
  rc=0            144s  ifsem-acceptance
  rc=0              4s  input-acceptance
  rc=0             59s  nodisk-acceptance
  rc=0             75s  pusing-acceptance
  rc=0             43s  catterm-acceptance
  rc=0             18s  catusr-acceptance
  rc=0             14s  nameord-acceptance
  rc=0              5s  namegate-acceptance
  rc=0             41s  inputary-acceptance
  rc=0            136s  key-trap-acceptance
  rc=0             60s  linemax-acceptance
  rc=0            141s  lnblank-acceptance
  rc=0             38s  locarg-acceptance
  rc=0             41s  lof-acceptance
  rc=0             86s  lptverb-acceptance
  rc=0             56s  lrvar-acceptance
  rc=0             55s  lvfix-acceptance
  rc=0             18s  nxary-acceptance
  rc=0             30s  nxlist-acceptance
  rc=0             26s  play-acceptance
  rc=0             11s  play-trace-acceptance
  rc=0             22s  readvar-acceptance
  rc=0              8s  runtail-acceptance
  rc=0             29s  sound-acceptance
  rc=0             69s  sprite-trap-acceptance
  rc=0             58s  stop-trap-acceptance
  rc=0            146s  strig-trap-acceptance
  rc=0              0s  subrom-acceptance
  rc=0             72s  tgtspc-acceptance
  rc=0             66s  width-acceptance
  rc=0            106s  lineerr#1/8
  rc=0            107s  lineerr#2/8
  rc=0            105s  lineerr#3/8
  rc=0            107s  lineerr#4/8
  rc=0            101s  lineerr#5/8
  rc=0             97s  lineerr#6/8
  rc=0             92s  lineerr#7/8
  rc=0             65s  lineerr#8/8

=== retrying 1 red unit(s) SERIALLY (flake vs real) ===
  retry todo-citation-check: rc 2->2  REAL (still red)

=== wall 858s (7s build + 851s gates) ===
GATES: 114/115 green
RED: todo-citation-check
hashes: 2ca0c7bf 44dcfac9 f6a0cf39 0e4e7b26
make: *** [gates] Error 1
