  ran vg8020  r.key       -> '24'
  ran vg8020  r.lets      -> '24'
  ran vg8020  r.letsp     -> '24'
  ran vg8020  r.midd      -> '24'
  ran vg8020  r.keyok     -> '0'
  ran vg8020  r.letsok    -> '0'
  ran vg8020  r.middok    -> '0'
  ran vg8020  d.swap      -> '2'
  ran vg8020  d.ongoto    -> '2'
  ran vg8020  d.width     -> '24'
  ran vg8020  d.draw      -> '5'
  ran vg8020  d.play      -> '24'
  ran vg8020  d.open      -> '24'
  ran vg8020  d.using     -> '24'
  ran vg8020  d.inputch   -> '24'
  ran vg8020  d.field     -> '5'
  ran vg8020  d.printch   -> '24'
  ran vg8020  d.swapok    -> '0'
  ran vg8020  d.widthok   -> '0'
  ran vg8020  d.playok    -> '0'
  ran cf3300  r.key       -> '24'
  ran cf3300  r.lets      -> '24'
  ran cf3300  r.letsp     -> '24'
  ran cf3300  r.midd      -> '24'
  ran cf3300  r.keyok     -> '0'
  ran cf3300  r.letsok    -> '0'
  ran cf3300  r.middok    -> '0'
  ran cf3300  d.swap      -> '2'
  ran cf3300  d.ongoto    -> '2'
  ran cf3300  d.width     -> '24'
  ran cf3300  d.draw      -> '5'
  ran cf3300  d.play      -> '24'
  ran cf3300  d.open      -> '24'
  ran cf3300  d.using     -> '24'
  ran cf3300  d.inputch   -> '24'
  ran cf3300  d.field     -> '24'
  ran cf3300  d.printch   -> '24'
  ran cf3300  d.swapok    -> '0'
  ran cf3300  d.widthok   -> '0'
  ran cf3300  d.playok    -> '0'
  ran zb      r.key       -> '2'
  ran zb      r.lets      -> '24'
  ran zb      r.letsp     -> '24'
  ran zb      r.midd      -> '2'
  ran zb      r.keyok     -> '2'
  ran zb      r.letsok    -> '0'
  ran zb      r.middok    -> '0'
  ran zb      d.swap      -> '2'
  ran zb      d.ongoto    -> '0'
  ran zb      d.width     -> '24'
  ran zb      d.draw      -> '5'
  ran zb      d.play      -> '2'
  ran zb      d.open      -> '24'
  ran zb      d.using     -> '2'
  ran zb      d.inputch   -> '24'
  ran zb      d.field     -> '24'
  ran zb      d.printch   -> '24'
  ran zb      d.swapok    -> '0'
  ran zb      d.widthok   -> '0'
  ran zb      d.playok    -> '0'

  r.key      vg8020='24'  cf3300='24'  zb='2'   🔴 DIFF
  r.lets     vg8020='24'  cf3300='24'  zb='24'   ✅
  r.letsp    vg8020='24'  cf3300='24'  zb='24'   ✅
  r.midd     vg8020='24'  cf3300='24'  zb='2'   🔴 DIFF
  r.keyok    vg8020='0'  cf3300='0'  zb='2'   🔴 DIFF
  r.letsok   vg8020='0'  cf3300='0'  zb='0'   ✅
  r.middok   vg8020='0'  cf3300='0'  zb='0'   ✅
  d.swap     vg8020='2'  cf3300='2'  zb='2'   ✅
  d.ongoto   vg8020='2'  cf3300='2'  zb='0'   🔴 DIFF
  d.width    vg8020='24'  cf3300='24'  zb='24'   ✅
  d.draw     vg8020='5'  cf3300='5'  zb='5'   ✅
  d.play     vg8020='24'  cf3300='24'  zb='2'   🔴 DIFF
  d.open     vg8020='24'  cf3300='24'  zb='24'   ✅
  d.using    vg8020='24'  cf3300='24'  zb='2'   🔴 DIFF
  d.inputch  vg8020='24'  cf3300='24'  zb='24'   ✅
  d.field    vg8020='5'  cf3300='24'  zb='24'   ⚠️ THE REFERENCES DISAGREE — not a want
  d.printch  vg8020='24'  cf3300='24'  zb='24'   ✅
  d.swapok   vg8020='0'  cf3300='0'  zb='0'   ✅
  d.widthok  vg8020='0'  cf3300='0'  zb='0'   ✅
  d.playok   vg8020='0'  cf3300='0'  zb='0'   ✅

  19 scored, 6 DIFF, 1 not measured
    capture-on-signal: 60 on signal, 0 fell back to the scheduled budget   [signalled at 29.1-44.4 emulated s]
rc=1
