  ran vg8020  poke.ok
  ran vg8020  poke.addr
  ran vg8020  locate.addr
  ran vg8020  time.val
  ran vg8020  poke.val
  ran vg8020  vpoke.val
  ran vg8020  out.val
  ran vg8020  color.val
  ran vg8020  sound.val
  ran vg8020  locate.val
  ran vg8020  screen.val
  ran vg8020  key.val
  ran vg8020  let.val
  ran vg8020  lets.val
  ran vg8020  base.val
  ran vg8020  defusr.val
  ran vg8020  midd.val
  ran vg8020  pset.val
  ran vg8020  line.val
  ran vg8020  circle.val
  ran vg8020  sprite.val
  ran vg8020  print.val
  ran vg8020  poke.plus
  ran vg8020  poke.paren
  ran vg8020  poke.colon
  ran vg8020  let.plus
  ran cf3300  poke.ok
  ran cf3300  poke.addr
  ran cf3300  locate.addr
  ran cf3300  time.val
  ran cf3300  poke.val
  ran cf3300  vpoke.val
  ran cf3300  out.val
  ran cf3300  color.val
  ran cf3300  sound.val
  ran cf3300  locate.val
  ran cf3300  screen.val
  ran cf3300  key.val
  ran cf3300  let.val
  ran cf3300  lets.val
  ran cf3300  base.val
  ran cf3300  defusr.val
  ran cf3300  midd.val
  ran cf3300  pset.val
  ran cf3300  line.val
  ran cf3300  circle.val
  ran cf3300  sprite.val
  ran cf3300  print.val
  ran cf3300  poke.plus
  ran cf3300  poke.paren
  ran cf3300  poke.colon
  ran cf3300  let.plus
  ran zb      poke.ok
  ran zb      poke.addr
  ran zb      locate.addr
  ran zb      time.val
  ran zb      poke.val
  ran zb      vpoke.val
  ran zb      out.val
  ran zb      color.val
  ran zb      sound.val
  ran zb      locate.val
  ran zb      screen.val
  ran zb      key.val
  ran zb      let.val
  ran zb      lets.val
  ran zb      base.val
  ran zb      defusr.val
  ran zb      midd.val
  ran zb      pset.val
  ran zb      line.val
  ran zb      circle.val
  ran zb      sprite.val
  ran zb      print.val
  ran zb      poke.plus
  ran zb      poke.paren
  ran zb      poke.colon
  ran zb      let.plus

  poke.ok      vg8020='0 65'  cf3300='0 65'  zb='0 65'
  poke.addr    vg8020='2 0'  cf3300='2 0'  zb='2 0'
  locate.addr  vg8020='0 0'  cf3300='0 0'  zb='0 0'
  time.val     vg8020='24 0'  cf3300='24 0'  zb='24 0'
  poke.val     vg8020='24 99'  cf3300='24 99'  zb='0 0'   🔴 DIFF
  vpoke.val    vg8020='24 99'  cf3300='24 99'  zb='0 0'   🔴 DIFF
  out.val      vg8020='24 0'  cf3300='24 0'  zb='0 0'   🔴 DIFF
  color.val    vg8020='0 0'  cf3300='0 0'  zb='0 0'
  sound.val    vg8020='24 0'  cf3300='24 0'  zb='0 0'   🔴 DIFF
  locate.val   vg8020='24 0'  cf3300='24 0'  zb='24 0'
  screen.val   vg8020='24 0'  cf3300='24 0'  zb='24 0'
  key.val      vg8020='24 0'  cf3300='24 0'  zb='2 0'   🔴 DIFF
  let.val      vg8020='24 0'  cf3300='24 0'  zb='0 0'   🔴 DIFF
  lets.val     vg8020='24 0'  cf3300='24 0'  zb='2 0'   🔴 DIFF
  base.val     vg8020='24 0'  cf3300='24 0'  zb='24 0'
  defusr.val   vg8020='24 0'  cf3300='24 0'  zb='0 0'   🔴 DIFF
  midd.val     vg8020='24 0'  cf3300='24 0'  zb='2 0'   🔴 DIFF
  pset.val     vg8020='24 0'  cf3300='24 0'  zb='0 0'   🔴 DIFF
  line.val     vg8020='24 0'  cf3300='24 0'  zb='24 0'
  circle.val   vg8020='24 0'  cf3300='24 0'  zb='0 0'   🔴 DIFF
  sprite.val   vg8020='24 0'  cf3300='24 0'  zb='0 0'   🔴 DIFF
  print.val    vg8020='24 0'  cf3300='24 0'  zb='0 0'   🔴 DIFF
  poke.plus    vg8020='24 99'  cf3300='24 99'  zb='0 0'   🔴 DIFF
  poke.paren   vg8020='2 99'  cf3300='2 99'  zb='2 99'
  poke.colon   vg8020='24 99'  cf3300='24 99'  zb='0 0'   🔴 DIFF
  let.plus     vg8020='24 0'  cf3300='24 0'  zb='0 0'   🔴 DIFF

ROWS: 26 printed — 16 DIFF, 10 agree, 0 NOT MEASURED
rc=0
