  ran vg8020  d.swapblank -> '2'
  ran vg8020  d.drawscr2  -> '24'
  ran vg8020  d.drawok2   -> '0'
  ran vg8020  d.usingfmt  -> '2'
  ran vg8020  d.ongosub   -> '2'
  ran vg8020  d.ongotook  -> '0'
  ran vg8020  r.keylist   -> '0'
  ran vg8020  r.keyoff    -> '0'
  ran cf3300  d.swapblank -> '2'
  ran cf3300  d.drawscr2  -> '24'
  ran cf3300  d.drawok2   -> '0'
  ran cf3300  d.usingfmt  -> '2'
  ran cf3300  d.ongosub   -> '2'
  ran cf3300  d.ongotook  -> '0'
  ran cf3300  r.keylist   -> '0'
  ran cf3300  r.keyoff    -> '0'
  ran zb      d.swapblank -> '2'
  ran zb      d.drawscr2  -> '13'
  ran zb      d.drawok2   -> '0'
  ran zb      d.usingfmt  -> '0'
  ran zb      d.ongosub   -> '0'
  ran zb      d.ongotook  -> '0'
  ran zb      r.keylist   -> '2'
  ran zb      r.keyoff    -> '0'

  d.swapblank  vg8020='2'  cf3300='2'  zb='2'   ✅
  d.drawscr2   vg8020='24'  cf3300='24'  zb='13'   🔴 DIFF
  d.drawok2    vg8020='0'  cf3300='0'  zb='0'   ✅
  d.usingfmt   vg8020='2'  cf3300='2'  zb='0'   🔴 DIFF
  d.ongosub    vg8020='2'  cf3300='2'  zb='0'   🔴 DIFF
  d.ongotook   vg8020='0'  cf3300='0'  zb='0'   ✅
  r.keylist    vg8020='0'  cf3300='0'  zb='2'   🔴 DIFF
  r.keyoff     vg8020='0'  cf3300='0'  zb='0'   ✅

  8 scored, 4 DIFF, 0 not measured
    capture-on-signal: 24 on signal, 0 fell back to the scheduled budget   [signalled at 29.1-44.4 emulated s]
rc=0
