repack rc=0
abfefa7f build/basic-reloc.rom
34bb8554 build/sub.rom
a8173c25 build/zerobas-main-eu.rom
rc=0 basic-reloc
rc=0 unit-test
rc=0 deadcode
rc=0 wall-assertion-check
rc=0 redundant-load-check
rc=0 rowshape-check
rc=0 injector-check
rc=0 preflight-check
rc=0 latch-check
rc=0 diskdep-check
rc=0 switch-build-check
rc=0 kwsweep
rc=0 deffn-selftest
rc=0 string-acceptance
rc=0 str-domain-acceptance
rc=0 strparen-acceptance
rc=0 penderr-acceptance
rc=0 missing-acceptance
rc=0 error-acceptance
rc=0 error-trap-acceptance
rc=0 onerr0-acceptance
rc=0 math-acceptance
rc=0 float-acceptance
rc=0 intarg-acceptance
rc=0 logicops-acceptance
rc=0 lineerr-acceptance
rc=0 screenerr-acceptance
rc=0 tmfp-acceptance
rc=0 stmtpend-acceptance
rc=0 array-acceptance
rc=0 deffn-strict
rc=0 graphics-acceptance
rc=0 abort-acceptance
rc=0 interval-trap-acceptance
FINAL overall=0
DONE
