msxtest: BASIC image carries islands -- loaded at $0010, not $2812
build under measurement: git=6de68e42 zerobas-main-eu.rom=9807c45c189a sub.rom=8608aab8f78b disk.rom=cbd7b76c604a

==============================================================================
LAYER 1 — CRUNCH (tokenisation only; NOT a support answer)
==============================================================================
SAME   t6mkix    a=mki$(1,1)
SAME   t6mksx    a=mks$(1,1)
SAME   t6mkdx    a=mkd$(1,1)

==============================================================================
LAYER 2 — SUPPORT (the load-bearing layer)
==============================================================================
DIVERGENT     t6mkix    PRINT MKI$(1,1)
            ref  [error:syntax error] 'Syntax error in 10'
            zb   [error:type mismatch] 'Type mismatch in 10'
DIVERGENT     t6mksx    PRINT MKS$(1,1)
            ref  [error:syntax error] 'Syntax error in 10'
            zb   [error:type mismatch] 'Type mismatch in 10'
DIVERGENT     t6mkdx    PRINT MKD$(1,1)
            ref  [error:syntax error] 'Syntax error in 10'
            zb   [error:type mismatch] 'Type mismatch in 10'

==============================================================================
COMBINED — tokenised? x observable consequence
==============================================================================
word       crunch  support     consequence
------------------------------------------------------------------------------
t6mkix     present DIVERGENT   ref 'Syntax error in 10' vs zb 'Type mismatch in 10'
t6mksx     present DIVERGENT   ref 'Syntax error in 10' vs zb 'Type mismatch in 10'
t6mkdx     present DIVERGENT   ref 'Syntax error in 10' vs zb 'Type mismatch in 10'

==============================================================================
SUMMARY  DIVERGENT=3
         executed 3 / 3 words; 0 crunch-only
==============================================================================
ROWS: 3 printed, 3 scored — 0 crunch-only word(s) carry no support reading and are printed but not scored
pin: NOT written -- an --only run measures a subset, and the pin is the whole sweep

=== CRUNCH PIN — words the reference tokenises and zerobas does not ===
refcache: 0 hit, 4 miss, 4 stored
