msxtest: BASIC image carries islands -- loaded at $0010, not $2812
build under measurement: git=8074f22b zerobas-main-eu.rom=9807c45c189a sub.rom=8608aab8f78b disk.rom=b493ea130036

==============================================================================
LAYER 1 — CRUNCH (tokenisation only; NOT a support answer)
==============================================================================
SAME   t6mki6    a=mki$(32768)
SAME   t6mkiedge a=cvi(mki$(-32768.4))

==============================================================================
LAYER 2 — SUPPORT (the load-bearing layer)
==============================================================================
DIVERGENT     t6mkiedge PRINT CVI(MKI$(-32768.4))
            ref  [value] '-32768'
            zb   [value] '32767'
EXTRA         t6mki6    PRINT MKI$(32768)
            ref  [error:overflow] 'Overflow in 10'
            zb   [value] ''

==============================================================================
COMBINED — tokenised? x observable consequence
==============================================================================
word       crunch  support     consequence
------------------------------------------------------------------------------
t6mki6     present EXTRA       ref 'Overflow in 10' vs zb ''
t6mkiedge  present DIVERGENT   ref '-32768' vs zb '32767'

==============================================================================
SUMMARY  DIVERGENT=1  EXTRA=1
         executed 2 / 2 words; 0 crunch-only
==============================================================================
ROWS: 2 printed, 2 scored — 0 crunch-only word(s) carry no support reading and are printed but not scored
pin: NOT written -- an --only run measures a subset, and the pin is the whole sweep

=== CRUNCH PIN — words the reference tokenises and zerobas does not ===
refcache: 0 hit, 4 miss, 4 stored
