python3 tools/install-repack-machine.py --merged build/zerobas-main-eu.rom --disk-rom build/disk.rom \
	  --sub-rom build/sub.rom
wrote C-BIOS_MSX1_EU_REPACK_DISK  (-> machine "C-BIOS_MSX1_EU_REPACK_DISK": merged repack ROM in slot 0, zerobas-disk in slot 3-1, zerobas-sub in slot 3-2)
     /Users/joost/.openMSX/share/machines/C-BIOS_MSX1_EU_REPACK_DISK.xml
python3 tools/install-repack-machine.py --merged build/zerobas-main-eu.rom --sub-rom build/sub.rom \
	  --no-disk
wrote C-BIOS_MSX1_EU_REPACK_NODISK  (-> machine "C-BIOS_MSX1_EU_REPACK_NODISK": merged repack ROM in slot 0, slot 3-1 EMPTY (diskless target), zerobas-sub in slot 3-2)
     /Users/joost/.openMSX/share/machines/C-BIOS_MSX1_EU_REPACK_NODISK.xml
python3 probes/basic/basic_probe_namegate.py
row          cf3300       zb   verdict   statement
name.as5         53       53   ok   NAME"X.DAT"AS 5
name.old5        13       13   ok   NAME 5 AS"X.DAT"
ctl.kill5        13       13   ok   KILL 5
ctl.open5        13       13   ok   OPEN 5 AS #1
ctl.div0         11       11   ok   KILL 1/0
ctl.wf           53       53   ok   NAME"NOSUCH.DAT"AS"Y.DAT"
name.ex5         13        2   known-divergent, pinned   NAME"HI.TXT"AS 5

rows 7  pinned 1  red 0
NAMEGATE: PASS
refcache: 0 hit, 2 miss, 2 stored
