python3 tools/run_gates.py 
=== warm-up (serial build of shared artifacts) ===
warm-up 7s
=== refcache OFF for every unit: a gate measures, it never replays (docs/spec-refcache.md §7) ===
=== emulator tier RUNS: probes/tests/tools or the Makefile changed ===
=== 4 tree-mutating unit(s), SERIAL (they rewrite a shared tracked file) ===
  rc=0              1s  switch-build-check
  rc=0              5s  diskdep-check
  rc=0              0s  wall-literal-check
  rc=0             46s  selftest-check
  (post-mutator refresh 7s -- the plants moved mtimes, so the pool would otherwise race a rebuild)
=== 119 units, J=8, lineerr in 8 shards, nice=0 solo=None ===
  rc=0              3s  basic-reloc
  rc=0              0s  subrom-abi-check
  rc=0              0s  diskrom-abi-check
  rc=0              0s  rom-parts-check
  rc=0              1s  subrom-closure-check
  rc=0             26s  unit-test
  rc=0              0s  deadcode
  rc=0              3s  wall-assertion-check
  rc=0              0s  ram-claim-check
  rc=0              0s  build-assert-check
  rc=0              3s  needle-case-check
  rc=0              0s  redundant-load-check
  rc=0              1s  rowshape-check
  rc=0              5s  injector-check
  rc=0              1s  temp-root-check
  rc=0              2s  todo-citation-check
  rc=0              0s  todo-marker-check
  rc=0              0s  deferral-pin-check
  rc=0              1s  error-alphabet-check
  rc=0              2s  chokepoint-check
  rc=0              0s  shared-body-check
  rc=0              0s  probe-reach-check
  rc=0              0s  battery-membership-check
  rc=0              0s  fixture-integrity-check
  rc=0              1s  preflight-check
  rc=0              4s  latch-check
  rc=0             19s  kwsweep
  rc=0             11s  patch-freshness-check
  rc=0              2s  refcache-check
  rc=0              0s  knife-guard-check
  rc=0              1s  knife-rom-guard-check
  rc=0              0s  deffn-selftest
  rc=0              0s  probe-sides-selftest
  rc=0              0s  banner-acceptance
  rc=0             34s  string-acceptance
  rc=0             18s  str-domain-acceptance
  rc=0             12s  strparen-acceptance
  rc=0             43s  penderr-acceptance
  rc=0             45s  missing-acceptance
  rc=0             11s  error-acceptance
  rc=0             68s  error-trap-acceptance
  rc=0             96s  onerr0-acceptance
  rc=0            106s  math-acceptance
  rc=0             90s  float-acceptance
  rc=0             57s  intarg-acceptance
  rc=0             38s  logicops-acceptance
  rc=0            237s  screenerr-acceptance
  rc=0             40s  tmfp-acceptance
  rc=0             60s  stmtpend-acceptance
  rc=0            108s  array-acceptance
  rc=0            126s  deffn-strict
  rc=0            383s  graphics-acceptance
  rc=0             56s  abort-acceptance
  rc=0            145s  interval-trap-acceptance
  rc=0             92s  clearpool-acceptance
  rc=0            131s  stackpool-acceptance
  rc=0            172s  trapdepth-acceptance
  rc=0             64s  trapsvc-acceptance
  rc=0             66s  ctlcross-acceptance
  rc=0            387s  ctllim-acceptance
  rc=0            412s  ramfree-acceptance
  rc=0             12s  txtceil-acceptance
  rc=0             12s  cursor-acceptance
  rc=0             81s  time-acceptance
  rc=0            287s  namspc-acceptance
  rc=0             95s  arrdim-acceptance
  rc=0             46s  arylv-acceptance
  rc=0             60s  badfnum-acceptance
  rc=0              6s  beep-acceptance
  rc=0             22s  binfre-acceptance
  rc=0             20s  cassave-acceptance
  rc=0             76s  castail-acceptance
  rc=0            117s  deffn-acceptance
  rc=0             49s  direct-ctrl-acceptance
  rc=0             12s  dskmsg-acceptance
  rc=0             83s  editverb-acceptance
  rc=0             32s  fldary-acceptance
  rc=0             91s  fldwidth-acceptance
  rc=0             23s  forvar-acceptance
  rc=0             45s  gicini-acceptance
  rc=0              6s  graphics-floor-acceptance
  rc=0            129s  ifsem-acceptance
  rc=0              3s  input-acceptance
  rc=0             54s  nodisk-acceptance
  rc=0             71s  pusing-acceptance
  rc=0             42s  catterm-acceptance
  rc=0             13s  catusr-acceptance
  rc=0             13s  nameord-acceptance
  rc=0              5s  namegate-acceptance
  rc=0             31s  inputary-acceptance
  rc=0            133s  key-trap-acceptance
  rc=0             56s  linemax-acceptance
  rc=0            147s  lnblank-acceptance
  rc=0             37s  locarg-acceptance
  rc=0             41s  lof-acceptance
  rc=0             80s  lptverb-acceptance
  rc=0             57s  lrvar-acceptance
  rc=0             54s  lvfix-acceptance
  rc=0             21s  nxary-acceptance
  rc=0             21s  nxlist-acceptance
  rc=0             30s  play-acceptance
  rc=0             11s  play-trace-acceptance
  rc=0             20s  readvar-acceptance
  rc=0              5s  runtail-acceptance
  rc=0             22s  sound-acceptance
  rc=0             67s  sprite-trap-acceptance
  rc=0             56s  stop-trap-acceptance
  rc=0            152s  strig-trap-acceptance
  rc=0              0s  subrom-acceptance
  rc=0             71s  tgtspc-acceptance
  rc=0             76s  width-acceptance
  rc=0            107s  lineerr#1/8
  rc=0            113s  lineerr#2/8
  rc=0            105s  lineerr#3/8
  rc=0            102s  lineerr#4/8
  rc=0            100s  lineerr#5/8
  rc=0             88s  lineerr#6/8
  rc=0             89s  lineerr#7/8
  rc=0             63s  lineerr#8/8

=== wall 865s (7s build + 859s gates) ===
GATES: 116/116 green
hashes: 9168d2b0 760789a8 c4c369c2 43bb4d27
recorded: this full green battery is now the baseline a future skip must prove itself against
