msxtest: BASIC image carries islands -- loaded at $0010, not $2812
build under measurement: git=d30b9f41 zerobas-main-eu.rom=ef6cf68d4ad1 sub.rom=8608aab8f78b disk.rom=45e674026092

==============================================================================
LAYER 1 — CRUNCH (tokenisation only; NOT a support answer)
==============================================================================
SAME   t8namerenameopen open "zo.txt" for output as #1:name "hi.txt" as "hi.txt"
SAME   t8namenoasmiss name "nope.txt"
SAME   t8copynotomiss copy "nope.txt"

==============================================================================
LAYER 2 — SUPPORT (the load-bearing layer)
==============================================================================
DIVERGENT     t8namenoasmiss NAME "NOPE.TXT"
            ref  [error:file not found] 'File not found in 10'
            zb   [error:syntax error] 'Syntax error in 10'
DIVERGENT     t8copynotomiss COPY "NOPE.TXT"
            ref  [error:file not found] 'File not found in 10'
            zb   [error:illegal function call] 'Illegal function call in 10'
SUPPORTED     t8namerenameopen OPEN "ZO.TXT" FOR OUTPUT AS #1:NAME "HI.TXT" AS "HI.TXT"
            ref  [value] 'File already exists in 20'

==============================================================================
COMBINED — tokenised? x observable consequence
==============================================================================
word       crunch  support     consequence
------------------------------------------------------------------------------
t8namerenameopen present SUPPORTED   match
t8namenoasmiss present DIVERGENT   ref 'File not found in 10' vs zb 'Syntax error in 10'
t8copynotomiss present DIVERGENT   ref 'File not found in 10' vs zb 'Illegal function call in 10'

==============================================================================
SUMMARY  DIVERGENT=2  SUPPORTED=1
         executed 3 / 3 words; 0 crunch-only
==============================================================================
ROWS: 3 printed, 3 scored — 0 crunch-only word(s) carry no support reading and are printed but not scored
pin: NOT written -- an --only run measures a subset, and the pin is the whole sweep

=== CRUNCH PIN — words the reference tokenises and zerobas does not ===
refcache: 1 hit, 3 miss, 3 stored
