python3 tools/run_gates.py 
=== warm-up (serial build of shared artifacts) ===
warm-up 7s
=== refcache OFF for every unit: a gate measures, it never replays (docs/spec-refcache.md §7) ===
=== emulator tier RUNS: probes/tests/tools or the Makefile changed ===
=== 4 tree-mutating unit(s), SERIAL (they rewrite a shared tracked file) ===
  rc=0              1s  switch-build-check
  rc=0              5s  diskdep-check
  rc=0              0s  wall-literal-check
  rc=0             45s  selftest-check
  (post-mutator refresh 7s -- the plants moved mtimes, so the pool would otherwise race a rebuild)
=== 118 units, J=8, lineerr in 8 shards, nice=0 solo=None ===
  rc=0              3s  basic-reloc
  rc=0              0s  subrom-abi-check
  rc=0              0s  diskrom-abi-check
  rc=0              0s  rom-parts-check
  rc=0              1s  subrom-closure-check
  rc=0             27s  unit-test
  rc=0              0s  deadcode
  rc=0              3s  wall-assertion-check
  rc=0              0s  ram-claim-check
  rc=0              0s  build-assert-check
  rc=0              3s  needle-case-check
  rc=0              0s  redundant-load-check
  rc=0              1s  rowshape-check
  rc=0              5s  injector-check
  rc=0              1s  temp-root-check
  rc=2              2s  todo-citation-check
  rc=0              0s  todo-marker-check
  rc=0              0s  deferral-pin-check
  rc=0              1s  error-alphabet-check
  rc=0              2s  chokepoint-check
  rc=0              0s  shared-body-check
  rc=0              0s  probe-reach-check
  rc=0              0s  battery-membership-check
  rc=0              0s  fixture-integrity-check
  rc=0              1s  preflight-check
  rc=0              4s  latch-check
  rc=0             19s  kwsweep
  rc=0             11s  patch-freshness-check
  rc=0              2s  refcache-check
  rc=0              0s  knife-guard-check
  rc=0              1s  knife-rom-guard-check
  rc=0              0s  deffn-selftest
  rc=0              0s  probe-sides-selftest
  rc=0              0s  banner-acceptance
  rc=0             37s  string-acceptance
  rc=0             19s  str-domain-acceptance
  rc=0             12s  strparen-acceptance
  rc=0             43s  penderr-acceptance
  rc=0             46s  missing-acceptance
  rc=0             12s  error-acceptance
  rc=0             67s  error-trap-acceptance
  rc=0             94s  onerr0-acceptance
  rc=0            105s  math-acceptance
  rc=0             88s  float-acceptance
  rc=0             57s  intarg-acceptance
  rc=0             32s  logicops-acceptance
  rc=0            235s  screenerr-acceptance
  rc=0             49s  tmfp-acceptance
  rc=0             61s  stmtpend-acceptance
  rc=0            106s  array-acceptance
  rc=0            126s  deffn-strict
  rc=0            369s  graphics-acceptance
  rc=0             56s  abort-acceptance
  rc=0            145s  interval-trap-acceptance
  rc=0             90s  clearpool-acceptance
  rc=0            131s  stackpool-acceptance
  rc=0            161s  trapdepth-acceptance
  rc=0             72s  ctlcross-acceptance
  rc=0            386s  ctllim-acceptance
  rc=0            409s  ramfree-acceptance
  rc=0             15s  txtceil-acceptance
  rc=0             15s  cursor-acceptance
  rc=0             89s  time-acceptance
  rc=0            294s  namspc-acceptance
  rc=0            101s  arrdim-acceptance
  rc=0             45s  arylv-acceptance
  rc=0             60s  badfnum-acceptance
  rc=0              7s  beep-acceptance
  rc=0             22s  binfre-acceptance
  rc=0             20s  cassave-acceptance
  rc=0             76s  castail-acceptance
  rc=0            124s  deffn-acceptance
  rc=0             45s  direct-ctrl-acceptance
  rc=0             11s  dskmsg-acceptance
  rc=0             82s  editverb-acceptance
  rc=0             32s  fldary-acceptance
  rc=0             93s  fldwidth-acceptance
  rc=0             22s  forvar-acceptance
  rc=0             47s  gicini-acceptance
  rc=0              5s  graphics-floor-acceptance
  rc=0            144s  ifsem-acceptance
  rc=0              4s  input-acceptance
  rc=0             59s  nodisk-acceptance
  rc=0             74s  pusing-acceptance
  rc=0             41s  catterm-acceptance
  rc=0             17s  catusr-acceptance
  rc=0             13s  nameord-acceptance
  rc=0              5s  namegate-acceptance
  rc=0             40s  inputary-acceptance
  rc=0            132s  key-trap-acceptance
  rc=0             54s  linemax-acceptance
  rc=0            137s  lnblank-acceptance
  rc=0             36s  locarg-acceptance
  rc=0             43s  lof-acceptance
  rc=0             90s  lptverb-acceptance
  rc=0             58s  lrvar-acceptance
  rc=0             61s  lvfix-acceptance
  rc=0             20s  nxary-acceptance
  rc=0             30s  nxlist-acceptance
  rc=0             31s  play-acceptance
  rc=0             11s  play-trace-acceptance
  rc=0             22s  readvar-acceptance
  rc=0              8s  runtail-acceptance
  rc=0             24s  sound-acceptance
  rc=0             67s  sprite-trap-acceptance
  rc=0             54s  stop-trap-acceptance
  rc=0            144s  strig-trap-acceptance
  rc=0              0s  subrom-acceptance
  rc=0             63s  tgtspc-acceptance
  rc=0             77s  width-acceptance
  rc=0            105s  lineerr#1/8
  rc=0            111s  lineerr#2/8
  rc=0            104s  lineerr#3/8
  rc=0            104s  lineerr#4/8
  rc=0            100s  lineerr#5/8
  rc=0             92s  lineerr#6/8
  rc=0             80s  lineerr#7/8
  rc=0             68s  lineerr#8/8

=== retrying 1 red unit(s) SERIALLY (flake vs real) ===
  retry todo-citation-check: rc 2->2  REAL (still red)

=== wall 869s (7s build + 862s gates) ===
GATES: 114/115 green
RED: todo-citation-check
hashes: a4c0f1bc 44dcfac9 6eb82cc6 0e4e7b26
make: *** [gates] Error 1
