python3 tests/run.py
isolated build artifacts: /tmp/zerobas/unit-gria0x05
PASS  test_arrays.py
PASS  test_beep.py
PASS  test_control_flow.py
PASS  test_echo_oracle.py
PASS  test_expr.py
PASS  test_fat_alloc_cluster.py
PASS  test_fat_alloc_hint.py
PASS  test_fat_dir_create.py
PASS  test_fat_find.py
PASS  test_fat_have_free_cluster.py
PASS  test_fat_next_cluster.py
PASS  test_fat_read_file_sector.py
PASS  test_fat_write_fat_entry.py
PASS  test_field.py
PASS  test_float.py
PASS  test_fren_collision.py
PASS  test_gdate.py
PASS  test_getdpb.py
FAIL  test_graphics.py
PASS gfx_calc_addr x=  0 y=  0 -> addr=    0 (want     0) mask=$80 (want $80)
PASS gfx_calc_addr x=  8 y=  0 -> addr=    8 (want     8) mask=$80 (want $80)
PASS gfx_calc_addr x=  0 y=  8 -> addr=  256 (want   256) mask=$80 (want $80)
PASS gfx_calc_addr x=  3 y=  0 -> addr=    0 (want     0) mask=$10 (want $10)
PASS gfx_calc_addr x=255 y=191 -> addr= 6143 (want  6143) mask=$01 (want $01)
PASS gfx_calc_addr x=  1 y=  0 -> addr=    0 (want     0) mask=$40 (want $40)
PASS gfx_calc_addr x=  7 y=  0 -> addr=    0 (want     0) mask=$01 (want $01)
PASS gfx_calc_addr x=  9 y=  0 -> addr=    8 (want     8) mask=$40 (want $40)
PASS gfx_calc_addr x=128 y= 96 -> addr= 3200 (want  3200) mask=$80 (want $80)
PASS gfx_calc_addr x=255 y=  0 -> addr=  248 (want   248) mask=$01 (want $01)
PASS gfx_calc_addr x=  0 y=191 -> addr= 5895 (want  5895) mask=$80 (want $80)
PASS gfx_color_rmw c=15 cur=$04 -> CF=1 A=$F4
PASS gfx_color_rmw c= 6 cur=$F4 -> CF=1 A=$64
PASS gfx_color_rmw c= 4 cur=$F4 -> CF=0 (clear)
PASS gfx_color_rmw c= 1 cur=$04 -> CF=1 A=$14
PASS gfx_color_rmw c=13 cur=$04 -> CF=1 A=$D4
PASS gfx_color_rmw c= 6 cur=$64 -> CF=1 A=$64
PASS gfx_color_rmw c= 0 cur=$40 -> CF=0 (clear)
PASS gfx_point_extract pat=$80 mask=$80 col=$D4 -> 13 (want 13)
PASS gfx_point_extract pat=$00 mask=$80 col=$D4 -> 4 (want 4)
PASS gfx_point_extract pat=$40 mask=$40 col=$94 -> 9 (want 9)
PASS gfx_point_extract pat=$00 mask=$01 col=$94 -> 4 (want 4)
PASS gfx_point_extract pat=$FF mask=$01 col=$2A -> 2 (want 2)
PASS gfx_abs16       0 -> |0| (want 0) sign=$01 (want $01)
PASS gfx_abs16       5 -> |5| (want 5) sign=$01 (want $01)
PASS gfx_abs16   32767 -> |32767| (want 32767) sign=$01 (want $01)
PASS gfx_abs16      -1 -> |1| (want 1) sign=$FF (want $FF)
PASS gfx_abs16      -5 -> |5| (want 5) sign=$FF (want $FF)
PASS gfx_abs16  -32768 -> |32768| (want 32768) sign=$FF (want $FF)
PASS gfx_abs16    -100 -> |100| (want 100) sign=$FF (want $FF)
PASS gfx_bres_init (-32768,0)-(0,0) -> dmaj/dmin/cnt/err=(32768, 0, 32768, 16384) steep=0 (want (32768, 0, 32768, 16384) steep=0)
PASS gfx_bres_init (0,0)-(-32768,0) -> dmaj/dmin/cnt/err=(32768, 0, 32768, 16384) steep=0 (want (32768, 0, 32768, 16384) steep=0)
PASS gfx_bres_init (0,-32768)-(0,0) -> dmaj/dmin/cnt/err=(32768, 0, 32768, 16384) steep=1 (want (32768, 0, 32768, 16384) steep=1)
PASS pybres(0, 0, 20, 7) == captured VG-8020 bitmap (21 pts)
PASS pybres(0, 0, 7, 20) == captured VG-8020 bitmap (21 pts)
PASS pybres(0, 0, 15, 15) == captured VG-8020 bitmap (16 pts)
PASS pybres(0, 15, 15, 0) == captured VG-8020 bitmap (16 pts)
PASS gfx_bres (0, 0, 20, 7) -> 21 pts
PASS gfx_bres (0, 0, 7, 20) -> 21 pts
PASS gfx_bres (0, 0, 15, 15) -> 16 pts
PASS gfx_bres (0, 15, 15, 0) -> 16 pts
PASS gfx_bres (20, 7, 0, 0) -> 21 pts
PASS gfx_bres (7, 20, 0, 0) -> 21 pts
PASS gfx_bres (15, 15, 0, 0) -> 16 pts
PASS gfx_bres (15, 0, 0, 15) -> 16 pts
PASS gfx_bres (0, 2, 20, 2) -> 21 pts
PASS gfx_bres (3, 0, 3, 20) -> 21 pts
PASS gfx_bres (5, 5, 5, 5) -> 1 pts
PASS gfx_bres (0, 0, 200, 70) -> 201 pts
PASS gfx_bres (200, 70, 0, 0) -> 201 pts
PASS gfx_bres (10, 100, 100, 10) -> 91 pts
PASS gfx_circ_init/next r= 0 octant set == pymidpoint oracle (1 pts)
PASS gfx_circ_init/next r= 1 octant set == pymidpoint oracle (4 pts)
PASS gfx_circ_init/next r= 2 octant set == pymidpoint oracle (12 pts)
PASS gfx_circ_init/next r= 3 octant set == pymidpoint oracle (16 pts)
PASS gfx_circ_init/next r= 4 octant set == pymidpoint oracle (24 pts)
PASS gfx_circ_init/next r= 7 octant set == pymidpoint oracle (40 pts)
PASS gfx_circ_init/next r= 8 octant set == pymidpoint oracle (44 pts)
PASS gfx_circ_init/next r=12 octant set == pymidpoint oracle (68 pts)
PASS gfx_circ_init/next r=15 octant set == pymidpoint oracle (84 pts)
PASS gfx_circ_init/next r=20 octant set == pymidpoint oracle (112 pts)
PASS gfx_circ asm+centre == captured VG-8020 circ_r4 (n=24)
PASS gfx_circ asm+centre == captured VG-8020 circ_r7 (n=40)
PASS gfx_circ asm+centre == captured VG-8020 circ_r8 (n=44)
PASS gfx_circ asm+centre == captured VG-8020 circ_r12 (n=68)
PASS gfx_circ asm+centre == captured VG-8020 circ_r15 (n=84)
PASS gfx_circ asm+centre == captured VG-8020 circ_r20 (n=112)
PASS teeth: corrupting d0 changes the r=15 point set (anti-green-build)
PASS gco_loop terminates r= 0 at (1,-1) (want (1,-1))
PASS gco_loop terminates r= 1 at (1,0) (want (1,0))
PASS gco_loop terminates r= 2 at (2,1) (want (2,1))
PASS gco_loop terminates r= 3 at (3,1) (want (3,1))
PASS gco_loop terminates r= 4 at (4,2) (want (4,2))
PASS gco_loop terminates r= 7 at (6,4) (want (6,4))
PASS gco_loop terminates r= 8 at (6,5) (want (6,5))
PASS gco_loop terminates r=12 at (9,8) (want (9,8))
PASS gco_loop terminates r=15 at (11,10) (want (11,10))
PASS gco_loop terminates r=20 at (15,13) (want (15,13))
PASS gfx_circ_scale v=   0 S=256 -> 0 (want 0)
PASS gfx_circ_scale v=  10 S=256 -> 10 (want 10)
PASS gfx_circ_scale v= -10 S=256 -> -10 (want -10)
PASS gfx_circ_scale v=  20 S=128 -> 10 (want 10)
PASS gfx_circ_scale v= -20 S=128 -> -10 (want -10)
PASS gfx_circ_scale v= 255 S=256 -> 255 (want 255)
PASS gfx_circ_scale v= 100 S= 64 -> 25 (want 25)
PASS gfx_circ_scale v=-100 S= 64 -> -25 (want -25)
PASS gfx_circ_scale v=   7 S=200 -> 5 (want 5)
PASS gfx_circ_scale v=  -7 S=200 -> -5 (want -5)
PASS gfx_circ_scale v=   1 S=  1 -> 0 (want 0)
PASS gfx_circ_scale v=  -1 S=  1 -> 0 (want 0)
PASS gfx_circ_scale v=   0 S=  0 -> 0 (want 0)
PASS gfx_circ_scale v= 255 S=255 -> 254 (want 254)
PASS gfx_circ_scale v=-255 S=255 -> -254 (want -254)
PASS gfx_circ_scale v= 128 S=200 -> 100 (want 100)
PASS gfx_circ_scale v=-128 S=200 -> -100 (want -100)
PASS gfx_clamp_coords (10, 20, 200, 150) -> (10, 20, 200, 150) (want (10, 20, 200, 150))
PASS gfx_clamp_coords (-40, 20, 100, 80) -> (0, 20, 100, 80) (want (0, 20, 100, 80))
PASS gfx_clamp_coords (300, 20, 100, 80) -> (255, 20, 100, 80) (want (255, 20, 100, 80))
PASS gfx_clamp_coords (50, 250, 120, 100) -> (50, 191, 120, 100) (want (50, 191, 120, 100))
PASS gfx_clamp_coords (128, 96, 129, -304) -> (128, 96, 129, 0) (want (128, 96, 129, 0))
PASS gfx_clamp_coords (300, 300, 400, 400) -> (255, 191, 255, 191) (want (255, 191, 255, 191))
PASS gfx_clamp_coords (-50, -50, 305, 241) -> (0, 0, 255, 191) (want (0, 0, 255, 191))
PASS gfx_clamp_coords (0, 0, 255, 191) -> (0, 0, 255, 191) (want (0, 0, 255, 191))
PASS gfx_clamp_coords (256, 192, -1, -32768) -> (255, 191, 0, 0) (want (255, 191, 0, 0))
PASS gfx_clamp_coords (32767, 0, 0, 32767) -> (255, 0, 0, 191) (want (255, 0, 0, 191))
PASS gbf_split x=0..7 -> 1 whole byte(s) at x=0 (want 1 at x=0)
PASS gbf_split x=8..15 -> 1 whole byte(s) at x=8 (want 1 at x=8)
PASS gbf_split x=0..15 -> 2 whole byte(s) at x=0 (want 2 at x=0)
PASS gbf_split x=3..20 -> 1 whole byte(s) at x=8 (want 1 at x=8)
PASS gbf_split x=4..11 -> 0 whole byte(s) at x=0 (want 0)
PASS gbf_split x=5..5 -> 0 whole byte(s) at x=0 (want 0)
PASS gbf_split x=0..6 -> 0 whole byte(s) at x=0 (want 0)
PASS gbf_split x=0..255 -> 32 whole byte(s) at x=0 (want 32 at x=0)
PASS gbf_split x=1..254 -> 30 whole byte(s) at x=8 (want 30 at x=8)
PASS gbf_split x=248..255 -> 1 whole byte(s) at x=248 (want 1 at x=248)
PASS gbf_split x=249..255 -> 0 whole byte(s) at x=0 (want 0)
PASS gbf_split x=255..255 -> 0 whole byte(s) at x=0 (want 0)
PASS gbf_shr3 0 -> 0 (want 0)
PASS gbf_shr3 7 -> 0 (want 0)
PASS gbf_shr3 8 -> 1 (want 1)
PASS gbf_shr3 255 -> 31 (want 31)
PASS gbf_shr3 256 -> 32 (want 32)
PASS gbf_shr3 262 -> 32 (want 32)
PASS gbf_shr3 65535 -> 8191 (want 8191)
PASS gbf_max16 max(0,0) -> 0 (want 0)
PASS gbf_max16 max(5,9) -> 9 (want 9)
PASS gbf_max16 max(9,5) -> 9 (want 9)
PASS gbf_max16 max(7,7) -> 7 (want 7)
PASS gbf_max16 max(0,255) -> 255 (want 255)
PASS gbf_max16 max(255,0) -> 255 (want 255)
PASS gbf_max16 max(191,0) -> 191 (want 191)
PASS gfx_bf_gxpos (20, 20, 60, 60) -> (60, 60) (want (60, 60))
PASS gfx_bf_gxpos (200, 150, 255, 191) -> (255, 191) (want (255, 191))
PASS gfx_bf_gxpos (200, 150, 0, 0) -> (200, 150) (want (200, 150))
PASS gfx_bf_gxpos (0, 191, 255, 0) -> (255, 191) (want (255, 191))
PASS gfx_bf_gxpos (255, 191, 255, 191) -> (255, 191) (want (255, 191))
PASS gfx_circ_keep M=67 S=(0, 10) E=(2, 5) w=0 f=0 o=0 qx=10 -> True (want True)
PASS gfx_circ_keep M=67 S=(0, 10) E=(2, 5) w=0 f=0 o=2 qx=62 -> False (want False)
PASS gfx_circ_keep M=67 S=(0, 10) E=(2, 5) w=0 f=0 o=1 qx=30 -> True (want True)
PASS gfx_circ_keep M=67 S=(0, 10) E=(2, 5) w=0 f=0 o=5 qx=30 -> False (want False)
PASS gfx_circ_keep M=67 S=(6, 60) E=(1, 20) w=1 f=0 o=7 qx=30 -> True (want True)
PASS gfx_circ_keep M=67 S=(6, 60) E=(1, 20) w=1 f=0 o=3 qx=30 -> False (want False)
PASS gfx_circ_keep M=67 S=(0, 10) E=(2, 5) w=0 f=1 o=5 qx=30 -> True (want True)
PASS gfx_circ_keep M=67 S=(0, 10) E=(2, 5) w=0 f=0 o=1 qx=68 -> True (want True)
PASS gfx_circ_keep M=67 S=(0, 10) E=(2, 5) w=0 f=0 o=2 qx=67 -> False (want False)
PASS gfx_circ_keep M=134 S=(1, 100) E=(2, 33) w=0 f=0 o=1 qx=34 -> True (want True)
PASS gfx_circ_keep M=0 S=(0, 0) E=(0, 0) w=0 f=0 o=3 qx=0 -> False (want False)
PASS gfx_circ_keep ARCF=0 -> always keep
PASS wedge_prep M r=0 -> 0 (want floor(r/sqrt2)=0)
PASS wedge_prep M r=1 -> 0 (want floor(r/sqrt2)=0)
PASS wedge_prep M r=2 -> 1 (want floor(r/sqrt2)=1)
PASS wedge_prep M r=15 -> 10 (want floor(r/sqrt2)=10)
PASS wedge_prep M r=24 -> 16 (want floor(r/sqrt2)=16)
PASS wedge_prep M r=95 -> 67 (want floor(r/sqrt2)=67)
PASS wedge_prep M r=190 -> 134 (want floor(r/sqrt2)=134)
PASS wedge_prep M r=200 -> 141 (want floor(r/sqrt2)=141)
PASS wedge_prep M r=1393 -> 984 (want floor(r/sqrt2)=984)
PASS wedge_prep M r=2209 -> 1561 (want floor(r/sqrt2)=1561)
PASS wedge_prep M r=3025 -> 2138 (want floor(r/sqrt2)=2138)
PASS wedge_prep M r=23169 -> 16382 (want floor(r/sqrt2)=16382)
PASS wedge_prep M r=32767 -> 23169 (want floor(r/sqrt2)=23169)
PASS teeth: r=1393 is a radius the UNCORRECTED multiply gets wrong, so the M row above fails if the correction is deleted
PASS wedge_prep (0,0)..(1,16367) r=15 -> (10, (0, 0), (1, 9), 0, 0) (want (10, (0, 0), (1, 9), 0, 0))
PASS wedge_prep (1,16367)..(3,16375) r=15 -> (10, (1, 9), (3, 9), 0, 0) (want (10, (1, 9), (3, 9), 0, 0))
PASS wedge_prep (3,13387)..(1,4574) r=15 -> (10, (3, 8), (1, 2), 1, 0) (want (10, (3, 8), (1, 2), 1, 0))
PASS wedge_prep (0,0)..(7,16315) r=15 -> (10, (0, 0), (7, 9), 0, 0) (want (10, (0, 0), (7, 9), 0, 0))
PASS wedge_prep (0,0)..(8,0) r=15 -> (10, (0, 0), (0, 0), 0, 1) (want (10, (0, 0), (0, 0), 0, 1))
PASS wedge_prep (0,0)..(0,0) r=15 -> (10, (0, 0), (0, 0), 0, 0) (want (10, (0, 0), (0, 0), 0, 0))
PASS wedge_prep (1,16367)..(2,191) r=190 -> (134, (1, 133), (2, 1), 0, 0) (want (134, (1, 133), (2, 1), 0, 0))
PASS spoke vec theta=0.01 r=15 -> (15, 0) (want (15, 0))
PASS spoke vec theta=1.57 r=15 -> (1, -15) (want (1, -15))
PASS spoke vec theta=0.1 r=15 -> (15, -1) (want (15, -1))
PASS spoke vec theta=1.57 r=400 -> (1, -400) (want (1, -400))
PASS spoke vec theta=3.14 r=20 -> (-20, -1) (want (-20, -1))
PASS spoke vec theta=4.71 r=20 -> (-1, 20) (want (-1, 20))
PASS spoke vec minor scale: ASPS=128 halves y (90,-44)->(90,-22)
PASS ARCMASK arc arc_0_hpi == captured VG-8020 (n=21)
PASS ARCMASK arc arc_hpi_pi == captured VG-8020 (n=22)
PASS ARCMASK arc arc_wrap == captured VG-8020 (n=58)
PASS ARCMASK arc arc_full628 == captured VG-8020 (n=84)
PASS ARCMASK arc_hpi_pi_reconfirm (1.57,3.14) == captured (n=22)
PASS ARCMASK arc_wrap_reconfirm (3.0,1.0) == captured (n=58)
PASS ARCMASK near-cardinal a0=1.5: (61,45) kept (ref: True)
PASS ARCMASK near-cardinal a0=1.504: (61,45) kept (ref: True)
PASS ARCMASK near-cardinal a0=1.51: (61,45) kept (ref: True)
PASS ARCMASK near-cardinal a0=1.55: (61,45) kept (ref: True)
PASS ARCMASK near-cardinal a0=1.57: (61,45) kept (ref: True)
PASS ARCMASK near-cardinal a0=1.58: (61,45) dropped (ref: False)
PASS ARCMASK near-cardinal a0=1.6: (61,45) dropped (ref: False)
PASS teeth: nudging WS_P by one step breaks the arc_hpi_pi captured match (anti-green-build)
PASS gfx_pstk push/pop LIFO order [(191, 0, 255), (10, 20, 30), (1, 2, 3)]
PASS gfx_pstk fills exactly to CAP=120 without overflow (top=120 ovf=0)
PASS gfx_pstk push past CAP sets overflow, top unchanged (top=120 ovf=1)
PASS teeth: the boundary (CAP-th) push actually stores its payload, not just bumps the counter (anti-green-build)
PASS gfx_paint_inside B=5 C=5 colour=5 bit_set=True -> False want False
PASS gfx_paint_inside B=5 C=7 colour=7 bit_set=True -> False want False
PASS gfx_paint_inside B=5 C=7 colour=3 bit_set=True -> True want True
PASS gfx_paint_inside B=0 C=0 colour=0 bit_set=True -> False want False
PASS gfx_paint_inside B=5 C=7 colour=5 bit_set=False -> True want True
PASS gfx_paint_inside B=5 C=7 colour=7 bit_set=False -> False want False
PASS gfx_paint_passable B=5 C=5 SCREEN 2 colour=5 bit_set=True -> False want False
PASS gfx_paint_passable B=5 C=5 SCREEN 2 colour=3 bit_set=True -> True want True
PASS gfx_paint_passable B=5 C=7 SCREEN 2 colour=5 bit_set=True -> True want True
PASS gfx_paint_passable B=5 C=7 SCREEN 2 colour=3 bit_set=True -> True want True
PASS gfx_paint_passable B=5 C=5 SCREEN 2 colour=5 bit_set=False -> True want True
PASS gfx_paint_passable B=5 C=7 SCREEN 2 colour=5 bit_set=False -> True want True
PASS gfx_paint_passable B=5 C=7 SCREEN 3 colour=5 bit_set=True -> False want False
PASS gfx_paint_passable B=5 C=7 SCREEN 3 colour=3 bit_set=True -> True want True
PASS G5 bounded box C==B: painted interior == oracle (196 pts)
PASS G5 bounded box: no leak outside the ring []
PASS G5 concave L-room C==B: matches oracle (365 pts)
PASS G5 concave room: fill wraps around the notch into the far chamber
PASS G5 concave room C==B: the ring still bounds it (anti-overshoot pin)
FAIL G5 concave L-room C!=B: R-FLOOD, matches oracle (49152 pts)  DIFF [(0, 30), (0, 31), (0, 32), (0, 33), (0, 34), (0, 35), (0, 36), (0, 37)]
PASS G5 concave room C!=B: the fill escapes the ring (the R-FLOOD row)
PASS G5 edge seed (0,0): matches oracle incl. the screen corner (49152 pts)
PASS teeth: naive '!=B only' flood explodes past 20000 pushes on the SAME open room (20000) -- the 'already==C' rule is load-bearing for termination (anti-green-build)
PASS sanity: the real (correct) painted set is small/finite (365 pts) vs the naive explosion's 20000+ pushes above
PASS gfx_in_range x=    0 y=    0 ->  in (want in)
PASS gfx_in_range x=  255 y=  191 ->  in (want in)
PASS gfx_in_range x=  255 y=    0 ->  in (want in)
PASS gfx_in_range x=    0 y=  191 ->  in (want in)
PASS gfx_in_range x=  100 y=  100 ->  in (want in)
PASS gfx_in_range x=  128 y=   96 ->  in (want in)
PASS gfx_in_range x=  256 y=    0 -> off (want off)
PASS gfx_in_range x=    0 y=  192 -> off (want off)
PASS gfx_in_range x=  300 y=  100 -> off (want off)
PASS gfx_in_range x=32767 y=    0 -> off (want off)
PASS gfx_in_range x=65535 y=    0 -> off (want off)
PASS gfx_in_range x=    0 y=65535 -> off (want off)
PASS gfx_in_range x=  100 y=  192 -> off (want off)
PASS cpt_boundary_prep theta=0 -> (0,0) (want (0,0))
PASS cpt_boundary_prep theta=0.01 -> (0,208) (want (0,208))
PASS cpt_boundary_prep theta=1 -> (1,4476) (want (1,4476))
PASS cpt_boundary_prep theta=1.50 -> (1,14907) (want (1,14907))
PASS cpt_boundary_prep theta=1.504 -> (1,14990) (want (1,14990))
PASS cpt_boundary_prep theta=1.51 -> (1,15115) (want (1,15115))
PASS cpt_boundary_prep theta=1.55 -> (1,15950) (want (1,15950))
PASS cpt_boundary_prep theta=1.57 -> (1,16367) (want (1,16367))
PASS cpt_boundary_prep theta=1.58 -> (2,191) (want (2,191))
PASS cpt_boundary_prep theta=1.60 -> (2,609) (want (2,609))
PASS cpt_boundary_prep theta=1.5707963 -> (2,0) (want (2,0))
PASS cpt_boundary_prep theta=1.5707963267949 -> (2,0) (want (2,0))
PASS cpt_boundary_prep theta=3 -> (3,13430) (want (3,13430))
PASS cpt_boundary_prep theta=3.14 -> (3,16350) (want (3,16350))
PASS cpt_boundary_prep theta=4.71 -> (5,16334) (want (5,16334))
PASS cpt_boundary_prep theta=6.28 -> (7,16317) (want (7,16317))
PASS cpt_boundary_prep theta=0.999999 -> (1,4476) (want (1,4476))
PASS cpt_boundary_prep theta=0.9999996 -> (1,4476) (want (1,4476))
PASS teeth: 1.57 -> octant 1, 1.58 -> octant 2 (want 1 vs 2)
PASS teeth: single precision -- 1.5707963 (2,0) == pi/2 (2,0) == (2,0)
PASS teeth: the 6-digit carry chain crosses pi/2 for 1.5707999 -> (2,0), want octant 2
PASS gdrw_scale n=    10 S=  4 ->      10 (want 10)
PASS gdrw_scale n=     1 S=  4 ->       1 (want 1)
PASS gdrw_scale n=     0 S=  4 ->       0 (want 0)
PASS gdrw_scale n=    10 S=  1 ->       2 (want 2)
PASS gdrw_scale n=    10 S=  2 ->       5 (want 5)
PASS gdrw_scale n=    10 S=  3 ->       7 (want 7)
PASS gdrw_scale n=    10 S=  5 ->      12 (want 12)
PASS gdrw_scale n=    10 S=  7 ->      17 (want 17)
PASS gdrw_scale n=     2 S=  5 ->       2 (want 2)
PASS gdrw_scale n=   100 S=255 ->    6375 (want 6375)
PASS gdrw_scale n=  1000 S=  9 ->    2250 (want 2250)
PASS gdrw_scale n=  9000 S=  9 ->    3866 (want 3866)
PASS gdrw_scale n= 20000 S=  5 ->   -7768 (want -7768)
PASS gdrw_scale n=   123 S=  4 ->     123 (want 123)
PASS gdrw_scale n= 32767 S=  4 ->      -1 (want -1)
PASS gdrw_scale n= 32768 S=  4 ->       0 (want 0)
PASS gdrw_scale n= 33000 S=  4 ->     232 (want 232)
PASS gdrw_scale n= 40000 S=  4 ->    7232 (want 7232)
PASS gdrw_scale n= 65535 S=  4 ->      -1 (want -1)
PASS gdrw_scale n=    -5 S=  4 ->      -5 (want -5)
PASS gdrw_scale n=   -10 S=  3 ->      -7 (want -7)
PASS gdrw_scale n=   -10 S=  5 ->     -12 (want -12)
PASS gdrw_scale n=    -2 S=  1 ->       0 (want 0)
PASS gdrw_scale n=    -2 S=  3 ->      -1 (want -1)
PASS gdrw_scale n=    -1 S=  4 ->      -1 (want -1)
PASS gdrw_scale MEASURED n=32767 S=4 -> -1 (want -1)
PASS gdrw_scale MEASURED n=32768 S=4 -> 0 (want 0)
PASS gdrw_scale MEASURED n=33000 S=4 -> 232 (want 232)
PASS gdrw_scale MEASURED n=40000 S=4 -> 7232 (want 7232)
PASS gdrw_scale MEASURED n=65535 S=4 -> -1 (want -1)
PASS gdrw_scale MEASURED n=10 S=3 -> 7 (want 7)
PASS gdrw_scale MEASURED n=10 S=5 -> 12 (want 12)
PASS gdrw_scale MEASURED n=2 S=5 -> 2 (want 2)
PASS gdrw_scale MEASURED n=-10 S=3 -> -7 (want -7)
PASS teeth: the negative-count rule is truncate-toward-zero, not floor
PASS gdrw_rotate (0,-10) A0 -> (0, -10) (want (0, -10))
PASS gdrw_rotate (0,-10) A1 -> (-10, 0) (want (-10, 0))
PASS gdrw_rotate (0,-10) A2 -> (0, 10) (want (0, 10))
PASS gdrw_rotate (0,-10) A3 -> (10, 0) (want (10, 0))
PASS gdrw_rotate (10,-10) A1 -> (-10, -10) (want (-10, -10))
PASS gdrw_rotate (10,0) A1 -> (0, -10) (want (0, -10))
-------------------
test_graphics: FAIL (1)
PASS  test_harness_guard.py
PASS  test_input.py
PASS  test_key_drain_guard.py
PASS  test_list.py
PASS  test_mid_stmt.py
PASS  test_msgenc.py
PASS  test_msgsub.py
PASS  test_open_len.py
PASS  test_play_frame_sim.py
PASS  test_play_parse.py
PASS  test_poke.py
PASS  test_print.py
PASS  test_printusing.py
PASS  test_probe_report.py
PASS  test_program.py
PASS  test_rdblk_randrecord.py
PASS  test_repl.py
PASS  test_rrnd_8bit_limit.py
PASS  test_screen.py
PASS  test_sound.py
PASS  test_statements.py
PASS  test_stmt_dispatch.py
PASS  test_str_compare.py
PASS  test_str_engine.py
PASS  test_str_fn.py
PASS  test_str_verbs.py
PASS  test_strvar.py
PASS  test_tape.py
PASS  test_tokenise.py
PASS  test_traps.py
PASS  test_usr.py
PASS  test_vars.py
PASS  test_vdpio.py
PASS  test_wildcard.py
PASS  test_wrblk_body_e2e.py
PASS  test_wrblk_cursor.py
PASS  test_wrblk_extend.py
PASS  test_wrblk_fsize.py
PASS  test_wrrnd_extend.py
PASS  test_wrseq_position.py

1/59 FILE(S) FAILED: test_graphics.py
make: *** [unit-test] Error 1
