
samples: (50,19)  (50,21)  (50,30)  (50,39)  (50,41)  (10,100)
         wall7@y=20   wall15@y=40   seed (128,8)

  sep.b7     vg8020  [9, 9, 9, 9, 9, 9]
  sep.b7     cf3300  [9, 9, 9, 9, 9, 9]
  sep.b7     zb      [9, 9, 9, 9, 9, 9]

  sep.b15    vg8020  [9, 9, 9, 9, 9, 9]
  sep.b15    cf3300  [9, 9, 9, 9, 9, 9]
  sep.b15    zb      [9, 9, 9, 9, 9, 9]

  sep.cb     vg8020  [7, 4, 4, 4, 4, 4]
  sep.cb     cf3300  [7, 4, 4, 4, 4, 4]
  sep.cb     zb      [7, 4, 4, 4, 4, 4]

  sep.noclr  vg8020  [4, 4, 4, 4, 4, 4]
  sep.noclr  cf3300  [4, 4, 4, 4, 4, 4]
  sep.noclr  zb      [4, 4, 4, 4, 4, 4]

=== verdict ===
  sep.b7     refs=[9, 9, 9, 9, 9, 9]  zb=[9, 9, 9, 9, 9, 9]   refs agree
  sep.b15    refs=[9, 9, 9, 9, 9, 9]  zb=[9, 9, 9, 9, 9, 9]   refs agree
  sep.cb     refs=[7, 4, 4, 4, 4, 4]  zb=[7, 4, 4, 4, 4, 4]   refs agree
  sep.noclr  refs=[4, 4, 4, 4, 4, 4]  zb=[4, 4, 4, 4, 4, 4]   refs agree

🎯 SEPARATOR READS (reference):
    sep.b7 below the colour-4 wall: (50,41)=9 (10,100)=9
    sep.b15 below the colour-7 wall: (50,41)=9 (10,100)=9
    R-FLOOD predicts 9 below BOTH walls in BOTH cases.
    R-BONLY predicts the fill stops at the wall whose colour is NOT B.
    -> reads as R-FLOOD on b7; the b15 inversion is what confirms or refutes that.
refcache: 8 hit, 4 miss, 4 stored
