python3 tools/run_gates.py 
=== warm-up (serial build of shared artifacts) ===
warm-up 6s
=== 45 units, J=8, lineerr in 8 shards, nice=0 solo=None ===
  rc=0      2s  basic-reloc
  rc=0      0s  subrom-abi-check
  rc=0      1s  subrom-closure-check
  rc=0     22s  unit-test
  rc=0      0s  deadcode
  rc=0      2s  wall-assertion-check
  rc=0      0s  redundant-load-check
  rc=0      1s  rowshape-check
  rc=0      3s  injector-check
  rc=0      0s  temp-root-check
  rc=0      1s  preflight-check
  rc=0      4s  latch-check
  rc=0      3s  diskdep-check
  rc=0      1s  switch-build-check
  rc=0     28s  kwsweep
  rc=0      0s  deffn-selftest
  rc=0     33s  string-acceptance
  rc=0     18s  str-domain-acceptance
  rc=0     42s  strparen-acceptance
  rc=0    170s  penderr-acceptance
  rc=0     42s  missing-acceptance
  rc=0     13s  error-acceptance
  rc=2     64s  error-trap-acceptance
  rc=0     71s  onerr0-acceptance
  rc=0     97s  math-acceptance
  rc=0     93s  float-acceptance
  rc=0     43s  intarg-acceptance
  rc=0     39s  logicops-acceptance
  rc=0    193s  screenerr-acceptance
  rc=0    137s  tmfp-acceptance
  rc=0    177s  stmtpend-acceptance
  rc=0    114s  array-acceptance
  rc=0    118s  deffn-strict
  rc=0    295s  graphics-acceptance
  rc=0     55s  abort-acceptance
  rc=0    139s  interval-trap-acceptance
  rc=0     73s  clearpool-acceptance
  rc=0    115s  lineerr#1/8
  rc=0    115s  lineerr#2/8
  rc=0    109s  lineerr#3/8
  rc=0    106s  lineerr#4/8
  rc=0    104s  lineerr#5/8
  rc=0     96s  lineerr#6/8
  rc=0     72s  lineerr#7/8
  rc=0     72s  lineerr#8/8

=== retrying 1 red unit(s) SERIALLY (flake vs real) ===
  retry error-trap-acceptance: rc 2->0  FLAKE (green on retry)

=== wall 452s (6s build + 446s gates) ===
GATES: 38/38 green
recovered flakes (green on serial retry): error-trap-acceptance
hashes: 24d8e393 ae796ccb 5bf17dee
rc=0
