=== baseline ===
baseline roms=24d8e393 / ae796ccb / 5bf17dee
baseline 15 rows match onlist_after.out

K-OL1  roms=025ddba6 / ae796ccb / 78eae2b4
  cut: esn_p1's jump back to esn_nocf: delete the discriminator, restoring the pre-slice silence
  moved 3 rows: o.n2trail='0 1', o.nolist='0 1', o.nolistsub='0 1'
  ✅ EXACT — 3 predicted, 3 moved

K-OL2  roms=4a70e7f1 / ae796ccb / 4f3ab913
  cut: force the discriminator ALWAYS-TRUE (`or e` -> `xor a`) -- the 'any missing entry is an error' rule, i.e. the refuted wide one
  moved 2 rows: o.n5trail='2 0', o.overnolist='2 0'
  ✅ EXACT — 2 predicted, 2 moved

K-OL3  roms=9cbf7bbf / ae796ccb / b05b7f1d
  cut: esn_ok's "malformed: stop here" pointed at the raiser -- the wide rule's second regression
  moved 2 rows: o.badafter='2 0', o.trail1='2 0'
  ✅ EXACT — 2 predicted, 2 moved

K-OL4  roms=133e6902 / ae796ccb / ad40342d
  cut: esn_scan's "no entries at all" pointed at the raiser -- the wide rule's third regression (the N=0 path)
  moved 1 rows: o.zeronolist='2 0'
  ✅ EXACT — 1 predicted, 1 moved

restored, roms=24d8e393 / ae796ccb / 5bf17dee

4 of 4 knives EXACT
rc=0
