  denominator: 1448 non-empty spans, 9 of them do not decode cleanly
  26 byte-identical groups

   14 B x2  nominal  14 B -> NET   +0 B   30117ec601fe0a3805d60a371801
        $3340 ai14_lp                KEEP       relative jump leaves the span (+19 of 14)
        $33C9 ai6_lp                 UNSAFE     relative jump leaves the span (+19 of 14)
   13 B x2  nominal  13 B -> NET   +0 B   cd6042c5cd8f7cc13803110000
        $7D2A eostr_lp               KEEP       runs off its end — continues into different code
        $7DB1 eokey_lp               UNSAFE     runs off its end — continues into different code
    3 B x5  nominal  12 B -> NET   +0 B   c39542
        $436D ee_raise               WORTHLESS  entered by fallthrough from ee_illegal; a `jp` costs 0 more than the span
        $4A54 sid_raise              WORTHLESS  entered by fallthrough from str_inputd; a `jp` costs 0 more than the span
        $5252 pl_parse_err/tm_raise  KEEP       entered by fallthrough from tm_err24; a `jp` costs 0 more than the span
        $72C2 exf_raise              WORTHLESS  entered by fallthrough from exf_bfm; a `jp` costs 0 more than the span
        $740F gp_raise               WORTHLESS  entered by fallthrough from gp_bfm; a `jp` costs 0 more than the span
   12 B x2  nominal  12 B -> NET   +0 B   23cd6042fe8dc2585a230e00
        $7D1E ex_on_strig            KEEP       runs off its end — continues into different code
        $7DA5 ex_on_key              UNSAFE     runs off its end — continues into different code
   11 B x2  nominal  11 B -> NET   +0 B   216af0cdc138cdf4331807
        $3E61 asw_single             KEEP       relative jump leaves the span (+18 of 11)
        $483E vsf_single             UNSAFE     relative jump leaves the span (+18 of 11)
   11 B x2  nominal  11 B -> NET   +0 B   f1feff2806c630121318f5
        $5657 pn_wr                  KEEP       relative jump leaves the span (+11 of 11)
        $62A3 dde_wr                 UNSAFE     relative jump leaves the span (+11 of 11)
   11 B x2  nominal  11 B -> NET   +0 B   7eb72807fe3a28032318f5
        $57D6 pu_lo_skip             KEEP       relative jump leaves the span (+11 of 11)
        $741F exc_skip               UNSAFE     relative jump leaves the span (+11 of 11)
    3 B x4  nominal   9 B -> NET   +0 B   af1802
        $394F combine_add            UNSAFE     relative jump leaves the span (+5 of 3)
        $72FC ex_lset                UNSAFE     relative jump leaves the span (+5 of 3)
        $746F fmt_sel_360            KEEP       relative jump leaves the span (+5 of 3)
        $79EF ex_next                UNSAFE     relative jump leaves the span (+5 of 3)
    8 B x2  nominal   8 B -> NET   +0 B   cda54630032318f8
        $46CF vnk_more               KEEP       relative jump leaves the span (+8 of 8)
        $4711 vst_walk               UNSAFE     relative jump leaves the span (+8 of 8)
    7 B x2  nominal   7 B -> NET   +0 B   cdaa37ed5350f1
        $3E6C asw_int                KEEP       runs off its end — continues into different code
        $4849 vsf_int                UNSAFE     runs off its end — continues into different code
    3 B x3  nominal   6 B -> NET   +0 B   231800
        $6BD6 ex_open                KEEP       relative jump leaves the span (+3 of 3)
        $7057 ex_kill                UNSAFE     relative jump leaves the span (+3 of 3)
        $7089 ex_name                UNSAFE     relative jump leaves the span (+3 of 3)
    5 B x2  nominal   5 B -> NET   +0 B   20696e2000
        $76AF in_msg                 UNSAFE     runs off its end — continues into different code
        $7835 rn_in                  KEEP       runs off its end — continues into different code
    4 B x2  nominal   4 B -> NET   +0 B   23cd0445
        $2BAB sfm_haveN              KEEP       runs off its end — continues into different code
        $2C1B ems_have_m             UNSAFE     runs off its end — continues into different code
    4 B x2  nominal   4 B -> NET   +0 B   e1c3de49
        $2D01 sfi_done               KEEP       entered by fallthrough from sfi_nowrite: needs `jp`, 4-3
        $6092 spr_rd_done            SAFE-JP    entered by fallthrough from ev_f_sprite: needs `jp`, 4-3
        (- 1 B: `jr` callers that must widen to reach $2D01)
    4 B x2  nominal   4 B -> NET   +0 B   772b10ed
        $334F ai14_st                KEEP       runs off its end — continues into different code
        $33D8 ai6_st                 UNSAFE     runs off its end — continues into different code
    4 B x2  nominal   4 B -> NET   +0 B   3e0d1802
        $524C tm_err13               KEEP       relative jump leaves the span (+6 of 4)
        $61B6 ex_vdp_assign          UNSAFE     relative jump leaves the span (+6 of 4)
    4 B x2  nominal   4 B -> NET   +0 B   3e021802
        $5523 exp_dev_crt            KEEP       relative jump leaves the span (+6 of 4)
        $6B7B ex_files               UNSAFE     relative jump leaves the span (+6 of 4)
    4 B x2  nominal   4 B -> NET   +0 B   ed5324e0
        $6928 bsv_set_exec           KEEP       runs off its end — continues into different code
        $6959 bsv_cas_exec           UNSAFE     runs off its end — continues into different code
    4 B x2  nominal   4 B -> NET   +0 B   3e051802
        $6CCD oo_dev_lpt             UNSAFE     relative jump leaves the span (+6 of 4)
        $72BC exf_dev                KEEP       relative jump leaves the span (+6 of 4)
    4 B x2  nominal   4 B -> NET   +0 B   e1c37740
        $7CD9 ei_done                KEEP       entered by fallthrough from ei_set: needs `jp`, 4-3
        $7DA1 strig_done             SAFE-JP    entered by fallthrough from strig_flag: needs `jp`, 4-3
        (- 1 B: `jr` callers that must widen to reach $7CD9)
    3 B x2  nominal   3 B -> NET   +2 B   78b7c9
        $3337 affn_found             SAFE       terminates, no escaping relative jump, no fallthrough entry
        $67A7 cal_srv_ret            KEEP       entered by fallthrough from cal_gb_flag; a `jp` costs 0 more than the span
        (- 1 B: `jr` callers that must widen to reach $67A7)
    3 B x2  nominal   3 B -> NET   +0 B   3efff5
        $5649 pn_conv                KEEP       runs off its end — continues into different code
        $6295 ln_div_entry           UNSAFE     runs off its end — continues into different code
    3 B x2  nominal   3 B -> NET   +1 B   c3f761
        $59DE wid_missing            SAFE       terminates, no escaping relative jump, no fallthrough entry
        $5F86 ep_missing             KEEP       terminates, no escaping relative jump, no fallthrough entry
        (- 2 B: `jr` callers that must widen to reach $5F86)
    3 B x2  nominal   3 B -> NET   +0 B   210180
        $623F list_walk              KEEP       runs off its end — continues into different code
        $7763 find_line_bc           UNSAFE     runs off its end — continues into different code
    3 B x2  nominal   3 B -> NET   +0 B   cddc65
        $6557 dl_is_cas              UNSAFE     runs off its end — continues into different code
        $65C3 dr_is_cas              KEEP       runs off its end — continues into different code
    3 B x2  nominal   3 B -> NET   +0 B   cdb069
        $6983 sav_ascii_flag         KEEP       runs off its end — continues into different code
        $69C5 sav_cas_flag           UNSAFE     runs off its end — continues into different code

  nominal 169 B  ->  MEASURED SAFE NET 3 B
  by REGION, before widening: page-0 low 3 B, page 1 3 B; `jr` widening charged 3 B
  ⚠️ the widening figure is an ESTIMATE from a byte scan that cannot tell a `jr` opcode from data; the assembler is the authority.
