face: [O2 OK]
=== hits on fch_ctx_addr:
  hit PC=6FC3 A=240 E=202 HL=6FCE IX=4043 SP=F2E0 FCH_ACTIVE=0 MAXF=1 SH_OP=20 POOLSIZE=200
  hit PC=6FC3 A=122 E=202 HL=6FCF IX=4043 SP=F2E0 FCH_ACTIVE=0 MAXF=1 SH_OP=20 POOLSIZE=200
  hit PC=6FC3 A=101 E=202 HL=6FD0 IX=4043 SP=F2E0 FCH_ACTIVE=0 MAXF=1 SH_OP=20 POOLSIZE=200
  hit PC=6FC3 A=114 E=202 HL=6FD1 IX=4043 SP=F2E0 FCH_ACTIVE=0 MAXF=1 SH_OP=20 POOLSIZE=200
  hit PC=6FC3 A=111 E=202 HL=6FD2 IX=4043 SP=F2E0 FCH_ACTIVE=0 MAXF=1 SH_OP=20 POOLSIZE=200
  hit PC=6FC3 A=98 E=202 HL=6FD3 IX=4043 SP=F2E0 FCH_ACTIVE=0 MAXF=1 SH_OP=20 POOLSIZE=200
  hit PC=6FC3 A=97 E=202 HL=6FD4 IX=4043 SP=F2E0 FCH_ACTIVE=0 MAXF=1 SH_OP=20 POOLSIZE=200
  hit PC=6FC3 A=115 E=202 HL=6FD5 IX=4043 SP=F2E0 FCH_ACTIVE=0 MAXF=1 SH_OP=20 POOLSIZE=200
  hit PC=6FC3 A=32 E=202 HL=6FD6 IX=4043 SP=F2E0 FCH_ACTIVE=0 MAXF=1 SH_OP=20 POOLSIZE=200
  hit PC=6FC3 A=118 E=202 HL=6FD7 IX=4043 SP=F2E0 FCH_ACTIVE=0 MAXF=1 SH_OP=20 POOLSIZE=200
  hit PC=6FC3 A=101 E=202 HL=6FD8 IX=4043 SP=F2E0 FCH_ACTIVE=0 MAXF=1 SH_OP=20 POOLSIZE=200
  hit PC=6FC3 A=114 E=202 HL=6FD9 IX=4043 SP=F2E0 FCH_ACTIVE=0 MAXF=1 SH_OP=20 POOLSIZE=200
  hit PC=6FC3 A=115 E=202 HL=6FDA IX=4043 SP=F2E0 FCH_ACTIVE=0 MAXF=1 SH_OP=20 POOLSIZE=200
  hit PC=6FC3 A=105 E=202 HL=6FDB IX=4043 SP=F2E0 FCH_ACTIVE=0 MAXF=1 SH_OP=20 POOLSIZE=200
  hit PC=6FC3 A=111 E=202 HL=6FDC IX=4043 SP=F2E0 FCH_ACTIVE=0 MAXF=1 SH_OP=20 POOLSIZE=200
  hit PC=6FC3 A=110 E=202 HL=6FDD IX=4043 SP=F2E0 FCH_ACTIVE=0 MAXF=1 SH_OP=20 POOLSIZE=200
  hit PC=6FC3 A=32 E=202 HL=6FDE IX=4043 SP=F2E0 FCH_ACTIVE=0 MAXF=1 SH_OP=20 POOLSIZE=200
  hit PC=6FC3 A=48 E=202 HL=6FDF IX=4043 SP=F2E0 FCH_ACTIVE=0 MAXF=1 SH_OP=20 POOLSIZE=200
  hit PC=6FC3 A=46 E=202 HL=6FE0 IX=4043 SP=F2E0 FCH_ACTIVE=0 MAXF=1 SH_OP=20 POOLSIZE=200
  hit PC=6FC3 A=49 E=202 HL=6FE1 IX=4043 SP=F2E0 FCH_ACTIVE=0 MAXF=1 SH_OP=20 POOLSIZE=200
  hit PC=6FC3 A=13 E=202 HL=6FE2 IX=4043 SP=F2E0 FCH_ACTIVE=0 MAXF=1 SH_OP=20 POOLSIZE=200
  hit PC=6FC3 A=10 E=202 HL=6FE3 IX=4043 SP=F2E0 FCH_ACTIVE=0 MAXF=1 SH_OP=20 POOLSIZE=200
  hit PC=6FC3 A=99 E=202 HL=6FE4 IX=4043 SP=F2E0 FCH_ACTIVE=0 MAXF=1 SH_OP=20 POOLSIZE=200
  hit PC=6FC3 A=108 E=202 HL=6FE5 IX=4043 SP=F2E0 FCH_ACTIVE=0 MAXF=1 SH_OP=20 POOLSIZE=200
  hit PC=6FC3 A=101 E=202 HL=6FE6 IX=4043 SP=F2E0 FCH_ACTIVE=0 MAXF=1 SH_OP=20 POOLSIZE=200
  hit PC=6FC3 A=97 E=202 HL=6FE7 IX=4043 SP=F2E0 FCH_ACTIVE=0 MAXF=1 SH_OP=20 POOLSIZE=200
  hit PC=6FC3 A=110 E=202 HL=6FE8 IX=4043 SP=F2E0 FCH_ACTIVE=0 MAXF=1 SH_OP=20 POOLSIZE=200
  hit PC=6FC3 A=45 E=202 HL=6FE9 IX=4043 SP=F2E0 FCH_ACTIVE=0 MAXF=1 SH_OP=20 POOLSIZE=200
  hit PC=6FC3 A=114 E=202 HL=6FEA IX=4043 SP=F2E0 FCH_ACTIVE=0 MAXF=1 SH_OP=20 POOLSIZE=200
  hit PC=6FC3 A=111 E=202 HL=6FEB IX=4043 SP=F2E0 FCH_ACTIVE=0 MAXF=1 SH_OP=20 POOLSIZE=200
  hit PC=6FC3 A=111 E=202 HL=6FEC IX=4043 SP=F2E0 FCH_ACTIVE=0 MAXF=1 SH_OP=20 POOLSIZE=200
  hit PC=6FC3 A=109 E=202 HL=6FED IX=4043 SP=F2E0 FCH_ACTIVE=0 MAXF=1 SH_OP=20 POOLSIZE=200
  hit PC=6FC3 A=32 E=202 HL=6FEE IX=4043 SP=F2E0 FCH_ACTIVE=0 MAXF=1 SH_OP=20 POOLSIZE=200
  hit PC=6FC3 A=77 E=202 HL=6FEF IX=4043 SP=F2E0 FCH_ACTIVE=0 MAXF=1 SH_OP=20 POOLSIZE=200
  hit PC=6FC3 A=83 E=202 HL=6FF0 IX=4043 SP=F2E0 FCH_ACTIVE=0 MAXF=1 SH_OP=20 POOLSIZE=200
  hit PC=6FC3 A=88 E=202 HL=6FF1 IX=4043 SP=F2E0 FCH_ACTIVE=0 MAXF=1 SH_OP=20 POOLSIZE=200
  hit PC=6FC3 A=49 E=202 HL=6FF2 IX=4043 SP=F2E0 FCH_ACTIVE=0 MAXF=1 SH_OP=20 POOLSIZE=200
  hit PC=6FC3 A=32 E=202 HL=6FF3 IX=4043 SP=F2E0 FCH_ACTIVE=0 MAXF=1 SH_OP=20 POOLSIZE=200
  hit PC=6FC3 A=66 E=202 HL=6FF4 IX=4043 SP=F2E0 FCH_ACTIVE=0 MAXF=1 SH_OP=20 POOLSIZE=200
  hit PC=6FC3 A=65 E=202 HL=6FF5 IX=4043 SP=F2E0 FCH_ACTIVE=0 MAXF=1 SH_OP=20 POOLSIZE=200
  hit PC=6FC3 A=83 E=202 HL=6FF6 IX=4043 SP=F2E0 FCH_ACTIVE=0 MAXF=1 SH_OP=20 POOLSIZE=200
  hit PC=6FC3 A=73 E=202 HL=6FF7 IX=4043 SP=F2E0 FCH_ACTIVE=0 MAXF=1 SH_OP=20 POOLSIZE=200
  hit PC=6FC3 A=67 E=202 HL=6FF8 IX=4043 SP=F2E0 FCH_ACTIVE=0 MAXF=1 SH_OP=20 POOLSIZE=200
  hit PC=6FC3 A=13 E=202 HL=6FF9 IX=4043 SP=F2E0 FCH_ACTIVE=0 MAXF=1 SH_OP=20 POOLSIZE=200
  hit PC=6FC3 A=10 E=202 HL=6FFA IX=4043 SP=F2E0 FCH_ACTIVE=0 MAXF=1 SH_OP=20 POOLSIZE=200
  hit PC=6FC3 A=13 E=202 HL=6FFB IX=4043 SP=F2E0 FCH_ACTIVE=0 MAXF=1 SH_OP=20 POOLSIZE=200
  hit PC=6FC3 A=10 E=202 HL=6FFC IX=4043 SP=F2E0 FCH_ACTIVE=0 MAXF=1 SH_OP=20 POOLSIZE=200
  hit PC=6FC3 A=1 E=6 HL=EB03 IX=4055 SP=F2E4 FCH_ACTIVE=0 MAXF=1 SH_OP=20 POOLSIZE=200
  hit PC=6FC3 A=1 E=15 HL=EB03 IX=4055 SP=F2E4 FCH_ACTIVE=0 MAXF=1 SH_OP=18 POOLSIZE=200
  hit PC=6FC3 A=1 E=24 HL=EB03 IX=4055 SP=F2E4 FCH_ACTIVE=0 MAXF=1 SH_OP=18 POOLSIZE=200
  hit PC=6FC3 A=1 E=51 HL=EB03 IX=4055 SP=F2E4 FCH_ACTIVE=0 MAXF=1 SH_OP=18 POOLSIZE=200
  hit PC=6FC3 A=1 E=78 HL=EB03 IX=4055 SP=F2E4 FCH_ACTIVE=0 MAXF=1 SH_OP=18 POOLSIZE=200
  hit PC=6FC3 A=1 E=95 HL=EB03 IX=4055 SP=F2E4 FCH_ACTIVE=0 MAXF=1 SH_OP=18 POOLSIZE=200
  hit PC=6FC3 A=1 E=1 HL=EA01 IX=5870 SP=F2DC FCH_ACTIVE=1 MAXF=2 SH_OP=20 POOLSIZE=200
refcache: 0 hit, 1 miss, 1 stored
