python3 tools/run_gates.py --full 
=== warm-up (serial build of shared artifacts) ===
warm-up 7s
=== refcache OFF for every unit: a gate measures, it never replays (docs/spec-refcache.md §7) ===
=== emulator tier RUNS: forced by --full ===
=== 4 tree-mutating unit(s), SERIAL (they rewrite a shared tracked file) ===
  rc=0              1s  switch-build-check
  rc=0              6s  diskdep-check
  rc=0              0s  wall-literal-check
  rc=0             47s  selftest-check
  (post-mutator refresh 7s -- the plants moved mtimes, so the pool would otherwise race a rebuild)
=== 117 units, J=8, lineerr in 8 shards, nice=0 solo=None ===
  rc=0              3s  basic-reloc
  rc=0              0s  subrom-abi-check
  rc=0              0s  diskrom-abi-check
  rc=0              0s  rom-parts-check
  rc=0              1s  subrom-closure-check
  rc=0             27s  unit-test
  rc=0              0s  deadcode
  rc=0              3s  wall-assertion-check
  rc=0              0s  ram-claim-check
  rc=0              0s  build-assert-check
  rc=0              4s  needle-case-check
  rc=0              0s  redundant-load-check
  rc=0              2s  rowshape-check
  rc=0              5s  injector-check
  rc=0              1s  temp-root-check
  rc=0              2s  todo-citation-check
  rc=0              0s  todo-marker-check
  rc=0              0s  deferral-pin-check
  rc=0              1s  error-alphabet-check
  rc=0              2s  chokepoint-check
  rc=0              0s  shared-body-check
  rc=0              0s  probe-reach-check
  rc=0              0s  battery-membership-check
  rc=0              0s  fixture-integrity-check
  rc=0              1s  preflight-check
  rc=0              4s  latch-check
  rc=0             19s  kwsweep
  rc=0             12s  patch-freshness-check
  rc=0              2s  refcache-check
  rc=0              0s  knife-guard-check
  rc=0              1s  knife-rom-guard-check
  rc=0              0s  deffn-selftest
  rc=0              0s  banner-acceptance
  rc=0             26s  string-acceptance
  rc=0             19s  str-domain-acceptance
  rc=0             12s  strparen-acceptance
  rc=0             42s  penderr-acceptance
  rc=0             45s  missing-acceptance
  rc=0             11s  error-acceptance
  rc=0             67s  error-trap-acceptance
  rc=0             93s  onerr0-acceptance
  rc=0            110s  math-acceptance
  rc=0             88s  float-acceptance
  rc=0             46s  intarg-acceptance
  rc=0             45s  logicops-acceptance
  rc=0            234s  screenerr-acceptance
  rc=0             49s  tmfp-acceptance
  rc=0             61s  stmtpend-acceptance
  rc=0            113s  array-acceptance
  rc=0            127s  deffn-strict
  rc=0            366s  graphics-acceptance
  rc=0             55s  abort-acceptance
  rc=0            144s  interval-trap-acceptance
  rc=0             86s  clearpool-acceptance
  rc=0            130s  stackpool-acceptance
  rc=0            162s  trapdepth-acceptance
  rc=0             74s  ctlcross-acceptance
  rc=0            390s  ctllim-acceptance
  rc=0            411s  ramfree-acceptance
  rc=0             15s  txtceil-acceptance
  rc=0             24s  cursor-acceptance
  rc=0             89s  time-acceptance
  rc=0            298s  namspc-acceptance
  rc=0             97s  arrdim-acceptance
  rc=0             50s  arylv-acceptance
  rc=0             57s  badfnum-acceptance
  rc=0              9s  beep-acceptance
  rc=0             24s  binfre-acceptance
  rc=0             26s  cassave-acceptance
  rc=0             76s  castail-acceptance
  rc=0            126s  deffn-acceptance
  rc=0             45s  direct-ctrl-acceptance
  rc=0             11s  dskmsg-acceptance
  rc=0             84s  editverb-acceptance
  rc=0             32s  fldary-acceptance
  rc=0             94s  fldwidth-acceptance
  rc=0             32s  forvar-acceptance
  rc=0             50s  gicini-acceptance
  rc=0              0s  graphics-floor-acceptance
  rc=0            143s  ifsem-acceptance
  rc=0              8s  input-acceptance
  rc=0             62s  nodisk-acceptance
  rc=0             76s  pusing-acceptance
  rc=0             44s  catterm-acceptance
  rc=0             19s  catusr-acceptance
  rc=0             14s  nameord-acceptance
  rc=0              5s  namegate-acceptance
  rc=0             39s  inputary-acceptance
  rc=0            144s  key-trap-acceptance
  rc=0             55s  linemax-acceptance
  rc=0            140s  lnblank-acceptance
  rc=0             39s  locarg-acceptance
  rc=0             44s  lof-acceptance
  rc=0             88s  lptverb-acceptance
  rc=0             58s  lrvar-acceptance
  rc=0             61s  lvfix-acceptance
  rc=0             31s  nxary-acceptance
  rc=0             29s  nxlist-acceptance
  rc=0             25s  play-acceptance
  rc=0             10s  play-trace-acceptance
  rc=0             20s  readvar-acceptance
  rc=0              8s  runtail-acceptance
  rc=0             29s  sound-acceptance
  rc=0             66s  sprite-trap-acceptance
  rc=0             54s  stop-trap-acceptance
  rc=0            143s  strig-trap-acceptance
  rc=0              0s  subrom-acceptance
  rc=0             64s  tgtspc-acceptance
  rc=0             75s  width-acceptance
  rc=0            106s  lineerr#1/8
  rc=0            107s  lineerr#2/8
  rc=0            105s  lineerr#3/8
  rc=0            103s  lineerr#4/8
  rc=0            100s  lineerr#5/8
  rc=0             94s  lineerr#6/8
  rc=0             83s  lineerr#7/8
  rc=0             62s  lineerr#8/8

=== wall 873s (7s build + 865s gates) ===
GATES: 114/114 green
hashes: e46de67e dd98db58 5c14c662 9a96945d
recorded: this full green battery is now the baseline a future skip must prove itself against
