  ran vg8020  pa.color  '0 9'
  ran vg8020  pa.plain  '0 15'
  ran vg8020  pa.nopnt  '0 4'
  ran vg8020  pa.4comma '2 9'
  ran vg8020  pa.4arg   '2 9'
  ran vg8020  pa.4colon '2 9'
  ran vg8020  pa.3comma '24 4'
  ran vg8020  pa.ccomma '2 4'
  ran cf3300  pa.color  '0 9'
  ran cf3300  pa.plain  '0 15'
  ran cf3300  pa.nopnt  '0 4'
  ran cf3300  pa.4comma '2 9'
  ran cf3300  pa.4arg   '2 9'
  ran cf3300  pa.4colon '2 9'
  ran cf3300  pa.3comma '24 4'
  ran cf3300  pa.ccomma '2 4'
  ran zb      pa.color  '0 9'
  ran zb      pa.plain  '0 15'
  ran zb      pa.nopnt  '0 4'
  ran zb      pa.4comma '2 9'
  ran zb      pa.4arg   '2 9'
  ran zb      pa.4colon '2 9'
  ran zb      pa.3comma '24 4'
  ran zb      pa.ccomma '2 4'

  pa.color   vg8020='0 9'  cf3300='0 9'  zb='0 9'
  pa.plain   vg8020='0 15'  cf3300='0 15'  zb='0 15'
  pa.nopnt   vg8020='0 4'  cf3300='0 4'  zb='0 4'
  pa.4comma  vg8020='2 9'  cf3300='2 9'  zb='2 9'
  pa.4arg    vg8020='2 9'  cf3300='2 9'  zb='2 9'
  pa.4colon  vg8020='2 9'  cf3300='2 9'  zb='2 9'
  pa.3comma  vg8020='24 4'  cf3300='24 4'  zb='24 4'
  pa.ccomma  vg8020='2 4'  cf3300='2 4'  zb='2 4'

ROWS: 8 printed, 8 scored -- 0 DIFF
EXIT rc=0
