  ran vg8020  p.colour   '24 4'
  ran vg8020  p.kcolour  '24 4'
  ran vg8020  p.b        '24 4'
  ran vg8020  p.kb       '24 4'
  ran vg8020  p.cc       '24 4'
  ran vg8020  p.kcc      '24 4'
  ran vg8020  p.none     '0 15'
  ran vg8020  p.omit     '0 15'
  ran vg8020  p.plain    '0 15'
  ran vg8020  p.ok       '0 15'
  ran vg8020  q.trail    '24 0'
  ran vg8020  q.kcolon   '24 0'
  ran vg8020  q.comma    '2 0'
  ran vg8020  q.ok       '0 0'
  ran vg8020  t.after    'UNTRAPPED Division by zero in 40'
  ran vg8020  t.notrap   '11 0'
  ran cf3300  p.colour   '24 4'
  ran cf3300  p.kcolour  '24 4'
  ran cf3300  p.b        '24 4'
  ran cf3300  p.kb       '24 4'
  ran cf3300  p.cc       '24 4'
  ran cf3300  p.kcc      '24 4'
  ran cf3300  p.none     '0 15'
  ran cf3300  p.omit     '0 15'
  ran cf3300  p.plain    '0 15'
  ran cf3300  p.ok       '0 15'
  ran cf3300  q.trail    '24 0'
  ran cf3300  q.kcolon   '24 0'
  ran cf3300  q.comma    '2 0'
  ran cf3300  q.ok       '0 0'
  ran cf3300  t.after    'UNTRAPPED Division by zero in 40'
  ran cf3300  t.notrap   '11 0'
  ran zb      p.colour   '24 4'
  ran zb      p.kcolour  '24 4'
  ran zb      p.b        '24 4'
  ran zb      p.kb       '24 4'
  ran zb      p.cc       '24 4'
  ran zb      p.kcc      '24 4'
  ran zb      p.none     '0 15'
  ran zb      p.omit     '0 15'
  ran zb      p.plain    '0 15'
  ran zb      p.ok       '0 15'
  ran zb      q.trail    'UNTRAPPED Missing operand in 30'
  ran zb      q.kcolon   'UNTRAPPED Missing operand in 30'
  ran zb      q.comma    '0 0'
  ran zb      q.ok       '0 0'
  ran zb      t.after    'UNTRAPPED Division by zero in 40'
  ran zb      t.notrap   '11 0'

  p.colour   vg8020='24 4'  cf3300='24 4'  zb='24 4'
  p.kcolour  vg8020='24 4'  cf3300='24 4'  zb='24 4'
  p.b        vg8020='24 4'  cf3300='24 4'  zb='24 4'
  p.kb       vg8020='24 4'  cf3300='24 4'  zb='24 4'
  p.cc       vg8020='24 4'  cf3300='24 4'  zb='24 4'
  p.kcc      vg8020='24 4'  cf3300='24 4'  zb='24 4'
  p.none     vg8020='0 15'  cf3300='0 15'  zb='0 15'
  p.omit     vg8020='0 15'  cf3300='0 15'  zb='0 15'
  p.plain    vg8020='0 15'  cf3300='0 15'  zb='0 15'
  p.ok       vg8020='0 15'  cf3300='0 15'  zb='0 15'
  q.trail    vg8020='24 0'  cf3300='24 0'  zb='UNTRAPPED Missing operand in 30'   *** DIFF
  q.kcolon   vg8020='24 0'  cf3300='24 0'  zb='UNTRAPPED Missing operand in 30'   *** DIFF
  q.comma    vg8020='2 0'  cf3300='2 0'  zb='0 0'   *** DIFF
  q.ok       vg8020='0 0'  cf3300='0 0'  zb='0 0'
  t.after    vg8020='UNTRAPPED Division by zero in 40'  cf3300='UNTRAPPED Division by zero in 40'  zb='UNTRAPPED Division by zero in 40'
  t.notrap   vg8020='11 0'  cf3300='11 0'  zb='11 0'

ROWS: 16 printed, 16 scored -- 3 DIFF
