python3 tools/run_gates.py 
=== warm-up (serial build of shared artifacts) ===
warm-up 7s
=== refcache OFF for every unit: a gate measures, it never replays (docs/spec-refcache.md §7) ===
=== emulator tier RUNS: probes/tests/tools or the Makefile changed ===
=== 4 tree-mutating unit(s), SERIAL (they rewrite a shared tracked file) ===
  rc=0              1s  switch-build-check
  rc=0              5s  diskdep-check
  rc=0              0s  wall-literal-check
  rc=0             43s  selftest-check
  (post-mutator refresh 7s -- the plants moved mtimes, so the pool would otherwise race a rebuild)
=== 112 units, J=8, lineerr in 8 shards, nice=0 solo=None ===
  rc=0              3s  basic-reloc
  rc=0              0s  subrom-abi-check
  rc=0              0s  diskrom-abi-check
  rc=0              0s  rom-parts-check
  rc=0              1s  subrom-closure-check
  rc=0             22s  unit-test
  rc=0              0s  deadcode
  rc=0              3s  wall-assertion-check
  rc=0              0s  ram-claim-check
  rc=0              0s  build-assert-check
  rc=0              0s  redundant-load-check
  rc=0              1s  rowshape-check
  rc=0              4s  injector-check
  rc=0              1s  temp-root-check
  rc=0              1s  todo-citation-check
  rc=0              2s  chokepoint-check
  rc=0              0s  shared-body-check
  rc=0              0s  probe-reach-check
  rc=0              0s  battery-membership-check
  rc=0              0s  fixture-integrity-check
  rc=0              1s  preflight-check
  rc=0              5s  latch-check
  rc=0             19s  kwsweep
  rc=0             11s  patch-freshness-check
  rc=0              2s  refcache-check
  rc=0              0s  knife-guard-check
  rc=0              0s  knife-rom-guard-check
  rc=0              0s  deffn-selftest
  rc=0              1s  banner-acceptance
  rc=0             26s  string-acceptance
  rc=0             18s  str-domain-acceptance
  rc=0             12s  strparen-acceptance
  rc=0             42s  penderr-acceptance
  rc=0             44s  missing-acceptance
  rc=0             11s  error-acceptance
  rc=0             65s  error-trap-acceptance
  rc=0             90s  onerr0-acceptance
  rc=0            107s  math-acceptance
  rc=0             79s  float-acceptance
  rc=0             37s  intarg-acceptance
  rc=0             45s  logicops-acceptance
  rc=0            223s  screenerr-acceptance
  rc=0             48s  tmfp-acceptance
  rc=0             58s  stmtpend-acceptance
  rc=0            112s  array-acceptance
  rc=0            123s  deffn-strict
  rc=0            373s  graphics-acceptance
  rc=0             55s  abort-acceptance
  rc=0            140s  interval-trap-acceptance
  rc=0             85s  clearpool-acceptance
  rc=0            133s  stackpool-acceptance
  rc=0            152s  trapdepth-acceptance
  rc=0             76s  ctlcross-acceptance
  rc=0            381s  ctllim-acceptance
  rc=0            403s  ramfree-acceptance
  rc=0             12s  cursor-acceptance
  rc=0             89s  time-acceptance
  rc=0            277s  namspc-acceptance
  rc=0             96s  arrdim-acceptance
  rc=0             47s  arylv-acceptance
  rc=0             59s  badfnum-acceptance
  rc=0              9s  beep-acceptance
  rc=0             22s  binfre-acceptance
  rc=0             21s  cassave-acceptance
  rc=0             78s  castail-acceptance
  rc=0            117s  deffn-acceptance
  rc=0             43s  direct-ctrl-acceptance
  rc=0             11s  dskmsg-acceptance
  rc=0             83s  editverb-acceptance
  rc=0             31s  fldary-acceptance
  rc=0             98s  fldwidth-acceptance
  rc=0             25s  forvar-acceptance
  rc=0             48s  gicini-acceptance
  rc=0              5s  graphics-floor-acceptance
  rc=0            141s  ifsem-acceptance
  rc=0              4s  input-acceptance
  rc=0             63s  nodisk-acceptance
  rc=0             76s  pusing-acceptance
  rc=0             42s  catterm-acceptance
  rc=0             13s  catusr-acceptance
  rc=0             13s  nameord-acceptance
  rc=0              4s  namegate-acceptance
  rc=0             32s  inputary-acceptance
  rc=0            141s  key-trap-acceptance
  rc=0             53s  linemax-acceptance
  rc=0            139s  lnblank-acceptance
  rc=0             35s  locarg-acceptance
  rc=0             42s  lof-acceptance
  rc=0             81s  lptverb-acceptance
  rc=0             56s  lrvar-acceptance
  rc=0             60s  lvfix-acceptance
  rc=0             26s  nxary-acceptance
  rc=0             24s  nxlist-acceptance
  rc=0             30s  play-acceptance
  rc=0             10s  play-trace-acceptance
  rc=0             20s  readvar-acceptance
  rc=0             10s  runtail-acceptance
  rc=0             23s  sound-acceptance
  rc=0             71s  sprite-trap-acceptance
  rc=2             54s  stop-trap-acceptance
  rc=0            143s  strig-trap-acceptance
  rc=0              0s  subrom-acceptance
  rc=0             64s  tgtspc-acceptance
  rc=0             72s  width-acceptance
  rc=0            111s  lineerr#1/8
  rc=0            107s  lineerr#2/8
  rc=0            110s  lineerr#3/8
  rc=0            102s  lineerr#4/8
  rc=0             96s  lineerr#5/8
  rc=0             93s  lineerr#6/8
  rc=0             83s  lineerr#7/8
  rc=0             61s  lineerr#8/8

=== retrying 1 red unit(s) SERIALLY (flake vs real) ===
  retry stop-trap-acceptance: rc 2->0  FLAKE (green on retry)

=== wall 868s (7s build + 861s gates) ===
GATES: 109/109 green
recovered flakes (green on serial retry): stop-trap-acceptance
hashes: 496da3db f980489f 35377711 99a63f2e
recorded: this full green battery is now the baseline a future skip must prove itself against
