=== baseline
  ROM 35377711 f980489f 99a63f2e 496da3db
  penderr rc=0, 61 row(s)   scratchpad/pe1_knife/base.out

=== K-PE1: penderr_set's `ld (FPERR),a` removed
  ROM 35377711 f980489f 99a63f2e 496da3db  ->  66bb2fcf d9dc8b0d 9a96945d e861e07d
  penderr rc=2   scratchpad/pe1_knife/cut.out

=== the five rows the filing named
  n.5.w        🔴 UNREADABLE — an absence is not a reading
     before: vg8020=' 5 '  cf3300=' 5 '  zb=' 5 '   [NEGATIVE CONTROL — the SQR code alone]
     after:  <absent>
  o.nn.5dz     🔴 UNREADABLE — an absence is not a reading
     before: vg8020=' 5 '  cf3300=' 5 '  zb=' 5 '
     after:  <absent>
  o.nn.5ov     🔴 UNREADABLE — an absence is not a reading
     before: vg8020=' 5 '  cf3300=' 5 '  zb=' 5 '
     after:  <absent>
  o.sub.5ex    🔴 UNREADABLE — an absence is not a reading
     before: vg8020=' 5 '  cf3300=' 5 '  zb=' 5 '
     after:  <absent>
  u.nn.5dz     🔴 UNREADABLE — an absence is not a reading
     before: vg8020='Illegal function call in 10'  cf3300='Illegal function call in 10'  zb='Illegal function call in 10'
     after:  <absent>

61 row(s) moved of 61
🔴 at least one still cannot see the cut
  restored basic/str-engine.asm byte-identically
