mkdir -p build
pasmo --bin basic/main.asm build/basic-reloc.rom build/basic-reloc.sym
WARNING: Switching to 3 pass mode on line 794 of file basic/sysvars.inc
WARNING: Var APOS_MARK is never used on line 529 of file basic/sysvars.inc
WARNING: Var BINARY_ID is never used on line 153 of file basic/sysvars.inc
WARNING: Var BPB_BYTSPERSEC is never used on line 2581 of file basic/sysvars.inc
WARNING: Var BPB_FATSZ16 is never used on line 2586 of file basic/sysvars.inc
WARNING: Var BPB_NUMFATS is never used on line 2584 of file basic/sysvars.inc
WARNING: Var BPB_ROOTENTCNT is never used on line 2585 of file basic/sysvars.inc
WARNING: Var BPB_RSVDSECCNT is never used on line 2583 of file basic/sysvars.inc
WARNING: Var BPB_SECPERCLUS is never used on line 2582 of file basic/sysvars.inc
WARNING: Var BSAVE_DISK_ID is never used on line 2553 of file basic/sysvars.inc
WARNING: Var CAS_HDRNAME is never used on line 3144 of file basic/sysvars.inc
WARNING: Var CLOC is never used on line 72 of file basic/sysvars.inc
WARNING: Var CMASK is never used on line 73 of file basic/sysvars.inc
WARNING: Var CS120_LOW is never used on line 130 of file basic/sysvars.inc
WARNING: Var CS240_LOW is never used on line 131 of file basic/sysvars.inc
WARNING: Var DATALINE is never used on line 3336 of file basic/sysvars.inc
WARNING: Var DATAPTR is never used on line 3335 of file basic/sysvars.inc
WARNING: Var DB_CUR is never used on line 3502 of file basic/sysvars.inc
WARNING: Var DIRENT_FILESIZE is never used on line 2590 of file basic/sysvars.inc
WARNING: Var DIRENT_FIRSTCLUS is never used on line 2589 of file basic/sysvars.inc
WARNING: Var DISKOP_SEL_FAT_ALLOC_CLUSTER is never used on line 2699 of file basic/sysvars.inc
WARNING: Var DISKOP_SEL_FAT_READ_FAT_SECTOR is never used on line 2697 of file basic/sysvars.inc
WARNING: Var DISKOP_SEL_FAT_WRITE_FAT_ENTRY is never used on line 2700 of file basic/sysvars.inc
WARNING: Var DISKOP_SEL_NAME_CMP is never used on line 2695 of file basic/sysvars.inc
WARNING: Var DISKOP_SEL_READ_SECTOR is never used on line 2691 of file basic/sysvars.inc
WARNING: Var DISKOP_SEL_WRITE_SECTOR is never used on line 2692 of file basic/sysvars.inc
WARNING: Var DSKIO_ENTRY is never used on line 2579 of file basic/sysvars.inc
WARNING: Var DSV_PTR is never used on line 2498 of file basic/sysvars.inc
WARNING: Var ENDPTR is never used on line 714 of file basic/sysvars.inc
WARNING: Var EOC is never used on line 2591 of file basic/sysvars.inc
WARNING: Var FAT_B0 is never used on line 2638 of file basic/sysvars.inc
WARNING: Var FAT_B1 is never used on line 2639 of file basic/sysvars.inc
WARNING: Var FAT_BYTEIDX is never used on line 2636 of file basic/sysvars.inc
WARNING: Var FAT_CLUSSEC is never used on line 2629 of file basic/sysvars.inc
WARNING: Var FAT_DIRREM is never used on line 2642 of file basic/sysvars.inc
WARNING: Var FAT_DIRSEC is never used on line 2641 of file basic/sysvars.inc
WARNING: Var FAT_FATSEC is never used on line 2637 of file basic/sysvars.inc
WARNING: Var FAT_FATSTART is never used on line 2624 of file basic/sysvars.inc
WARNING: Var FAT_FIRSTDATA is never used on line 2627 of file basic/sysvars.inc
WARNING: Var FAT_FIRSTROOT is never used on line 2625 of file basic/sysvars.inc
WARNING: Var FAT_NAMEPTR is never used on line 2640 of file basic/sysvars.inc
WARNING: Var FAT_NUMFATS is never used on line 2632 of file basic/sysvars.inc
WARNING: Var FAT_PARITY is never used on line 2635 of file basic/sysvars.inc
WARNING: Var FAT_ROOTSECS is never used on line 2626 of file basic/sysvars.inc
WARNING: Var FAT_SECPERCLUS is never used on line 2623 of file basic/sysvars.inc
WARNING: Var FAT_SECPERFAT is never used on line 2633 of file basic/sysvars.inc
WARNING: Var FCH_CTXSZ is never used on line 3057 of file basic/sysvars.inc
WARNING: Var FILES_ENTIDX is never used on line 2535 of file basic/sysvars.inc
WARNING: Var FLD_DESC is never used on line 3108 of file basic/sysvars.inc
WARNING: Var FMT_DESC is never used on line 3107 of file basic/sysvars.inc
WARNING: Var FMT_SEC is never used on line 3106 of file basic/sysvars.inc
WARNING: Var FN_DPTR is never used on line 3279 of file basic/sysvars.inc
WARNING: Var FN_PAREA_END is never used on line 3300 of file basic/sysvars.inc
WARNING: Var FN_RTYPE is never used on line 3294 of file basic/sysvars.inc
WARNING: Var FN_SLOTP is never used on line 3293 of file basic/sysvars.inc
WARNING: Var FPNUM_SIZE is never used on line 3422 of file basic/sysvars.inc
WARNING: Var FWBUF is never used on line 2620 of file basic/sysvars.inc
WARNING: Var FWR_DIRSEC is never used on line 2654 of file basic/sysvars.inc
WARNING: Var GFX_ARCF is never used on line 615 of file basic/sysvars.inc
WARNING: Var GFX_ASPMAJ is never used on line 613 of file basic/sysvars.inc
WARNING: Var GFX_ASPS is never used on line 614 of file basic/sysvars.inc
WARNING: Var GFX_BAD is never used on line 87 of file basic/sysvars.inc
WARNING: Var GFX_CNT is never used on line 592 of file basic/sysvars.inc
WARNING: Var GFX_COLOR_OFST is never used on line 63 of file basic/sysvars.inc
WARNING: Var GFX_CPHASE is never used on line 688 of file basic/sysvars.inc
WARNING: Var GFX_CS_AX is never used on line 631 of file basic/sysvars.inc
WARNING: Var GFX_CS_AY is never used on line 634 of file basic/sysvars.inc
WARNING: Var GFX_CS_M2 is never used on line 1756 of file basic/sysvars.inc
WARNING: Var GFX_CX is never used on line 587 of file basic/sysvars.inc
WARNING: Var GFX_CY is never used on line 588 of file basic/sysvars.inc
WARNING: Var GFX_DESC is never used on line 1794 of file basic/sysvars.inc
WARNING: Var GFX_DJ is never used on line 86 of file basic/sysvars.inc
WARNING: Var GFX_DMAJ is never used on line 590 of file basic/sysvars.inc
WARNING: Var GFX_DMIN is never used on line 591 of file basic/sysvars.inc
WARNING: Var GFX_ENEG is never used on line 654 of file basic/sysvars.inc
WARNING: Var GFX_EOCT is never used on line 651 of file basic/sysvars.inc
WARNING: Var GFX_ERR is never used on line 589 of file basic/sysvars.inc
WARNING: Var GFX_EU14 is never used on line 652 of file basic/sysvars.inc
WARNING: Var GFX_EVX is never used on line 618 of file basic/sysvars.inc
WARNING: Var GFX_EVY is never used on line 619 of file basic/sysvars.inc
WARNING: Var GFX_FILLCNT is never used on line 601 of file basic/sysvars.inc
WARNING: Var GFX_FULLW is never used on line 620 of file basic/sysvars.inc
WARNING: Var GFX_M is never used on line 636 of file basic/sysvars.inc
WARNING: Var GFX_PFY is never used on line 1701 of file basic/sysvars.inc
WARNING: Var GFX_PGEN_BASE is never used on line 62 of file basic/sysvars.inc
WARNING: Var GFX_PPITCH is never used on line 1934 of file basic/sysvars.inc
WARNING: Var GFX_PSCX is never used on line 1704 of file basic/sysvars.inc
WARNING: Var GFX_PSCY is never used on line 1705 of file basic/sysvars.inc
WARNING: Var GFX_PSPA is never used on line 1706 of file basic/sysvars.inc
WARNING: Var GFX_PTESTX is never used on line 1699 of file basic/sysvars.inc
WARNING: Var GFX_PTESTY is never used on line 1700 of file basic/sysvars.inc
WARNING: Var GFX_PTOP is never used on line 1697 of file basic/sysvars.inc
WARNING: Var GFX_PX is never used on line 628 of file basic/sysvars.inc
WARNING: Var GFX_PXL is never used on line 1702 of file basic/sysvars.inc
WARNING: Var GFX_PXR is never used on line 1703 of file basic/sysvars.inc
WARNING: Var GFX_PY is never used on line 630 of file basic/sysvars.inc
WARNING: Var GFX_QD is never used on line 627 of file basic/sysvars.inc
WARNING: Var GFX_QX is never used on line 625 of file basic/sysvars.inc
WARNING: Var GFX_QY is never used on line 626 of file basic/sysvars.inc
WARNING: Var GFX_R is never used on line 612 of file basic/sysvars.inc
WARNING: Var GFX_SATR_BASE is never used on line 696 of file basic/sysvars.inc
WARNING: Var GFX_SDX is never used on line 595 of file basic/sysvars.inc
WARNING: Var GFX_SDY is never used on line 596 of file basic/sysvars.inc
WARNING: Var GFX_SMIN is never used on line 594 of file basic/sysvars.inc
WARNING: Var GFX_SNEG is never used on line 653 of file basic/sysvars.inc
WARNING: Var GFX_SOCT is never used on line 647 of file basic/sysvars.inc
WARNING: Var GFX_SPAT_BASE is never used on line 695 of file basic/sysvars.inc
WARNING: Var GFX_STEEP is never used on line 593 of file basic/sysvars.inc
WARNING: Var GFX_SU14 is never used on line 650 of file basic/sysvars.inc
WARNING: Var GFX_SVX is never used on line 616 of file basic/sysvars.inc
WARNING: Var GFX_SVY is never used on line 617 of file basic/sysvars.inc
WARNING: Var GFX_TX1 is never used on line 597 of file basic/sysvars.inc
WARNING: Var GFX_TX2 is never used on line 599 of file basic/sysvars.inc
WARNING: Var GFX_TY1 is never used on line 598 of file basic/sysvars.inc
WARNING: Var GFX_TY2 is never used on line 600 of file basic/sysvars.inc
WARNING: Var GFX_WE_O is never used on line 656 of file basic/sysvars.inc
WARNING: Var GFX_WE_P is never used on line 655 of file basic/sysvars.inc
WARNING: Var GFX_WRAPF is never used on line 657 of file basic/sysvars.inc
WARNING: Var GFX_WS_O is never used on line 639 of file basic/sysvars.inc
WARNING: Var GFX_WS_P is never used on line 638 of file basic/sysvars.inc
WARNING: Var GFX_YSTEP is never used on line 602 of file basic/sysvars.inc
WARNING: Var GP_CLIDX is never used on line 3081 of file basic/sysvars.inc
WARNING: Var GP_CLUS is never used on line 3080 of file basic/sysvars.inc
WARNING: Var GP_FLAGS is never used on line 3085 of file basic/sysvars.inc
WARNING: Var GP_OLDNSEC is never used on line 3084 of file basic/sysvars.inc
WARNING: Var GP_PHYS is never used on line 3083 of file basic/sysvars.inc
WARNING: Var GP_RECLEN is never used on line 3132 of file basic/sysvars.inc
WARNING: Var GP_SEC is never used on line 3078 of file basic/sysvars.inc
WARNING: Var GP_SECINCL is never used on line 3082 of file basic/sysvars.inc
WARNING: Var GP_WITHIN is never used on line 3079 of file basic/sysvars.inc
WARNING: Var HORNER_ACC is never used on line 3750 of file basic/sysvars.inc
WARNING: Var HORNER_CNT is never used on line 3752 of file basic/sysvars.inc
WARNING: Var HORNER_G is never used on line 3733 of file basic/sysvars.inc
WARNING: Var HORNER_PTR is never used on line 3765 of file basic/sysvars.inc
WARNING: Var INITXT is never used on line 15 of file basic/sysvars.inc
WARNING: Var LE_OP_RELINK is never used on line 2769 of file basic/sysvars.inc
WARNING: Var LE_OP_STORE is never used on line 2768 of file basic/sysvars.inc
WARNING: Var LINENO_ACC_STOP is never used on line 836 of file basic/sysvars.inc
WARNING: Var LINL32 is never used on line 105 of file basic/sysvars.inc
WARNING: Var MATH_BREAK is never used on line 3718 of file basic/sysvars.inc
WARNING: Var MATH_R is never used on line 3738 of file basic/sysvars.inc
WARNING: Var MATH_RECIP is never used on line 3714 of file basic/sysvars.inc
WARNING: Var MATH_SIGN is never used on line 3710 of file basic/sysvars.inc
WARNING: Var MCLPTR is never used on line 2932 of file basic/sysvars.inc
WARNING: Var MSGESC_LO is never used on line 4169 of file basic/sysvars.inc
WARNING: Var NEW_TOKEN is never used on line 2167 of file basic/sysvars.inc
WARNING: Var PLAY_DEF_NOTEL is never used on line 2988 of file basic/sysvars.inc
WARNING: Var PLAY_DEF_OCTAVE is never used on line 2987 of file basic/sysvars.inc
WARNING: Var PLAY_DEF_TEMPO is never used on line 2989 of file basic/sysvars.inc
WARNING: Var PLAY_DEF_VOLUME is never used on line 2990 of file basic/sysvars.inc
WARNING: Var PLAY_OP_NOTE is never used on line 3005 of file basic/sysvars.inc
WARNING: Var PLYCNT is never used on line 2935 of file basic/sysvars.inc
WARNING: Var PLY_BUFEND is never used on line 3003 of file basic/sysvars.inc
WARNING: Var PLY_LASTDUR is never used on line 3002 of file basic/sysvars.inc
WARNING: Var PLY_NUM is never used on line 3001 of file basic/sysvars.inc
WARNING: Var QD_PUT is never used on line 2941 of file basic/sysvars.inc
WARNING: Var QD_PUTBAK is never used on line 2943 of file basic/sysvars.inc
WARNING: Var QD_SIZE is never used on line 2944 of file basic/sysvars.inc
WARNING: Var QUEUEN is never used on line 2933 of file basic/sysvars.inc
WARNING: Var QUOTE_REM is never used on line 528 of file basic/sysvars.inc
WARNING: Var RND_ACCLE is never used on line 3812 of file basic/sysvars.inc
WARNING: Var RND_AJ is never used on line 3827 of file basic/sysvars.inc
WARNING: Var RND_CARRY is never used on line 3829 of file basic/sysvars.inc
WARNING: Var RND_I is never used on line 3819 of file basic/sysvars.inc
WARNING: Var RND_IJ is never used on line 3824 of file basic/sysvars.inc
WARNING: Var RND_J is never used on line 3822 of file basic/sysvars.inc
WARNING: Var RND_K is never used on line 3833 of file basic/sysvars.inc
WARNING: Var RND_LE is never used on line 3806 of file basic/sysvars.inc
WARNING: Var RND_STATE is never used on line 3797 of file basic/sysvars.inc
WARNING: Var RN_OLD is never used on line 2858 of file basic/sysvars.inc
WARNING: Var SL_DELHI is never used on line 2812 of file basic/sysvars.inc
WARNING: Var SL_DELLO is never used on line 2811 of file basic/sysvars.inc
WARNING: Var SL_SLOT is never used on line 2134 of file basic/sysvars.inc
WARNING: Var SUBROM_IDX_INTTEST is never used on line 3855 of file basic/sysvars.inc
WARNING: Var SUB_INT_DELTA is never used on line 3523 of file basic/sysvars.inc
WARNING: Var TKDCOUNT is never used on line 3376 of file basic/sysvars.inc
WARNING: Var TKEXP is never used on line 3379 of file basic/sysvars.inc
WARNING: Var TKEXPD is never used on line 3380 of file basic/sysvars.inc
WARNING: Var TKEXPSIGN is never used on line 3381 of file basic/sysvars.inc
WARNING: Var TKFLAGS is never used on line 3378 of file basic/sysvars.inc
WARNING: Var TKHAVESIG is never used on line 3374 of file basic/sysvars.inc
WARNING: Var TKINTLEN is never used on line 3373 of file basic/sysvars.inc
WARNING: Var TKLEAD is never used on line 3384 of file basic/sysvars.inc
WARNING: Var TKLNUM is never used on line 748 of file basic/sysvars.inc
WARNING: Var TKNAME is never used on line 772 of file basic/sysvars.inc
WARNING: Var TKNZPOS is never used on line 3375 of file basic/sysvars.inc
WARNING: Var TKPOS is never used on line 3372 of file basic/sysvars.inc
WARNING: Var TKRADIX is never used on line 774 of file basic/sysvars.inc
WARNING: Var TKRTOK is never used on line 775 of file basic/sysvars.inc
WARNING: Var TKSRCSAVE is never used on line 3400 of file basic/sysvars.inc
WARNING: Var TKSTORED is never used on line 3377 of file basic/sysvars.inc
WARNING: Var TOKBUFSZ is never used on line 861 of file basic/sysvars.inc
WARNING: Var TOKMAX_BODY is never used on line 862 of file basic/sysvars.inc
WARNING: Var TRAPSTK_END is never used on line 1211 of file basic/sysvars.inc
WARNING: Var VCBC is never used on line 2938 of file basic/sysvars.inc
WARNING: Var VCX_ENVPER is never used on line 2951 of file basic/sysvars.inc
WARNING: Var VCX_ENVSH is never used on line 2956 of file basic/sysvars.inc
WARNING: Var VCX_NOTEL is never used on line 2953 of file basic/sysvars.inc
WARNING: Var VCX_OCTAVE is never used on line 2952 of file basic/sysvars.inc
WARNING: Var VCX_TEMPO is never used on line 2954 of file basic/sysvars.inc
WARNING: Var VCX_VOLUME is never used on line 2955 of file basic/sysvars.inc
WARNING: Var VDP_ADDR is never used on line 56 of file basic/sysvars.inc
WARNING: Var VDP_DATA is never used on line 55 of file basic/sysvars.inc
WARNING: Var VOICAQ is never used on line 2928 of file basic/sysvars.inc
WARNING: Var VOICBQ is never used on line 2929 of file basic/sysvars.inc
WARNING: Var VOICCQ is never used on line 2930 of file basic/sysvars.inc
WARNING: Var VOICEN is never used on line 2931 of file basic/sysvars.inc
WARNING: Var WRTVDP is never used on line 13 of file basic/sysvars.inc
WARNING: Var __MEAS_LOW_END is never used on line 155 of file basic/main.asm
WARNING: Var __MEAS_PAGE1_END is never used on line 428 of file basic/main.asm
WARNING: Var ary_reset is never used on line 333 of file basic/arrays.asm
WARNING: Var ascii_save is never used on line 213 of file basic/save.asm
WARNING: Var bl_skip_spaces is never used on line 30 of file basic/bload.asm
WARNING: Var bsv_is_disk is never used on line 110 of file basic/save.asm
WARNING: Var cas_flush_block is never used on line 391 of file basic/save.asm
WARNING: Var clr_himem is never used on line 115 of file basic/clear.asm
WARNING: Var cut_lp is never used on line 59 of file basic/usr.asm
WARNING: Var disk_putbyte is never used on line 82 of file basic/sv-diskwr.inc
WARNING: Var dl_cas_close is never used on line 122 of file basic/cload.asm
WARNING: Var dl_is_cas is never used on line 113 of file basic/cload.asm
WARNING: Var dr_cas_close is never used on line 288 of file basic/cload.asm
WARNING: Var efi_p_ok is never used on line 1427 of file basic/str-engine.asm
WARNING: Var ei_set is never used on line 2456 of file basic/program.asm
WARNING: Var err_stack is never used on line 1850 of file basic/program.asm
WARNING: Var evmc_total_scan is never used on line 1393 of file basic/expr.asm
WARNING: Var fat_delete is never used on line 353 of file basic/fat.asm
WARNING: Var fat_io_find is never used on line 38 of file basic/fatio-body.inc
WARNING: Var fn_leave is never used on line 372 of file basic/deffn.asm
WARNING: Var key_set is never used on line 2754 of file basic/program.asm
WARNING: Var mul16 is never used on line 2047 of file basic/expr.asm
WARNING: Var nx_again is never used on line 1818 of file basic/program.asm
WARNING: Var nx_scan is never used on line 1774 of file basic/program.asm
WARNING: Var raise_error_forced is never used on line 1089 of file basic/interp.asm
WARNING: Var sav_is_disk is never used on line 187 of file basic/save.asm
WARNING: Var spr_set is never used on line 1010 of file basic/graphics.asm
WARNING: Var strig_set is never used on line 2626 of file basic/program.asm
WARNING: Var wid_apply is never used on line 268 of file basic/screen.asm
python3 tools/gen_resident_abi.py build/basic-reloc.sym sub/basic-resident-abi.inc
wrote sub/basic-resident-abi.inc: 12 resident-ABI symbols (from build/basic-reloc.sym)
pasmo -I sub --bin sub/sub.asm build/sub.rom build/sub.sym
WARNING: Switching to 3 pass mode on line 794 of file basic/sysvars.inc
WARNING: Var ACT_LOW is never used on line 132 of file basic/sysvars.inc
WARNING: Var ARL_GETBYTE is never used on line 1453 of file basic/sysvars.inc
WARNING: Var ARY_CUR is never used on line 2090 of file basic/sysvars.inc
WARNING: Var ATAN_DEG is never used on line 14 of file math-coeffs.inc
WARNING: Var BAKCLR is never used on line 108 of file basic/sysvars.inc
WARNING: Var BDRCLR is never used on line 109 of file basic/sysvars.inc
WARNING: Var BREAKX is never used on line 31 of file basic/sysvars.inc
WARNING: Var CAL_NEEDFILL is never used on line 2462 of file basic/sysvars.inc
WARNING: Var CAL_SAVE is never used on line 2479 of file basic/sysvars.inc
WARNING: Var CAS_IN_MODE is never used on line 1464 of file basic/sysvars.inc
WARNING: Var CAS_LOW_1200 is never used on line 143 of file basic/sysvars.inc
WARNING: Var CAS_LOW_2400 is never used on line 144 of file basic/sysvars.inc
WARNING: Var CAS_OUT_MODE is never used on line 1463 of file basic/sysvars.inc
WARNING: Var CAS_VERIFY is never used on line 3153 of file basic/sysvars.inc
WARNING: Var CAS_VMIS is never used on line 3154 of file basic/sysvars.inc
WARNING: Var CAS_WBUF is never used on line 3189 of file basic/sysvars.inc
WARNING: Var CAS_WCNT is never used on line 2492 of file basic/sysvars.inc
WARNING: Var CHGCLR is never used on line 14 of file basic/sysvars.inc
WARNING: Var CHGET is never used on line 17 of file basic/sysvars.inc
WARNING: Var CHGMOD is never used on line 12 of file basic/sysvars.inc
WARNING: Var CHSNS is never used on line 16 of file basic/sysvars.inc
WARNING: Var CLPTR is never used on line 767 of file basic/sysvars.inc
WARNING: Var CLS is never used on line 21 of file basic/sysvars.inc
WARNING: Var CONTLINE is never used on line 2372 of file basic/sysvars.inc
WARNING: Var CONTPTR is never used on line 2373 of file basic/sysvars.inc
WARNING: Var CONTVALID is never used on line 2374 of file basic/sysvars.inc
WARNING: Var CON_LASTROW is never used on line 1281 of file basic/sysvars.inc
WARNING: Var COS_COEF_DEG is never used on line 347 of file math-coeffs.inc
WARNING: Var CRT_MODE is never used on line 1455 of file basic/sysvars.inc
WARNING: Var CS120_LOW is never used on line 130 of file basic/sysvars.inc
WARNING: Var CS240_LOW is never used on line 131 of file basic/sysvars.inc
WARNING: Var CSRY is never used on line 25 of file basic/sysvars.inc
WARNING: Var CVT is never used on line 3442 of file basic/sysvars.inc
WARNING: Var CVT_MODE is never used on line 3479 of file basic/sysvars.inc
WARNING: Var DIRECTF is never used on line 931 of file basic/sysvars.inc
WARNING: Var DISKOP_SEL_FAT_ALLOC_CLUSTER is never used on line 2699 of file basic/sysvars.inc
WARNING: Var DISKOP_SEL_FAT_COUNT_FREE is never used on line 2701 of file basic/sysvars.inc
WARNING: Var DISKOP_SEL_FAT_DELETE is never used on line 2705 of file basic/sysvars.inc
WARNING: Var DISKOP_SEL_FAT_DIR_CREATE is never used on line 2703 of file basic/sysvars.inc
WARNING: Var DISKOP_SEL_FAT_DIR_UPDATE is never used on line 2704 of file basic/sysvars.inc
WARNING: Var DISKOP_SEL_FAT_FIND is never used on line 2694 of file basic/sysvars.inc
WARNING: Var DISKOP_SEL_FAT_FLUSH_DATA_SECTOR is never used on line 2702 of file basic/sysvars.inc
WARNING: Var DISKOP_SEL_FAT_MOUNT is never used on line 2693 of file basic/sysvars.inc
WARNING: Var DISKOP_SEL_FAT_OPEN is never used on line 2696 of file basic/sysvars.inc
WARNING: Var DISKOP_SEL_FAT_READ_FAT_SECTOR is never used on line 2697 of file basic/sysvars.inc
WARNING: Var DISKOP_SEL_FAT_READ_FILE_SECTOR is never used on line 2698 of file basic/sysvars.inc
WARNING: Var DISKOP_SEL_FAT_WRITE_FAT_ENTRY is never used on line 2700 of file basic/sysvars.inc
WARNING: Var DISKOP_SEL_FCH_DETACH is never used on line 2728 of file basic/sysvars.inc
WARNING: Var DISKOP_SEL_FCH_RESTAGE is never used on line 2727 of file basic/sysvars.inc
WARNING: Var DISKOP_SEL_FIA_WALKED is never used on line 2720 of file basic/sysvars.inc
WARNING: Var DISKOP_SEL_KILL is never used on line 2736 of file basic/sysvars.inc
WARNING: Var DISKOP_SEL_NAME_CMP is never used on line 2695 of file basic/sysvars.inc
WARNING: Var DISKOP_SEL_NAME_STAMP is never used on line 2737 of file basic/sysvars.inc
WARNING: Var DISKOP_SEL_RAND_GET is never used on line 2715 of file basic/sysvars.inc
WARNING: Var DISKOP_SEL_RAND_OPEN is never used on line 2714 of file basic/sysvars.inc
WARNING: Var DISKOP_SEL_RAND_PUT is never used on line 2716 of file basic/sysvars.inc
WARNING: Var DISKOP_SEL_READ_SECTOR is never used on line 2691 of file basic/sysvars.inc
WARNING: Var DISKOP_SEL_WRITE_SECTOR is never used on line 2692 of file basic/sysvars.inc
WARNING: Var DIVPAD is never used on line 3440 of file basic/sysvars.inc
WARNING: Var DIVREM is never used on line 3441 of file basic/sysvars.inc
WARNING: Var DSPFNK is never used on line 23 of file basic/sysvars.inc
WARNING: Var ENDFLAG is never used on line 2356 of file basic/sysvars.inc
WARNING: Var ERAFNK is never used on line 22 of file basic/sysvars.inc
WARNING: Var ERRLIN is never used on line 983 of file basic/sysvars.inc
WARNING: Var EXBRSA is never used on line 4139 of file basic/sysvars.inc
WARNING: Var EXPTBL is never used on line 96 of file basic/sysvars.inc
WARNING: Var EXP_COEF_DEG is never used on line 70 of file math-coeffs.inc
WARNING: Var FACTYP is never used on line 3361 of file basic/sysvars.inc
WARNING: Var FCH_CEIL is never used on line 3055 of file basic/sysvars.inc
WARNING: Var FCH_MODE is never used on line 2541 of file basic/sysvars.inc
WARNING: Var FCH_NUM is never used on line 2540 of file basic/sysvars.inc
WARNING: Var FCH_RDMODE is never used on line 2542 of file basic/sysvars.inc
WARNING: Var FLD_CHAN is never used on line 755 of file basic/sysvars.inc
WARNING: Var FLD_CUROFF is never used on line 754 of file basic/sysvars.inc
WARNING: Var FLD_TABEND is never used on line 3071 of file basic/sysvars.inc
WARNING: Var FN_PAREA_END is never used on line 3300 of file basic/sysvars.inc
WARNING: Var FN_STK_FLOOR is never used on line 3314 of file basic/sysvars.inc
WARNING: Var FOMBYTES is never used on line 3392 of file basic/sysvars.inc
WARNING: Var FOR_CUR is never used on line 3211 of file basic/sysvars.inc
WARNING: Var FOSIGCOUNT is never used on line 3390 of file basic/sysvars.inc
WARNING: Var FOSIGN is never used on line 3389 of file basic/sysvars.inc
WARNING: Var FPERR_MISSOP is never used on line 448 of file basic/sysvars.inc
WARNING: Var FPERR_STROOM is never used on line 447 of file basic/sysvars.inc
WARNING: Var FPERR_TYPEMM is never used on line 466 of file basic/sysvars.inc
WARNING: Var FPNUM_SIZE is never used on line 3422 of file basic/sysvars.inc
WARNING: Var FP_LHSVAL is never used on line 3453 of file basic/sysvars.inc
WARNING: Var FP_OPMODE is never used on line 3477 of file basic/sysvars.inc
WARNING: Var FP_RSIGN is never used on line 3457 of file basic/sysvars.inc
WARNING: Var FP_SHIFTAMT is never used on line 3452 of file basic/sysvars.inc
WARNING: Var FP_TMP_B is never used on line 3455 of file basic/sysvars.inc
WARNING: Var FSP is never used on line 3209 of file basic/sysvars.inc
WARNING: Var GFX_COLOR_OFST is never used on line 63 of file basic/sysvars.inc
WARNING: Var GFX_DESC is never used on line 1794 of file basic/sysvars.inc
WARNING: Var GFX_EVY is never used on line 619 of file basic/sysvars.inc
WARNING: Var GFX_PGEN_BASE is never used on line 62 of file basic/sysvars.inc
WARNING: Var GFX_REL is never used on line 566 of file basic/sysvars.inc
WARNING: Var GFX_SVY is never used on line 617 of file basic/sysvars.inc
WARNING: Var GOSUB_STK_END is never used on line 3229 of file basic/sysvars.inc
WARNING: Var GOTOFLAG is never used on line 2355 of file basic/sysvars.inc
WARNING: Var GOTOTGT is never used on line 2354 of file basic/sysvars.inc
WARNING: Var GP_CHAN is never used on line 3087 of file basic/sysvars.inc
WARNING: Var GP_MODE is never used on line 3086 of file basic/sysvars.inc
WARNING: Var GSP is never used on line 3208 of file basic/sysvars.inc
WARNING: Var GTPAD is never used on line 42 of file basic/sysvars.inc
WARNING: Var GTPDL is never used on line 43 of file basic/sysvars.inc
WARNING: Var GTSTCK is never used on line 40 of file basic/sysvars.inc
WARNING: Var GTTRIG is never used on line 41 of file basic/sysvars.inc
WARNING: Var H_TIMI is never used on line 2967 of file basic/sysvars.inc
WARNING: Var H_ZKEY is never used on line 2980 of file basic/sysvars.inc
WARNING: Var INDLR_N is never used on line 749 of file basic/sysvars.inc
WARNING: Var INP_CURSOR is never used on line 799 of file basic/sysvars.inc
WARNING: Var INT_MAIN_PRIM is never used on line 3520 of file basic/sysvars.inc
WARNING: Var INT_SUB_PRIM is never used on line 3521 of file basic/sysvars.inc
WARNING: Var INT_SUB_SUBSL is never used on line 3522 of file basic/sysvars.inc
WARNING: Var IN_RDLEN is never used on line 2546 of file basic/sysvars.inc
WARNING: Var LE_OP_AUTO is never used on line 2800 of file basic/sysvars.inc
WARNING: Var LE_OP_DELRANGE is never used on line 2770 of file basic/sysvars.inc
WARNING: Var LE_OP_LLSTRANGE is never used on line 2787 of file basic/sysvars.inc
WARNING: Var LE_OP_LSTRANGE is never used on line 2772 of file basic/sysvars.inc
WARNING: Var LE_OP_RELINK is never used on line 2769 of file basic/sysvars.inc
WARNING: Var LE_OP_RENUM is never used on line 2795 of file basic/sysvars.inc
WARNING: Var LE_OP_RENUM_NEXT is never used on line 2796 of file basic/sysvars.inc
WARNING: Var LE_OP_STORE is never used on line 2768 of file basic/sysvars.inc
WARNING: Var LHS_FAC is never used on line 3448 of file basic/sysvars.inc
WARNING: Var LHS_FACTYP is never used on line 3444 of file basic/sysvars.inc
WARNING: Var LHS_VARTYPE is never used on line 3562 of file basic/sysvars.inc
WARNING: Var LINEMAX is never used on line 820 of file basic/sysvars.inc
WARNING: Var LINL32 is never used on line 105 of file basic/sysvars.inc
WARNING: Var LINL40 is never used on line 104 of file basic/sysvars.inc
WARNING: Var LOC_COL is never used on line 1314 of file basic/sysvars.inc
WARNING: Var LOC_ROW is never used on line 1315 of file basic/sysvars.inc
WARNING: Var LOG_COEF_DEG is never used on line 112 of file math-coeffs.inc
WARNING: Var LPTPOS is never used on line 2889 of file basic/sysvars.inc
WARNING: Var LPT_MODE is never used on line 1454 of file basic/sysvars.inc
WARNING: Var MC_TYPE is never used on line 3639 of file basic/sysvars.inc
WARNING: Var MRG_PTR is never used on line 750 of file basic/sysvars.inc
WARNING: Var MSGESC_HI is never used on line 4170 of file basic/sysvars.inc
WARNING: Var MSGESC_LO is never used on line 4169 of file basic/sysvars.inc
WARNING: Var MSGESC_SUB is never used on line 4189 of file basic/sysvars.inc
WARNING: Var MSGESC_UTOF is never used on line 4148 of file basic/sysvars.inc
WARNING: Var MUL32 is never used on line 3470 of file basic/sysvars.inc
WARNING: Var MULCAND is never used on line 3468 of file basic/sysvars.inc
WARNING: Var MULTPLR is never used on line 3469 of file basic/sysvars.inc
WARNING: Var MUL_ADIG is never used on line 3463 of file basic/sysvars.inc
WARNING: Var MUL_CARRY is never used on line 3464 of file basic/sysvars.inc
WARNING: Var MUL_I is never used on line 3460 of file basic/sysvars.inc
WARNING: Var MUL_PP is never used on line 3467 of file basic/sysvars.inc
WARNING: Var NEWKEY is never used on line 2984 of file basic/sysvars.inc
WARNING: Var ONELIN is never used on line 1042 of file basic/sysvars.inc
WARNING: Var OO_DEVTYPE is never used on line 1443 of file basic/sysvars.inc
WARNING: Var OO_RECLEN_CHAN is never used on line 3133 of file basic/sysvars.inc
WARNING: Var PLF_RA is never used on line 3481 of file basic/sysvars.inc
WARNING: Var PLF_RA2 is never used on line 3483 of file basic/sysvars.inc
WARNING: Var PLY_NUM is never used on line 3001 of file basic/sysvars.inc
WARNING: Var PRDEST is never used on line 1435 of file basic/sysvars.inc
WARNING: Var PRDEV is never used on line 1442 of file basic/sysvars.inc
WARNING: Var PSLTREG is never used on line 97 of file basic/sysvars.inc
WARNING: Var PU_FMTMAX is never used on line 3094 of file basic/sysvars.inc
WARNING: Var PU_WP is never used on line 3100 of file basic/sysvars.inc
WARNING: Var RDSLT is never used on line 94 of file basic/sysvars.inc
WARNING: Var RESUMEFLAG is never used on line 2363 of file basic/sysvars.inc
WARNING: Var RESUMEPTR is never used on line 2362 of file basic/sysvars.inc
WARNING: Var RL_AUTO is never used on line 2869 of file basic/sysvars.inc
WARNING: Var SAVSTK is never used on line 952 of file basic/sysvars.inc
WARNING: Var SAVTXT is never used on line 1137 of file basic/sysvars.inc
WARNING: Var SCAN_INIT is never used on line 2381 of file basic/sysvars.inc
WARNING: Var SCAN_PRIM is never used on line 2379 of file basic/sysvars.inc
WARNING: Var SCAN_SLOT is never used on line 2380 of file basic/sysvars.inc
WARNING: Var SIN_COEF_DEG is never used on line 317 of file math-coeffs.inc
WARNING: Var STATFL is never used on line 708 of file basic/sysvars.inc
WARNING: Var STMOTR is never used on line 2206 of file basic/sysvars.inc
WARNING: Var SUBROM_IDX_ARY is never used on line 61 of file equates.inc
WARNING: Var SUBROM_IDX_BEEP is never used on line 221 of file equates.inc
WARNING: Var SUBROM_IDX_CASMATCH is never used on line 134 of file equates.inc
WARNING: Var SUBROM_IDX_DETOK is never used on line 46 of file equates.inc
WARNING: Var SUBROM_IDX_DIRVERB is never used on line 113 of file equates.inc
WARNING: Var SUBROM_IDX_ERRMSG is never used on line 165 of file equates.inc
WARNING: Var SUBROM_IDX_FATPRIM is never used on line 105 of file equates.inc
WARNING: Var SUBROM_IDX_FCBNAME is never used on line 151 of file equates.inc
WARNING: Var SUBROM_IDX_FLDLOOK is never used on line 237 of file equates.inc
WARNING: Var SUBROM_IDX_FORMAT is never used on line 93 of file equates.inc
WARNING: Var SUBROM_IDX_GRAPHICS is never used on line 203 of file equates.inc
WARNING: Var SUBROM_IDX_INTTEST is never used on line 54 of file equates.inc
WARNING: Var SUBROM_IDX_LINEEDIT is never used on line 123 of file equates.inc
WARNING: Var SUBROM_IDX_LRSETST is never used on line 251 of file equates.inc
WARNING: Var SUBROM_IDX_PARSELN is never used on line 183 of file equates.inc
WARNING: Var SUBROM_IDX_PING is never used on line 44 of file equates.inc
WARNING: Var SUBROM_IDX_PLAY_PARSE is never used on line 120 of file equates.inc
WARNING: Var SUBROM_IDX_PU_TAIL is never used on line 83 of file equates.inc
WARNING: Var SUBROM_IDX_PU_TOFIELD is never used on line 82 of file equates.inc
WARNING: Var SUBROM_IDX_READVAL is never used on line 214 of file equates.inc
WARNING: Var SUBROM_IDX_SCANSTMT is never used on line 98 of file equates.inc
WARNING: Var SUBROM_IDX_STRHEAP is never used on line 73 of file equates.inc
WARNING: Var SUBROM_IDX_TITLE is never used on line 141 of file equates.inc
WARNING: Var SUBROM_IDX_TOKENISE is never used on line 45 of file equates.inc
WARNING: Var SUBSLOT is never used on line 3500 of file basic/sysvars.inc
WARNING: Var SUBSLOT_OK is never used on line 3501 of file basic/sysvars.inc
WARNING: Var SV_OP_BSV_CAS is never used on line 1252 of file basic/sysvars.inc
WARNING: Var SV_OP_BSV_DISK is never used on line 1251 of file basic/sysvars.inc
WARNING: Var SV_OP_SAV_CAS is never used on line 1254 of file basic/sysvars.inc
WARNING: Var SV_OP_SAV_DISK is never used on line 1253 of file basic/sysvars.inc
WARNING: Var SW_ADDR is never used on line 1341 of file basic/sysvars.inc
WARNING: Var SW_ADDR1 is never used on line 1343 of file basic/sysvars.inc
WARNING: Var SW_MODE is never used on line 1345 of file basic/sysvars.inc
WARNING: Var SW_TYPE is never used on line 1342 of file basic/sysvars.inc
WARNING: Var SW_TYPE1 is never used on line 1344 of file basic/sysvars.inc
WARNING: Var TOKBUFSZ is never used on line 861 of file basic/sysvars.inc
WARNING: Var TRACEFLAG is never used on line 1264 of file basic/sysvars.inc
WARNING: Var TRAPENA is never used on line 1192 of file basic/sysvars.inc
WARNING: Var TRAPPEND is never used on line 1196 of file basic/sysvars.inc
WARNING: Var TRAPSTK_END is never used on line 1211 of file basic/sysvars.inc
WARNING: Var TRAPSVC is never used on line 1202 of file basic/sysvars.inc
WARNING: Var TRAPS_T3 is never used on line 494 of file basic/sysvars.inc
WARNING: Var TRAPS_T4 is never used on line 502 of file basic/sysvars.inc
WARNING: Var TRAPS_T5 is never used on line 510 of file basic/sysvars.inc
WARNING: Var TXTTAB is never used on line 1955 of file basic/sysvars.inc
WARNING: Var USRTAB is never used on line 2131 of file basic/sysvars.inc
WARNING: Var VALTYP is never used on line 1428 of file basic/sysvars.inc
WARNING: Var VARTYPE is never used on line 3549 of file basic/sysvars.inc
WARNING: Var VCBC is never used on line 2938 of file basic/sysvars.inc
WARNING: Var VOICBQ is never used on line 2929 of file basic/sysvars.inc
WARNING: Var VOICCQ is never used on line 2930 of file basic/sysvars.inc
WARNING: Var VS_INT_VAL is never used on line 3557 of file basic/sysvars.inc
WARNING: Var VS_TARGET_TYPE is never used on line 3554 of file basic/sysvars.inc
WARNING: Var WIDIG is never used on line 3458 of file basic/sysvars.inc
WARNING: Var WRTVDP is never used on line 13 of file basic/sysvars.inc
WARNING: Var WSRC is never used on line 3472 of file basic/sysvars.inc
WARNING: Var WSRC_TYP is never used on line 3475 of file basic/sysvars.inc
WARNING: Var ZINTCNT is never used on line 1191 of file basic/sysvars.inc
WARNING: Var ZINTVAL is never used on line 1190 of file basic/sysvars.inc
WARNING: Var ZTI_INTERVAL is never used on line 1163 of file basic/sysvars.inc
WARNING: Var ZTI_KEY1 is never used on line 1167 of file basic/sysvars.inc
WARNING: Var ZTI_SPRITE is never used on line 1165 of file basic/sysvars.inc
WARNING: Var ZTI_STOP is never used on line 1164 of file basic/sysvars.inc
WARNING: Var ZTI_STRIG0 is never used on line 1166 of file basic/sysvars.inc
WARNING: Var ZTRAP is never used on line 1153 of file basic/sysvars.inc
WARNING: Var ZTRAP_ENTSZ is never used on line 1162 of file basic/sysvars.inc
WARNING: Var ZTRAP_NENT is never used on line 1168 of file basic/sysvars.inc
WARNING: Var ZTS_OFF is never used on line 1170 of file basic/sysvars.inc
WARNING: Var ZTS_ON is never used on line 1171 of file basic/sysvars.inc
WARNING: Var ZTS_PENDING is never used on line 1175 of file basic/sysvars.inc
WARNING: Var ZTS_SERVICING is never used on line 1173 of file basic/sysvars.inc
WARNING: Var ZTS_SHADOW is never used on line 1176 of file basic/sysvars.inc
WARNING: Var ZTS_STATE_MASK is never used on line 1174 of file basic/sysvars.inc
WARNING: Var ZTS_STOP is never used on line 1172 of file basic/sysvars.inc
WARNING: Var __MEAS_SUB_P0_END is never used on line 380 of file sub/sub.asm
WARNING: Var __MEAS_SUB_P1_END is never used on line 812 of file sub/sub.asm
WARNING: Var aal_ceil_try is never used on line 1207 of file arrays.asm
WARNING: Var cpt_at_c is never used on line 113 of file circleparse.asm
WARNING: Var cpt_at_start is never used on line 144 of file circleparse.asm
WARNING: Var fat_io_open is never used on line 26 of file basic/fatio-body.inc
WARNING: Var fmt_menu_text is never used on line 118 of file basic/format-body.inc
WARNING: Var fsqn_up_check is never used on line 573 of file fp_sqrt.asm
WARNING: Var g8_reprogram is never used on line 3966 of file graphics.asm
WARNING: Var graphics_selftest is never used on line 119 of file graphics.asm
WARNING: Var scv_ceil_try is never used on line 743 of file arrays.asm
WARNING: Var sg_walk_temps is never used on line 755 of file strheap.asm
WARNING: Var shf_fill is never used on line 1711 of file strheap.asm
WARNING: Var show_title is never used on line 23 of file ../basic/title-body.inc
WARNING: Var sub_p0_table is never used on line 124 of file sub/sub.asm
WARNING: Var sub_p1_table is never used on line 401 of file sub/sub.asm
WARNING: Var tkf_cmp5 is never used on line 527 of file tkfloat.asm
WARNING: Var tkf_ref32768 is never used on line 553 of file tkfloat.asm
WARNING: Var tkf_ref65535 is never used on line 551 of file tkfloat.asm
WARNING: Var tnt_name_stamp is never used on line 76 of file dirverb.asm
python3 tools/pad_rom.py build/sub.rom 32768
build/sub.rom: 32768 bytes (exact -- the assembler wrote the whole image)
python3 tools/check_reloc.py build/basic-reloc.rom build/basic-reloc.sym
OK: relocated image 22510 B, header @ $4000, low region $2812-$3FFF holds 6116 B of string engine
    measure: page-0 low region free = 10 B ($2812-$3FFF, __MEAS_LOW_END @ 0x3ff6)
    measure: page-1 free            = 2 B ($4000-$7FFF, __MEAS_PAGE1_END @ 0x7ffe) <- subrom wave-2 tokeniser-eviction relief
python3 tools/check_sub_walls.py build/sub.rom build/sub.sym
OK: sub ROM 32768 B, 'CD' @ $0000, 'S1' @ $4000, both wall labels inside their page and both pads verified
    measure: sub page 0 free       = 2563 B ($0000-$3FFF, the callable-from-main island, __MEAS_SUB_P0_END @ 0x35fd)
    measure: sub page 1 free       = 1617 B ($4000-$7FFF, the BIOS-visible island, __MEAS_SUB_P1_END @ 0x79af)
python3 tools/check_kwtable_identity.py build/basic-reloc.rom build/basic-reloc.sym build/sub.rom build/sub.sym
OK: kwtable single-copy — resident dropped (wave 3) in symbols AND in bytes (0 occurrences in the 22510 B main image), sub-ROM copy is the sole source, 1 occurrence, 1096 B matching the pinned sha256
python3 tools/check_resident_abi.py build/basic-reloc.sym sub/basic-resident-abi.inc
OK: sub/basic-resident-abi.inc matches a fresh regen from build/basic-reloc.sym (12 resident-ABI addresses, sub.rom is not stale)
python3 tools/check_tenant_closure.py build/basic-reloc.sym sub/basic-resident-abi.inc
OK: 125 routines in the resident closure of 12 ABI seeds, + 4 data-referenced label(s), all page-0 (< $4000). No page-1 escapes.
python3 tools/check_tenant_closure.py --page0 build/sub.sym sub/sub.asm
OK: 808 routines in the closure of 15 page-0 tenants (sub_p0_ping, tokenise, dtk_tenant, sub_int_selftest, ary_engine, strheap_engine, pu_tofield_tenant, pu_tail_tenant, graphics_tenant, deftype_tenant, readdata_tenant, beep_tenant, fld_lookup_tenant, lrset_store_tenant, deffn_tenant), + 15 data-referenced label(s); every callee and data target is sub-local page-0, main page-1, or RAM. No low-region/BIOS escape.
python3 tools/check_tenant_closure.py --page1 build/sub.sym sub/sub.asm
OK: 586 routines in the closure of 24 page-1 tenants (sub_p1_ping, fp_sqrt, fp_atan, fp_exp, fp_log, fp_pow, fp_sin, fp_cos, fp_tan, fp_rnd, format_tenant, scan_stmt_end, fatprim_tenant, dirverb_tenant, play_parse_tenant, lineedit_tenant, casmatch_tenant, title_tenant, fcbname_tenant, circleparse_tenant, bload_tenant, save_tenant, errmsg_tenant, parseln_tenant), + 40 data-referenced label(s); every callee and data target is sub-local page-1, main low-region/BIOS (< $4000), or RAM. No main-page-1 escape.
python3 tools/check_dead_code.py build/basic-reloc.sym build/sub.sym
  main: 1572 spans, 80 seeds -> 0 dead (+0 allowlisted)
  sub : 1607 spans, 106 seeds -> 0 dead (+2 allowlisted)
OK: no unreachable spans in either build; every allowlist entry still verified dead (the sweep is not blind).
python3 tools/audit_citations.py
clean-room citation audit (mechanical half — not a full paper trail)
rule self-test 10/10, listing self-test 11/11, dump self-test 12/12, section self-test 14/14

== disk == (8 files scanned, 97 provenance-bearing)
  [acknowledged] disk/driver.asm:87: section header without inline citation: 'write path' (aa89e15851ff) — 'write path' — the write twin of the read path in the same file. Its body cites nothing itself because it mirrors dskio's read loop instruction for instruction ("Mirrors the read loop's structure exactly"), and the read path's own header block carries the PROVENANCE.md §FDC / §DSKIO interface citation that both rest on. A single shared citation for a mirrored pair is the honest shape; duplicating it would be prose written to satisfy a scanner. Human judgement, 2026-07-04, re-confirmed 2026-08-06.
  [acknowledged] disk/kernel.asm:65: section header without inline citation: 'MSX-DOS-1 kernel SETDTA-time entry: $5058 (M19)' (77d4c39b0be0) — 'MSX-DOS-1 kernel SETDTA-time entry: $5058 (M19)' — attested in full, in vocabulary CITATION does not carry: 12 comment lines naming the finding (M19), the probes (callseq / capture / callwatch causal pin), the black-box contract (entry register, write target, the register-identical 51-call comparison) and the clean-room line ("no stock routine internals decoded"). Widening CITATION with black-box was measured and DECLINED — docs/spec-audit-citations-review.md §2.5 records the numbers and the bar to re-open it. Kept as a review candidate deliberately: what counts as a citation is a judgement this tool declines to make.
  [acknowledged] disk/kernel.asm:2052: section header without inline citation: 'contract bodies (stubs; filled in milestone 4; added as each veneer lands)' (b7535589959f) — 'contract bodies (stubs; filled in milestone 4; added as each veneer lands)' — a table of bare `ret` stubs at pinned kernel addresses. It names no derived behaviour, so there is nothing to cite; each stub acquires its own citation in the comment block above it as the milestone that fills it lands (see the k_47B2 block immediately below, which cites tier2-m31-rdblk-randrecord-spec.md). Structural in substance but not in STRUCTURAL_HDR's vocabulary, and widening that regex to catch it would exempt far more than this one header.
  [acknowledged] disk/runtime.asm:423: section header without inline citation: 'int_h_body - the OLD page-1 $0038 handler (A-2/A-2b) — SUPERSEDED by A-3' (d8340dfd8ba4) — 'int_h_body - the OLD page-1 $0038 handler (A-2/A-2b) — SUPERSEDED by A-3' — a genuinely uncited header, and the only one this project has ever had that was hidden by the vocabulary rather than by the distance rule. Its block attests in prose — "the MSX1 standard, BIOS-agnostic" — which names a standard but no document: no §, no spec filename, no URL, no datasheet. It was exempt only because the sentence "A bare VDP ack is not enough" contains the word VDP, which was a CITATION token until 2026-08-06. The finding it restates DOES exist: provider-oracle-scope.md §8.70 (O-2, the KEYINT chaining contract — the stock $0038 handler, the main-ROM KEYINT body, the H.KEYI/H.TIMI hooks, all from black-box probe runs). The header's own name once carried the reference, "(A-2/8.70)", a bare number the rule cannot match either, and lost it in the A-3 rename (71b1096). The human's remedy is to name §8.70 in the block, or to delete the dead body this header describes (it says DEAD/SUPERSEDED itself, kept net-zero pending removal). Which of those is right is a judgement this tool declines to make.
  clean — attestations present, no unattested forbidden source  (4 advisory review candidate(s))

== basic == (110 files scanned, 212 provenance-bearing)
  clean — attestations present, no unattested forbidden source

== tape == (1 files scanned, 15 provenance-bearing)
  clean — attestations present, no unattested forbidden source

== listing shape == (851 files swept, 2 allowlisted)
  [allowed] probes/lib/latch_check.py:82: 2-line listing (5565467e6422) — C-BIOS, same window and same adjudication as the omsx_repl.py entry below: the two comment lines restate the chget_char boundaries this checker scores (D-LATCH2, docs/spec-probe-latch2.md). Surfaced only after knife K1b forced the comment leaders `; # //` into the prefix class — under the first cut this file was invisible, which is the whole reason that fix landed.
  [allowed] probes/lib/omsx_repl.py:366: 3-line listing (edb676f694b2) — C-BIOS, not a proprietary reference ROM: allowed-sources.md grades C-BIOS source B/Conditional — a peer clean-room reimplementation under BSD-2 whose source this project already patches (cbios-repack/), and NOT the reference implementation zerobas reimplements. The run is 3 instructions of the keyboard-buffer path, in a docstring explaining the D-LATCH2 injection window (docs/spec-probe-latch2.md §5.5); the same docstring is explicit about the line it stays on ("locating chget in the reference needs a disassembly this project does not do"). Probe source, not shipped ROM source. Flagged for the human paper trail 2026-08-06 (D-DOCJUDGE §2.6) — a judgement docs/clean-room-audit.md reserves for a human, which is why it is written down here rather than decided by the tool.
  clean — no unallowlisted decoded-instruction listings

== hex-dump rows == (851 files swept, 1 allowlisted)
  [allowed] tools/audit_citations.py:428: hex-dump row (0c30593198a1) — The check's own synthetic self-test vector (_DUMP_VEC). INVENTED bytes — no provenance, no derivation, not decoded from anything — so recording it forbids nothing; a REAL positive vector would be the artifact this check refuses and would make the tool its own first finding. Unlike check 5's LISTING_LINE this rule is not anchored at line start (a dump lives inside a markdown table cell), so the vector is necessarily a hit on this file. That is turned into the canary rather than worked around: if this line stops matching, check 6 has gone blind and exits 2 rather than printing "clean".
  clean — no unallowlisted hex-dump rows  (narrow by design: this is the dump ROW only, not the raw-byte class — docs/spec-audit-citations-bytes.md §3.1)

ADVISORY: 4 section header(s) without an inline citation, all acknowledged — review candidates for the human paper trail, not gate failures. The SET is pinned (citations-advisory-allow.txt); the judgement is not.

CLEAN (gating checks). The non-mechanical hop — 'is each cited probe genuinely black-box?' — still requires a human paper-trail pass.
