python3 tools/pick_gates.py --run 
=== warm-up (serial build of shared artifacts) ===
warm-up 8s
=== refcache OFF for every unit: a gate measures, it never replays (docs/spec-refcache.md §7) ===
=== emulator tier RUNS: forced by --full ===
=== 4 tree-mutating unit(s), SERIAL (they rewrite a shared tracked file) ===
  rc=0              1s  switch-build-check
  rc=0              6s  diskdep-check
  rc=0              0s  wall-literal-check
  rc=0             61s  selftest-check
  (post-mutator refresh 8s -- the plants moved mtimes, so the pool would otherwise race a rebuild)
=== 141 units, J=8, lineerr in 8 shards, nice=0 solo=None ===
  rc=0              4s  basic-reloc
  rc=0              0s  deps-check
  rc=0              0s  subrom-abi-check
  rc=0              0s  diskrom-abi-check
  rc=0              0s  rom-parts-check
  rc=0              1s  subrom-closure-check
  rc=0             27s  unit-test
  rc=0              1s  deadcode
  rc=0              4s  wall-assertion-check
  rc=0              0s  ram-claim-check
  rc=0              2s  ram-map-check
  rc=0              0s  build-assert-check
  rc=0              4s  needle-case-check
  rc=0              0s  redundant-load-check
  rc=0              2s  rowshape-check
  rc=0              6s  injector-check
  rc=0              0s  dead-alias-check
  rc=0              1s  temp-root-check
  rc=0              4s  todo-citation-check
  rc=2              0s  todo-marker-check
  rc=0              0s  deferral-pin-check
  rc=0              1s  error-alphabet-check
  rc=0              2s  chokepoint-check
  rc=0              0s  filed-pin-check
  rc=0              3s  disk-mount-check
  rc=0              0s  shared-body-check
  rc=0              0s  probe-reach-check
  rc=0              0s  battery-membership-check
  rc=0              0s  fixture-integrity-check
  rc=0              0s  hook-equate-check
  rc=0              1s  preflight-check
  rc=0              5s  latch-check
  rc=0            740s  kwsweep
  rc=0           1654s  kwtime
  rc=0           1905s  kwram
  rc=0             11s  patch-freshness-check
  rc=0              4s  refcache-check
  rc=0              0s  knife-guard-check
  rc=0              1s  knife-rom-guard-check
  rc=0              0s  deffn-selftest
  rc=0              0s  probe-sides-selftest
  rc=0              1s  banner-acceptance
  rc=0             34s  string-acceptance
  rc=0             20s  str-domain-acceptance
  rc=0             15s  strparen-acceptance
  rc=0             55s  penderr-acceptance
  rc=0             61s  missing-acceptance
  rc=0             12s  error-acceptance
  rc=0             74s  error-trap-acceptance
  rc=0            102s  onerr0-acceptance
  rc=0            144s  math-acceptance
  rc=0             83s  float-acceptance
  rc=0             68s  intarg-acceptance
  rc=0             49s  logicops-acceptance
  rc=0            243s  screenerr-acceptance
  rc=0             52s  tmfp-acceptance
  rc=0             70s  stmtpend-acceptance
  rc=0            136s  array-acceptance
  rc=0            137s  deffn-strict
  rc=0            398s  graphics-acceptance
  rc=0             63s  abort-acceptance
  rc=0            139s  interval-trap-acceptance
  rc=0            102s  clearpool-acceptance
  rc=0            113s  stackpool-acceptance
  rc=0            171s  trapdepth-acceptance
  rc=0             55s  trapsvc-acceptance
  rc=0             73s  ctlcross-acceptance
  rc=0            675s  ctllim-acceptance
  rc=0            559s  ramfree-acceptance
  rc=0             13s  txtceil-acceptance
  rc=0              5s  runline-acceptance
  rc=0             11s  keystr-acceptance
  rc=0              8s  loc-acceptance
  rc=0              4s  dskio-acceptance
  rc=0             20s  copy-acceptance
  rc=0              7s  screditor-acceptance
  rc=0             17s  nodiskerr-acceptance
  rc=0             19s  parennest-acceptance
  rc=0             10s  diskascii-acceptance
  rc=0             14s  cursor-acceptance
  rc=0             93s  time-acceptance
  rc=0            298s  namspc-acceptance
  rc=0             97s  arrdim-acceptance
  rc=0             16s  asciidigit-acceptance
  rc=0             60s  arylv-acceptance
  rc=0             52s  badfnum-acceptance
  rc=0              3s  beep-acceptance
  rc=0             29s  binfre-acceptance
  rc=0             41s  perf-pin-check
  rc=0             18s  cassave-acceptance
  rc=0            118s  castail-acceptance
  rc=0              9s  cas-ascii-acceptance
  rc=0             34s  wprotect-acceptance
  rc=0            134s  deffn-acceptance
  rc=0             58s  direct-ctrl-acceptance
  rc=0             13s  dskmsg-acceptance
  rc=0             82s  editverb-acceptance
  rc=0             32s  fldary-acceptance
  rc=0             99s  fldwidth-acceptance
  rc=0             34s  forvar-acceptance
  rc=0             57s  gicini-acceptance
  rc=0              3s  graphics-floor-acceptance
  rc=0            128s  ifsem-acceptance
  rc=0              4s  input-acceptance
  rc=0            111s  nodisk-acceptance
  rc=0             86s  pusing-acceptance
  rc=0             36s  catterm-acceptance
  rc=0             18s  catusr-acceptance
  rc=0             13s  nameord-acceptance
  rc=0             14s  namegate-acceptance
  rc=0             39s  inputary-acceptance
  rc=0            127s  key-trap-acceptance
  rc=0             60s  linemax-acceptance
  rc=0            164s  lnblank-acceptance
  rc=0             48s  locarg-acceptance
  rc=0             40s  lof-acceptance
  rc=0             91s  lptverb-acceptance
  rc=0             52s  lrvar-acceptance
  rc=0             52s  lvfix-acceptance
  rc=0             17s  nxary-acceptance
  rc=0             22s  nxlist-acceptance
  rc=0             33s  play-acceptance
  rc=0             14s  play-trace-acceptance
  rc=0             23s  readvar-acceptance
  rc=0              8s  runtail-acceptance
  rc=0             33s  sound-acceptance
  rc=0             74s  sprite-trap-acceptance
  rc=0             56s  stop-trap-acceptance
  rc=0            148s  strig-trap-acceptance
  rc=0              0s  subrom-acceptance
  rc=0             75s  tgtspc-acceptance
  rc=0            109s  width-acceptance
  rc=0              5s  eofcas-acceptance
  rc=0            114s  lineerr#1/8
  rc=0            120s  lineerr#2/8
  rc=0            115s  lineerr#3/8
  rc=0            114s  lineerr#4/8
  rc=0            104s  lineerr#5/8
  rc=0            101s  lineerr#6/8
  rc=0             93s  lineerr#7/8
  rc=0             85s  lineerr#8/8
=== 1 post-pool unit(s), SERIAL (they read what the pool just wrote) ===
  rc=2              0s  tiers-md-check

=== retrying 1 red unit(s) SERIALLY (flake vs real) ===
  retry todo-marker-check: rc 2->2  REAL (still red)

=== wall 1918s (8s build + 1910s gates) ===
GATES: 137/139 green
RED: todo-marker-check tiers-md-check
hashes: 746944c7 fd9b8fc6 7111a2d6 ed9fff35
GATE TIER: FULL
  why: shared code changed: basic/expr.asm basic/str-engine.asm
  why: basic/float-arith.asm: a changed line has no enclosing ex_ handler -- unknown blast radius, treated as shared
  why: basic/vdpio.asm: a changed line has no enclosing ex_ handler -- unknown blast radius, treated as shared
  commits since the last full green: 2 (full every 5)
  excluded-five suites: bdos-acceptance diskbasic-acceptance fat-error-acceptance input-devices-acceptance lnblank-say-acceptance
bdos-acceptance exit=0
diskbasic-acceptance exit=0
fat-error-acceptance exit=0
input-devices-acceptance exit=0
lnblank-say-acceptance exit=0
GATE TIER RAN: FULL
make: *** [gates-scoped] Error 1
