=== C-BIOS_MSX1_EU_REPACK_DISK
  (delivery: boot-per-case)
  x0_ctl_o7c    '< 53 0 >'
  x1_sub        '< 53 0 >'
  x2_ctl_o4e    '< 83 1 >'
  x2_tail       '< 83 1 >'
  x3_nosemi     '<E 5 >'
  x4_ctl_o7d    '< 48 0 >'
  x4_ctl_o4d    '< 125 1 >'
  x4_stateout   '< 48 0 >'
  x5_statein    '< 48 0 >'
  x6_nest       '< 53 0 >'
  x7_lower      '< 53 0 >'
  x8_numvar     '<E 13 >'
  x9_undef      '< 53 0 >'
=== Philips_VG_8020
  (delivery: boot-per-case)
  x0_ctl_o7c    '< 53 0 >'
  x1_sub        '< 53 0 >'
  x2_ctl_o4e    '< 83 1 >'
  x2_tail       '< 83 1 >'
  x3_nosemi     '<E 5 >'
  x4_ctl_o7d    '< 48 0 >'
  x4_ctl_o4d    '< 125 1 >'
  x4_stateout   '< 48 0 >'
  x5_statein    '< 48 0 >'
  x6_nest       '< 53 0 >'
  x7_lower      '< 53 0 >'
  x8_numvar     '<E 13 >'
  x9_undef      '< 53 0 >'
DIFF: 0/13 rows diverging vs Philips_VG_8020
=== National_CF-3300
omsx_repl: APPARATUS FAILURE -- boot-per-case delivery was mangled; nothing was measured.
  MIS-DELIVERED case 0 on National_CF-3300: typed 10,20,30,40,50,60,70,80,90, machine stored <none> -- line(s) [10, 20, 30, 40, 50, 60, 70, 80, 90] never entered (the screen editor rejected a mangled echo). Body: ['ON ERROR GOTO 90', 'PLAY"O7L1C"', 'T=TIME', 'IF TIME-T<30 THEN 40', 'PRINT"<";', 'OUT&HA0,0:PRINT INP(&HA2);', 'OUT&HA0,1:PRINT INP(&HA2);', 'PRINT">":END', 'PRINT"<E";ERR;">":END']
refcache: 2 hit, 0 miss
