  ran vg8020  p.bare        -> '24'
  ran vg8020  p.colon       -> '24'
  ran vg8020  p.comma       -> '2'
  ran vg8020  p.trail       -> '24'
  ran vg8020  p.trailcolon  -> '24'
  ran vg8020  p.dblcomma    -> '2'
  ran vg8020  p.four        -> '2'
  ran vg8020  p.ok          -> '0'
  ran vg8020  p.ok3         -> '0'
  ran vg8020  p.empty       -> '0'
  ran vg8020  p.num         -> '13'
  ran cf3300  p.bare        -> '24'
  ran cf3300  p.colon       -> '24'
  ran cf3300  p.comma       -> '2'
  ran cf3300  p.trail       -> '24'
  ran cf3300  p.trailcolon  -> '24'
  ran cf3300  p.dblcomma    -> '2'
  ran cf3300  p.four        -> '2'
  ran cf3300  p.ok          -> '0'
  ran cf3300  p.ok3         -> '0'
  ran cf3300  p.empty       -> '0'
  ran cf3300  p.num         -> '13'
  ran zb      p.bare        -> '24'
  ran zb      p.colon       -> '24'
  ran zb      p.comma       -> '2'
  ran zb      p.trail       -> '24'
  ran zb      p.trailcolon  -> '24'
  ran zb      p.dblcomma    -> '2'
  ran zb      p.four        -> '2'
  ran zb      p.ok          -> '0'
  ran zb      p.ok3         -> '0'
  ran zb      p.empty       -> '0'
  ran zb      p.num         -> '13'

  p.bare        vg8020='24'  cf3300='24'  zb='24'   ✅
  p.colon       vg8020='24'  cf3300='24'  zb='24'   ✅
  p.comma       vg8020='2'  cf3300='2'  zb='2'   ✅
  p.trail       vg8020='24'  cf3300='24'  zb='24'   ✅
  p.trailcolon  vg8020='24'  cf3300='24'  zb='24'   ✅
  p.dblcomma    vg8020='2'  cf3300='2'  zb='2'   ✅
  p.four        vg8020='2'  cf3300='2'  zb='2'   ✅
  p.ok          vg8020='0'  cf3300='0'  zb='0'   ✅
  p.ok3         vg8020='0'  cf3300='0'  zb='0'   ✅
  p.empty       vg8020='0'  cf3300='0'  zb='0'   ✅
  p.num         vg8020='13'  cf3300='13'  zb='13'   ✅

  11 scored, 0 DIFF, 0 not measured
    capture-on-signal: 33 on signal, 0 fell back to the scheduled budget   [signalled at 29.1-41.4 emulated s]
rc=0
