  ran zb      p.bare        -> '24'
  ran zb      p.colon       -> '24'
  ran zb      p.comma       -> '2'
  ran zb      p.trail       -> '24'
  ran zb      p.trailcolon  -> '24'
  ran zb      p.dblcomma    -> '2'
  ran zb      p.four        -> '24'
  ran zb      p.ok          -> '0'
  ran zb      p.ok3         -> '0'
  ran zb      p.empty       -> '0'
  ran zb      p.num         -> '13'

  p.bare        zb='24'   (zb only)
  p.colon       zb='24'   (zb only)
  p.comma       zb='2'   (zb only)
  p.trail       zb='24'   (zb only)
  p.trailcolon  zb='24'   (zb only)
  p.dblcomma    zb='2'   (zb only)
  p.four        zb='24'   (zb only)
  p.ok          zb='0'   (zb only)
  p.ok3         zb='0'   (zb only)
  p.empty       zb='0'   (zb only)
  p.num         zb='13'   (zb only)

  0 scored, 0 DIFF, 11 not measured
    capture-on-signal: 11 on signal, 0 fell back to the scheduled budget   [signalled at 29.1-29.1 emulated s]
