python3 tools/run_gates.py 
=== warm-up (serial build of shared artifacts) ===
warm-up 7s
=== refcache OFF for every unit: a gate measures, it never replays (docs/spec-refcache.md §7) ===
=== emulator tier RUNS: probes/tests/tools or the Makefile changed ===
=== 4 tree-mutating unit(s), SERIAL (they rewrite a shared tracked file) ===
  rc=0              1s  switch-build-check
  rc=0              5s  diskdep-check
  rc=0              0s  wall-literal-check
  rc=0             45s  selftest-check
  (post-mutator refresh 7s -- the plants moved mtimes, so the pool would otherwise race a rebuild)
=== 108 units, J=8, lineerr in 8 shards, nice=0 solo=None ===
  rc=0              3s  basic-reloc
  rc=0              0s  subrom-abi-check
  rc=0              0s  diskrom-abi-check
  rc=0              0s  rom-parts-check
  rc=0              1s  subrom-closure-check
  rc=0             22s  unit-test
  rc=0              0s  deadcode
  rc=0              3s  wall-assertion-check
  rc=0              0s  redundant-load-check
  rc=0              1s  rowshape-check
  rc=0              4s  injector-check
  rc=0              0s  temp-root-check
  rc=0              1s  todo-citation-check
  rc=0              2s  chokepoint-check
  rc=0              0s  shared-body-check
  rc=0              0s  probe-reach-check
  rc=0              0s  battery-membership-check
  rc=0              0s  fixture-integrity-check
  rc=0              1s  preflight-check
  rc=0              4s  latch-check
  rc=0             18s  kwsweep
  rc=0             12s  patch-freshness-check
  rc=0              1s  refcache-check
  rc=0              0s  knife-guard-check
  rc=0              0s  knife-rom-guard-check
  rc=0              0s  deffn-selftest
  rc=0              0s  banner-acceptance
  rc=0             36s  string-acceptance
  rc=0             18s  str-domain-acceptance
  rc=0             11s  strparen-acceptance
  rc=0             42s  penderr-acceptance
  rc=0             45s  missing-acceptance
  rc=0             12s  error-acceptance
  rc=0             67s  error-trap-acceptance
  rc=0             94s  onerr0-acceptance
  rc=0            104s  math-acceptance
  rc=0             90s  float-acceptance
  rc=0             44s  intarg-acceptance
  rc=0             35s  logicops-acceptance
  rc=0            183s  screenerr-acceptance
  rc=0             48s  tmfp-acceptance
  rc=0             62s  stmtpend-acceptance
  rc=0            113s  array-acceptance
  rc=0            125s  deffn-strict
  rc=0            379s  graphics-acceptance
  rc=0             54s  abort-acceptance
  rc=0            145s  interval-trap-acceptance
  rc=0             91s  clearpool-acceptance
  rc=0            130s  stackpool-acceptance
  rc=0            150s  trapdepth-acceptance
  rc=0             76s  ctlcross-acceptance
  rc=0             15s  cursor-acceptance
  rc=0             70s  time-acceptance
  rc=0            235s  namspc-acceptance
  rc=0             95s  arrdim-acceptance
  rc=0             62s  arylv-acceptance
  rc=0             53s  badfnum-acceptance
  rc=0              8s  beep-acceptance
  rc=0             20s  binfre-acceptance
  rc=0             26s  cassave-acceptance
  rc=0             82s  castail-acceptance
  rc=0            125s  deffn-acceptance
  rc=0             49s  direct-ctrl-acceptance
  rc=0             16s  dskmsg-acceptance
  rc=0             74s  editverb-acceptance
  rc=0             31s  fldary-acceptance
  rc=0             94s  fldwidth-acceptance
  rc=0             23s  forvar-acceptance
  rc=0             45s  gicini-acceptance
  rc=0              0s  graphics-floor-acceptance
  rc=0            138s  ifsem-acceptance
  rc=0              8s  input-acceptance
  rc=0             61s  nodisk-acceptance
  rc=0             72s  pusing-acceptance
  rc=0             42s  catterm-acceptance
  rc=0             13s  catusr-acceptance
  rc=0             13s  nameord-acceptance
  rc=0             12s  namegate-acceptance
  rc=0             35s  inputary-acceptance
  rc=0            137s  key-trap-acceptance
  rc=0             59s  linemax-acceptance
  rc=0            145s  lnblank-acceptance
  rc=0             39s  locarg-acceptance
  rc=0             43s  lof-acceptance
  rc=0             79s  lptverb-acceptance
  rc=0             60s  lrvar-acceptance
  rc=0             58s  lvfix-acceptance
  rc=0             25s  nxary-acceptance
  rc=0             25s  nxlist-acceptance
  rc=0             31s  play-acceptance
  rc=0             11s  play-trace-acceptance
  rc=0             21s  readvar-acceptance
  rc=0             11s  runtail-acceptance
  rc=0             23s  sound-acceptance
  rc=0             72s  sprite-trap-acceptance
  rc=0             55s  stop-trap-acceptance
  rc=0            157s  strig-trap-acceptance
  rc=0              0s  subrom-acceptance
  rc=0             72s  tgtspc-acceptance
  rc=0             74s  width-acceptance
  rc=0            106s  lineerr#1/8
  rc=0            107s  lineerr#2/8
  rc=0            105s  lineerr#3/8
  rc=0            102s  lineerr#4/8
  rc=0             96s  lineerr#5/8
  rc=0             93s  lineerr#6/8
  rc=0             91s  lineerr#7/8
  rc=0             63s  lineerr#8/8

=== wall 742s (7s build + 735s gates) ===
GATES: 105/105 green
hashes: 4379e3a0 a357bbd2 02e7e81b 9155d772
recorded: this full green battery is now the baseline a future skip must prove itself against
