python3 tools/check_battery_membership.py --selftest
battery-membership: 79 acceptance target(s) — 74 collected by `make gates`, 5 excluded with a reason.
PASS  S1 the live tree is clean
battery-membership: 79 acceptance target(s) — 74 collected by `make gates`, 5 excluded with a reason.
🔴 1 acceptance target(s) are neither COLLECTED nor EXCUSED — a suite nobody runs fails silently, for any reason:
     bdos-acceptance
     → add it to run_gates.py's battery, or to tools/battery-exclusions.txt WITH ITS REASON.
PASS  S2 a target with no entry and no battery slot goes RED
battery-membership: 79 acceptance target(s) — 74 collected by `make gates`, 5 excluded with a reason.
PASS  S3 ...and putting it back goes green again (the control)
INSTRUMENT: parsed 2 gate name(s) and 79 acceptance target(s); floors are 40/30. The scan broke — nothing was measured.
PASS  S4 a degenerate battery parse REFUSES (rc 2), never reports a finding
selftest: GREEN
python3 tools/check_battery_membership.py
battery-membership: 79 acceptance target(s) — 74 collected by `make gates`, 5 excluded with a reason.
python3 tools/check_probe_reach.py
probe-reach-check: 215 probe(s) — 100 invoked by a make target, 11 imported by one, 104 unreached
  [allowed] probes/basic/basic_probe_bload.py — ✅ ARCHIVED AND STILL RE-PROVABLE -- RUN GREEN 2026-08-31 (D-PROBEREACH4), serially on a fresh build. Its finding is written up in a spec; keeping it means the fact can be RE-PROVEN when the code changes, which is the point of an archive. No `make` target by choice; the slot is the NEEDS-JOOST runtime call.
  [allowed] probes/basic/basic_probe_bload_openstack.py — ✅ ARCHIVED, NOT BROKEN. `--cart` is a REQUIRED argument (argparse), so a bare run prints usage and exits -- by design: the probe tests CARTRIDGE behaviour and there is no sensible default. Verified 2026-08-31 by running it.
  [allowed] probes/basic/basic_probe_cas_leader_budget.py — ✅ ARCHIVED, RE-PROVABLE (repaired 2026-08-31, D-PROBEREACH4). Bare it now REFUSES LEGIBLY -- its default rig is MACHINE_TAPE, which carries no BASIC, and the lean cart it was written for is retired; it used to hand openMSX a literal `None` and the preflight said `MISSING None`. VERIFIED that the message's own advice works: `--machine C-BIOS_MSX1_EU_REPACK_DISK` runs it GREEN. Third probe with this shape after cas_verify and cas_match.
  [allowed] probes/basic/basic_probe_cas_match.py — ✅ ARCHIVED AND STILL RE-PROVABLE -- RUN GREEN 2026-08-31 (D-PROBEREACH4), serially on a fresh build. Its finding is written up in a spec; keeping it means the fact can be RE-PROVEN when the code changes, which is the point of an archive. No `make` target by choice; the slot is the NEEDS-JOOST runtime call.
  [allowed] probes/basic/basic_probe_cas_match_cf3300.py — ✅ ARCHIVED AND STILL RE-PROVABLE -- RUN GREEN 2026-08-31 (D-PROBEREACH4), serially on a fresh build. Its finding is written up in a spec; keeping it means the fact can be RE-PROVEN when the code changes, which is the point of an archive. No `make` target by choice; the slot is the NEEDS-JOOST runtime call.
  [allowed] probes/basic/basic_probe_cas_options.py — ✅ ARCHIVED AND STILL RE-PROVABLE -- RUN GREEN 2026-08-31 (D-PROBEREACH4), serially on a fresh build. Its finding is written up in a spec; keeping it means the fact can be RE-PROVEN when the code changes, which is the point of an archive. No `make` target by choice; the slot is the NEEDS-JOOST runtime call.
  [allowed] probes/basic/basic_probe_cas_verbs.py — ✅ ARCHIVED AND STILL RE-PROVABLE -- RUN GREEN 2026-08-31 (D-PROBEREACH4), serially on a fresh build. Its finding is written up in a spec; keeping it means the fact can be RE-PROVEN when the code changes, which is the point of an archive. No `make` target by choice; the slot is the NEEDS-JOOST runtime call.
  [allowed] probes/basic/basic_probe_cas_verify.py — ✅ ARCHIVED AND STILL RE-PROVABLE -- RUN GREEN 2026-08-31 (D-PROBEREACH4), serially on a fresh build. Its finding is written up in a spec; keeping it means the fact can be RE-PROVEN when the code changes, which is the point of an archive. No `make` target by choice; the slot is the NEEDS-JOOST runtime call.
  [allowed] probes/basic/basic_probe_clear.py — ✅ ARCHIVED AND STILL RE-PROVABLE -- RUN GREEN 2026-08-31 (D-PROBEREACH4), serially on a fresh build. Its finding is written up in a spec; keeping it means the fact can be RE-PROVEN when the code changes, which is the point of an archive. No `make` target by choice; the slot is the NEEDS-JOOST runtime call.
  [allowed] probes/basic/basic_probe_cload_ondevice.py — ✅ ARCHIVED, NOT BROKEN. `--cart` is a REQUIRED argument, same as basic_probe_bload_openstack: a bare run prints usage. Verified 2026-08-31 by running it.
  [allowed] probes/basic/basic_probe_inkey.py — ✅ ARCHIVED AND STILL RE-PROVABLE -- RUN GREEN 2026-08-31 (D-PROBEREACH4), serially on a fresh build. Its finding is written up in a spec; keeping it means the fact can be RE-PROVEN when the code changes, which is the point of an archive. No `make` target by choice; the slot is the NEEDS-JOOST runtime call.
  [allowed] probes/basic/basic_probe_list.py — ✅ ARCHIVED AND STILL RE-PROVABLE -- RUN GREEN 2026-08-31 (D-PROBEREACH4), serially on a fresh build. Its finding is written up in a spec; keeping it means the fact can be RE-PROVEN when the code changes, which is the point of an archive. No `make` target by choice; the slot is the NEEDS-JOOST runtime call.
  [allowed] probes/basic/basic_probe_mid_stmt.py — ✅ ARCHIVED AND STILL RE-PROVABLE -- RUN GREEN 2026-08-31 (D-PROBEREACH4), serially on a fresh build. Its finding is written up in a spec; keeping it means the fact can be RE-PROVEN when the code changes, which is the point of an archive. No `make` target by choice; the slot is the NEEDS-JOOST runtime call.
  [allowed] probes/basic/basic_probe_pin_errtokens.py — ✅ ARCHIVED AND STILL RE-PROVABLE -- RUN GREEN 2026-08-31 (D-PROBEREACH4), serially on a fresh build. Its finding is written up in a spec; keeping it means the fact can be RE-PROVEN when the code changes, which is the point of an archive. No `make` target by choice; the slot is the NEEDS-JOOST runtime call.
  [allowed] probes/basic/basic_probe_prgend_init.py — ✅ ARCHIVED AND STILL RE-PROVABLE -- RUN GREEN 2026-08-31 (D-PROBEREACH4), serially on a fresh build. Its finding is written up in a spec; keeping it means the fact can be RE-PROVEN when the code changes, which is the point of an archive. No `make` target by choice; the slot is the NEEDS-JOOST runtime call.
  [allowed] probes/basic/basic_probe_printusing.py — 🏁 RETIRED 2026-09-01 (D-LEANRETIRE-PROBES) -- the VEHICLE, not the rows: it booted zerobas AS A CARTRIDGE on a real VG-8020, and the repack main ROM cannot be that cartridge by construction (a cart maps at $4000-$7FFF; the repack image IS $0000-$7FFF). No S1 machine flag can revive an experiment with no vehicle. The SUBJECT survives in docs/spec-print-hash-using.md + disk_probe_printusing_file (re-provable). Running the file prints the retirement and exits.
  [allowed] probes/basic/basic_probe_statements.py — ✅ ARCHIVED AND STILL RE-PROVABLE -- RUN GREEN 2026-08-31 (D-PROBEREACH4), serially on a fresh build. Its finding is written up in a spec; keeping it means the fact can be RE-PROVEN when the code changes, which is the point of an archive. No `make` target by choice; the slot is the NEEDS-JOOST runtime call.
  [allowed] probes/basic/basic_probe_str_cmp.py — ✅ ARCHIVED AND STILL RE-PROVABLE -- RUN GREEN 2026-08-31 (D-PROBEREACH4), serially on a fresh build. Its finding is written up in a spec; keeping it means the fact can be RE-PROVEN when the code changes, which is the point of an archive. No `make` target by choice; the slot is the NEEDS-JOOST runtime call.
  [allowed] probes/basic/basic_probe_str_fn.py — ✅ ARCHIVED AND STILL RE-PROVABLE -- RUN GREEN 2026-08-31 (D-PROBEREACH4), serially on a fresh build. Its finding is written up in a spec; keeping it means the fact can be RE-PROVEN when the code changes, which is the point of an archive. No `make` target by choice; the slot is the NEEDS-JOOST runtime call.
  [allowed] probes/basic/basic_probe_str_tokens.py — ✅ ARCHIVED AND STILL RE-PROVABLE -- RUN GREEN 2026-08-31 (D-PROBEREACH4), serially on a fresh build. Its finding is written up in a spec; keeping it means the fact can be RE-PROVEN when the code changes, which is the point of an archive. No `make` target by choice; the slot is the NEEDS-JOOST runtime call.
  [allowed] probes/basic/basic_probe_string.py — ✅ ARCHIVED AND STILL RE-PROVABLE -- RUN GREEN 2026-08-31 (D-PROBEREACH4), serially on a fresh build. Its finding is written up in a spec; keeping it means the fact can be RE-PROVEN when the code changes, which is the point of an archive. No `make` target by choice; the slot is the NEEDS-JOOST runtime call.
  [allowed] probes/basic/basic_probe_strvar.py — ✅ ARCHIVED AND STILL RE-PROVABLE -- RUN GREEN 2026-08-31 (D-PROBEREACH4), serially on a fresh build. Its finding is written up in a spec; keeping it means the fact can be RE-PROVEN when the code changes, which is the point of an archive. No `make` target by choice; the slot is the NEEDS-JOOST runtime call.
  [allowed] probes/basic/basic_probe_tape_save.py — ✅ ARCHIVED AND STILL RE-PROVABLE -- RUN GREEN 2026-08-31 (D-PROBEREACH4), serially on a fresh build. Its finding is written up in a spec; keeping it means the fact can be RE-PROVEN when the code changes, which is the point of an archive. No `make` target by choice; the slot is the NEEDS-JOOST runtime call.
  [allowed] probes/basic/basic_probe_tokenise.py — ✅ ARCHIVED AND STILL RE-PROVABLE -- RUN GREEN 2026-08-31 (D-PROBEREACH4), serially on a fresh build. Its finding is written up in a spec; keeping it means the fact can be RE-PROVEN when the code changes, which is the point of an archive. No `make` target by choice; the slot is the NEEDS-JOOST runtime call.
  [allowed] probes/basic/basic_probe_tokens.py — ✅ ARCHIVED AND STILL RE-PROVABLE -- RUN GREEN 2026-08-31 (D-PROBEREACH4), serially on a fresh build. Its finding is written up in a spec; keeping it means the fact can be RE-PROVEN when the code changes, which is the point of an archive. No `make` target by choice; the slot is the NEEDS-JOOST runtime call.
  [allowed] probes/basic/basic_probe_usr.py — ✅ ARCHIVED AND STILL RE-PROVABLE -- RUN GREEN 2026-08-31 (D-PROBEREACH4), serially on a fresh build. Its finding is written up in a spec; keeping it means the fact can be RE-PROVEN when the code changes, which is the point of an archive. No `make` target by choice; the slot is the NEEDS-JOOST runtime call.
  [allowed] probes/tape/bios_probe_casin.py — 🔧 ARCHIVED, WAS SILENTLY WRONG, FIXED 2026-08-31 (D-CASINSETTLE). Re-running it printed BOTH candidates static -- the REFUTATION of its own documented finding (tape/docs/tape-internals.md:66) -- and exited 0. The settle after motor-on was ~119 ms; openMSX's player needs ~0.5 s before signal reaches the port. Widened to ~0.9 s and taught to REFUSE (rc=2) when neither candidate moves. Now reproduces the finding exactly: PPI-B static, R14 23 transitions, 127/256 high.
  [allowed] probes/tape/bios_probe_realtape.py — ⚠️ ARCHIVED, CANNOT RUN HERE. Needs --corpus / --wav-dir (or $MSX_TAPE_CORPUS / $MSX_TAPE_WAVS): an EXTERNAL tape corpus that is not in this repo. It refuses legibly and names both the flags and the env vars, which is the correct behaviour for a probe whose fixture lives elsewhere. Its live-verdict status (below) is unchanged.
  [allowed] probes/tape/bios_probe_stmotr.py — ✅ ARCHIVED AND RE-PROVED END TO END 2026-08-31 (D-CASINSETTLE), on the Philips_VG_8020: minted, booted under openMSX, result buffer read back. PPI-C $5A -> $4A, delta $10 -- b4 cleared on start, the spec's §STMOTR line reproduced to the bit.
  [allowed] probes/tape/bios_probe_tapfile.py — ✅ ARCHIVED AND RE-PROVED END TO END 2026-08-31 (D-CASINSETTLE), on the Philips_VG_8020: minted, booted under openMSX, result buffer read back. THE FLAGSHIP: `--write-cas` minted the two-block .cas, `--read` minted the read cart, and `--analyze` scored header AND data byte-identical -- "MATCH -- full two-block file round-trip closed". Self-contained: the fixture is minted by the probe itself, so this one cannot rot on a missing file.
  [allowed] probes/tape/bios_probe_tapiof.py — ✅ ARCHIVED AND RE-PROVED END TO END 2026-08-31 (D-CASINSETTLE), on the Philips_VG_8020: minted, booted under openMSX, result buffer read back. PPI-C $5A -> $5A, UNCHANGED, as §TAPIOF records.
  [allowed] probes/tape/bios_probe_tapoof.py — ✅ ARCHIVED AND RE-PROVED END TO END 2026-08-31 (D-CASINSETTLE), on the Philips_VG_8020: minted, booted under openMSX, result buffer read back. PPI-C $5A -> $5A, UNCHANGED, as §TAPOOF records.
  [allowed] probes/tape/bios_probe_tapoon.py — ✅ ARCHIVED AND RE-PROVED END TO END 2026-08-31 (D-CASINSETTLE), on the Philips_VG_8020: minted, booted under openMSX, result buffer read back. PPI-C $5A -> $47: the MOTOR BIT (b4) is CLEARED, exactly what tape/docs/spec-cassette.md §TAPOON records the oracle as showing.
  [allowed] probes/tape/bios_probe_tapout.py — ✅ ARCHIVED AND RE-PROVED END TO END 2026-08-31 (D-CASINSETTLE), on the Philips_VG_8020: minted, booted under openMSX, result buffer read back. carry byte $00 -- the spec's §TAPOUT "VG-8020 returns carry=0" holds.
  [allowed] probes/tape/bios_probe_tapraw.py — ✅ ARCHIVED AND RE-PROVED END TO END 2026-08-31 (D-CASINSETTLE), on the Philips_VG_8020: minted, booted under openMSX, result buffer read back. R14 half-periods ~4 iterations off a synthesised .cas and ~14 off a 1200-baud WAV -- a 3.5x ratio against the 3744/1200 = 3.1x the two encodings imply. It was ALSO the GREEN CONTROL that convicted bios_probe_casin: it blocks on edges instead of counting down, so it reads the very signal casin's settle window was missing.
  [allowed] probes/tape/bios_probe_tapread.py — ✅ ARCHIVED AND RE-PROVED END TO END 2026-09-01 (D-TAPPAIR): paired with bios_probe_tapwrite on the VG-8020 -- write cart recorded to WAV (--record), read cart booted on that WAV (--cassette), all six PATTERN bytes byte-identical, TAPION locked, carries 00. The recipe: tapwrite --out w.rom; omsx_run --record rec.wav --bp 0x7FF0; tapread --out r.rom; omsx_run --cassette rec.wav --mem memory:0xE000:8; tapread --analyze. The 2026-08-31 entry called this pairing a job, not a rot -- it was, and it took five commands.
  [allowed] probes/tape/bios_probe_winwid_idle.py — ✅ ARCHIVED AND STILL RE-PROVABLE -- RUN GREEN 2026-08-31 (D-CASINSETTLE), bare, in 0.9 s. One of only two tape probes that need no argument at all.
  [allowed] probes/disk/build_bdosx0_disk.py — ⚠️ ARCHIVED, NEEDS A FIXTURE THIS REPO DOES NOT SHIP: it requires `--dos-disk`, a real MSX-DOS disk image (Tier-2 sub-track). A bare run prints usage and exits -- a fixture dependency, not a defect. Confirmed 2026-08-31.
  [allowed] probes/disk/build_bdosx2_disk.py — ⚠️ ARCHIVED, NEEDS A FIXTURE THIS REPO DOES NOT SHIP: it requires `--dos-disk`, a real MSX-DOS disk image (Tier-2 sub-track). A bare run prints usage and exits -- a fixture dependency, not a defect. Confirmed 2026-08-31.
  [allowed] probes/disk/build_bdosx3_disk.py — ⚠️ ARCHIVED, NEEDS A FIXTURE THIS REPO DOES NOT SHIP: it requires `--dos-disk`, a real MSX-DOS disk image (Tier-2 sub-track). A bare run prints usage and exits -- a fixture dependency, not a defect. Confirmed 2026-08-31.
  [allowed] probes/disk/build_bdosx4_disk.py — ⚠️ ARCHIVED, NEEDS A FIXTURE THIS REPO DOES NOT SHIP: it requires `--dos-disk`, a real MSX-DOS disk image (Tier-2 sub-track). A bare run prints usage and exits -- a fixture dependency, not a defect. Confirmed 2026-08-31.
  [allowed] probes/disk/build_bdosx5_disk.py — ⚠️ ARCHIVED, NEEDS A FIXTURE THIS REPO DOES NOT SHIP: it requires `--dos-disk`, a real MSX-DOS disk image (Tier-2 sub-track). A bare run prints usage and exits -- a fixture dependency, not a defect. Confirmed 2026-08-31.
  [allowed] probes/disk/build_bdosx6_disk.py — ⚠️ ARCHIVED, NEEDS A FIXTURE THIS REPO DOES NOT SHIP: it requires `--dos-disk`, a real MSX-DOS disk image (Tier-2 sub-track). A bare run prints usage and exits -- a fixture dependency, not a defect. Confirmed 2026-08-31.
  [allowed] probes/disk/build_bdosx7_disk.py — ⚠️ ARCHIVED, NEEDS A FIXTURE THIS REPO DOES NOT SHIP: it requires `--dos-disk`, a real MSX-DOS disk image (Tier-2 sub-track). A bare run prints usage and exits -- a fixture dependency, not a defect. Confirmed 2026-08-31.
  [allowed] probes/disk/build_bdosx8_disk.py — ⚠️ ARCHIVED, NEEDS A FIXTURE THIS REPO DOES NOT SHIP: it requires `--dos-disk`, a real MSX-DOS disk image (Tier-2 sub-track). A bare run prints usage and exits -- a fixture dependency, not a defect. Confirmed 2026-08-31.
  [allowed] probes/disk/build_bdosx_disk.py — ⚠️ ARCHIVED, NEEDS A FIXTURE THIS REPO DOES NOT SHIP: it requires `--dos-disk`, a real MSX-DOS disk image (Tier-2 sub-track). A bare run prints usage and exits -- a fixture dependency, not a defect. Confirmed 2026-08-31.
  [allowed] probes/tape/cas_baud_oracle.py — ✅ ARCHIVED AND STILL RE-PROVABLE -- RUN GREEN 2026-08-31 (D-CASINSETTLE), bare, in 0.2 s.
  [allowed] probes/disk/disk_derail_locate.py — ⚠️ ARCHIVED, NEEDS AN ARGUMENT: a bare run prints usage or asks for a preset/predicate. Not a defect. Confirmed 2026-08-31.
  [allowed] probes/disk/disk_fat_eof_oracle.py — ✅ ARCHIVED AND STILL RE-PROVABLE -- RUN GREEN 2026-08-31 (D-PROBEREACH5) with ZEROBAS_BASIC_MACHINE supplied, serially on a fresh build. Its finding is written up in disk/docs; keeping it means the fact can be RE-PROVEN when the code changes.
  [allowed] probes/disk/disk_fat_straddle_oracle.py — ✅ ARCHIVED AND STILL RE-PROVABLE -- RUN GREEN 2026-08-31 (D-PROBEREACH5) with ZEROBAS_BASIC_MACHINE supplied, serially on a fresh build. Its finding is written up in disk/docs; keeping it means the fact can be RE-PROVEN when the code changes.
  [allowed] probes/disk/disk_probe_alloc_order.py — ✅ ARCHIVED AND STILL RE-PROVABLE -- RUN GREEN 2026-08-31 (D-PROBEREACH5) with ZEROBAS_BASIC_MACHINE supplied, serially on a fresh build. Its finding is written up in disk/docs; keeping it means the fact can be RE-PROVEN when the code changes.
  [allowed] probes/disk/disk_probe_append.py — ✅ ARCHIVED AND STILL RE-PROVABLE -- RUN GREEN 2026-08-31 (D-PROBEREACH5) with ZEROBAS_BASIC_MACHINE supplied, serially on a fresh build. Its finding is written up in disk/docs; keeping it means the fact can be RE-PROVEN when the code changes.
  [allowed] probes/disk/disk_probe_autoexec.py — ✅ ARCHIVED AND STILL RE-PROVABLE -- RUN GREEN 2026-08-31 (D-PROBEREACH5) with ZEROBAS_BASIC_MACHINE supplied, serially on a fresh build. Its finding is written up in disk/docs; keeping it means the fact can be RE-PROVEN when the code changes.
  [allowed] probes/disk/disk_probe_bdos.py — ⚠️ ARCHIVED, NEEDS A FIXTURE THIS REPO DOES NOT SHIP: it requires `--dos-disk`, a real MSX-DOS disk image (Tier-2 sub-track). A bare run prints usage and exits -- a fixture dependency, not a defect. Confirmed 2026-08-31.
  [allowed] probes/disk/disk_probe_bload_disk.py — ✅ ARCHIVED AND STILL RE-PROVABLE -- RUN GREEN 2026-08-31 (D-PROBEREACH5) with ZEROBAS_BASIC_MACHINE supplied, serially on a fresh build. Its finding is written up in disk/docs; keeping it means the fact can be RE-PROVEN when the code changes.
  [allowed] probes/disk/disk_probe_bload_fcb.py — ✅ ARCHIVED AND RE-PROVED 2026-09-01 (D-FCBSITE) -- the audit's second genuine rot, and the design job is done: the frozen main-ROM breakpoint AND the frozen diskless machine were both obsolete (do_disk_bload and build_83_name are sub-ROM tenants now; the old machine has no zerobas sub-ROM at all, so the parse could not even run there). Re-sited breakpoint-FREE: the repack machine, omsx_repl's echo-paced delivery, and a mem_abs capture of the 12 FCB bytes after the statement -- the subject was never the address. 3/3 PASS, refcache off.
  [allowed] probes/disk/disk_probe_boot.py — ✅ ARCHIVED AND STILL RE-PROVABLE -- RUN GREEN 2026-08-31 (D-PROBEREACH5) with ZEROBAS_BASIC_MACHINE supplied, serially on a fresh build. Its finding is written up in disk/docs; keeping it means the fact can be RE-PROVEN when the code changes.
  [allowed] probes/disk/disk_probe_closelist.py — ✅ ARCHIVED AND STILL RE-PROVABLE -- RUN GREEN 2026-08-31 (D-PROBEREACH5) with ZEROBAS_BASIC_MACHINE supplied, serially on a fresh build. Its finding is written up in disk/docs; keeping it means the fact can be RE-PROVEN when the code changes.
  [allowed] probes/disk/disk_probe_crossbios.py — 🏁 RETIRED 2026-09-01 (D-LEANRETIRE-PROBES) -- vehicle AND claim: 'the BASIC+disk stack is independent of the host BIOS' was a property OF THE CART; the repack build is definitionally bound to the C-BIOS repack machine, so there is no cross-BIOS claim to prove about the shipping artifact. Running the file prints the retirement and exits.
  [allowed] probes/disk/disk_probe_diff.py — ⚠️ ARCHIVED, NEEDS AN ARGUMENT: a bare run prints usage or asks for a preset/predicate. Not a defect. Confirmed 2026-08-31.
  [allowed] probes/disk/disk_probe_diskrom_crossvendor.py — ✅ ARCHIVED AND STILL RE-PROVABLE -- RUN GREEN 2026-08-31 (D-PROBEREACH5) with ZEROBAS_BASIC_MACHINE supplied, serially on a fresh build. Its finding is written up in disk/docs; keeping it means the fact can be RE-PROVEN when the code changes.
  [allowed] probes/disk/disk_probe_dskf.py — ✅ ARCHIVED AND STILL RE-PROVABLE -- RUN GREEN 2026-08-31 (D-PROBEREACH5) with ZEROBAS_BASIC_MACHINE supplied, serially on a fresh build. Its finding is written up in disk/docs; keeping it means the fact can be RE-PROVEN when the code changes.
  [allowed] probes/disk/disk_probe_eof.py — ✅ ARCHIVED AND STILL RE-PROVABLE -- RUN GREEN 2026-08-31 (D-PROBEREACH5) with ZEROBAS_BASIC_MACHINE supplied, serially on a fresh build. Its finding is written up in disk/docs; keeping it means the fact can be RE-PROVEN when the code changes.
  [allowed] probes/disk/disk_probe_field.py — ✅ ARCHIVED AND STILL RE-PROVABLE -- RUN GREEN 2026-08-31 (D-PROBEREACH5) with ZEROBAS_BASIC_MACHINE supplied, serially on a fresh build. Its finding is written up in disk/docs; keeping it means the fact can be RE-PROVEN when the code changes.
  [allowed] probes/disk/disk_probe_fileread.py — ✅ ARCHIVED AND STILL RE-PROVABLE -- RUN GREEN 2026-08-31 (D-PROBEREACH5) with ZEROBAS_BASIC_MACHINE supplied, serially on a fresh build. Its finding is written up in disk/docs; keeping it means the fact can be RE-PROVEN when the code changes.
  [allowed] probes/disk/disk_probe_files.py — ✅ ARCHIVED AND RE-PROVED 2026-09-01 (D-FILESROT) -- the D-PROBEREACH5 audit's first genuine rot, repaired the way the filing prescribed: BOTH frozen reference constants (EXPECT and CF3300_W29) were re-MEASURED by booting the National CF-3300 on the current test720.dsk (which gained TS.DAT), never edited into agreement. Six 8.3 fields, directory order; WIDTH-29 wrap byte-identical. Both PASS against zb.
  [allowed] probes/disk/disk_probe_files_wildcard.py — ✅ ARCHIVED AND STILL RE-PROVABLE -- RUN GREEN 2026-08-31 (D-PROBEREACH5) with ZEROBAS_BASIC_MACHINE supplied, serially on a fresh build. Its finding is written up in disk/docs; keeping it means the fact can be RE-PROVEN when the code changes.
  [allowed] probes/disk/disk_probe_filewrite.py — ✅ ARCHIVED AND STILL RE-PROVABLE -- RUN GREEN 2026-08-31 (D-PROBEREACH5) with ZEROBAS_BASIC_MACHINE supplied, serially on a fresh build. Its finding is written up in disk/docs; keeping it means the fact can be RE-PROVEN when the code changes.
  [allowed] probes/disk/disk_probe_format.py — ✅ ARCHIVED AND STILL RE-PROVABLE -- RUN GREEN 2026-08-31 (D-PROBEREACH5) with ZEROBAS_BASIC_MACHINE supplied, serially on a fresh build. Its finding is written up in disk/docs; keeping it means the fact can be RE-PROVEN when the code changes.
  [allowed] probes/disk/disk_probe_fwrite.py — ⚠️ ARCHIVED, NEEDS AN ARGUMENT: a bare run prints usage or asks for a preset/predicate. Not a defect. Confirmed 2026-08-31.
  [allowed] probes/disk/disk_probe_getput.py — ✅ ARCHIVED AND STILL RE-PROVABLE -- RUN GREEN 2026-08-31 (D-PROBEREACH5) with ZEROBAS_BASIC_MACHINE supplied, serially on a fresh build. Its finding is written up in disk/docs; keeping it means the fact can be RE-PROVEN when the code changes.
  [allowed] probes/disk/disk_probe_init.py — ✅ ARCHIVED AND STILL RE-PROVABLE -- RUN GREEN 2026-08-31 (D-PROBEREACH5) with ZEROBAS_BASIC_MACHINE supplied, serially on a fresh build. Its finding is written up in disk/docs; keeping it means the fact can be RE-PROVEN when the code changes.
  [allowed] probes/disk/disk_probe_inputdollar.py — ✅ ARCHIVED AND STILL RE-PROVABLE -- RUN GREEN 2026-08-31 (D-PROBEREACH5) with ZEROBAS_BASIC_MACHINE supplied, serially on a fresh build. Its finding is written up in disk/docs; keeping it means the fact can be RE-PROVEN when the code changes.
  [allowed] probes/disk/disk_probe_kill.py — ✅ ARCHIVED AND STILL RE-PROVABLE -- RUN GREEN 2026-08-31 (D-PROBEREACH5) with ZEROBAS_BASIC_MACHINE supplied, serially on a fresh build. Its finding is written up in disk/docs; keeping it means the fact can be RE-PROVEN when the code changes.
  [allowed] probes/disk/disk_probe_kill_wildcard.py — ✅ ARCHIVED AND STILL RE-PROVABLE -- RUN GREEN 2026-08-31 (D-PROBEREACH5) with ZEROBAS_BASIC_MACHINE supplied, serially on a fresh build. Its finding is written up in disk/docs; keeping it means the fact can be RE-PROVEN when the code changes.
  [allowed] probes/disk/disk_probe_load_ascii.py — ✅ ARCHIVED AND STILL RE-PROVABLE -- RUN GREEN 2026-08-31 (D-PROBEREACH5) with ZEROBAS_BASIC_MACHINE supplied, serially on a fresh build. Its finding is written up in disk/docs; keeping it means the fact can be RE-PROVEN when the code changes.
  [allowed] probes/disk/disk_probe_load_disk.py — ✅ ARCHIVED AND STILL RE-PROVABLE -- RUN GREEN 2026-08-31 (D-PROBEREACH5) with ZEROBAS_BASIC_MACHINE supplied, serially on a fresh build. Its finding is written up in disk/docs; keeping it means the fact can be RE-PROVEN when the code changes.
  [allowed] probes/disk/disk_probe_load_embedded_nul.py — ✅ ARCHIVED AND STILL RE-PROVABLE -- RUN GREEN 2026-08-31 (D-PROBEREACH5) with ZEROBAS_BASIC_MACHINE supplied, serially on a fresh build. Its finding is written up in disk/docs; keeping it means the fact can be RE-PROVEN when the code changes.
  [allowed] probes/disk/disk_probe_lstout_cbios.py — ✅ ARCHIVED AND STILL RE-PROVABLE -- RUN GREEN 2026-08-31 (D-PROBEREACH5) with ZEROBAS_BASIC_MACHINE supplied, serially on a fresh build. Its finding is written up in disk/docs; keeping it means the fact can be RE-PROVEN when the code changes.
  [allowed] probes/disk/disk_probe_maxfiles.py — ✅ ARCHIVED AND STILL RE-PROVABLE -- RUN GREEN 2026-08-31 (D-PROBEREACH5) with ZEROBAS_BASIC_MACHINE supplied, serially on a fresh build. Its finding is written up in disk/docs; keeping it means the fact can be RE-PROVEN when the code changes.
  [allowed] probes/disk/disk_probe_merge.py — ✅ ARCHIVED AND STILL RE-PROVABLE -- RUN GREEN 2026-08-31 (D-PROBEREACH5) with ZEROBAS_BASIC_MACHINE supplied, serially on a fresh build. Its finding is written up in disk/docs; keeping it means the fact can be RE-PROVEN when the code changes.
  [allowed] probes/disk/disk_probe_mkicvi.py — ✅ ARCHIVED AND STILL RE-PROVABLE -- RUN GREEN 2026-08-31 (D-PROBEREACH5) with ZEROBAS_BASIC_MACHINE supplied, serially on a fresh build. Its finding is written up in disk/docs; keeping it means the fact can be RE-PROVEN when the code changes.
  [allowed] probes/disk/disk_probe_name.py — ✅ ARCHIVED AND STILL RE-PROVABLE -- RUN GREEN 2026-08-31 (D-PROBEREACH5) with ZEROBAS_BASIC_MACHINE supplied, serially on a fresh build. Its finding is written up in disk/docs; keeping it means the fact can be RE-PROVEN when the code changes.
  [allowed] probes/disk/disk_probe_open_device.py — ✅ ARCHIVED AND STILL RE-PROVABLE -- RUN GREEN 2026-08-31 (D-PROBEREACH5) with ZEROBAS_BASIC_MACHINE supplied, serially on a fresh build. Its finding is written up in disk/docs; keeping it means the fact can be RE-PROVEN when the code changes.
  [allowed] probes/disk/disk_probe_openlen.py — ✅ ARCHIVED AND STILL RE-PROVABLE -- RUN GREEN 2026-08-31 (D-PROBEREACH5) with ZEROBAS_BASIC_MACHINE supplied, serially on a fresh build. Its finding is written up in disk/docs; keeping it means the fact can be RE-PROVEN when the code changes.
  [allowed] probes/disk/disk_probe_option_hygiene.py — ✅ ARCHIVED AND STILL RE-PROVABLE -- RUN GREEN 2026-08-31 (D-PROBEREACH5) with ZEROBAS_BASIC_MACHINE supplied, serially on a fresh build. Its finding is written up in disk/docs; keeping it means the fact can be RE-PROVEN when the code changes.
  [allowed] probes/disk/disk_probe_printusing_file.py — ✅ ARCHIVED AND STILL RE-PROVABLE -- RUN GREEN 2026-08-31 (D-PROBEREACH5) with ZEROBAS_BASIC_MACHINE supplied, serially on a fresh build. Its finding is written up in disk/docs; keeping it means the fact can be RE-PROVEN when the code changes.
  [allowed] probes/disk/disk_probe_provider_phydio.py — ⚠️ ARCHIVED, NEEDS AN ARGUMENT: a bare run prints usage or asks for a preset/predicate. Not a defect. Confirmed 2026-08-31.
  [allowed] probes/disk/disk_probe_rdblk_roundtrip.py — ✅ ARCHIVED AND STILL RE-PROVABLE -- RUN GREEN 2026-08-31 (D-PROBEREACH5) with ZEROBAS_BASIC_MACHINE supplied, serially on a fresh build. Its finding is written up in disk/docs; keeping it means the fact can be RE-PROVEN when the code changes.
  [allowed] probes/disk/disk_probe_run_disk.py — ✅ ARCHIVED AND STILL RE-PROVABLE -- RUN GREEN 2026-08-31 (D-PROBEREACH5) with ZEROBAS_BASIC_MACHINE supplied, serially on a fresh build. Its finding is written up in disk/docs; keeping it means the fact can be RE-PROVEN when the code changes.
  [allowed] probes/disk/disk_probe_save.py — ✅ ARCHIVED AND STILL RE-PROVABLE -- RUN GREEN 2026-08-31 (D-PROBEREACH5) with ZEROBAS_BASIC_MACHINE supplied, serially on a fresh build. Its finding is written up in disk/docs; keeping it means the fact can be RE-PROVEN when the code changes.
  [allowed] probes/disk/disk_probe_save_ascii.py — ✅ ARCHIVED AND STILL RE-PROVABLE -- RUN GREEN 2026-08-31 (D-PROBEREACH5) with ZEROBAS_BASIC_MACHINE supplied, serially on a fresh build. Its finding is written up in disk/docs; keeping it means the fact can be RE-PROVEN when the code changes.
  [allowed] probes/disk/disk_probe_save_bas.py — ✅ ARCHIVED AND STILL RE-PROVABLE -- RUN GREEN 2026-08-31 (D-PROBEREACH5) with ZEROBAS_BASIC_MACHINE supplied, serially on a fresh build. Its finding is written up in disk/docs; keeping it means the fact can be RE-PROVEN when the code changes.
  [allowed] probes/disk/disk_probe_setrnd_char.py — ✅ ARCHIVED AND STILL RE-PROVABLE -- RUN GREEN 2026-08-31 (D-PROBEREACH5) with ZEROBAS_BASIC_MACHINE supplied, serially on a fresh build. Its finding is written up in disk/docs; keeping it means the fact can be RE-PROVEN when the code changes.
  [allowed] probes/disk/disk_probe_vram_saveload.py — ✅ ARCHIVED AND STILL RE-PROVABLE -- RUN GREEN 2026-08-31 (D-PROBEREACH5) with ZEROBAS_BASIC_MACHINE supplied, serially on a fresh build. Its finding is written up in disk/docs; keeping it means the fact can be RE-PROVEN when the code changes.
  [allowed] probes/disk/disk_probe_wrblk_roundtrip.py — ✅ ARCHIVED AND STILL RE-PROVABLE -- RUN GREEN 2026-08-31 (D-PROBEREACH5) with ZEROBAS_BASIC_MACHINE supplied, serially on a fresh build. Its finding is written up in disk/docs; keeping it means the fact can be RE-PROVEN when the code changes.
  [allowed] probes/disk/disk_probe_write.py — ⚠️ ARCHIVED, NEEDS AN ARGUMENT: a bare run prints usage or asks for a preset/predicate. Not a defect. Confirmed 2026-08-31.
  [allowed] probes/disk/diskbasic_probe_filechannel.py — ✅ ARCHIVED AND STILL RE-PROVABLE -- RUN GREEN 2026-08-31 (D-PROBEREACH5) with ZEROBAS_BASIC_MACHINE supplied, serially on a fresh build. Its finding is written up in disk/docs; keeping it means the fact can be RE-PROVEN when the code changes.
  [allowed] probes/disk/diskbasic_probe_files.py — ✅ ARCHIVED AND STILL RE-PROVABLE -- RUN GREEN 2026-08-31 (D-PROBEREACH5) with ZEROBAS_BASIC_MACHINE supplied, serially on a fresh build. Its finding is written up in disk/docs; keeping it means the fact can be RE-PROVEN when the code changes.
  [allowed] probes/disk/diskbasic_probe_format.py — ✅ ARCHIVED AND STILL RE-PROVABLE -- RUN GREEN 2026-08-31 (D-PROBEREACH5) with ZEROBAS_BASIC_MACHINE supplied, serially on a fresh build. Its finding is written up in disk/docs; keeping it means the fact can be RE-PROVEN when the code changes.
  [allowed] probes/disk/omsx_session.py — ✅ ARCHIVED AND STILL RE-PROVABLE -- RUN GREEN 2026-08-31 (D-PROBEREACH5) with ZEROBAS_BASIC_MACHINE supplied, serially on a fresh build. Its finding is written up in disk/docs; keeping it means the fact can be RE-PROVEN when the code changes.
  [allowed] probes/lib/probe_cart.py — ✅ ARCHIVED INFRASTRUCTURE, NOT A PROBE. It MINTS the sentinel cartridge the whole openMSX harness is built on; docs/openmsx-harness.md and tape/docs/dev-setup.md both instruct the reader to run it by hand. It has no verdict to collect because it has no measurement -- it is a generator. Re-confirmed 2026-08-31 (D-CASINSETTLE).
  [allowed] probes/disk/selftest_chancost_readvalue.py — ✅ ARCHIVED AND STILL RE-PROVABLE -- RUN GREEN 2026-08-31 (D-PROBEREACH5) with ZEROBAS_BASIC_MACHINE supplied, serially on a fresh build. Its finding is written up in disk/docs; keeping it means the fact can be RE-PROVEN when the code changes.
  [allowed] probes/disk/wrblk_perf.py — ✅ ARCHIVED AND STILL RE-PROVABLE -- RUN GREEN 2026-08-31 (D-PROBEREACH5) with ZEROBAS_BASIC_MACHINE supplied, serially on a fresh build. Its finding is written up in disk/docs; keeping it means the fact can be RE-PROVEN when the code changes.
  clean — every probe is invoked, imported by one that is, or allowlisted with a reason
