python3 tools/run_gates.py 
=== warm-up (serial build of shared artifacts) ===
    the 6 largest, with the pin that bounds each:
      $68BD-$75A4   3304 B fill   next pin $75A5   room-before-pin 3304 B
      $5602-$5FE4   2531 B fill   next pin $5FE5   room-before-pin 2531 B
      $50E3-$53A6    708 B fill   next pin $53A7   room-before-pin 708 B
      $75A8-$77B7    528 B fill   next pin $77B8   room-before-pin 528 B
      $4EE1-$4FB7    215 B fill   next pin $4FB8   room-before-pin 215 B
      $5FE8-$607A    147 B fill   next pin $607B   room-before-pin 147 B
    measure: largest usable hole = 3304 B at $68BD (bounded by $75A5)
python3 tools/check_kwtable_identity.py build/basic-reloc.rom build/basic-reloc.sym build/sub.rom build/sub.sym
OK: kwtable single-copy — resident dropped (wave 3) in symbols AND in bytes (0 occurrences in the 22510 B main image), sub-ROM copy is the sole source, 1 occurrence, 1133 B matching the pinned sha256
python3 tools/check_resident_abi.py build/basic-reloc.sym sub/basic-resident-abi.inc
OK: sub/basic-resident-abi.inc matches a fresh regen from build/basic-reloc.sym (13 resident-ABI addresses, sub.rom is not stale)
python3 tools/check_resident_abi.py build/basic-reloc.sym disk/basic-resident-abi.inc
OK: disk/basic-resident-abi.inc matches a fresh regen from build/basic-reloc.sym (7 resident-ABI addresses, disk.rom is not stale)
python3 tools/check_tenant_closure.py build/basic-reloc.sym sub/basic-resident-abi.inc
OK: 155 routines in the resident closure of 13 ABI seeds, + 5 data-referenced label(s), all page-0 (< $4000). No page-1 escapes.
python3 tools/check_tenant_closure.py --page0 build/sub.sym sub/sub.asm
OK: 892 routines in the closure of 17 page-0 tenants (sub_p0_ping, tokenise, dtk_tenant, sub_int_selftest, ary_engine, strheap_engine, pu_tofield_tenant, pu_tail_tenant, graphics_tenant, deftype_tenant, readdata_tenant, beep_tenant, fld_lookup_tenant, lrset_store_tenant, deffn_tenant, pu_sign_tenant, pu_emit_tenant), + 17 data-referenced label(s); every callee and data target is sub-local page-0, main page-1, or RAM. No low-region/BIOS escape.
python3 tools/check_tenant_closure.py --page1 build/sub.sym sub/sub.asm
OK: 650 routines in the closure of 25 page-1 tenants (sub_p1_ping, fp_sqrt, fp_atan, fp_exp, fp_log, fp_pow, fp_sin, fp_cos, fp_tan, fp_rnd, format_tenant, scan_stmt_end, fatprim_tenant, dirverb_tenant, play_parse_tenant, lineedit_tenant, casmatch_tenant, title_tenant, fcbname_tenant, circleparse_tenant, bload_tenant, save_tenant, errmsg_tenant, parseln_tenant, pu_num_tenant), + 41 data-referenced label(s); every callee and data target is sub-local page-1, main low-region/BIOS (< $4000), or RAM. No main-page-1 escape.
python3 tools/check_dead_code.py build/basic-reloc.sym build/sub.sym
FAIL: the `tools/` seed arm has started CARRYING WEIGHT -- 1 routine(s) are live ONLY because a tools/ file mentions them by name: ['__MEAS_LOW_END']
  That arm is an INTERSECTION, so a rename drops it SILENTLY (D-SEEDHOLE2 §11.5) -- and it was measured contributing NOTHING on 2026-09-05, which is what made it safe to leave coarse.
  Give these names a per-tool lookup model that fails loudly, or seed them from something that does.
make[1]: *** [basic-reloc] Error 1
WARM-UP FAILED:
make: *** [gates] Error 1
