python3 tools/run_gates.py 
=== warm-up (serial build of shared artifacts) ===
warm-up 7s
=== refcache OFF for every unit: a gate measures, it never replays (docs/spec-refcache.md §7) ===
=== emulator tier RUNS: probes/tests/tools or the Makefile changed ===
=== 4 tree-mutating unit(s), SERIAL (they rewrite a shared tracked file) ===
  rc=0              1s  switch-build-check
  rc=0              5s  diskdep-check
  rc=0              0s  wall-literal-check
  rc=0             45s  selftest-check
  (post-mutator refresh 7s -- the plants moved mtimes, so the pool would otherwise race a rebuild)
=== 118 units, J=8, lineerr in 8 shards, nice=0 solo=None ===
  rc=0              3s  basic-reloc
  rc=0              0s  subrom-abi-check
  rc=0              0s  diskrom-abi-check
  rc=0              0s  rom-parts-check
  rc=0              1s  subrom-closure-check
  rc=0             27s  unit-test
  rc=0              0s  deadcode
  rc=0              3s  wall-assertion-check
  rc=0              0s  ram-claim-check
  rc=0              0s  build-assert-check
  rc=0              3s  needle-case-check
  rc=0              0s  redundant-load-check
  rc=0              1s  rowshape-check
  rc=0              5s  injector-check
  rc=0              1s  temp-root-check
  rc=0              2s  todo-citation-check
  rc=0              0s  todo-marker-check
  rc=0              0s  deferral-pin-check
  rc=0              1s  error-alphabet-check
  rc=0              2s  chokepoint-check
  rc=0              0s  shared-body-check
  rc=0              0s  probe-reach-check
  rc=0              0s  battery-membership-check
  rc=0              0s  fixture-integrity-check
  rc=0              1s  preflight-check
  rc=0              4s  latch-check
  rc=0             19s  kwsweep
  rc=0             12s  patch-freshness-check
  rc=0              2s  refcache-check
  rc=0              0s  knife-guard-check
  rc=0              1s  knife-rom-guard-check
  rc=0              0s  deffn-selftest
  rc=0              0s  probe-sides-selftest
  rc=0              1s  banner-acceptance
  rc=0             26s  string-acceptance
  rc=0             18s  str-domain-acceptance
  rc=0             12s  strparen-acceptance
  rc=0             42s  penderr-acceptance
  rc=0             45s  missing-acceptance
  rc=0             11s  error-acceptance
  rc=0             66s  error-trap-acceptance
  rc=0             93s  onerr0-acceptance
  rc=0            106s  math-acceptance
  rc=0             77s  float-acceptance
  rc=0             45s  intarg-acceptance
  rc=0             42s  logicops-acceptance
  rc=0            234s  screenerr-acceptance
  rc=0             48s  tmfp-acceptance
  rc=0             61s  stmtpend-acceptance
  rc=0            115s  array-acceptance
  rc=0            123s  deffn-strict
  rc=0            374s  graphics-acceptance
  rc=0             55s  abort-acceptance
  rc=0            147s  interval-trap-acceptance
  rc=0             87s  clearpool-acceptance
  rc=0            131s  stackpool-acceptance
  rc=0            151s  trapdepth-acceptance
  rc=0             77s  ctlcross-acceptance
  rc=0            371s  ctllim-acceptance
  rc=0            402s  ramfree-acceptance
  rc=0             13s  txtceil-acceptance
  rc=0             12s  cursor-acceptance
  rc=0             88s  time-acceptance
  rc=0            295s  namspc-acceptance
  rc=0            102s  arrdim-acceptance
  rc=0             54s  arylv-acceptance
  rc=0             60s  badfnum-acceptance
  rc=0              4s  beep-acceptance
  rc=0             20s  binfre-acceptance
  rc=0             20s  cassave-acceptance
  rc=0             76s  castail-acceptance
  rc=0            118s  deffn-acceptance
  rc=0             50s  direct-ctrl-acceptance
  rc=0             13s  dskmsg-acceptance
  rc=0             84s  editverb-acceptance
  rc=0             32s  fldary-acceptance
  rc=0             93s  fldwidth-acceptance
  rc=0             25s  forvar-acceptance
  rc=0             45s  gicini-acceptance
  rc=0              0s  graphics-floor-acceptance
  rc=0            147s  ifsem-acceptance
  rc=0              8s  input-acceptance
  rc=0             55s  nodisk-acceptance
  rc=0             74s  pusing-acceptance
  rc=0             43s  catterm-acceptance
  rc=0             13s  catusr-acceptance
  rc=0             13s  nameord-acceptance
  rc=0             11s  namegate-acceptance
  rc=0             39s  inputary-acceptance
  rc=0            144s  key-trap-acceptance
  rc=0             61s  linemax-acceptance
  rc=0            139s  lnblank-acceptance
  rc=0             38s  locarg-acceptance
  rc=0             39s  lof-acceptance
  rc=0             87s  lptverb-acceptance
  rc=0             51s  lrvar-acceptance
  rc=0             59s  lvfix-acceptance
  rc=0             17s  nxary-acceptance
  rc=0             26s  nxlist-acceptance
  rc=0             26s  play-acceptance
  rc=0             11s  play-trace-acceptance
  rc=0             21s  readvar-acceptance
  rc=0              7s  runtail-acceptance
  rc=0             28s  sound-acceptance
  rc=0             68s  sprite-trap-acceptance
  rc=0             54s  stop-trap-acceptance
  rc=0            143s  strig-trap-acceptance
  rc=0              0s  subrom-acceptance
  rc=0             66s  tgtspc-acceptance
  rc=0             79s  width-acceptance
  rc=0            107s  lineerr#1/8
  rc=0            106s  lineerr#2/8
  rc=0            109s  lineerr#3/8
  rc=0            103s  lineerr#4/8
  rc=0            100s  lineerr#5/8
  rc=0             93s  lineerr#6/8
  rc=0             88s  lineerr#7/8
  rc=0             69s  lineerr#8/8

=== wall 861s (7s build + 854s gates) ===
GATES: 115/115 green
hashes: e31808e2 dd98db58 e4d49114 9a96945d
recorded: this full green battery is now the baseline a future skip must prove itself against
