python3 tools/run_gates.py 
=== warm-up (serial build of shared artifacts) ===
warm-up 7s
=== refcache OFF for every unit: a gate measures, it never replays (docs/spec-refcache.md §7) ===
=== emulator tier RUNS: probes/tests/tools or the Makefile changed ===
=== 4 tree-mutating unit(s), SERIAL (they rewrite a shared tracked file) ===
  rc=0              1s  switch-build-check
  rc=0              5s  diskdep-check
  rc=0              0s  wall-literal-check
  rc=0             45s  selftest-check
  (post-mutator refresh 7s -- the plants moved mtimes, so the pool would otherwise race a rebuild)
=== 117 units, J=8, lineerr in 8 shards, nice=0 solo=None ===
  rc=0              3s  basic-reloc
  rc=0              0s  subrom-abi-check
  rc=0              0s  diskrom-abi-check
  rc=0              0s  rom-parts-check
  rc=0              1s  subrom-closure-check
  rc=0             26s  unit-test
  rc=0              0s  deadcode
  rc=0              3s  wall-assertion-check
  rc=0              0s  ram-claim-check
  rc=0              0s  build-assert-check
  rc=0              3s  needle-case-check
  rc=0              0s  redundant-load-check
  rc=0              1s  rowshape-check
  rc=0              4s  injector-check
  rc=0              1s  temp-root-check
  rc=0              2s  todo-citation-check
  rc=0              0s  todo-marker-check
  rc=0              0s  deferral-pin-check
  rc=0              1s  error-alphabet-check
  rc=0              2s  chokepoint-check
  rc=0              0s  shared-body-check
  rc=0              0s  probe-reach-check
  rc=0              0s  battery-membership-check
  rc=0              0s  fixture-integrity-check
  rc=0              1s  preflight-check
  rc=0              4s  latch-check
  rc=0             19s  kwsweep
  rc=0             11s  patch-freshness-check
  rc=0              2s  refcache-check
  rc=0              0s  knife-guard-check
  rc=0              1s  knife-rom-guard-check
  rc=0              0s  deffn-selftest
  rc=0              0s  banner-acceptance
  rc=0             27s  string-acceptance
  rc=0             19s  str-domain-acceptance
  rc=0             12s  strparen-acceptance
  rc=0             43s  penderr-acceptance
  rc=0             45s  missing-acceptance
  rc=0             12s  error-acceptance
  rc=0             68s  error-trap-acceptance
  rc=0             94s  onerr0-acceptance
  rc=0            108s  math-acceptance
  rc=0             78s  float-acceptance
  rc=0             45s  intarg-acceptance
  rc=0             44s  logicops-acceptance
  rc=0            234s  screenerr-acceptance
  rc=0             40s  tmfp-acceptance
  rc=0             51s  stmtpend-acceptance
  rc=0            113s  array-acceptance
  rc=0            123s  deffn-strict
  rc=0            371s  graphics-acceptance
  rc=0             54s  abort-acceptance
  rc=0            144s  interval-trap-acceptance
  rc=0             84s  clearpool-acceptance
  rc=0            132s  stackpool-acceptance
  rc=0            151s  trapdepth-acceptance
  rc=0             76s  ctlcross-acceptance
  rc=0            383s  ctllim-acceptance
  rc=0            395s  ramfree-acceptance
  rc=0             12s  txtceil-acceptance
  rc=0             12s  cursor-acceptance
  rc=0             87s  time-acceptance
  rc=0            293s  namspc-acceptance
  rc=0            101s  arrdim-acceptance
  rc=0             52s  arylv-acceptance
  rc=0             58s  badfnum-acceptance
  rc=0              4s  beep-acceptance
  rc=0             20s  binfre-acceptance
  rc=0             19s  cassave-acceptance
  rc=0             76s  castail-acceptance
  rc=0            120s  deffn-acceptance
  rc=0             50s  direct-ctrl-acceptance
  rc=0             12s  dskmsg-acceptance
  rc=0             86s  editverb-acceptance
  rc=0             33s  fldary-acceptance
  rc=0             94s  fldwidth-acceptance
  rc=0             26s  forvar-acceptance
  rc=0             47s  gicini-acceptance
  rc=0              0s  graphics-floor-acceptance
  rc=0            144s  ifsem-acceptance
  rc=0              9s  input-acceptance
  rc=0             56s  nodisk-acceptance
  rc=0             76s  pusing-acceptance
  rc=0             44s  catterm-acceptance
  rc=0             13s  catusr-acceptance
  rc=0             19s  nameord-acceptance
  rc=0             11s  namegate-acceptance
  rc=0             41s  inputary-acceptance
  rc=0            137s  key-trap-acceptance
  rc=0             55s  linemax-acceptance
  rc=0            141s  lnblank-acceptance
  rc=0             37s  locarg-acceptance
  rc=0             39s  lof-acceptance
  rc=0             87s  lptverb-acceptance
  rc=0             57s  lrvar-acceptance
  rc=0             57s  lvfix-acceptance
  rc=0             23s  nxary-acceptance
  rc=0             21s  nxlist-acceptance
  rc=0             31s  play-acceptance
  rc=0             11s  play-trace-acceptance
  rc=0             20s  readvar-acceptance
  rc=0              9s  runtail-acceptance
  rc=0             23s  sound-acceptance
  rc=0             68s  sprite-trap-acceptance
  rc=0             57s  stop-trap-acceptance
  rc=0            154s  strig-trap-acceptance
  rc=0              0s  subrom-acceptance
  rc=0             72s  tgtspc-acceptance
  rc=0             67s  width-acceptance
  rc=0            106s  lineerr#1/8
  rc=0            112s  lineerr#2/8
  rc=0            110s  lineerr#3/8
  rc=0            102s  lineerr#4/8
  rc=0            100s  lineerr#5/8
  rc=0             94s  lineerr#6/8
  rc=0             88s  lineerr#7/8
  rc=0             61s  lineerr#8/8

=== wall 855s (7s build + 849s gates) ===
GATES: 114/114 green
hashes: e31808e2 dd98db58 e4d49114 9a96945d
recorded: this full green battery is now the baseline a future skip must prove itself against
