  ran zb      u.none        -> '5 5'
  ran zb      u.colon       -> '24 5'
  ran zb      u.num         -> '13 5'
  ran zb      u.numsemi     -> '13 5'
  ran zb      u.fmtonly     -> '2 5'
  ran zb      u.fmtsemi     -> '24 5'
  ran zb      u.lit         -> '2 5'
  ran zb      u.litsemi     -> '5 5'
  ran zb      u.litval      -> '5 5'
  ran zb      u.comma       -> '2 5'
  ran zb      u.emptyonly   -> '2 5'
  ran zb      u.emptysemi   -> '5 5'
  ran zb      u.strfield    -> '0 6'
  ran zb      u.numnosemi   -> '2 5'
  ran zb      u.valcomma    -> '0 6'
  ran zb      u.chan        -> '0 6'
  ran zb      u.ok          -> '0 6'
  ran zb      u.ok2         -> '0 6'

  u.none       zb='5 5'   (zb only)
  u.colon      zb='24 5'   (zb only)
  u.num        zb='13 5'   (zb only)
  u.numsemi    zb='13 5'   (zb only)
  u.fmtonly    zb='2 5'   (zb only)
  u.fmtsemi    zb='24 5'   (zb only)
  u.lit        zb='2 5'   (zb only)
  u.litsemi    zb='5 5'   (zb only)
  u.litval     zb='5 5'   (zb only)
  u.comma      zb='2 5'   (zb only)
  u.emptyonly  zb='2 5'   (zb only)
  u.emptysemi  zb='5 5'   (zb only)
  u.strfield   zb='0 6'   (zb only)
  u.numnosemi  zb='2 5'   (zb only)
  u.valcomma   zb='0 6'   (zb only)
  u.chan       zb='0 6'   (zb only)
  u.ok         zb='0 6'   (zb only)
  u.ok2        zb='0 6'   (zb only)

  0 scored, 0 DIFF, 18 not measured
    capture-on-signal: 18 on signal, 0 fell back to the scheduled budget   [signalled at 35.1-38.1 emulated s]
