  ran vg8020  u.none        -> '24 5'
  ran vg8020  u.colon       -> '24 5'
  ran vg8020  u.num         -> '13 5'
  ran vg8020  u.numsemi     -> '13 5'
  ran vg8020  u.fmtonly     -> '2 5'
  ran vg8020  u.fmtsemi     -> '24 5'
  ran vg8020  u.lit         -> '2 5'
  ran vg8020  u.litsemi     -> '5 5'
  ran vg8020  u.litval      -> '5 5'
  ran vg8020  u.comma       -> '2 5'
  ran vg8020  u.emptyonly   -> '2 5'
  ran vg8020  u.emptysemi   -> '5 5'
  ran vg8020  u.strfield    -> '0 6'
  ran vg8020  u.numnosemi   -> '2 5'
  ran vg8020  u.valcomma    -> '0 6'
  ran vg8020  u.chan        -> '0 6'
  ran vg8020  u.ok          -> '0 6'
  ran vg8020  u.ok2         -> '0 6'
  ran cf3300  u.none        -> '24 5'
  ran cf3300  u.colon       -> '24 5'
  ran cf3300  u.num         -> '13 5'
  ran cf3300  u.numsemi     -> '13 5'
  ran cf3300  u.fmtonly     -> '2 5'
  ran cf3300  u.fmtsemi     -> '24 5'
  ran cf3300  u.lit         -> '2 5'
  ran cf3300  u.litsemi     -> '5 5'
  ran cf3300  u.litval      -> '5 5'
  ran cf3300  u.comma       -> '2 5'
  ran cf3300  u.emptyonly   -> '2 5'
  ran cf3300  u.emptysemi   -> '5 5'
  ran cf3300  u.strfield    -> '0 6'
  ran cf3300  u.numnosemi   -> '2 5'
  ran cf3300  u.valcomma    -> '0 6'
  ran cf3300  u.chan        -> '0 6'
  ran cf3300  u.ok          -> '0 6'
  ran cf3300  u.ok2         -> '0 6'
  ran zb      u.none        -> '24 5'
  ran zb      u.colon       -> '24 5'
  ran zb      u.num         -> '13 5'
  ran zb      u.numsemi     -> '13 5'
  ran zb      u.fmtonly     -> '2 5'
  ran zb      u.fmtsemi     -> '24 5'
  ran zb      u.lit         -> '2 5'
  ran zb      u.litsemi     -> '5 5'
  ran zb      u.litval      -> '5 5'
  ran zb      u.comma       -> '2 5'
  ran zb      u.emptyonly   -> '2 5'
  ran zb      u.emptysemi   -> '5 5'
  ran zb      u.strfield    -> '0 6'
  ran zb      u.numnosemi   -> '2 5'
  ran zb      u.valcomma    -> '0 6'
  ran zb      u.chan        -> '0 6'
  ran zb      u.ok          -> '0 6'
  ran zb      u.ok2         -> '0 6'

  u.none       vg8020='24 5'  cf3300='24 5'  zb='24 5'   ✅
  u.colon      vg8020='24 5'  cf3300='24 5'  zb='24 5'   ✅
  u.num        vg8020='13 5'  cf3300='13 5'  zb='13 5'   ✅
  u.numsemi    vg8020='13 5'  cf3300='13 5'  zb='13 5'   ✅
  u.fmtonly    vg8020='2 5'  cf3300='2 5'  zb='2 5'   ✅
  u.fmtsemi    vg8020='24 5'  cf3300='24 5'  zb='24 5'   ✅
  u.lit        vg8020='2 5'  cf3300='2 5'  zb='2 5'   ✅
  u.litsemi    vg8020='5 5'  cf3300='5 5'  zb='5 5'   ✅
  u.litval     vg8020='5 5'  cf3300='5 5'  zb='5 5'   ✅
  u.comma      vg8020='2 5'  cf3300='2 5'  zb='2 5'   ✅
  u.emptyonly  vg8020='2 5'  cf3300='2 5'  zb='2 5'   ✅
  u.emptysemi  vg8020='5 5'  cf3300='5 5'  zb='5 5'   ✅
  u.strfield   vg8020='0 6'  cf3300='0 6'  zb='0 6'   ✅
  u.numnosemi  vg8020='2 5'  cf3300='2 5'  zb='2 5'   ✅
  u.valcomma   vg8020='0 6'  cf3300='0 6'  zb='0 6'   ✅
  u.chan       vg8020='0 6'  cf3300='0 6'  zb='0 6'   ✅
  u.ok         vg8020='0 6'  cf3300='0 6'  zb='0 6'   ✅
  u.ok2        vg8020='0 6'  cf3300='0 6'  zb='0 6'   ✅

  18 scored, 0 DIFF, 0 not measured
    capture-on-signal: 54 on signal, 0 fell back to the scheduled budget   [signalled at 35.1-50.7 emulated s]
rc=0
