  ran vg8020  u.litval      -> '5 5'
  ran vg8020  u.comma       -> '2 5'
  ran vg8020  u.emptyonly   -> '2 5'
  ran vg8020  u.emptysemi   -> '5 5'
  ran vg8020  u.strfield    -> '0 6'
  ran vg8020  u.numnosemi   -> '2 5'
  ran cf3300  u.litval      -> '5 5'
  ran cf3300  u.comma       -> '2 5'
  ran cf3300  u.emptyonly   -> '2 5'
  ran cf3300  u.emptysemi   -> '5 5'
  ran cf3300  u.strfield    -> '0 6'
  ran cf3300  u.numnosemi   -> '2 5'
  ran zb      u.litval      -> '0 6'
  ran zb      u.comma       -> '0 6'
  ran zb      u.emptyonly   -> '0 6'
  ran zb      u.emptysemi   -> '0 6'
  ran zb      u.strfield    -> '0 6'
  ran zb      u.numnosemi   -> '0 6'

  u.litval     vg8020='5 5'  cf3300='5 5'  zb='0 6'   🔴 DIFF
  u.comma      vg8020='2 5'  cf3300='2 5'  zb='0 6'   🔴 DIFF
  u.emptyonly  vg8020='2 5'  cf3300='2 5'  zb='0 6'   🔴 DIFF
  u.emptysemi  vg8020='5 5'  cf3300='5 5'  zb='0 6'   🔴 DIFF
  u.strfield   vg8020='0 6'  cf3300='0 6'  zb='0 6'   ✅
  u.numnosemi  vg8020='2 5'  cf3300='2 5'  zb='0 6'   🔴 DIFF

  6 scored, 5 DIFF, 0 not measured
    capture-on-signal: 18 on signal, 0 fell back to the scheduled budget   [signalled at 35.1-47.7 emulated s]
rc=0
