python3 tools/run_gates.py 
=== warm-up (serial build of shared artifacts) ===
warm-up 6s
=== 45 units, J=8, lineerr in 8 shards, nice=0 solo=None ===
  rc=0      2s  basic-reloc
  rc=0      0s  subrom-abi-check
  rc=0      1s  subrom-closure-check
  rc=0     22s  unit-test
  rc=0      0s  deadcode
  rc=0      2s  wall-assertion-check
  rc=0      0s  redundant-load-check
  rc=0      1s  rowshape-check
  rc=0      3s  injector-check
  rc=0      0s  temp-root-check
  rc=0      1s  preflight-check
  rc=0      4s  latch-check
  rc=0      3s  diskdep-check
  rc=0      1s  switch-build-check
  rc=0     28s  kwsweep
  rc=0      0s  deffn-selftest
  rc=0     33s  string-acceptance
  rc=0     18s  str-domain-acceptance
  rc=0     36s  strparen-acceptance
  rc=0    163s  penderr-acceptance
  rc=0     34s  missing-acceptance
  rc=0     13s  error-acceptance
  rc=0     64s  error-trap-acceptance
  rc=0     71s  onerr0-acceptance
  rc=0     98s  math-acceptance
  rc=0     95s  float-acceptance
  rc=0     43s  intarg-acceptance
  rc=0     33s  logicops-acceptance
  rc=0    200s  screenerr-acceptance
  rc=0    139s  tmfp-acceptance
  rc=0    173s  stmtpend-acceptance
  rc=0    106s  array-acceptance
  rc=0    117s  deffn-strict
  rc=0    295s  graphics-acceptance
  rc=0     54s  abort-acceptance
  rc=0    138s  interval-trap-acceptance
  rc=0     73s  clearpool-acceptance
  rc=0    114s  lineerr#1/8
  rc=0    113s  lineerr#2/8
  rc=0    112s  lineerr#3/8
  rc=0    102s  lineerr#4/8
  rc=0    101s  lineerr#5/8
  rc=0     94s  lineerr#6/8
  rc=0     74s  lineerr#7/8
  rc=0     78s  lineerr#8/8

=== wall 420s (6s build + 414s gates) ===
GATES: 38/38 green
hashes: 71f79f1e ae796ccb bbdfa0a6
rc=0
