python3 tools/run_gates.py 
=== warm-up (serial build of shared artifacts) ===
warm-up 6s
=== 45 units, J=8, lineerr in 8 shards, nice=0 solo=None ===
  rc=0      2s  basic-reloc
  rc=0      0s  subrom-abi-check
  rc=0      1s  subrom-closure-check
  rc=0     21s  unit-test
  rc=0      0s  deadcode
  rc=0      2s  wall-assertion-check
  rc=2      0s  redundant-load-check
  rc=0      1s  rowshape-check
  rc=0      3s  injector-check
  rc=0      0s  temp-root-check
  rc=0      1s  preflight-check
  rc=0      4s  latch-check
  rc=0      3s  diskdep-check
  rc=0      1s  switch-build-check
  rc=0     29s  kwsweep
  rc=0      0s  deffn-selftest
  rc=0     34s  string-acceptance
  rc=0     19s  str-domain-acceptance
  rc=0     36s  strparen-acceptance
  rc=0    162s  penderr-acceptance
  rc=0     35s  missing-acceptance
  rc=0     13s  error-acceptance
  rc=0     66s  error-trap-acceptance
  rc=0     73s  onerr0-acceptance
  rc=0    103s  math-acceptance
  rc=0     93s  float-acceptance
  rc=0     44s  intarg-acceptance
  rc=0     32s  logicops-acceptance
  rc=0    199s  screenerr-acceptance
  rc=0    138s  tmfp-acceptance
  rc=0    179s  stmtpend-acceptance
  rc=0    115s  array-acceptance
  rc=0    116s  deffn-strict
  rc=0    294s  graphics-acceptance
  rc=0     59s  abort-acceptance
  rc=0    146s  interval-trap-acceptance
  rc=0     69s  clearpool-acceptance
  rc=0    106s  lineerr#1/8
  rc=0    107s  lineerr#2/8
  rc=0    111s  lineerr#3/8
  rc=0     97s  lineerr#4/8
  rc=0     99s  lineerr#5/8
  rc=0     87s  lineerr#6/8
  rc=0     72s  lineerr#7/8
  rc=0     67s  lineerr#8/8

=== retrying 1 red unit(s) SERIALLY (flake vs real) ===
  retry redundant-load-check: rc 2->2  REAL (still red)

=== wall 423s (6s build + 417s gates) ===
GATES: 37/38 green
RED: redundant-load-check
hashes: 71f79f1e ae796ccb bbdfa0a6
make: *** [gates] Error 1
rc=2
