=== baseline ===
baseline roms=71f79f1e / ae796ccb / bbdfa0a6
baseline 18 rows match pusing_after.out

K-PU1  roms=21a20186 / ae796ccb / 10dc91aa
  cut: the missing-format test back to str_eval's tail -- re-merges the two meanings the slice split apart
  moved 1 rows: u.none='5 5'
  ✅ EXACT — 1 predicted, 1 moved

K-PU2  roms=333150b7 / ae796ccb / 32e0bfa6
  cut: the not-a-string tail back to stmt_error -- the pre-slice ERR 2 for a numeric format
  moved 2 rows: u.num='2 5', u.numsemi='2 5'
  ✅ EXACT — 2 predicted, 2 moved

K-PU3  roms=e111e45e / ae796ccb / 986f3c2b
  cut: accept ',' as the format separator again -- the row I had written down as a control and predicted wrong
  moved 1 rows: u.comma='0 6'
  🔴 NOT EXACT: u.comma got '0 6' want '24 5'

K-PU4  roms=b9a61516 / ae796ccb / 40c13faa
  cut: the field-less raise back to a silent path -- re-creates the deleted pu_literal_only's ANSWER (not its printing)
  moved 3 rows: u.emptysemi='24 5', u.litsemi='24 5', u.litval='24 5'
  ✅ EXACT — 3 predicted, 3 moved

K-PU5  roms=363f98e0 / ae796ccb / 55a86d99
  cut: the ';'-with-no-values test removed -- restores the SILENT completion this slice's headline row reported
  moved 1 rows: u.fmtsemi='0 6'
  ✅ EXACT — 1 predicted, 1 moved

restored, roms=71f79f1e / ae796ccb / bbdfa0a6

4 of 5 knives EXACT
rc=1
