
row                  cf3300                zb   ticks (1/50 s)
c.tick                  97               301 
c.none1                  1                 1 
c.none8                  1                 3 
p.1                      2                 2 
p.2                      4                 3 
p.4                      7                 7 
p.8                     17                14 
f.open                  45                 2 
f.field                  0                 1 
f.lset                   1                 1 
f.close                  0                 1 
f.lof                    0                 1 
f.dskf                   6                 2 
x.far50                  1                 2 
x.far200                 2                 2 
x.far2nd                 1                 2 
g.three1k                4                 6 
g.three4k                4                 6 
g.str1k                  1                 2 

per-PUT cost, from the SLOPE (p.8 - p.1) / 7 — the intercept is the
fixed OPEN/FIELD/LSET part and is deliberately not in it:
  cf3300      2.14 ticks/PUT =  0.043 s   (bare FOR/NEXT: 0.00 ticks — subtract it)
  zb          1.71 ticks/PUT =  0.034 s   (bare FOR/NEXT: 0.29 ticks — subtract it)

  ratio zb/cf3300 = 0.80x per PUT
refcache: 0 hit, 38 miss, 38 stored
