python3 tools/run_gates.py 
=== warm-up (serial build of shared artifacts) ===
warm-up 7s
=== 44 units, J=8, lineerr in 8 shards, nice=0 solo=None ===
  rc=0      2s  basic-reloc
  rc=0      0s  subrom-abi-check
  rc=0      1s  subrom-closure-check
  rc=0     22s  unit-test
  rc=0      0s  deadcode
  rc=0      2s  wall-assertion-check
  rc=0      0s  redundant-load-check
  rc=0      1s  rowshape-check
  rc=0      3s  injector-check
  rc=0      1s  preflight-check
  rc=0      4s  latch-check
  rc=0      3s  diskdep-check
  rc=0      1s  switch-build-check
  rc=0     29s  kwsweep
  rc=0      0s  deffn-selftest
  rc=0     36s  string-acceptance
  rc=0     18s  str-domain-acceptance
  rc=0     42s  strparen-acceptance
  rc=0    189s  penderr-acceptance
  rc=0     45s  missing-acceptance
  rc=0     13s  error-acceptance
  rc=0     71s  error-trap-acceptance
  rc=0     78s  onerr0-acceptance
  rc=0    103s  math-acceptance
  rc=0     91s  float-acceptance
  rc=0     48s  intarg-acceptance
  rc=0     37s  logicops-acceptance
  rc=0    208s  screenerr-acceptance
  rc=0    157s  tmfp-acceptance
  rc=0    195s  stmtpend-acceptance
  rc=0    107s  array-acceptance
  rc=0    131s  deffn-strict
  rc=0    347s  graphics-acceptance
  rc=0     58s  abort-acceptance
  rc=0    148s  interval-trap-acceptance
  rc=0     69s  clearpool-acceptance
  rc=0    129s  lineerr#1/8
  rc=2    102s  lineerr#2/8
  rc=2    102s  lineerr#3/8
  rc=2     86s  lineerr#4/8
  rc=2     89s  lineerr#5/8
  rc=2     74s  lineerr#6/8
  rc=2     59s  lineerr#7/8
  rc=2     54s  lineerr#8/8

=== retrying 7 red unit(s) SERIALLY (flake vs real) ===
  retry lineerr#2/8: rc 2->2  REAL (still red)
make: *** [gates] Terminated: 15
