unknifed  sub.rom=ae796ccb  main=7d27b871

########## K-PV1 -- gfx_span_bytes: pattern := $FF instead of $00 (SHARED with LINE ,BF)
  sub.rom ae796ccb -> 4612a7ed (cut took); main 7d27b871 -> 7d27b871 (unmoved, as expected for a sub/ edit)
  --- rows ---
    FAIL flood_wholebyte.0    (128, 96) ref=00/0f zb=ff/0f  mid-screen
    FAIL flood_wholebyte.1    (  8,  8) ref=00/0f zb=00/04  far corner
    FAIL flood_c_ne_b.0       (128, 96) ref=00/09 zb=ff/09  colour is C, not B
    FAIL box_span_cells.0     ( 24, 30) ref=00/07 zb=ff/07  WHOLE byte
    PASS box_span_cells.1     ( 16, 30) ref=0f/74 zb=0f/74  left partial (control)
    PASS box_span_cells.2     ( 56, 30) ref=f8/74 zb=f8/74  right partial (control)
    PASS box_span_cells.3     (  8, 30) ref=00/04 zb=00/04  OUTSIDE the box (control)
  PHASE H-V fails: 4
    FAIL paint_then_pset        ref=[6, 15, 15] zb=None
  --- fidelity ---
  linebf    zb       [(0, 3000), (255, 2882)]   [(4, 3000), (15, 2882)]      🔴 DIFFERS (2882 of 12288 bytes)
  paint     zb       [(0, 5235), (255, 673)]    [(4, 5235), (15, 655)]       🔴 DIFFERS (1402 of 12288 bytes)
  flood     zb       [(0, 3072), (255, 3072)]   [(4, 3072), (15, 3072)]      🔴 DIFFERS (6144 of 12288 bytes)

########## K-PV2 -- gfx_paint_row: left-partial count forced to 0
  sub.rom ae796ccb -> 172b9c91 (cut took); main 7d27b871 -> 7d27b871 (unmoved, as expected for a sub/ edit)
  --- rows ---
    PASS flood_wholebyte.0    (128, 96) ref=00/0f zb=00/0f  mid-screen
    PASS flood_wholebyte.1    (  8,  8) ref=00/0f zb=00/0f  far corner
    PASS flood_c_ne_b.0       (128, 96) ref=00/09 zb=00/09  colour is C, not B
    PASS box_span_cells.0     ( 24, 30) ref=00/07 zb=00/07  WHOLE byte
    PASS box_span_cells.1     ( 16, 30) ref=0f/74 zb=0f/74  left partial (control)
    PASS box_span_cells.2     ( 56, 30) ref=f8/74 zb=f8/74  right partial (control)
    PASS box_span_cells.3     (  8, 30) ref=00/04 zb=00/04  OUTSIDE the box (control)
  PHASE H-V fails: 0
    PASS paint_then_pset        ref=[6, 15, 15] zb=[6, 15, 15]
  --- fidelity ---
  linebf    zb       [(0, 5882), (15, 131)]     [(4, 3000), (15, 2882)]      ✅ IDENTICAL
  paint     zb       [(0, 5890), (8, 30)]       [(4, 5235), (15, 655)]       🔴 DIFFERS (799 of 12288 bytes)
  flood     zb       [(0, 6144)]                [(15, 6144)]                 ✅ IDENTICAL

########## K-PV3 -- gfx_paint_row: right partial measured from PXL, not PXR
  sub.rom ae796ccb -> fdad5bec (cut took); main 7d27b871 -> 7d27b871 (unmoved, as expected for a sub/ edit)
  --- rows ---
    PASS flood_wholebyte.0    (128, 96) ref=00/0f zb=00/0f  mid-screen
    PASS flood_wholebyte.1    (  8,  8) ref=00/0f zb=00/0f  far corner
    PASS flood_c_ne_b.0       (128, 96) ref=00/09 zb=00/09  colour is C, not B
    PASS box_span_cells.0     ( 24, 30) ref=00/07 zb=00/07  WHOLE byte
    PASS box_span_cells.1     ( 16, 30) ref=0f/74 zb=0f/74  left partial (control)
    PASS box_span_cells.2     ( 56, 30) ref=f8/74 zb=f8/74  right partial (control)
    PASS box_span_cells.3     (  8, 30) ref=00/04 zb=00/04  OUTSIDE the box (control)
  PHASE H-V fails: 0
    PASS paint_then_pset        ref=[6, 15, 15] zb=[6, 15, 15]
  --- fidelity ---
  linebf    zb       [(0, 5882), (15, 131)]     [(4, 3000), (15, 2882)]      ✅ IDENTICAL
  paint     zb       [(0, 5890), (1, 30)]       [(4, 5235), (15, 655)]       🔴 DIFFERS (801 of 12288 bytes)
  flood     zb       [(0, 6144)]                [(15, 6144)]                 ✅ IDENTICAL

########## K-PV4 -- gfx_span_bytes: fill colour from GFX_B instead of GFX_C
  sub.rom ae796ccb -> 2bb2cee2 (cut took); main 7d27b871 -> 7d27b871 (unmoved, as expected for a sub/ edit)
  --- rows ---
    PASS flood_wholebyte.0    (128, 96) ref=00/0f zb=00/0f  mid-screen
    PASS flood_wholebyte.1    (  8,  8) ref=00/0f zb=00/0f  far corner
    FAIL flood_c_ne_b.0       (128, 96) ref=00/09 zb=00/07  colour is C, not B
    PASS box_span_cells.0     ( 24, 30) ref=00/07 zb=00/07  WHOLE byte
    PASS box_span_cells.1     ( 16, 30) ref=0f/74 zb=0f/74  left partial (control)
    PASS box_span_cells.2     ( 56, 30) ref=f8/74 zb=f8/74  right partial (control)
    PASS box_span_cells.3     (  8, 30) ref=00/04 zb=00/04  OUTSIDE the box (control)
  PHASE H-V fails: 1
    PASS paint_then_pset        ref=[6, 15, 15] zb=[6, 15, 15]
  --- fidelity ---
  linebf    zb       [(0, 5882), (15, 131)]     [(4, 3000), (255, 2882)]     🔴 DIFFERS (2882 of 12288 bytes)
  paint     zb       [(0, 5890), (255, 34)]     [(4, 4594), (15, 1296)]      ✅ IDENTICAL
  flood     zb       [(0, 6144)]                [(15, 6144)]                 ✅ IDENTICAL

restored sub.rom=ae796ccb main=7d27b871  OK
knives rc=0
