case      side     pattern (top bytes)        colour (top bytes)         vs refs
blank     vg8020   [(0, 6144)]                [(4, 6144)]               
blank     cf3300   [(0, 6144)]                [(4, 6144)]               
blank     zb       [(0, 6144)]                [(4, 6144)]                  ✅ IDENTICAL

pset      vg8020   [(0, 6143), (8, 1)]        [(4, 6143), (244, 1)]     
pset      cf3300   [(0, 6143), (8, 1)]        [(4, 6143), (244, 1)]     
pset      zb       [(0, 6143), (8, 1)]        [(4, 6143), (244, 1)]        ✅ IDENTICAL

pset.c1   vg8020   [(0, 6143), (8, 1)]        [(4, 6143), (20, 1)]      
pset.c1   cf3300   [(0, 6143), (8, 1)]        [(4, 6143), (20, 1)]      
pset.c1   zb       [(0, 6143), (8, 1)]        [(4, 6143), (20, 1)]         ✅ IDENTICAL

line      vg8020   [(0, 6005), (1, 18)]       [(4, 6005), (244, 139)]   
line      cf3300   [(0, 6005), (1, 18)]       [(4, 6005), (244, 139)]   
line      zb       [(0, 6005), (1, 18)]       [(4, 6005), (244, 139)]      ✅ IDENTICAL

linebf    vg8020   [(0, 5882), (15, 131)]     [(4, 3000), (15, 2882)]   
linebf    cf3300   [(0, 5882), (15, 131)]     [(4, 3000), (15, 2882)]   
linebf    zb       [(0, 5882), (15, 131)]     [(4, 3000), (15, 2882)]      ✅ IDENTICAL

circle    vg8020   [(0, 5890), (8, 42)]       [(4, 5890), (244, 254)]   
circle    cf3300   [(0, 5890), (8, 42)]       [(4, 5890), (244, 254)]   
circle    zb       [(0, 5890), (8, 42)]       [(4, 5890), (244, 254)]      ✅ IDENTICAL

paint     vg8020   [(0, 5890), (255, 34)]     [(4, 4594), (15, 1296)]   
paint     cf3300   [(0, 5890), (255, 34)]     [(4, 4594), (15, 1296)]   
paint     zb       [(0, 4594), (255, 1330)]   [(4, 4594), (244, 1550)]     🔴 DIFFERS (2592 of 12288 bytes)

flood     vg8020   [(0, 6144)]                [(15, 6144)]              
flood     cf3300   [(0, 6144)]                [(15, 6144)]              
flood     zb       [(255, 6144)]              [(244, 6144)]                🔴 DIFFERS (12288 of 12288 bytes)

=== 2 case(s) where zerobas's VRAM differs from both (agreeing) references ===
verify rc=1
