pasmo -I disk --bin disk/disk.asm build/disk.rom build/disk.sym
WARNING: Switching to 3 pass mode on line 162 of file equates.inc
WARNING: Var ARGA is never used on line 17 of file basic-resident-abi.inc
WARNING: Var DISKOP_SEL_COPY is never used on line 47 of file equates.inc
WARNING: Var DISKOP_SEL_COPYSTASH is never used on line 46 of file equates.inc
WARNING: Var DISKOP_SEL_KILL is never used on line 44 of file equates.inc
WARNING: Var DISKOP_SEL_NAME_STAMP is never used on line 45 of file equates.inc
WARNING: Var FILES_TOKEN is never used on line 54 of file equates.inc
WARNING: Var WRBLK_RECSEC is never used on line 438 of file equates.inc
WARNING: Var boot_disk is never used on line 355 of file init.asm
WARNING: Var build_drvtbl is never used on line 585 of file init.asm
WARNING: Var build_resident is never used on line 648 of file init.asm
WARNING: Var build_wa_table is never used on line 552 of file init.asm
WARNING: Var conin is never used on line 200 of file kernel.asm
WARNING: Var conout is never used on line 263 of file kernel.asm
WARNING: Var curdrv is never used on line 174 of file kernel.asm
WARNING: Var dirverb_op is never used on line 58 of file basic-resident-abi.inc
WARNING: Var fat_io_open is never used on line 26 of file basic/fatio-body.inc
WARNING: Var fch_ctx_addr is never used on line 67 of file basic-resident-abi.inc
WARNING: Var gdate_handler is never used on line 435 of file kernel.asm
WARNING: Var getalloc is never used on line 115 of file kernel.asm
WARNING: Var hkc_ref is never used on line 3557 of file kernel.asm
WARNING: Var hkn_syn is never used on line 3373 of file kernel.asm
WARNING: Var int_h is never used on line 153 of file pageenv.asm
WARNING: Var k47b2_pos_done is never used on line 1651 of file kernel.asm
WARNING: Var k_41EF is never used on line 73 of file pageenv.asm
WARNING: Var k_436C is never used on line 188 of file driver.asm
WARNING: Var k_4392 is never used on line 199 of file driver.asm
WARNING: Var k_456F is never used on line 513 of file driver.asm
WARNING: Var k_461D is never used on line 653 of file driver.asm
WARNING: Var k_46BA is never used on line 27 of file fat.asm
WARNING: Var k_4720 is never used on line 59 of file fat.asm
WARNING: Var k_477D is never used on line 86 of file fat.asm
WARNING: Var k_4788 is never used on line 95 of file fat.asm
WARNING: Var k_4793 is never used on line 99 of file fat.asm
WARNING: Var k_47BE is never used on line 114 of file fat.asm
WARNING: Var k_4919 is never used on line 4043 of file kernel.asm
WARNING: Var k_4935 is never used on line 4044 of file kernel.asm
WARNING: Var k_498C is never used on line 4045 of file kernel.asm
WARNING: Var k_49B4 is never used on line 4046 of file kernel.asm
WARNING: Var k_4A39 is never used on line 4047 of file kernel.asm
WARNING: Var k_4B59 is never used on line 4048 of file kernel.asm
WARNING: Var k_4BE5 is never used on line 4049 of file kernel.asm
WARNING: Var k_4C25 is never used on line 4050 of file kernel.asm
WARNING: Var k_501E is never used on line 52 of file kernel.asm
WARNING: Var k_504E is never used on line 63 of file kernel.asm
WARNING: Var k_509F is never used on line 128 of file kernel.asm
WARNING: Var k_53A7 is never used on line 218 of file kernel.asm
WARNING: Var k_543C is never used on line 232 of file kernel.asm
WARNING: Var k_5445 is never used on line 235 of file kernel.asm
WARNING: Var k_544E is never used on line 238 of file kernel.asm
WARNING: Var k_5462 is never used on line 273 of file kernel.asm
WARNING: Var k_5465 is never used on line 275 of file kernel.asm
WARNING: Var k_55DB is never used on line 456 of file kernel.asm
WARNING: Var k_55E6 is never used on line 459 of file kernel.asm
WARNING: Var k_55FF is never used on line 462 of file kernel.asm
WARNING: Var seldsk_drv is never used on line 197 of file kernel.asm
WARNING: Var setdta_cache is never used on line 79 of file kernel.asm
WARNING: Var setrnd is never used on line 194 of file kernel.asm
WARNING: Var sfirst is never used on line 38 of file kernel.asm
WARNING: Var snext is never used on line 41 of file kernel.asm
WARNING: Var widen_rhs_operand is never used on line 13 of file basic-resident-abi.inc
python3 tools/pad_rom.py build/disk.rom 16384
build/disk.rom: 16384 bytes (exact -- the assembler wrote the whole image)
python3 tools/check_reloc.py build/basic-reloc.rom build/basic-reloc.sym
OK: relocated image 22510 B, header @ $4000, low region $2812-$3FFF holds 6126 B of string engine
    measure: page-0 low region free = 0 B ($2812-$3FFF, __MEAS_LOW_END @ 0x4000)
    measure: page-1 free            = 2 B ($4000-$7FFF, __MEAS_PAGE1_END @ 0x7ffe) <- subrom wave-2 tokeniser-eviction relief
python3 tools/check_sub_walls.py build/sub.rom build/sub.sym
OK: sub ROM 32768 B, 'CD' @ $0000, 'S1' @ $4000, both wall labels inside their page and both pads verified
    measure: sub page 0 free       = 18 B ($0000-$3FFF, the callable-from-main island, __MEAS_SUB_P0_END @ 0x3fee)
    measure: sub page 1 free       = 376 B ($4000-$7FFF, the BIOS-visible island, __MEAS_SUB_P1_END @ 0x7e88)
python3 tools/check_disk_walls.py build/disk.rom
OK: disk ROM 16384 B, mapped $4000-$7FFF, 69 pinned entry address(es) parsed from disk/*.asm
    measure: disk free (0x00 runs >= 16 B) = 6296 B in 29 run(s)
    the 6 largest, with the pin that bounds each:
      $57E7-$5FE4   2046 B fill   next pin $5FE5   room-before-pin 2046 B
      $47C1-$4C28   1128 B fill   next pin $4C29   room-before-pin 1128 B
      $50E3-$53A6    708 B fill   next pin $53A7   room-before-pin 708 B
      $7664-$77B7    340 B fill   next pin $77B8   room-before-pin 340 B
      $4EE1-$4FB7    215 B fill   next pin $4FB8   room-before-pin 215 B
      $7F0A-$7FD0    199 B fill   next pin $7FD1   room-before-pin 199 B
    measure: largest usable hole = 2046 B at $57E7 (bounded by $5FE5)
python3 tools/check_kwtable_identity.py build/basic-reloc.rom build/basic-reloc.sym build/sub.rom build/sub.sym
OK: kwtable single-copy — resident dropped (wave 3) in symbols AND in bytes (0 occurrences in the 22510 B main image), sub-ROM copy is the sole source, 1 occurrence, 1189 B matching the pinned sha256
python3 tools/check_resident_abi.py build/basic-reloc.sym sub/basic-resident-abi.inc
OK: sub/basic-resident-abi.inc matches a fresh regen from build/basic-reloc.sym (13 resident-ABI addresses, sub.rom is not stale)
python3 tools/check_resident_abi.py build/basic-reloc.sym disk/basic-resident-abi.inc
OK: disk/basic-resident-abi.inc matches a fresh regen from build/basic-reloc.sym (53 resident-ABI addresses, disk.rom is not stale)
python3 tools/check_tenant_closure.py build/basic-reloc.sym sub/basic-resident-abi.inc
OK: 156 routines in the resident closure of 13 ABI seeds, + 6 data-referenced label(s), all page-0 (< $4000). No page-1 escapes.
python3 tools/check_tenant_closure.py --page0 build/sub.sym sub/sub.asm
OK: 954 routines in the closure of 19 page-0 tenants (sub_p0_ping, tokenise_ei, dtk_tenant, sub_int_selftest, ary_engine, strheap_engine, pu_tofield_tenant, pu_tail_tenant, graphics_tenant, deftype_tenant, readdata_tenant, beep_tenant, fld_lookup_tenant, lrset_store_tenant, deffn_tenant, pu_sign_tenant, pu_emit_tenant, lofu32_tenant, keystr_tenant), + 21 data-referenced label(s); every callee is sub-local page-0 (data targets may also be main page-1 or RAM). No low-region/BIOS escape, no main callee.
python3 tools/check_tenant_closure.py --page1 build/sub.sym sub/sub.asm
OK: 748 routines in the closure of 29 page-1 tenants (sub_p1_ping, fp_sqrt, fp_atan, fp_exp, fp_log, fp_pow, fp_sin, fp_cos, fp_tan, fp_rnd, format_tenant, scan_stmt_end, fatprim_tenant, dirverb_tenant, play_parse_tenant, lineedit_tenant, casmatch_tenant, title_tenant, fcbname_tenant, circleparse_tenant, bload_tenant, save_tenant, errmsg_tenant, parseln_tenant, pu_num_tenant, readline_tenant, cursor_tenant, casget_tenant, seqio_tenant), + 41 data-referenced label(s); every callee and data target is sub-local page-1, main low-region/BIOS (< $4000), or RAM. No main-page-1 escape.
python3 tools/check_dead_code.py build/basic-reloc.sym build/sub.sym build/disk.sym
  main: disk import surface 16 seed(s) (12 of them page-1 call-backs), 24 main label(s) named in disk/ code, 0 escapes
  main: 1789 spans, 120 seeds -> 0 dead (+0 allowlisted)
  sub : 1 padding-only span(s) not reportable (fix 9): __MEAS_SUB_P1_END
  sub : 1943 spans, 121 seeds -> 0 dead (+2 allowlisted)
  disk: 1 padding-only span(s) not reportable (fix 9): int_h
  disk: 2 span(s) NOT IN THIS BUILD'S .sym -- excluded by a conditional, not dead: fat_detach_channel, fdet_maybe
  disk: 660 spans, 82 seeds -> 0 dead (+1 allowlisted)
OK: no unreachable spans in any of the three builds; every allowlist entry still verified dead (the sweep is not blind).
python3 tools/audit_citations.py
clean-room citation audit (mechanical half — not a full paper trail)
rule self-test 10/10, listing self-test 11/11, dump self-test 12/12, section self-test 14/14

== disk == (9 files scanned, 104 provenance-bearing)
  [acknowledged] disk/driver.asm:87: section header without inline citation: 'write path' (aa89e15851ff) — 'write path' — the write twin of the read path in the same file. Its body cites nothing itself because it mirrors dskio's read loop instruction for instruction ("Mirrors the read loop's structure exactly"), and the read path's own header block carries the PROVENANCE.md §FDC / §DSKIO interface citation that both rest on. A single shared citation for a mirrored pair is the honest shape; duplicating it would be prose written to satisfy a scanner. Human judgement, 2026-07-04, re-confirmed 2026-08-06.
  [acknowledged] disk/kernel.asm:65: section header without inline citation: 'MSX-DOS-1 kernel SETDTA-time entry: $5058 (M19)' (77d4c39b0be0) — 'MSX-DOS-1 kernel SETDTA-time entry: $5058 (M19)' — attested in full, in vocabulary CITATION does not carry: 12 comment lines naming the finding (M19), the probes (callseq / capture / callwatch causal pin), the black-box contract (entry register, write target, the register-identical 51-call comparison) and the clean-room line ("no stock routine internals decoded"). Widening CITATION with black-box was measured and DECLINED — docs/spec-audit-citations-review.md §2.5 records the numbers and the bar to re-open it. Kept as a review candidate deliberately: what counts as a citation is a judgement this tool declines to make.
  [acknowledged] disk/kernel.asm:4007: section header without inline citation: 'contract bodies (stubs; filled in milestone 4; added as each veneer lands)' (b7535589959f) — 'contract bodies (stubs; filled in milestone 4; added as each veneer lands)' — a table of bare `ret` stubs at pinned kernel addresses. It names no derived behaviour, so there is nothing to cite; each stub acquires its own citation in the comment block above it as the milestone that fills it lands (see the k_47B2 block immediately below, which cites tier2-m31-rdblk-randrecord-spec.md). Structural in substance but not in STRUCTURAL_HDR's vocabulary, and widening that regex to catch it would exempt far more than this one header.
  clean — attestations present, no unattested forbidden source  (3 advisory review candidate(s))

== basic == (115 files scanned, 242 provenance-bearing)
  clean — attestations present, no unattested forbidden source

== tape == (1 files scanned, 15 provenance-bearing)
  clean — attestations present, no unattested forbidden source

== listing shape == (1109 files swept, 2 allowlisted)
  [allowed] probes/lib/latch_check.py:82: 2-line listing (5565467e6422) — C-BIOS, same window and same adjudication as the omsx_repl.py entry below: the two comment lines restate the chget_char boundaries this checker scores (D-LATCH2, docs/spec-probe-latch2.md). Surfaced only after knife K1b forced the comment leaders `; # //` into the prefix class — under the first cut this file was invisible, which is the whole reason that fix landed.
  [allowed] probes/lib/omsx_repl.py:379: 3-line listing (edb676f694b2) — C-BIOS, not a proprietary reference ROM: allowed-sources.md grades C-BIOS source B/Conditional — a peer clean-room reimplementation under BSD-2 whose source this project already patches (cbios-repack/), and NOT the reference implementation zerobas reimplements. The run is 3 instructions of the keyboard-buffer path, in a docstring explaining the D-LATCH2 injection window (docs/spec-probe-latch2.md §5.5); the same docstring is explicit about the line it stays on ("locating chget in the reference needs a disassembly this project does not do"). Probe source, not shipped ROM source. Flagged for the human paper trail 2026-08-06 (D-DOCJUDGE §2.6) — a judgement docs/clean-room-audit.md reserves for a human, which is why it is written down here rather than decided by the tool.
  clean — no unallowlisted decoded-instruction listings

== hex-dump rows == (1109 files swept, 1 allowlisted)
  [allowed] tools/audit_citations.py:428: hex-dump row (0c30593198a1) — The check's own synthetic self-test vector (_DUMP_VEC). INVENTED bytes — no provenance, no derivation, not decoded from anything — so recording it forbids nothing; a REAL positive vector would be the artifact this check refuses and would make the tool its own first finding. Unlike check 5's LISTING_LINE this rule is not anchored at line start (a dump lives inside a markdown table cell), so the vector is necessarily a hit on this file. That is turned into the canary rather than worked around: if this line stops matching, check 6 has gone blind and exits 2 rather than printing "clean".
  clean — no unallowlisted hex-dump rows  (narrow by design: this is the dump ROW only, not the raw-byte class — docs/spec-audit-citations-bytes.md §3.1)

ADVISORY: 3 section header(s) without an inline citation, all acknowledged — review candidates for the human paper trail, not gate failures. The SET is pinned (citations-advisory-allow.txt); the judgement is not.

CLEAN (gating checks). The non-mechanical hop — 'is each cited probe genuinely black-box?' — still requires a human paper-trail pass.
python3 tools/check_citation_paths.py
citation-paths: 1281 distinct scratchpad/ path(s) cited by 595 committed doc(s)
  all 1281 resolve in a fresh clone.
