python3 tools/install-repack-machine.py --merged build/zerobas-main-eu.rom --disk-rom build/disk.rom \
	  --sub-rom build/sub.rom
wrote C-BIOS_MSX1_EU_REPACK_DISK  (-> machine "C-BIOS_MSX1_EU_REPACK_DISK": merged repack ROM in slot 0, zerobas-disk in slot 3-1, zerobas-sub in slot 3-2)
     /Users/joost/.openMSX/share/machines/C-BIOS_MSX1_EU_REPACK_DISK.xml
python3 tools/install-repack-machine.py --merged build/zerobas-main-eu.rom --sub-rom build/sub.rom \
	  --no-disk
wrote C-BIOS_MSX1_EU_REPACK_NODISK  (-> machine "C-BIOS_MSX1_EU_REPACK_NODISK": merged repack ROM in slot 0, slot 3-1 EMPTY (diskless target), zerobas-sub in slot 3-2)
     /Users/joost/.openMSX/share/machines/C-BIOS_MSX1_EU_REPACK_NODISK.xml
ZEROBAS_BASIC_MACHINE=C-BIOS_MSX1_EU_REPACK_DISK python3 probes/disk/disk_probe_wrblk_alt.py --read --rnd --seek --end 300
WARNING: Var start is never used on line 26 of file /Users/joost/projects/zerobas/probes/disk/wrblk_alt.asm
  OURS  phases: write 17.20 s, RDBLK read 24.45 s, RDRND read 26.00 s, SEEK read (32 KB) 45.30 s, 0 wrong block(s)
  OURS  FCB after FOPEN   00 42 49 47 20 20 20 20 20 42 49 4E 00 00 00 80 00 80 00 00 00 00 00 00 40 00 51 01 51 01 00 00 00 00 00 00 00
  OURS  FCB after block 0 00 42 49 47 20 20 20 20 20 42 49 4E 00 00 01 00 00 80 00 00 00 00 00 00 40 00 51 01 51 01 00 00 00 00 01 00 00
  OURS  FCB after block 5 00 42 49 47 20 20 20 20 20 42 49 4E 00 00 01 00 00 80 00 00 00 00 00 00 40 00 51 01 52 01 01 00 00 00 06 00 00
  OURS  ALT1.BIN size=1024 chain=[370] eoc=True blocks=['0x11', '0x13', '0x15', '0x17'] AS EXPECTED
  OURS  ALT2.BIN size=1024 chain=[371] eoc=True blocks=['0x12', '0x14', '0x16', '0x18'] AS EXPECTED
  OURS  OUT.BIN size=2048 chain=[372, 373] eoc=True blocks=['0x11', '0x12', '0x13', '0x14', '0x15', '0x16', '0x17', '0x18'] AS EXPECTED
  OURS  OUT2.BIN size=1024 chain=[374] eoc=True blocks=['0x11', '0x12', '0x13', '0x14', '0x15', '0x16', '0x17', '0x18'] AS EXPECTED
  STOCK phases: write 9.20 s, RDBLK read 8.75 s, RDRND read 9.60 s, SEEK read (32 KB) 14.65 s, 0 wrong block(s)
  STOCK FCB after FOPEN   00 42 49 47 20 20 20 20 20 42 49 4E 00 00 00 80 00 80 00 00 00 00 00 00 40 2C 51 01 51 01 00 00 00 00 00 00 00
  STOCK FCB after block 0 00 42 49 47 20 20 20 20 20 42 49 4E 00 00 01 00 00 80 00 00 00 00 00 00 40 2C 51 01 51 01 00 00 00 00 01 00 00
  STOCK FCB after block 5 00 42 49 47 20 20 20 20 20 42 49 4E 00 00 01 00 00 80 00 00 00 00 00 00 40 2C 51 01 52 01 01 00 00 00 06 00 00
  STOCK ALT1.BIN size=1024 chain=[370] eoc=True blocks=['0x11', '0x13', '0x15', '0x17'] AS EXPECTED
  STOCK ALT2.BIN size=1024 chain=[371] eoc=True blocks=['0x12', '0x14', '0x16', '0x18'] AS EXPECTED
  STOCK OUT.BIN size=2048 chain=[372, 373] eoc=True blocks=['0x11', '0x12', '0x13', '0x14', '0x15', '0x16', '0x17', '0x18'] AS EXPECTED
  STOCK OUT2.BIN size=1024 chain=[374] eoc=True blocks=['0x11', '0x12', '0x13', '0x14', '0x15', '0x16', '0x17', '0x18'] AS EXPECTED
  FCB after FOPEN   differs at [25] (all known: D-WRBLKSEEK)
  FCB after block 0 differs at [25] (all known: D-WRBLKSEEK)
  FCB after block 5 differs at [25] (all known: D-WRBLKSEEK)
  SEEK: ours 45.30 s / CF-3300 14.65 s = 3.1x (within T2's 10x)

PASS: two FCBs alternating block/random I/O persist as written on both machines
