row                             cf3300                          zb
k.puttrap                 ERR 7 AT 60                 ERR 7 AT 60 
k.put3                              OK                 <NO OUTPUT>
k.mfwipes              <Out of memory>             <Out of memory>
k.mfctl                   ERR 7 AT 30                 ERR 7 AT 30 
x.l3p1                              OK                          OK
x.l3p0                              OK                          OK
x.l1p3                              OK                 <NO OUTPUT>
x.l0p3                              OK                 <NO OUTPUT>
x.l2p2                              OK                          OK
p.put1                              OK                          OK
p.put2                              OK                          OK
p.put3                              OK                 <NO OUTPUT>
p.same3                             OK                 <NO OUTPUT>
p.close3                            OK                 <NO OUTPUT>
p.trap3                             OK                 <NO OUTPUT>
p.trap2                             OK                          OK
ctl.128.r6                         BBB                 <NO OUTPUT>
ctl.128.r5                         AAA                 <NO OUTPUT>
ctl.128.r7                         CCC                 <NO OUTPUT>
s.100.r1                           DDD                         DDD
s.100.r6                           BBB                 <NO OUTPUT>
s.100.r5                           AAA                 <NO OUTPUT>
s.100.r7                           CCC                 <NO OUTPUT>
s.96.r6                            BBB                 <NO OUTPUT>

🔴 p.put3 / p.same3 / p.close3 / p.trap3: zerobas prints NOTHING where the
   CF-3300 answers OK -- the THIRD PUT of a session hangs, untrappably, and
   a CLOSE+reopen does not reset it. p.put1/p.put2/p.trap2 are the controls.
   ⚠️ The zb ctl.128.* rows below are BLIND FOR THAT REASON (they write three
   records), so they are NOT evidence about record layout.

expect: ctl.* = BBB / AAA / CCC on the CF-3300 (the machinery works);
        s.100.r6 is the whole question -- BBB means the reference straddles
        correctly, anything else means its acceptance is not a model to copy.

DIFF p.put3  cf3300='OK'  zb='<NO OUTPUT>'
DIFF p.same3  cf3300='OK'  zb='<NO OUTPUT>'
DIFF p.close3  cf3300='OK'  zb='<NO OUTPUT>'
DIFF p.trap3  cf3300='OK'  zb='<NO OUTPUT>'
DIFF: 4/7  p.put3 p.same3 p.close3 p.trap3
   the PUT-count subject rows only; controls p.put1/p.put2/p.trap2 are in that denominator and must stay green.
⚠️ 10 row(s) BLIND ON zb AS A CONSEQUENCE of that hang (their programs issue 3+ PUTs), NOT independent divergences: k.put3 x.l1p3 x.l0p3 ctl.128.r6 ctl.128.r5 ctl.128.r7 s.100.r6 s.100.r5 s.100.r7 s.96.r6
   They are named rather than dropped -- an unscored row that vanishes from a report reads as coverage.
refcache: 0 hit, 48 miss, 48 stored
