1790404572.1 idle []
1790404574.2 right ['move 30 0', 'move 30 0']
1790404576.2 left ['move -60 0', 'move -60 0', 'move -60 0']
1790404578.2 still []
---
1790404570.5 |  M 6  255   ersion 1.0                 |
1790404571.0 |  M 28  255   rsion 1.0                 |
1790404571.5 |  M 51  255   rsion 1.0                 |
1790404572.1 |  M 73  255   rsion 1.0                 |
1790404572.6 |  M 95  255   rsion 1.0                 |
1790404573.1 |  M 117  255   sion 1.0                 |
1790404573.6 |  M 139  255   sion 1.0                 |
1790404574.1 |  M 161  255   sion 1.0                 |
1790404574.7 |  M 183  255   sion 1.0                 |
1790404575.2 |  M 205  255   sion 1.0                 |
1790404575.7 |  M 227  255   sion 1.0                 |
1790404576.2 |  M 249  255   sion 1.0                 |
1790404576.7 |  M 271  255   sion 1.0                 |
1790404577.2 |  M 293  255   sion 1.0                 |
1790404577.8 |  M 315  255   sion 1.0                 |
1790404578.3 |  M 337  255   sion 1.0                 |
1790404578.8 |  M 359  255   sion 1.0                 |
1790404579.3 |  M 381  255   sion 1.0                 |
1790404579.8 |  M 403  255   sion 1.0                 |
1790404580.4 |  M 425  255   sion 1.0                 |
1790404580.9 |  M 447  255   sion 1.0                 |
1790404581.4 |  M 469  255   sion 1.0                 |
1790404581.9 |  M 491  255   sion 1.0                 |
1790404582.4 |  M 513  255   sion 1.0                 |
1790404582.9 |  M 535  255   sion 1.0                 |
1790404583.5 |  M 557  255   sion 1.0                 |
1790404584.0 |  M 579  255   sion 1.0                 |
1790404584.5 |  M 600  255   sion 1.0                 |
1790404585.0 |  M 622  255   sion 1.0                 |
1790404585.5 |  M 644  255   sion 1.0                 |
1790404586.0 |  M 666  255   sion 1.0                 |
1790404586.6 |  M 688  255   sion 1.0                 |
1790404587.1 |  M 710  255   sion 1.0                 |
1790404587.6 |  M 732  255   sion 1.0                 |
1790404588.1 |  M 754  255   sion 1.0                 |
1790404588.6 |  M 776  255   sion 1.0                 |
1790404589.1 |  M 798  255   sion 1.0                 |
1790404589.7 |  M 820  255   sion 1.0                 |
1790404590.2 |  M 842  255   sion 1.0                 |
1790404590.7 |  M 864  255   sion 1.0                 |
1790404591.2 |  M 886  255   sion 1.0                 |
1790404591.7 |  M 908  255   sion 1.0                 |
1790404592.3 |  M 930  255   sion 1.0                 |
1790404592.8 |  M 952  255   sion 1.0                 |
1790404593.3 |  M 974  255   sion 1.0                 |
1790404593.8 |  M 996  255   sion 1.0                 |
1790404594.3 |  M 1018  255   ion 1.0                 |
1790404594.8 |  M 1039  255   ion 1.0                 |
1790404595.4 |  M 1061  255   ion 1.0                 |
1790404595.9 |  M 1082  255   ion 1.0                 |
1790404596.4 |  M 1104  255   ion 1.0                 |
settings.xml UNCHANGED
