1790525253.1 idle []
1790525255.4 switch on ['mbtn2 on']
1790525257.6 switch off ['mbtn2 off']
1790525259.8 touch on ['mbtn1 on']
1790525262.0 touch+move ['move 40 20', 'move 40 20']
1790525264.3 touch+move ['move -60 -30']
1790525266.5 touch off ['mbtn1 off']
---
1790525251.2 |  M 29  0  0  0  0                      |
1790525251.8 |  M 37  0  0  0  0                      |
1790525252.3 |  M 46  0  0  0  0                      |
1790525252.8 |  M 54  0  0  0  0                      |
1790525253.3 |  M 63  0  0  0  0                      |
1790525253.8 |  M 72  0  0  0  0                      |
1790525254.3 |  M 80  0  0  0  0                      |
1790525254.8 |  M 89  0  0  0  0                      |
1790525255.3 |  M 97  0  0  0  0                      |
1790525255.8 |  M 105  0 -1  0  0                     |
1790525256.4 |  M 113  0 -1  0  0                     |
1790525256.9 |  M 122  0 -1  0  0                     |
1790525257.4 |  M 130  0 -1  0  0                     |
1790525257.9 |  M 138  0  0  0  0                     |
1790525258.4 |  M 147  0  0  0  0                     |
1790525258.9 |  M 155  0  0  0  0                     |
1790525259.4 |  M 164  0  0  0  0                     |
1790525260.0 |  M 172 -1  0  22  23                   |
1790525260.5 |  M 179 -1  0  22  23                   |
1790525261.0 |  M 186 -1  0  22  23                   |
1790525261.5 |  M 194 -1  0  22  23                   |
1790525262.0 |  M 201 -1  0  22  23                   |
1790525262.5 |  M 209 -1  0  58  48                   |
1790525263.1 |  M 216 -1  0  58  48                   |
1790525263.6 |  M 223 -1  0  58  48                   |
1790525264.1 |  M 231 -1  0  58  48                   |
1790525264.6 |  M 238 -1  0  26  26                   |
1790525265.1 |  M 245 -1  0  26  26                   |
1790525265.6 |  M 252 -1  0  26  26                   |
1790525266.1 |  M 260 -1  0  26  26                   |
1790525266.7 |  M 267  0  0  26  26                   |
1790525267.2 |  M 275  0  0  26  26                   |
1790525267.7 |  M 283  0  0  26  26                   |
1790525268.2 |  M 291  0  0  26  26                   |
1790525268.7 |  M 299  0  0  26  26                   |
1790525269.3 |  M 306  0  0  26  26                   |
1790525269.8 |  M 314  0  0  26  26                   |
1790525270.3 |  M 322  0  0  26  26                   |
1790525270.8 |  M 330  0  0  26  26                   |
1790525271.3 |  M 338  0  0  26  26                   |
1790525271.8 |  M 346  0  0  26  26                   |
1790525272.4 |  M 353  0  0  26  26                   |
1790525272.9 |  M 361  0  0  26  26                   |
1790525273.4 |  M 369  0  0  26  26                   |
1790525273.9 |  M 377  0  0  26  26                   |
1790525274.4 |  M 385  0  0  26  26                   |
1790525274.9 |  M 393  0  0  26  26                   |
1790525275.5 |  M 400  0  0  26  26                   |
1790525276.0 |  M 408  0  0  26  26                   |
1790525276.5 |  M 416  0  0  26  26                   |
1790525277.0 |  M 423  0  0  26  26                   |
screen 00 |  M 423  0  0  26  26                   |
screen 01 |  clean-room MSX1 BASIC                 |
screen 02 |                                        |
screen 03 |  ZB                                    |
screen 04 |  10 A=PAD(0):B=PAD(3):N=N+1            |
screen 05 |  20 C=PAD(1):D=PAD(2)                  |
screen 06 |  30 LOCATE 0,0:PRINT"M";N;A;B;C;D;"  " |
screen 07 |                                        |
screen 08 |  40 GOTO 10                            |
screen 09 |  RUN                                   |
screen 10 |                                        |
screen 11 |                                        |
screen 12 |                                        |
screen 13 |                                        |
screen 14 |                                        |
screen 15 |                                        |
screen 16 |                                        |
screen 17 |                                        |
screen 18 |                                        |
screen 19 |                                        |
screen 20 |                                        |
screen 21 |                                        |
screen 22 |                                        |
screen 23 |  color  auto   goto   list   run       |
settings.xml UNCHANGED
