1790406664.6 idle []
1790406666.6 switch on ['mbtn2 on']
1790406668.6 switch off ['mbtn2 off']
1790406670.6 touch on ['mbtn1 on']
1790406672.6 touch+move ['move 40 20', 'move 40 20']
1790406674.6 touch+move ['move -60 -30']
1790406676.6 touch off ['mbtn1 off']
---
1790406663.0 |  M 28  0  0  0  0                      |
1790406663.5 |  M 37  0  0  0  0                      |
1790406664.0 |  M 46  0  0  0  0                      |
1790406664.5 |  M 55  0  0  0  0                      |
1790406665.0 |  M 63  0  0  0  0                      |
1790406665.6 |  M 72  0  0  0  0                      |
1790406666.1 |  M 81  0  0  0  0                      |
1790406666.6 |  M 90  0  0  0  0                      |
1790406667.1 |  M 98  0  0  0  0                      |
1790406667.6 |  M 107  0  0  0  0                     |
1790406668.1 |  M 116  0  0  0  0                     |
1790406668.7 |  M 124  0  0  0  0                     |
1790406669.2 |  M 133  0  0  0  0                     |
1790406669.7 |  M 141  0  0  0  0                     |
1790406670.2 |  M 150  0  0  0  0                     |
1790406670.7 |  M 158 -1  0  0  0                     |
1790406671.2 |  M 167 -1  0  0  0                     |
1790406671.8 |  M 175 -1  0  0  0                     |
1790406672.3 |  M 183 -1  0  0  0                     |
1790406672.8 |  M 192 -1  0  0  0                     |
1790406673.3 |  M 200 -1  0  0  0                     |
1790406673.8 |  M 208 -1  0  0  0                     |
1790406674.3 |  M 216 -1  0  0  0                     |
1790406674.8 |  M 224 -1  0  0  0                     |
1790406675.3 |  M 232 -1  0  0  0                     |
1790406675.9 |  M 241 -1  0  0  0                     |
1790406676.4 |  M 249 -1  0  0  0                     |
1790406676.9 |  M 257  0  0  0  0                     |
1790406677.4 |  M 266  0  0  0  0                     |
1790406677.9 |  M 275  0  0  0  0                     |
1790406678.4 |  M 283  0  0  0  0                     |
1790406679.0 |  M 292  0  0  0  0                     |
1790406679.5 |  M 300  0  0  0  0                     |
1790406680.0 |  M 309  0  0  0  0                     |
1790406680.5 |  M 317  0  0  0  0                     |
1790406681.0 |  M 326  0  0  0  0                     |
1790406681.5 |  M 334  0  0  0  0                     |
1790406682.0 |  M 343  0  0  0  0                     |
1790406682.5 |  M 351  0  0  0  0                     |
1790406683.0 |  M 360  0  0  0  0                     |
1790406683.6 |  M 368  0  0  0  0                     |
1790406684.1 |  M 377  0  0  0  0                     |
1790406684.6 |  M 386  0  0  0  0                     |
1790406685.1 |  M 394  0  0  0  0                     |
1790406685.6 |  M 403  0  0  0  0                     |
1790406686.2 |  M 412  0  0  0  0                     |
1790406686.7 |  M 420  0  0  0  0                     |
1790406687.2 |  M 429  0  0  0  0                     |
1790406687.7 |  M 437  0  0  0  0                     |
1790406688.2 |  M 446  0  0  0  0                     |
1790406688.7 |  M 454  0  0  0  0                     |
screen 00 |  M 454  0  0  0  0                     |
screen 01 |  clean-room MSX1 BASIC                 |
screen 02 |                                        |
screen 03 |  ZB                                    |
screen 04 |  10 A=PAD(0):B=PAD(3):N=N+1            |
screen 05 |  20 C=PAD(1):D=PAD(2)                  |
screen 06 |  30 LOCATE 0,0:PRINT"M";N;A;B;C;D;"  " |
screen 07 |                                        |
screen 08 |  40 GOTO 10                            |
screen 09 |  RUN                                   |
screen 10 |                                        |
screen 11 |                                        |
screen 12 |                                        |
screen 13 |                                        |
screen 14 |                                        |
screen 15 |                                        |
screen 16 |                                        |
screen 17 |                                        |
screen 18 |                                        |
screen 19 |                                        |
screen 20 |                                        |
screen 21 |                                        |
screen 22 |                                        |
screen 23 |  color  auto   goto   list   run       |
settings.xml UNCHANGED
