1790406577.5 idle []
1790406579.5 switch on ['mbtn2 on']
1790406581.5 switch off ['mbtn2 off']
1790406583.5 touch on ['mbtn1 on']
1790406585.5 touch+move ['move 40 20', 'move 40 20']
1790406587.5 touch+move ['move -60 -30']
1790406589.5 touch off ['mbtn1 off']
---
1790406576.0 |  M 45  0  0  0  0   .0                 |
1790406576.5 |  M 59  0  0  0  0   .0                 |
1790406577.0 |  M 73  0  0  0  0   .0                 |
1790406577.5 |  M 87  0  0  0  0   .0                 |
1790406578.1 |  M 101  0  0  0  0   0                 |
1790406578.6 |  M 115  0  0  0  0   0                 |
1790406579.1 |  M 129  0  0  0  0   0                 |
1790406579.6 |  M 143  0 -1  0  0   0                 |
1790406580.1 |  M 156  0 -1  0  0   0                 |
1790406580.6 |  M 169  0 -1  0  0   0                 |
1790406581.1 |  M 182  0 -1  0  0   0                 |
1790406581.6 |  M 196  0  0  0  0   0                 |
1790406582.2 |  M 210  0  0  0  0   0                 |
1790406582.7 |  M 224  0  0  0  0   0                 |
1790406583.2 |  M 238  0  0  0  0   0                 |
1790406583.7 |  M 250 -1  0  8  8   0                 |
1790406584.2 |  M 261 -1  0  8  8   0                 |
1790406584.8 |  M 272 -1  0  8  8   0                 |
1790406585.3 |  M 283 -1  0  8  8   0                 |
1790406585.8 |  M 294 -1  0  44  32                   |
1790406586.3 |  M 305 -1  0  44  32                   |
1790406586.8 |  M 315 -1  0  44  32                   |
1790406587.3 |  M 326 -1  0  44  32                   |
1790406587.8 |  M 337 -1  0  12  10                   |
1790406588.3 |  M 348 -1  0  12  10                   |
1790406588.9 |  M 358 -1  0  12  10                   |
1790406589.4 |  M 369 -1  0  12  10                   |
1790406589.9 |  M 381  0  0  12  10                   |
1790406590.4 |  M 394  0  0  12  10                   |
1790406590.9 |  M 407  0  0  12  10                   |
1790406591.5 |  M 419  0  0  12  10                   |
1790406592.0 |  M 432  0  0  12  10                   |
1790406592.5 |  M 445  0  0  12  10                   |
1790406593.0 |  M 457  0  0  12  10                   |
1790406593.5 |  M 470  0  0  12  10                   |
1790406594.0 |  M 483  0  0  12  10                   |
1790406594.5 |  M 495  0  0  12  10                   |
1790406595.1 |  M 508  0  0  12  10                   |
1790406595.6 |  M 521  0  0  12  10                   |
1790406596.1 |  M 533  0  0  12  10                   |
1790406596.6 |  M 546  0  0  12  10                   |
1790406597.1 |  M 559  0  0  12  10                   |
1790406597.7 |  M 571  0  0  12  10                   |
1790406598.2 |  M 584  0  0  12  10                   |
1790406598.7 |  M 597  0  0  12  10                   |
1790406599.2 |  M 610  0  0  12  10                   |
1790406599.7 |  M 622  0  0  12  10                   |
1790406600.2 |  M 635  0  0  12  10                   |
1790406600.7 |  M 647  0  0  12  10                   |
1790406601.3 |  M 660  0  0  12  10                   |
1790406601.8 |  M 673  0  0  12  10                   |
screen 00 |  M 673  0  0  12  10                   |
screen 01 |  Copyright 1983 by Microsoft           |
screen 02 |  28815 Bytes free                      |
screen 03 |  Ok                                    |
screen 04 |  10 A=PAD(0):B=PAD(3):N=N+1            |
screen 05 |  20 C=PAD(1):D=PAD(2)                  |
screen 06 |  30 LOCATE 0,0:PRINT"M";N;A;B;C;D;"  " |
screen 07 |                                        |
screen 08 |  40 GOTO 10                            |
screen 09 |  RUN                                   |
screen 10 |                                        |
screen 11 |                                        |
screen 12 |                                        |
screen 13 |                                        |
screen 14 |                                        |
screen 15 |                                        |
screen 16 |                                        |
screen 17 |                                        |
screen 18 |                                        |
screen 19 |                                        |
screen 20 |                                        |
screen 21 |                                        |
screen 22 |                                        |
screen 23 |  color  auto   goto   list   run       |
settings.xml UNCHANGED
