=== paddle
1790395698.4 move 15 8
1790395699.1 move 15 8
1790395699.8 move 15 8
1790395700.5 move 15 8
---
1790395698.2 |  M 7  128   ersion 1.0                 |
1790395699.3 |  M 55  128   rsion 1.0                 |
1790395700.3 |  M 103  128   sion 1.0                 |
1790395701.3 |  M 150  128   sion 1.0                 |
1790395702.4 |  M 197  128   sion 1.0                 |
1790395703.4 |  M 245  128   sion 1.0                 |
1790395704.5 |  M 292  128   sion 1.0                 |
1790395705.5 |  M 339  128   sion 1.0                 |
1790395706.5 |  M 386  128   sion 1.0                 |

=== touchpad
1790395723.4 move 15 8
1790395724.1 move 15 8
1790395724.8 move 15 8
1790395725.5 move 15 8
---
1790395723.4 |  MSX BASIC version 1.0                 |
1790395724.4 |  MSX BASIC version 1.0                 |
1790395725.4 |  M 34  0  0  0   n 1.0                 |
1790395726.5 |  M 70  0  0  0   n 1.0                 |
1790395727.5 |  M 107  0  0  0    1.0                 |
1790395728.6 |  M 143  0  0  0    1.0                 |
1790395729.6 |  M 178  0  0  0    1.0                 |
1790395730.6 |  M 214  0  0  0    1.0                 |
1790395731.7 |  M 250  0  0  0    1.0                 |

