1790395669.0 up
1790395670.5 trig1 on
1790395672.0 right
1790395673.5 centre
1790395675.0 trig1 off
---
1790395669.2 62
1790395669.5 62
1790395669.8 62
1790395670.1 62
1790395670.5 62
1790395670.8 46
1790395671.1 46
1790395671.4 46
1790395671.7 46
1790395672.1 39
1790395672.4 39
1790395672.7 39
1790395673.0 39
1790395673.3 39
1790395673.7 47
1790395674.0 47
1790395674.3 47
1790395674.6 47
1790395674.9 47
1790395675.3 63
1790395675.6 63
1790395675.9 63
1790395676.2 63
1790395676.5 63
1790395676.9 63
1790395677.2 63
1790395677.5 63
1790395677.8 63
1790395678.1 63
1790395678.5 63
1790395678.8 63
1790395679.1 63
1790395679.4 63
1790395679.7 63
1790395680.1 63
1790395680.4 63
1790395680.7 63
1790395681.0 63
1790395681.3 63
1790395681.7 63
1790395682.0 63

