
step held at 2.5 (the FAILING value) throughout; only run_gap moves.

  1 PUT  on cf3300 (want AAA):
    run_gap=  0.5             AAA   ok

  1 PUT  on zb (want AAA):
    run_gap=  0.5             AAA   ok

  2 PUTs on cf3300 (want BBB):
    run_gap=  0.5             BBB   ok

  2 PUTs on zb (want BBB):
    run_gap=  0.5             BBB   ok

  3 PUTs on cf3300 (want CCC):
    run_gap=  0.5             CCC   ok

  3 PUTs on zb (want CCC):
    run_gap=  0.5     <NO OUTPUT>   
    run_gap=  1.0     <NO OUTPUT>   
    run_gap=  1.5     <NO OUTPUT>   
    run_gap=  2.0     <NO OUTPUT>   
    run_gap=  3.0             CCC   ok

  s.nolset  on cf3300 (want CCC):
    run_gap=  0.5             CCC   ok

  s.nolset  on zb (want CCC):
    run_gap=  0.5     <NO OUTPUT>   
    run_gap=  1.0     <NO OUTPUT>   
    run_gap=  1.5     <NO OUTPUT>   
    run_gap=  2.0     <NO OUTPUT>   
    run_gap=  3.0             CCC   ok

  s.lsetonly on cf3300 (want CCC):
    run_gap=  0.5             CCC   ok

  s.lsetonly on zb (want CCC):
    run_gap=  0.5             CCC   ok

  s.samerec on cf3300 (want CCC):
    run_gap=  0.5             CCC   ok

  s.samerec on zb (want CCC):
    run_gap=  0.5     <NO OUTPUT>   
    run_gap=  1.0     <NO OUTPUT>   
    run_gap=  1.5     <NO OUTPUT>   
    run_gap=  2.0     <NO OUTPUT>   
    run_gap=  3.0             CCC   ok

  s.spread  on cf3300 (want CCC):
    run_gap=  0.5             CCC   ok

  s.spread  on zb (want CCC):
    run_gap=  0.5     <NO OUTPUT>   
    run_gap=  1.0     <NO OUTPUT>   
    run_gap=  1.5     <NO OUTPUT>   
    run_gap=  2.0     <NO OUTPUT>   
    run_gap=  3.0     <NO OUTPUT>   
    run_gap=  4.0     <NO OUTPUT>   
    run_gap=  6.0             CCC   ok

  s.bigpool on cf3300 (want CCC):
    run_gap=  0.5             CCC   ok

  s.bigpool on zb (want CCC):
    run_gap=  0.5     <NO OUTPUT>   
    run_gap=  1.0     <NO OUTPUT>   
    run_gap=  1.5     <NO OUTPUT>   
    run_gap=  2.0     <NO OUTPUT>   
    run_gap=  3.0             CCC   ok

smallest run_gap that completes (emulated seconds):
                           cf3300         zb
    1 PUT                     0.5        0.5
    2 PUTs                    0.5        0.5
    3 PUTs                    0.5        3.0
    s.nolset                  0.5        3.0
    s.lsetonly                0.5        0.5
    s.samerec                 0.5        3.0
    s.spread                  0.5        6.0
    s.bigpool                 0.5        3.0
refcache: 0 hit, 38 miss, 38 stored
