
step held at 2.5 (the FAILING value) throughout; only run_gap moves.

  1 PUT  on cf3300 (want AAA):
    run_gap=  0.5             AAA   ok

  1 PUT  on zb (want AAA):
    run_gap=  0.5             AAA   ok

  2 PUTs on cf3300 (want BBB):
    run_gap=  0.5             BBB   ok

  2 PUTs on zb (want BBB):
    run_gap=  0.5             BBB   ok

  3 PUTs on cf3300 (want CCC):
    run_gap=  0.5             CCC   ok

  3 PUTs on zb (want CCC):
    run_gap=  0.5     <NO OUTPUT>   
    run_gap=  1.0     <NO OUTPUT>   
    run_gap=  1.5     <NO OUTPUT>   
    run_gap=  2.0     <NO OUTPUT>   
    run_gap=  3.0             CCC   ok

  s.nolset  on cf3300 (want CCC):
    run_gap=  0.5             CCC   ok

  s.nolset  on zb (want CCC):
    run_gap=  0.5     <NO OUTPUT>   
    run_gap=  1.0     <NO OUTPUT>   
    run_gap=  1.5     <NO OUTPUT>   
    run_gap=  2.0     <NO OUTPUT>   
    run_gap=  3.0             CCC   ok

  s.lsetonly on cf3300 (want CCC):
    run_gap=  0.5             CCC   ok

  s.lsetonly on zb (want CCC):
    run_gap=  0.5             CCC   ok

  s.samerec on cf3300 (want CCC):
    run_gap=  0.5             CCC   ok

  s.samerec on zb (want CCC):
    run_gap=  0.5     <NO OUTPUT>   
    run_gap=  1.0     <NO OUTPUT>   
    run_gap=  1.5     <NO OUTPUT>   
    run_gap=  2.0     <NO OUTPUT>   
    run_gap=  3.0             CCC   ok

  s.spread  on cf3300 (want CCC):
    run_gap=  0.5             CCC   ok

  s.spread  on zb (want CCC):
    run_gap=  0.5     <NO OUTPUT>   
    run_gap=  1.0     <NO OUTPUT>   
    run_gap=  1.5     <NO OUTPUT>   
    run_gap=  2.0     <NO OUTPUT>   
    run_gap=  3.0     <NO OUTPUT>   
    run_gap=  4.0     <NO OUTPUT>   
    run_gap=  6.0             CCC   ok

  s.bigpool on cf3300 (want CCC):
    run_gap=  0.5             CCC   ok

  s.bigpool on zb (want CCC):
    run_gap=  0.5     <NO OUTPUT>   
    run_gap=  1.0     <NO OUTPUT>   
    run_gap=  1.5     <NO OUTPUT>   
    run_gap=  2.0     <NO OUTPUT>   
    run_gap=  3.0             CCC   ok

  n.same3 on cf3300 (want CCC):
    run_gap=  0.5             CCC   ok

  n.same3 on zb (want CCC):
    run_gap=  0.5     <NO OUTPUT>   
    run_gap=  1.0     <NO OUTPUT>   
    run_gap=  1.5     <NO OUTPUT>   
    run_gap=  2.0     <NO OUTPUT>   
    run_gap=  3.0             CCC   ok

  n.same4 on cf3300 (want DDD):
    run_gap=  0.5             DDD   ok

  n.same4 on zb (want DDD):
    run_gap=  0.5     <NO OUTPUT>   
    run_gap=  1.0     <NO OUTPUT>   
    run_gap=  1.5     <NO OUTPUT>   
    run_gap=  2.0     <NO OUTPUT>   
    run_gap=  3.0     <NO OUTPUT>   
    run_gap=  4.0             DDD   ok

  n.same5 on cf3300 (want EEE):
    run_gap=  0.5             EEE   ok

  n.same5 on zb (want EEE):
    run_gap=  0.5     <NO OUTPUT>   
    run_gap=  1.0     <NO OUTPUT>   
    run_gap=  1.5     <NO OUTPUT>   
    run_gap=  2.0     <NO OUTPUT>   
    run_gap=  3.0     <NO OUTPUT>   
    run_gap=  4.0     <NO OUTPUT>   
    run_gap=  6.0             EEE   ok

  n.same6 on cf3300 (want FFF):
    run_gap=  0.5             FFF   ok

  n.same6 on zb (want FFF):
    run_gap=  0.5     <NO OUTPUT>   
    run_gap=  1.0     <NO OUTPUT>   
    run_gap=  1.5     <NO OUTPUT>   
    run_gap=  2.0     <NO OUTPUT>   
    run_gap=  3.0     <NO OUTPUT>   
    run_gap=  4.0     <NO OUTPUT>   
    run_gap=  6.0             FFF   ok

smallest run_gap that completes (emulated seconds):
                           cf3300         zb
    1 PUT                     0.5        0.5
    2 PUTs                    0.5        0.5
    3 PUTs                    0.5        3.0
    s.nolset                  0.5        3.0
    s.lsetonly                0.5        0.5
    s.samerec                 0.5        3.0
    s.spread                  0.5        6.0
    s.bigpool                 0.5        3.0
    n.same3                   0.5        3.0
    n.same4                   0.5        4.0
    n.same5                   0.5        6.0
    n.same6                   0.5        6.0
refcache: 0 hit, 67 miss, 67 stored
