python3 tools/pick_gates.py --run --handoff
=== warm-up (serial build of shared artifacts) ===
warm-up 8s
=== refcache OFF for every unit: a gate measures, it never replays (docs/spec-refcache.md §7) ===
=== emulator tier RUNS: forced by --full ===
=== 4 tree-mutating unit(s), SERIAL (they rewrite a shared tracked file) ===
  rc=0              1s  switch-build-check
  rc=0              6s  diskdep-check
  rc=0              0s  wall-literal-check
  rc=0             61s  selftest-check
  (post-mutator refresh 8s -- the plants moved mtimes, so the pool would otherwise race a rebuild)
=== 142 units, J=8, lineerr in 8 shards, nice=0 solo=None ===
  rc=0              4s  basic-reloc
  rc=0              0s  deps-check
  rc=0              0s  subrom-abi-check
  rc=0              0s  diskrom-abi-check
  rc=0              0s  rom-parts-check
  rc=0              1s  subrom-closure-check
  rc=0             28s  unit-test
  rc=0              1s  deadcode
  rc=0              4s  wall-assertion-check
  rc=0              0s  ram-claim-check
  rc=0              2s  ram-map-check
  rc=0              0s  build-assert-check
  rc=0              4s  needle-case-check
  rc=0              0s  redundant-load-check
  rc=0              2s  rowshape-check
  rc=0              6s  injector-check
  rc=0              0s  dead-alias-check
  rc=0              2s  hostkill-check
  rc=0              1s  temp-root-check
  rc=0              4s  todo-citation-check
  rc=0              0s  todo-marker-check
  rc=0              0s  deferral-pin-check
  rc=0              1s  error-alphabet-check
  rc=0              2s  chokepoint-check
  rc=0              0s  filed-pin-check
  rc=0              3s  disk-mount-check
  rc=0              0s  shared-body-check
  rc=0              0s  probe-reach-check
  rc=0              0s  battery-membership-check
  rc=0              0s  fixture-integrity-check
  rc=0              0s  hook-equate-check
  rc=0              1s  preflight-check
  rc=0              5s  latch-check
  rc=0            733s  kwsweep
  rc=0           1655s  kwtime
  rc=0           1913s  kwram
  rc=0             12s  patch-freshness-check
  rc=0              3s  refcache-check
  rc=0              0s  knife-guard-check
  rc=0              1s  knife-rom-guard-check
  rc=0              0s  deffn-selftest
  rc=0              0s  probe-sides-selftest
  rc=0              1s  banner-acceptance
  rc=0             34s  string-acceptance
  rc=0             20s  str-domain-acceptance
  rc=0             15s  strparen-acceptance
  rc=0             55s  penderr-acceptance
  rc=0             61s  missing-acceptance
  rc=0             12s  error-acceptance
  rc=0             74s  error-trap-acceptance
  rc=0            103s  onerr0-acceptance
  rc=0            143s  math-acceptance
  rc=0             84s  float-acceptance
  rc=0             70s  intarg-acceptance
  rc=0             44s  logicops-acceptance
  rc=0            246s  screenerr-acceptance
  rc=0             50s  tmfp-acceptance
  rc=0             64s  stmtpend-acceptance
  rc=0            138s  array-acceptance
  rc=0            135s  deffn-strict
  rc=0            403s  graphics-acceptance
  rc=0             64s  abort-acceptance
  rc=0            143s  interval-trap-acceptance
  rc=0            102s  clearpool-acceptance
  rc=0            113s  stackpool-acceptance
  rc=0            181s  trapdepth-acceptance
  rc=0             55s  trapsvc-acceptance
  rc=0             74s  ctlcross-acceptance
  rc=0            697s  ctllim-acceptance
  rc=0            547s  ramfree-acceptance
  rc=0             10s  txtceil-acceptance
  rc=0              3s  runline-acceptance
  rc=0             11s  keystr-acceptance
  rc=0              9s  loc-acceptance
  rc=0              8s  dskio-acceptance
  rc=0             18s  copy-acceptance
  rc=0             10s  screditor-acceptance
  rc=0             13s  nodiskerr-acceptance
  rc=0             20s  parennest-acceptance
  rc=0             10s  diskascii-acceptance
  rc=0             17s  cursor-acceptance
  rc=0             79s  time-acceptance
  rc=0            305s  namspc-acceptance
  rc=0             98s  arrdim-acceptance
  rc=0             16s  asciidigit-acceptance
  rc=0             60s  arylv-acceptance
  rc=0             54s  badfnum-acceptance
  rc=0              8s  beep-acceptance
  rc=0             31s  binfre-acceptance
  rc=0             42s  perf-pin-check
  rc=0             18s  cassave-acceptance
  rc=0            118s  castail-acceptance
  rc=0              9s  cas-ascii-acceptance
  rc=0             33s  wprotect-acceptance
  rc=0            136s  deffn-acceptance
  rc=0             54s  direct-ctrl-acceptance
  rc=0             12s  dskmsg-acceptance
  rc=0             84s  editverb-acceptance
  rc=0             34s  fldary-acceptance
  rc=0             96s  fldwidth-acceptance
  rc=0             36s  forvar-acceptance
  rc=0             60s  gicini-acceptance
  rc=0              4s  graphics-floor-acceptance
  rc=0            130s  ifsem-acceptance
  rc=0              4s  input-acceptance
  rc=0            113s  nodisk-acceptance
  rc=0             88s  pusing-acceptance
  rc=0             36s  catterm-acceptance
  rc=0             13s  catusr-acceptance
  rc=0             17s  nameord-acceptance
  rc=0              9s  namegate-acceptance
  rc=0             39s  inputary-acceptance
  rc=0            129s  key-trap-acceptance
  rc=0             61s  linemax-acceptance
  rc=0            174s  lnblank-acceptance
  rc=0             48s  locarg-acceptance
  rc=0             42s  lof-acceptance
  rc=0             91s  lptverb-acceptance
  rc=0             54s  lrvar-acceptance
  rc=0             53s  lvfix-acceptance
  rc=0             20s  nxary-acceptance
  rc=0             21s  nxlist-acceptance
  rc=0             32s  play-acceptance
  rc=0             17s  play-trace-acceptance
  rc=0             23s  readvar-acceptance
  rc=0              9s  runtail-acceptance
  rc=0             32s  sound-acceptance
  rc=0             72s  sprite-trap-acceptance
  rc=0             53s  stop-trap-acceptance
  rc=0            142s  strig-trap-acceptance
  rc=0              0s  subrom-acceptance
  rc=0             71s  tgtspc-acceptance
  rc=0            107s  width-acceptance
  rc=0              9s  eofcas-acceptance
  rc=0            112s  lineerr#1/8
  rc=0            113s  lineerr#2/8
  rc=0            107s  lineerr#3/8
  rc=0            112s  lineerr#4/8
  rc=0            104s  lineerr#5/8
  rc=0            104s  lineerr#6/8
  rc=0             99s  lineerr#7/8
  rc=0             93s  lineerr#8/8
=== 1 post-pool unit(s), SERIAL (they read what the pool just wrote) ===
  rc=0              0s  tiers-md-check

=== wall 1926s (8s build + 1918s gates) ===
GATES: 140/140 green
hashes: 746944c7 fd9b8fc6 7111a2d6 ed9fff35
recorded: this full green battery is now the baseline a future skip must prove itself against
GATE TIER: FULL
  why: --handoff: every hand-off runs the full battery
  why: disk/docs/spec-diskcode-eviction.md: a non-asm ROM input -- treated as shared
  commits since the last full green: 1 (full every 5)
  excluded-five suites: bdos-acceptance diskbasic-acceptance fat-error-acceptance input-devices-acceptance lnblank-say-acceptance
bdos-acceptance exit=0
diskbasic-acceptance exit=0
fat-error-acceptance exit=0
input-devices-acceptance exit=0
lnblank-say-acceptance exit=0
GATE TIER RAN: FULL
