python3 tools/pick_gates.py --run 
=== warm-up (serial build of shared artifacts) ===
warm-up 9s
=== refcache OFF for every unit: a gate measures, it never replays (docs/spec-refcache.md §7) ===
=== emulator tier RUNS: forced by --full ===
=== 4 tree-mutating unit(s), SERIAL (they rewrite a shared tracked file) ===
  rc=0              1s  switch-build-check
  rc=0              7s  diskdep-check
  rc=0              0s  wall-literal-check
  rc=0             67s  selftest-check
  (post-mutator refresh 9s -- the plants moved mtimes, so the pool would otherwise race a rebuild)
=== 147 units, J=8, lineerr in 8 shards, nice=0 solo=None ===
  rc=0              4s  basic-reloc
  rc=0              0s  deps-check
  rc=0              0s  subrom-abi-check
  rc=0              0s  diskrom-abi-check
  rc=0              0s  rom-parts-check
  rc=0              1s  subrom-closure-check
  rc=0             29s  unit-test
  rc=0              1s  deadcode
  rc=0              4s  wall-assertion-check
  rc=0              0s  ram-claim-check
  rc=0              2s  ram-map-check
  rc=0              0s  build-assert-check
  rc=0              5s  needle-case-check
  rc=0              0s  redundant-load-check
  rc=0              2s  rowshape-check
  rc=0              7s  injector-check
  rc=0              0s  dead-alias-check
  rc=0              2s  hostkill-check
  rc=0              1s  temp-root-check
  rc=0              5s  todo-citation-check
  rc=0              0s  todo-marker-check
  rc=0              0s  deferral-pin-check
  rc=0              1s  error-alphabet-check
  rc=0              3s  chokepoint-check
  rc=0              0s  filed-pin-check
  rc=0              3s  disk-mount-check
  rc=0              0s  shared-body-check
  rc=0              0s  probe-reach-check
  rc=0              0s  battery-membership-check
  rc=0              0s  fixture-integrity-check
  rc=0              0s  hook-equate-check
  rc=0              1s  preflight-check
  rc=0              5s  latch-check
  rc=0            745s  kwsweep
  rc=0           1654s  kwtime
  rc=0           1913s  kwram
  rc=0             12s  patch-freshness-check
  rc=0              3s  refcache-check
  rc=0              0s  knife-guard-check
  rc=0              1s  knife-rom-guard-check
  rc=0              0s  deffn-selftest
  rc=0              0s  probe-sides-selftest
  rc=0              1s  banner-acceptance
  rc=0             34s  string-acceptance
  rc=0             19s  str-domain-acceptance
  rc=0             20s  strparen-acceptance
  rc=0             61s  penderr-acceptance
  rc=0             59s  missing-acceptance
  rc=0             11s  error-acceptance
  rc=0             77s  error-trap-acceptance
  rc=0            113s  onerr0-acceptance
  rc=0            147s  math-acceptance
  rc=0            108s  float-acceptance
  rc=0             69s  intarg-acceptance
  rc=0             53s  logicops-acceptance
  rc=0            245s  screenerr-acceptance
  rc=0             51s  tmfp-acceptance
  rc=0             69s  stmtpend-acceptance
  rc=0            135s  array-acceptance
  rc=0            133s  deffn-strict
  rc=0            397s  graphics-acceptance
  rc=0             61s  abort-acceptance
  rc=0            143s  interval-trap-acceptance
  rc=0            104s  clearpool-acceptance
  rc=0            128s  stackpool-acceptance
  rc=0            162s  trapdepth-acceptance
  rc=0             64s  trapsvc-acceptance
  rc=0             79s  ctlcross-acceptance
  rc=0            675s  ctllim-acceptance
  rc=0            545s  ramfree-acceptance
  rc=0             10s  txtceil-acceptance
  rc=0              3s  runline-acceptance
  rc=0             11s  keystr-acceptance
  rc=0              9s  loc-acceptance
  rc=0              8s  dskio-acceptance
  rc=0             15s  copy-acceptance
  rc=0              6s  screditor-acceptance
  rc=0             17s  nodiskerr-acceptance
  rc=0             19s  parennest-acceptance
  rc=0             10s  diskascii-acceptance
  rc=0             14s  cursor-acceptance
  rc=0             83s  time-acceptance
  rc=0            305s  namspc-acceptance
  rc=0             95s  arrdim-acceptance
  rc=0             16s  asciidigit-acceptance
  rc=0             60s  arylv-acceptance
  rc=0             53s  badfnum-acceptance
  rc=0              8s  beep-acceptance
  rc=0             21s  binfre-acceptance
  rc=0             42s  perf-pin-check
  rc=0             13s  cassave-acceptance
  rc=0            115s  castail-acceptance
  rc=0              9s  cas-ascii-acceptance
  rc=0             33s  wprotect-acceptance
  rc=0            134s  deffn-acceptance
  rc=0             56s  direct-ctrl-acceptance
  rc=0             13s  dskmsg-acceptance
  rc=0             84s  editverb-acceptance
  rc=0             33s  fldary-acceptance
  rc=0             95s  fldwidth-acceptance
  rc=0             43s  forvar-acceptance
  rc=0             60s  gicini-acceptance
  rc=0              4s  graphics-floor-acceptance
  rc=0            124s  ifsem-acceptance
  rc=0              4s  input-acceptance
  rc=0            108s  nodisk-acceptance
  rc=0             82s  pusing-acceptance
  rc=0             40s  catterm-acceptance
  rc=0             16s  catusr-acceptance
  rc=0             13s  nameord-acceptance
  rc=0             14s  namegate-acceptance
  rc=0             37s  inputary-acceptance
  rc=0            129s  key-trap-acceptance
  rc=0             62s  linemax-acceptance
  rc=0            156s  lnblank-acceptance
  rc=0             51s  locarg-acceptance
  rc=0             37s  lof-acceptance
  rc=0             90s  lptverb-acceptance
  rc=0             50s  lrvar-acceptance
  rc=0             46s  lvfix-acceptance
  rc=0             17s  nxary-acceptance
  rc=0             23s  nxlist-acceptance
  rc=0             33s  play-acceptance
  rc=0             16s  play-trace-acceptance
  rc=0             17s  readvar-acceptance
  rc=0              5s  runtail-acceptance
  rc=0             26s  sound-acceptance
  rc=0             72s  sprite-trap-acceptance
  rc=0             53s  stop-trap-acceptance
  rc=0            143s  strig-trap-acceptance
  rc=0              0s  subrom-acceptance
  rc=0             66s  tgtspc-acceptance
  rc=0            112s  width-acceptance
  rc=0              6s  eofcas-acceptance
  rc=0             13s  wrblkalt-acceptance
  rc=0              7s  savedate-acceptance
  rc=0              6s  dosdate-acceptance
  rc=0              1s  strout-acceptance
  rc=0              2s  dosbasic-acceptance
  rc=0            106s  lineerr#1/8
  rc=0            113s  lineerr#2/8
  rc=0            112s  lineerr#3/8
  rc=0            111s  lineerr#4/8
  rc=0            107s  lineerr#5/8
  rc=0             99s  lineerr#6/8
  rc=0            101s  lineerr#7/8
  rc=0             95s  lineerr#8/8
=== 1 post-pool unit(s), SERIAL (they read what the pool just wrote) ===
  rc=0              0s  tiers-md-check

=== wall 1928s (9s build + 1920s gates) ===
GATES: 145/145 green
hashes: f339a3e6 c1ccbe97 37f220dd fff31aaa
recorded: this full green battery is now the baseline a future skip must prove itself against
GATE TIER: FULL
  why: disk/docs/spec-diskcode-eviction.md: a non-asm ROM input -- treated as shared
  commits since the last full green: 3 (full every 5)
  excluded-five suites: bdos-acceptance diskbasic-acceptance fat-error-acceptance input-devices-acceptance lnblank-say-acceptance
bdos-acceptance exit=0
diskbasic-acceptance exit=0
fat-error-acceptance exit=0
input-devices-acceptance exit=0
lnblank-say-acceptance exit=0
GATE TIER RAN: FULL
