python3 tools/pick_gates.py --run 
=== warm-up (serial build of shared artifacts) ===
warm-up 9s
=== refcache OFF for every unit: a gate measures, it never replays (docs/spec-refcache.md §7) ===
=== emulator tier RUNS: forced by --full ===
=== 4 tree-mutating unit(s), SERIAL (they rewrite a shared tracked file) ===
  rc=0              1s  switch-build-check
  rc=0              7s  diskdep-check
  rc=0              0s  wall-literal-check
  rc=0             67s  selftest-check
  (post-mutator refresh 9s -- the plants moved mtimes, so the pool would otherwise race a rebuild)
=== 147 units, J=8, lineerr in 8 shards, nice=0 solo=None ===
  rc=0              4s  basic-reloc
  rc=0              0s  deps-check
  rc=0              0s  subrom-abi-check
  rc=0              0s  diskrom-abi-check
  rc=0              0s  rom-parts-check
  rc=0              1s  subrom-closure-check
  rc=0             29s  unit-test
  rc=0              1s  deadcode
  rc=0              4s  wall-assertion-check
  rc=0              0s  ram-claim-check
  rc=0              2s  ram-map-check
  rc=0              0s  build-assert-check
  rc=0              5s  needle-case-check
  rc=0              0s  redundant-load-check
  rc=0              2s  rowshape-check
  rc=0              6s  injector-check
  rc=0              0s  dead-alias-check
  rc=0              2s  hostkill-check
  rc=0              1s  temp-root-check
  rc=0              4s  todo-citation-check
  rc=0              1s  todo-marker-check
  rc=0              0s  deferral-pin-check
  rc=0              1s  error-alphabet-check
  rc=0              3s  chokepoint-check
  rc=0              0s  filed-pin-check
  rc=0              3s  disk-mount-check
  rc=0              0s  shared-body-check
  rc=0              0s  probe-reach-check
  rc=0              0s  battery-membership-check
  rc=0              0s  fixture-integrity-check
  rc=0              0s  hook-equate-check
  rc=0              1s  preflight-check
  rc=0              4s  latch-check
  rc=0            570s  kwsweep
  rc=0           1591s  kwtime
  rc=0           1931s  kwram
  rc=2             12s  patch-freshness-check
  rc=0              3s  refcache-check
  rc=0              0s  knife-guard-check
  rc=0              1s  knife-rom-guard-check
  rc=0              0s  deffn-selftest
  rc=0              0s  probe-sides-selftest
  rc=0              0s  banner-acceptance
  rc=0             30s  string-acceptance
  rc=0             17s  str-domain-acceptance
  rc=0             14s  strparen-acceptance
  rc=0             52s  penderr-acceptance
  rc=0             58s  missing-acceptance
  rc=0              8s  error-acceptance
  rc=0             55s  error-trap-acceptance
  rc=0             92s  onerr0-acceptance
  rc=0            131s  math-acceptance
  rc=0             76s  float-acceptance
  rc=0             62s  intarg-acceptance
  rc=0             38s  logicops-acceptance
  rc=0            231s  screenerr-acceptance
  rc=0             42s  tmfp-acceptance
  rc=0             57s  stmtpend-acceptance
  rc=0            108s  array-acceptance
  rc=0            122s  deffn-strict
  rc=0            363s  graphics-acceptance
  rc=0             55s  abort-acceptance
  rc=0            139s  interval-trap-acceptance
  rc=0             87s  clearpool-acceptance
  rc=0            118s  stackpool-acceptance
  rc=0            163s  trapdepth-acceptance
  rc=0             62s  trapsvc-acceptance
  rc=0             66s  ctlcross-acceptance
  rc=0            662s  ctllim-acceptance
  rc=0            539s  ramfree-acceptance
  rc=0             18s  txtceil-acceptance
  rc=0              3s  runline-acceptance
  rc=0             11s  keystr-acceptance
  rc=0              8s  loc-acceptance
  rc=0              4s  dskio-acceptance
  rc=0             17s  copy-acceptance
  rc=0              7s  screditor-acceptance
  rc=0             17s  nodiskerr-acceptance
  rc=0             19s  parennest-acceptance
  rc=0              5s  diskascii-acceptance
  rc=0             13s  cursor-acceptance
  rc=0             85s  time-acceptance
  rc=0            300s  namspc-acceptance
  rc=0            100s  arrdim-acceptance
  rc=0             21s  asciidigit-acceptance
  rc=0             62s  arylv-acceptance
  rc=0             59s  badfnum-acceptance
  rc=0              4s  beep-acceptance
  rc=0             31s  binfre-acceptance
  rc=0             42s  perf-pin-check
  rc=0             13s  cassave-acceptance
  rc=0            123s  castail-acceptance
  rc=0              9s  cas-ascii-acceptance
  rc=0             33s  wprotect-acceptance
  rc=0            137s  deffn-acceptance
  rc=0             53s  direct-ctrl-acceptance
  rc=0             16s  dskmsg-acceptance
  rc=0             87s  editverb-acceptance
  rc=0             34s  fldary-acceptance
  rc=0             92s  fldwidth-acceptance
  rc=0             35s  forvar-acceptance
  rc=0             52s  gicini-acceptance
  rc=0              3s  graphics-floor-acceptance
  rc=0            127s  ifsem-acceptance
  rc=0              4s  input-acceptance
  rc=0            110s  nodisk-acceptance
  rc=0             89s  pusing-acceptance
  rc=0             41s  catterm-acceptance
  rc=0             18s  catusr-acceptance
  rc=0             13s  nameord-acceptance
  rc=0             16s  namegate-acceptance
  rc=0             34s  inputary-acceptance
  rc=0            134s  key-trap-acceptance
  rc=0             61s  linemax-acceptance
  rc=0            165s  lnblank-acceptance
  rc=0             51s  locarg-acceptance
  rc=0             42s  lof-acceptance
  rc=0             93s  lptverb-acceptance
  rc=0             53s  lrvar-acceptance
  rc=0             59s  lvfix-acceptance
  rc=0             20s  nxary-acceptance
  rc=0             29s  nxlist-acceptance
  rc=0             33s  play-acceptance
  rc=0             11s  play-trace-acceptance
  rc=0             23s  readvar-acceptance
  rc=0              7s  runtail-acceptance
  rc=0             33s  sound-acceptance
  rc=0             73s  sprite-trap-acceptance
  rc=0             55s  stop-trap-acceptance
  rc=0            143s  strig-trap-acceptance
  rc=0              0s  subrom-acceptance
  rc=0             72s  tgtspc-acceptance
  rc=0            106s  width-acceptance
  rc=0              6s  eofcas-acceptance
  rc=0             13s  wrblkalt-acceptance
  rc=0              4s  savedate-acceptance
  rc=0              3s  dosdate-acceptance
  rc=0              6s  strout-acceptance
  rc=0              6s  dosbasic-acceptance
  rc=0            114s  lineerr#1/8
  rc=0            116s  lineerr#2/8
  rc=0            114s  lineerr#3/8
  rc=0            113s  lineerr#4/8
  rc=0            103s  lineerr#5/8
  rc=0             96s  lineerr#6/8
  rc=0             85s  lineerr#7/8
  rc=0             85s  lineerr#8/8
=== 1 post-pool unit(s), SERIAL (they read what the pool just wrote) ===
  rc=0              0s  tiers-md-check

=== retrying 1 red unit(s) SERIALLY (flake vs real) ===
  retry patch-freshness-check: rc 2->2  REAL (still red)

=== wall 1955s (9s build + 1946s gates) ===
GATES: 144/145 green
RED: patch-freshness-check
hashes: f339a3e6 c1ccbe97 37f220dd fff31aaa
GATE TIER: FULL
  why: disk/docs/spec-diskcode-eviction.md: a non-asm ROM input -- treated as shared
  commits since the last full green: 1 (full every 5)
  excluded-five suites: bdos-acceptance diskbasic-acceptance fat-error-acceptance input-devices-acceptance lnblank-say-acceptance
bdos-acceptance exit=0
diskbasic-acceptance exit=0
fat-error-acceptance exit=0
input-devices-acceptance exit=0
lnblank-say-acceptance exit=0
GATE TIER RAN: FULL
make: *** [gates-scoped] Error 1
