182 reference-only documented bytes in 27 variables

variable               addr   bytes  ops  D-REHOME / zerobas home
CNSDFG                 $F3DE     1    1  -   [cls]
ATRBYT                 $F3F2     1    1  -   [color]
PRTFLG                 $F416     1    1  -   [print]
TTYPOS                 $F661     1    1  -   [locate]
DIMFLG                 $F662     1   12  -   [dim, for, fre, inkey, int, left, num, peek, rnd, sin, str, strd]
TEMPPT                 $F678     2    4  -   [left, print, str, strd]
TEMPST                 $F67A     3    4  -   [left, print, str, strd]
DSCTMP                 $F698     3    4  -   [left, print, str, strd]
FRETOP                 $F69B     2    2  REJECT-GROUP (zb $E268)   [left, strd]
ENDFOR                 $F6A1     2    1  -   [for]
SUBFLG                 $F6A5     1   11  -   [for, fre, inkey, int, left, num, peek, rnd, sin, str, strd]
TEMP                   $F6A7     2   11  -   [for, fre, inkey, int, left, num, peek, rnd, sin, str, strd]
PRMFLG                 $F7B4     1   11  -   [for, fre, inkey, int, left, num, peek, rnd, sin, str, strd]
ARYTA2                 $F7B5     2   11  -   [for, fre, inkey, int, left, num, peek, rnd, sin, str, strd]
FBUFFR                 $F7C5    18    3  -   [print, sin, strd]
DECCNT                 $F7F4     1    1  -   [sin]
DAC                    $F7F6    14    8  -   [for, fre, num, peek, print, rnd, sin, strd]
HOLD8                  $F806    48    2  -   [rnd, sin]
HOLD2                  $F836     8    2  -   [rnd, sin]
HOLD                   $F83E     8    2  -   [rnd, sin]
ARG                    $F847     9    3  -   [for, rnd, sin]
RNDX                   $F857     8    1  -   [rnd]
PTRFIL                 $F864     2    1  -   [print]
FNKSWI                 $FBCD     1    1  -   [cls]
LINWRK                 $FC18    40    1  -   [cls]
GRPHED                 $FCA6     1    2  -   [cls, locate]
ESCCNT                 $FCA7     1    1  -   [locate]
