python3 tools/run_gates.py 
=== warm-up (serial build of shared artifacts) ===
warm-up 7s
=== refcache OFF for every unit: a gate measures, it never replays (docs/spec-refcache.md §7) ===
=== emulator tier RUNS: ROM images differ from the last green battery ===
=== 4 tree-mutating unit(s), SERIAL (they rewrite a shared tracked file) ===
  rc=0              1s  switch-build-check
  rc=0              5s  diskdep-check
  rc=0              0s  wall-literal-check
  rc=0             45s  selftest-check
  (post-mutator refresh 7s -- the plants moved mtimes, so the pool would otherwise race a rebuild)
=== 118 units, J=8, lineerr in 8 shards, nice=0 solo=None ===
  rc=0              3s  basic-reloc
  rc=0              0s  subrom-abi-check
  rc=0              0s  diskrom-abi-check
  rc=0              0s  rom-parts-check
  rc=0              1s  subrom-closure-check
  rc=0             27s  unit-test
  rc=0              0s  deadcode
  rc=0              3s  wall-assertion-check
  rc=0              0s  ram-claim-check
  rc=0              0s  build-assert-check
  rc=0              3s  needle-case-check
  rc=0              0s  redundant-load-check
  rc=0              1s  rowshape-check
  rc=0              5s  injector-check
  rc=0              1s  temp-root-check
  rc=0              2s  todo-citation-check
  rc=0              0s  todo-marker-check
  rc=0              0s  deferral-pin-check
  rc=0              1s  error-alphabet-check
  rc=0              2s  chokepoint-check
  rc=0              0s  shared-body-check
  rc=0              0s  probe-reach-check
  rc=0              0s  battery-membership-check
  rc=0              0s  fixture-integrity-check
  rc=0              1s  preflight-check
  rc=0              4s  latch-check
  rc=0             19s  kwsweep
  rc=0             11s  patch-freshness-check
  rc=0              1s  refcache-check
  rc=0              0s  knife-guard-check
  rc=0              1s  knife-rom-guard-check
  rc=0              0s  deffn-selftest
  rc=0              0s  probe-sides-selftest
  rc=0              0s  banner-acceptance
  rc=0             27s  string-acceptance
  rc=0             19s  str-domain-acceptance
  rc=0             12s  strparen-acceptance
  rc=0             43s  penderr-acceptance
  rc=0             46s  missing-acceptance
  rc=0             12s  error-acceptance
  rc=0             68s  error-trap-acceptance
  rc=0             93s  onerr0-acceptance
  rc=0            104s  math-acceptance
  rc=0             89s  float-acceptance
  rc=0             58s  intarg-acceptance
  rc=0             43s  logicops-acceptance
  rc=0            234s  screenerr-acceptance
  rc=0             49s  tmfp-acceptance
  rc=0             61s  stmtpend-acceptance
  rc=0            104s  array-acceptance
  rc=0            123s  deffn-strict
  rc=0            364s  graphics-acceptance
  rc=0             54s  abort-acceptance
  rc=0            146s  interval-trap-acceptance
  rc=0             84s  clearpool-acceptance
  rc=0            130s  stackpool-acceptance
  rc=0            151s  trapdepth-acceptance
  rc=0             77s  ctlcross-acceptance
  rc=0            392s  ctllim-acceptance
  rc=0            406s  ramfree-acceptance
  rc=0             12s  txtceil-acceptance
  rc=0             12s  cursor-acceptance
  rc=0             87s  time-acceptance
  rc=0            297s  namspc-acceptance
  rc=0            101s  arrdim-acceptance
  rc=0             52s  arylv-acceptance
  rc=0             58s  badfnum-acceptance
  rc=0              3s  beep-acceptance
  rc=0             21s  binfre-acceptance
  rc=0             26s  cassave-acceptance
  rc=0             82s  castail-acceptance
  rc=0            118s  deffn-acceptance
  rc=0             44s  direct-ctrl-acceptance
  rc=0             11s  dskmsg-acceptance
  rc=0             83s  editverb-acceptance
  rc=0             31s  fldary-acceptance
  rc=0             87s  fldwidth-acceptance
  rc=0             24s  forvar-acceptance
  rc=0             51s  gicini-acceptance
  rc=0              0s  graphics-floor-acceptance
  rc=0            143s  ifsem-acceptance
  rc=0              9s  input-acceptance
  rc=0             54s  nodisk-acceptance
  rc=0             76s  pusing-acceptance
  rc=0             44s  catterm-acceptance
  rc=0             13s  catusr-acceptance
  rc=0             19s  nameord-acceptance
  rc=0             12s  namegate-acceptance
  rc=0             40s  inputary-acceptance
  rc=0            138s  key-trap-acceptance
  rc=0             55s  linemax-acceptance
  rc=0            139s  lnblank-acceptance
  rc=0             37s  locarg-acceptance
  rc=0             43s  lof-acceptance
  rc=0             86s  lptverb-acceptance
  rc=0             57s  lrvar-acceptance
  rc=0             60s  lvfix-acceptance
  rc=0             30s  nxary-acceptance
  rc=0             30s  nxlist-acceptance
  rc=0             29s  play-acceptance
  rc=0             10s  play-trace-acceptance
  rc=0             20s  readvar-acceptance
  rc=0              8s  runtail-acceptance
  rc=0             23s  sound-acceptance
  rc=0             69s  sprite-trap-acceptance
  rc=0             55s  stop-trap-acceptance
  rc=0            153s  strig-trap-acceptance
  rc=0              0s  subrom-acceptance
  rc=0             65s  tgtspc-acceptance
  rc=0             69s  width-acceptance
  rc=0            106s  lineerr#1/8
  rc=0            107s  lineerr#2/8
  rc=0            105s  lineerr#3/8
  rc=0            105s  lineerr#4/8
  rc=0            100s  lineerr#5/8
  rc=0             94s  lineerr#6/8
  rc=0             87s  lineerr#7/8
  rc=0             62s  lineerr#8/8

=== wall 862s (7s build + 856s gates) ===
GATES: 115/115 green
hashes: 3d02bfa8 44dcfac9 7c173af9 0e4e7b26
recorded: this full green battery is now the baseline a future skip must prove itself against
