base ROM d659e799 8abf090a 70c05175 b2717fd0
base rows: {'a.spr': ' 0 , 1 ', 'a.sprbad': ' 5 , 1 ', 'a.sprslot1': ' 0 , 2 ', 't.b1': ' 0 , 1 ', 't.b2': ' 0 , 1 ', 't.b0': ' 5 , 1 ', 't.b3': ' 5 , 1 '}

K-SB1:   ROM d659e799 8abf090a 70c05175 b2717fd0  ->  4ab55a49 8abf090a 70c05175 798a6702
    t.b0: ' 5 , 1 '  held
    t.b1: ' 0 , 1 ' -> ' 5 , 1 '  MOVED
    t.b2: ' 0 , 1 ' -> ' 5 , 1 '  MOVED
    t.b3: ' 5 , 1 '  held
    a.sprbad: ' 5 , 1 '  held
    a.spr: ' 0 , 1 ' -> ' 5 , 1 '  MOVED
    a.sprslot1: ' 0 , 2 ' -> ' 5 , 2 '  MOVED

K-SB2:   ROM d659e799 8abf090a 70c05175 b2717fd0  ->  0534f300 8abf090a 70c05175 6b1b7c42
    t.b0: ' 5 , 1 '  held
    t.b1: ' 0 , 1 '  held
    t.b2: ' 0 , 1 '  held
    t.b3: ' 5 , 1 ' -> ' 0 , 1 '  MOVED
    a.sprbad: ' 5 , 1 '  held
    a.spr: ' 0 , 1 '  held
    a.sprslot1: ' 0 , 2 '  held

K-SB3:   ROM d659e799 8abf090a 70c05175 b2717fd0  ->  75fc14f0 8abf090a 70c05175 c121dc32
    t.b0: ' 5 , 1 '  held
    t.b1: ' 0 , 1 '  held
    t.b2: ' 0 , 1 '  held
    t.b3: ' 5 , 1 '  held
    a.sprbad: ' 5 , 1 '  held
    a.spr: ' 0 , 1 '  held
    a.sprslot1: ' 0 , 2 ' -> ' 99 , 2 '  MOVED

K-SB4:   ROM d659e799 8abf090a 70c05175 b2717fd0  ->  5e3b53a8 8abf090a 70c05175 7fb147b8
    t.b0: ' 5 , 1 ' -> ' 0 , 1 '  MOVED
    t.b1: ' 0 , 1 '  held
    t.b2: ' 0 , 1 ' -> ' 5 , 1 '  MOVED
    t.b3: ' 5 , 1 '  held
    a.sprbad: ' 5 , 1 '  held
    a.spr: ' 0 , 1 '  held
    a.sprslot1: ' 0 , 2 '  held

restore: d659e799 8abf090a 70c05175 b2717fd0 -> d659e799 8abf090a 70c05175 b2717fd0  BYTE-IDENTICAL
