    capture-on-signal: 36 on signal, 0 fell back to the scheduled budget   [signalled at 30.6-64.5 emulated s]
D-SCRERR — SCREEN's mode is a CHECKED BYTE, checked BEFORE the mode is applied    sides: vg8020, cf3300, zb
==============================================================================
ok   t.b1        vg8020=' 0 , 1 '  cf3300=' 0 , 1 '  zb=' 0 , 1 '
ok   t.b2        vg8020=' 0 , 1 '  cf3300=' 0 , 1 '  zb=' 0 , 1 '
DIFF t.b0        vg8020=' 5 , 1 '  cf3300=' 5 , 1 '  zb=' 0 , 1 '
DIFF t.b3        vg8020=' 5 , 1 '  cf3300=' 5 , 1 '  zb=' 0 , 1 '
ok   t.b300      vg8020=' 5 , 1 '  cf3300=' 5 , 1 '  zb=' 5 , 1 '
ok   t.bneg      vg8020=' 5 , 1 '  cf3300=' 5 , 1 '  zb=' 5 , 1 '
ok   t.bbig      vg8020=' 6 , 1 '  cf3300=' 6 , 1 '  zb=' 6 , 1 '
ok   t.p0        vg8020=' 0 , 1 '  cf3300=' 0 , 1 '  zb=' 0 , 1 '
ok   t.p1        vg8020=' 0 , 1 '  cf3300=' 0 , 1 '  zb=' 0 , 1 '
ok   t.p2        vg8020=' 0 , 1 '  cf3300=' 0 , 1 '  zb=' 0 , 1 '
ok   t.p300      vg8020=' 5 , 1 '  cf3300=' 5 , 1 '  zb=' 5 , 1 '
DIFF t.s6        vg8020=' 2 , 1 '  cf3300=' 2 , 1 '  zb=' 0 , 1 '
ROWS: 12 printed, 12 scored — 9 agree, 3 diverge, 0 deferred (not scored)
==============================================================================
9/12 readings agree (73 cases, 4 positive controls, 8 negative controls, 0 row(s) with no oracle, 0 DEFERRED row(s) measured but not scored)
READING: trapped rows are `[ ERR , SCRMOD ]` — the error code and the screen mode the statement LEFT BEHIND, captured in the handler over a `SCREEN 1` seed. Untrapped rows are the clipped screen tail of `RUN`.
SIDES: vg8020,cf3300,zb — SCREEN, ON ERROR, ERR, RESUME, PEEK and WIDTH are core MSX-BASIC, present on every MSX1, so BOTH references are legitimate oracles for every row here
DENOMINATOR: (WHAT `ex_screen` accepts as a mode) x (WHAT IT HAS ALREADY DONE by the time it refuses). The routine has exactly TWO argument positions that reach a value -- the mode and the trailing-argument loop -- and exactly ONE side effect, the `CHGMOD` between them, so the ordering axis is two-valued and fully swept by the o.* rows rather than sampled. The VALUE axis is the one with a real population: an MSX1 accepts 0..3, so the denominator is every boundary the coercion from a FLOAT expression to that range can be asked about -- the mode edges (3/4/5), the byte edges (255/256), the int16 edges (32767/32768, -32768/-32769), past int16 (70000), the sign (-1, and `(1<5)` so the reject cannot be blamed on unary minus), the fractional boundary in BOTH directions (1.4/1.6, and 3.6 where truncate-vs-round changes the ERROR CODE and not just the mode), and a string (literal and variable). Crossed with the four deferred fault codes 11/6/5/13 in the mode position and one in a trailing one. The ARGUMENT-LIST axis is swept structurally, not sampled: bare, statement-terminated, mode omitted, one and two middles omitted, a trailing comma, and the sprite-size argument in and out of ITS domain -- which is every path through ex_screen's `scr_extra` loop. NOT swept: what each mode DOES once set (the graphics gates own that), and the sprite size's persistence across a later bare SCREEN (spec-basic-graphics-g7).
refcache: 0 hit, 36 miss, 36 stored
