python3 tools/run_gates.py 
=== warm-up (serial build of shared artifacts) ===
warm-up 11s
=== refcache OFF for every unit: a gate measures, it never replays (docs/spec-refcache.md §7) ===
=== emulator tier RUNS: probes/tests/tools or the Makefile changed ===
=== 4 tree-mutating unit(s), SERIAL (they rewrite a shared tracked file) ===
  rc=0              1s  switch-build-check
  rc=0              7s  diskdep-check
  rc=0              0s  wall-literal-check
  rc=0             59s  selftest-check
  (post-mutator refresh 11s -- the plants moved mtimes, so the pool would otherwise race a rebuild)
=== 111 units, J=8, lineerr in 8 shards, nice=0 solo=None ===
  rc=0              4s  basic-reloc
  rc=0              0s  subrom-abi-check
  rc=0              0s  diskrom-abi-check
  rc=0              0s  rom-parts-check
  rc=0              1s  subrom-closure-check
  rc=0             39s  unit-test
  rc=0              1s  deadcode
  rc=0              5s  wall-assertion-check
  rc=0              0s  ram-claim-check
  rc=0              0s  redundant-load-check
  rc=0              3s  rowshape-check
  rc=0              7s  injector-check
  rc=0              1s  temp-root-check
  rc=0              3s  todo-citation-check
  rc=0              3s  chokepoint-check
  rc=0              0s  shared-body-check
  rc=0              0s  probe-reach-check
  rc=0              0s  battery-membership-check
  rc=0              0s  fixture-integrity-check
  rc=0              2s  preflight-check
  rc=0             10s  latch-check
  rc=0             41s  kwsweep
  rc=0             20s  patch-freshness-check
  rc=0              8s  refcache-check
  rc=0              0s  knife-guard-check
  rc=0              1s  knife-rom-guard-check
  rc=0              0s  deffn-selftest
  rc=0              4s  banner-acceptance
  rc=0             59s  string-acceptance
  rc=0             44s  str-domain-acceptance
  rc=0             30s  strparen-acceptance
  rc=0            112s  penderr-acceptance
  rc=0            103s  missing-acceptance
  rc=0             15s  error-acceptance
  rc=0            108s  error-trap-acceptance
  rc=0            167s  onerr0-acceptance
  rc=0            224s  math-acceptance
  rc=0            140s  float-acceptance
  rc=0             66s  intarg-acceptance
  rc=0             75s  logicops-acceptance
  rc=0            360s  screenerr-acceptance
  rc=0             93s  tmfp-acceptance
  rc=0            115s  stmtpend-acceptance
  rc=0            205s  array-acceptance
  rc=0            198s  deffn-strict
  rc=0            530s  graphics-acceptance
  rc=0             93s  abort-acceptance
  rc=0            214s  interval-trap-acceptance
  rc=0            136s  clearpool-acceptance
  rc=0            155s  stackpool-acceptance
  rc=0            226s  trapdepth-acceptance
  rc=0            102s  ctlcross-acceptance
  rc=0            597s  ctllim-acceptance
  rc=0            618s  ramfree-acceptance
  rc=0             24s  cursor-acceptance
  rc=0             99s  time-acceptance
  rc=0            326s  namspc-acceptance
  rc=0            144s  arrdim-acceptance
  rc=0             73s  arylv-acceptance
  rc=0             80s  badfnum-acceptance
  rc=0              6s  beep-acceptance
  rc=0             42s  binfre-acceptance
  rc=0             33s  cassave-acceptance
  rc=0            110s  castail-acceptance
  rc=0            166s  deffn-acceptance
  rc=0             64s  direct-ctrl-acceptance
  rc=0             11s  dskmsg-acceptance
  rc=0            104s  editverb-acceptance
  rc=0             39s  fldary-acceptance
  rc=0            128s  fldwidth-acceptance
  rc=0             38s  forvar-acceptance
  rc=0             66s  gicini-acceptance
  rc=0              1s  graphics-floor-acceptance
  rc=0            213s  ifsem-acceptance
  rc=0              8s  input-acceptance
  rc=0             80s  nodisk-acceptance
  rc=0            101s  pusing-acceptance
  rc=0             54s  catterm-acceptance
  rc=0             21s  catusr-acceptance
  rc=0             20s  nameord-acceptance
  rc=0             12s  namegate-acceptance
  rc=0             51s  inputary-acceptance
  rc=0            186s  key-trap-acceptance
  rc=0             81s  linemax-acceptance
  rc=0            244s  lnblank-acceptance
  rc=0             74s  locarg-acceptance
  rc=0             56s  lof-acceptance
  rc=0            114s  lptverb-acceptance
  rc=0             71s  lrvar-acceptance
  rc=0             78s  lvfix-acceptance
  rc=0             27s  nxary-acceptance
  rc=0             29s  nxlist-acceptance
  rc=0             40s  play-acceptance
  rc=0             14s  play-trace-acceptance
  rc=0             24s  readvar-acceptance
  rc=0             13s  runtail-acceptance
  rc=0             31s  sound-acceptance
  rc=0             99s  sprite-trap-acceptance
  rc=0             76s  stop-trap-acceptance
  rc=2            206s  strig-trap-acceptance
  rc=0              0s  subrom-acceptance
  rc=0            101s  tgtspc-acceptance
  rc=0            122s  width-acceptance
  rc=0            149s  lineerr#1/8
  rc=0            147s  lineerr#2/8
  rc=0            146s  lineerr#3/8
  rc=0            137s  lineerr#4/8
  rc=0            128s  lineerr#5/8
  rc=0            117s  lineerr#6/8
  rc=0            112s  lineerr#7/8
  rc=0             98s  lineerr#8/8

=== retrying 1 red unit(s) SERIALLY (flake vs real) ===
  retry strig-trap-acceptance: rc 2->0  FLAKE (green on retry)

=== wall 1347s (11s build + 1336s gates) ===
GATES: 108/108 green
recovered flakes (green on serial retry): strig-trap-acceptance
hashes: fe698e19 aa2caa9c 7d36a467 6bffac04
recorded: this full green battery is now the baseline a future skip must prove itself against
