python3 tools/run_gates.py 
=== warm-up (serial build of shared artifacts) ===
warm-up 6s
=== 44 units, J=8, lineerr in 8 shards, nice=0 solo=None ===
  rc=0      2s  basic-reloc
  rc=0      0s  subrom-abi-check
  rc=0      1s  subrom-closure-check
  rc=0     21s  unit-test
  rc=0      0s  deadcode
  rc=0      2s  wall-assertion-check
  rc=0      0s  redundant-load-check
  rc=0      1s  rowshape-check
  rc=0      3s  injector-check
  rc=0      1s  preflight-check
  rc=0      4s  latch-check
  rc=0      3s  diskdep-check
  rc=0      1s  switch-build-check
  rc=0     29s  kwsweep
  rc=0      0s  deffn-selftest
  rc=0     34s  string-acceptance
  rc=0     18s  str-domain-acceptance
  rc=0     37s  strparen-acceptance
  rc=0    186s  penderr-acceptance
  rc=0     35s  missing-acceptance
  rc=0     13s  error-acceptance
  rc=0     66s  error-trap-acceptance
  rc=0     72s  onerr0-acceptance
  rc=0     99s  math-acceptance
  rc=0     94s  float-acceptance
  rc=0     43s  intarg-acceptance
  rc=0     31s  logicops-acceptance
  rc=0    204s  screenerr-acceptance
  rc=0    153s  tmfp-acceptance
  rc=0    193s  stmtpend-acceptance
  rc=0    116s  array-acceptance
  rc=0    129s  deffn-strict
  rc=0    319s  graphics-acceptance
  rc=0     55s  abort-acceptance
  rc=0    144s  interval-trap-acceptance
  rc=0     72s  clearpool-acceptance
  rc=0    127s  lineerr#1/8
  rc=0    123s  lineerr#2/8
  rc=0    125s  lineerr#3/8
  rc=0    114s  lineerr#4/8
  rc=0    106s  lineerr#5/8
  rc=0    101s  lineerr#6/8
  rc=0     75s  lineerr#7/8
  rc=0     79s  lineerr#8/8

=== wall 445s (6s build + 438s gates) ===
GATES: 37/37 green
hashes: 41b8c4ed ae796ccb 7d27b871
gates rc=0
