python3 tools/run_gates.py 
=== warm-up (serial build of shared artifacts) ===
warm-up 7s
=== refcache OFF for every unit: a gate measures, it never replays (docs/spec-refcache.md §7) ===
=== emulator tier RUNS: probes/tests/tools or the Makefile changed ===
=== 4 tree-mutating unit(s), SERIAL (they rewrite a shared tracked file) ===
  rc=0              1s  switch-build-check
  rc=0              5s  diskdep-check
  rc=0              0s  wall-literal-check
  rc=0             48s  selftest-check
  (post-mutator refresh 7s -- the plants moved mtimes, so the pool would otherwise race a rebuild)
=== 117 units, J=8, lineerr in 8 shards, nice=0 solo=None ===
  rc=0              3s  basic-reloc
  rc=0              0s  subrom-abi-check
  rc=0              0s  diskrom-abi-check
  rc=0              0s  rom-parts-check
  rc=0              1s  subrom-closure-check
  rc=0             27s  unit-test
  rc=0              0s  deadcode
  rc=0              3s  wall-assertion-check
  rc=0              0s  ram-claim-check
  rc=0              0s  build-assert-check
  rc=0              3s  needle-case-check
  rc=0              0s  redundant-load-check
  rc=0              1s  rowshape-check
  rc=0              5s  injector-check
  rc=0              1s  temp-root-check
  rc=0              2s  todo-citation-check
  rc=0              0s  todo-marker-check
  rc=0              0s  deferral-pin-check
  rc=0              1s  error-alphabet-check
  rc=0              2s  chokepoint-check
  rc=0              0s  shared-body-check
  rc=0              0s  probe-reach-check
  rc=0              0s  battery-membership-check
  rc=0              0s  fixture-integrity-check
  rc=0              1s  preflight-check
  rc=0              4s  latch-check
  rc=0             18s  kwsweep
  rc=0             12s  patch-freshness-check
  rc=0              2s  refcache-check
  rc=0              0s  knife-guard-check
  rc=0              1s  knife-rom-guard-check
  rc=0              0s  deffn-selftest
  rc=0              1s  banner-acceptance
  rc=0             36s  string-acceptance
  rc=0             18s  str-domain-acceptance
  rc=0             11s  strparen-acceptance
  rc=0             53s  penderr-acceptance
  rc=0             44s  missing-acceptance
  rc=0             12s  error-acceptance
  rc=0             67s  error-trap-acceptance
  rc=0             91s  onerr0-acceptance
  rc=0            109s  math-acceptance
  rc=0             86s  float-acceptance
  rc=0             43s  intarg-acceptance
  rc=0             35s  logicops-acceptance
  rc=0            231s  screenerr-acceptance
  rc=0             42s  tmfp-acceptance
  rc=0             61s  stmtpend-acceptance
  rc=0            113s  array-acceptance
  rc=0            124s  deffn-strict
  rc=0            373s  graphics-acceptance
  rc=0             55s  abort-acceptance
  rc=0            140s  interval-trap-acceptance
  rc=0             85s  clearpool-acceptance
  rc=0            131s  stackpool-acceptance
  rc=0            152s  trapdepth-acceptance
  rc=0             76s  ctlcross-acceptance
  rc=0            389s  ctllim-acceptance
  rc=0            423s  ramfree-acceptance
  rc=0             19s  txtceil-acceptance
  rc=0             12s  cursor-acceptance
  rc=0             87s  time-acceptance
  rc=0            300s  namspc-acceptance
  rc=0            103s  arrdim-acceptance
  rc=0             54s  arylv-acceptance
  rc=0             61s  badfnum-acceptance
  rc=0              9s  beep-acceptance
  rc=0             24s  binfre-acceptance
  rc=0             27s  cassave-acceptance
  rc=0             77s  castail-acceptance
  rc=0            119s  deffn-acceptance
  rc=0             44s  direct-ctrl-acceptance
  rc=0              9s  dskmsg-acceptance
  rc=0             84s  editverb-acceptance
  rc=0             33s  fldary-acceptance
  rc=0             95s  fldwidth-acceptance
  rc=0             23s  forvar-acceptance
  rc=0             47s  gicini-acceptance
  rc=0              0s  graphics-floor-acceptance
  rc=0            152s  ifsem-acceptance
  rc=0              8s  input-acceptance
  rc=0             56s  nodisk-acceptance
  rc=0             83s  pusing-acceptance
  rc=0             44s  catterm-acceptance
  rc=0             19s  catusr-acceptance
  rc=0             18s  nameord-acceptance
  rc=0              5s  namegate-acceptance
  rc=0             35s  inputary-acceptance
  rc=0            144s  key-trap-acceptance
  rc=0             59s  linemax-acceptance
  rc=0            167s  lnblank-acceptance
  rc=0             40s  locarg-acceptance
  rc=0             43s  lof-acceptance
  rc=0             90s  lptverb-acceptance
  rc=0             57s  lrvar-acceptance
  rc=0             55s  lvfix-acceptance
  rc=0             21s  nxary-acceptance
  rc=0             21s  nxlist-acceptance
  rc=0             29s  play-acceptance
  rc=0             11s  play-trace-acceptance
  rc=0             21s  readvar-acceptance
  rc=0              8s  runtail-acceptance
  rc=0             22s  sound-acceptance
  rc=0             71s  sprite-trap-acceptance
  rc=0             56s  stop-trap-acceptance
  rc=0            150s  strig-trap-acceptance
  rc=0              0s  subrom-acceptance
  rc=0             69s  tgtspc-acceptance
  rc=0             79s  width-acceptance
  rc=0            114s  lineerr#1/8
  rc=0            114s  lineerr#2/8
  rc=0            110s  lineerr#3/8
  rc=0            107s  lineerr#4/8
  rc=0            110s  lineerr#5/8
  rc=0            103s  lineerr#6/8
  rc=0             90s  lineerr#7/8
  rc=0             68s  lineerr#8/8

=== wall 878s (7s build + 871s gates) ===
GATES: 114/114 green
hashes: bd950846 8abf090a 6c5345c2 70c05175
recorded: this full green battery is now the baseline a future skip must prove itself against
