=== warm-up (serial build of shared artifacts) ===
warm-up 8s
=== 47 units, J=8, lineerr in 8 shards, nice=0 solo=None ===
  rc=0              2s  basic-reloc
  rc=0              0s  subrom-abi-check
  rc=0              1s  subrom-closure-check
  rc=0             23s  unit-test
  rc=0              0s  deadcode
  rc=0              2s  wall-assertion-check
  rc=0              0s  redundant-load-check
  rc=0              1s  rowshape-check
  rc=0              4s  injector-check
  rc=0              0s  temp-root-check
  rc=0              1s  todo-citation-check
  rc=0              1s  preflight-check
  rc=0              4s  latch-check
  rc=0              4s  diskdep-check
  rc=0              1s  switch-build-check
  rc=0             18s  kwsweep
  rc=0              6s  patch-freshness-check
  rc=0              0s  deffn-selftest
  rc=0             36s  string-acceptance
  rc=0             19s  str-domain-acceptance
  rc=0             42s  strparen-acceptance
  rc=0            172s  penderr-acceptance
  rc=0             44s  missing-acceptance
  rc=0             16s  error-acceptance
  rc=0             69s  error-trap-acceptance
  rc=0             78s  onerr0-acceptance
  rc=0            101s  math-acceptance
  rc=0             86s  float-acceptance
  rc=0             48s  intarg-acceptance
  rc=0             36s  logicops-acceptance
  rc=0            202s  screenerr-acceptance
  rc=0            144s  tmfp-acceptance
  rc=0            182s  stmtpend-acceptance
  rc=0            107s  array-acceptance
  rc=0            118s  deffn-strict
  rc=0            314s  graphics-acceptance
  rc=0             59s  abort-acceptance
  rc=0            144s  interval-trap-acceptance
  rc=0             74s  clearpool-acceptance
  rc=0            114s  lineerr#1/8
  rc=0            114s  lineerr#2/8
  rc=0            114s  lineerr#3/8
  rc=0            110s  lineerr#4/8
  rc=0            103s  lineerr#5/8
  rc=0             93s  lineerr#6/8
  rc=0             75s  lineerr#7/8
  rc=0             73s  lineerr#8/8

=== wall 432s (8s build + 425s gates) ===
GATES: 40/40 green
hashes: 350db281 33ba143a eced167f
