  ran vg8020  sp.ok     '0 30'
  ran vg8020  sp.noc    '0 30'
  ran vg8020  sp.none   '0 209'
  ran vg8020  sp.5comma '2 30'
  ran vg8020  sp.5arg   '2 30'
  ran vg8020  sp.5colon '2 30'
  ran vg8020  sp.incomp '2 209'
  ran vg8020  sp.barep  '2 209'
  ran cf3300  sp.ok     '0 30'
  ran cf3300  sp.noc    '0 30'
  ran cf3300  sp.none   '0 209'
  ran cf3300  sp.5comma '2 30'
  ran cf3300  sp.5arg   '2 30'
  ran cf3300  sp.5colon '2 30'
  ran cf3300  sp.incomp '2 209'
  ran cf3300  sp.barep  '2 209'
  ran zb      sp.ok     '0 30'
  ran zb      sp.noc    '0 30'
  ran zb      sp.none   '0 209'
  ran zb      sp.5comma '2 209'
  ran zb      sp.5arg   '2 209'
  ran zb      sp.5colon '2 209'
  ran zb      sp.incomp '2 209'
  ran zb      sp.barep  '2 209'

  sp.ok      vg8020='0 30'  cf3300='0 30'  zb='0 30'
  sp.noc     vg8020='0 30'  cf3300='0 30'  zb='0 30'
  sp.none    vg8020='0 209'  cf3300='0 209'  zb='0 209'
  sp.5comma  vg8020='2 30'  cf3300='2 30'  zb='2 209'   *** DIFF
  sp.5arg    vg8020='2 30'  cf3300='2 30'  zb='2 209'   *** DIFF
  sp.5colon  vg8020='2 30'  cf3300='2 30'  zb='2 209'   *** DIFF
  sp.incomp  vg8020='2 209'  cf3300='2 209'  zb='2 209'
  sp.barep   vg8020='2 209'  cf3300='2 209'  zb='2 209'

ROWS: 8 printed, 8 scored -- 3 DIFF
EXIT rc=0
