=== vg8020 (Philips_VG_8020, boot=8.0) ===
  savestate -> /Users/joost/projects/zerobas/scratchpad/ss_diff_states/vg8020
  OK  c.colour   cold='24 4' restore='24 4' raw_eq=True
  OK  c.start    cold='24 4' restore='24 4' raw_eq=True
  OK  c.end      cold='24 4' restore='24 4' raw_eq=True
  OK  c.aspect   cold='24 4' restore='24 4' raw_eq=True
  OK  k.colour   cold='24 4' restore='24 4' raw_eq=True
  OK  k.start    cold='24 4' restore='24 4' raw_eq=True
  OK  k.end      cold='24 4' restore='24 4' raw_eq=True
  OK  k.aspect   cold='24 4' restore='24 4' raw_eq=True
  OK  o.none     cold='0 15' restore='0 15' raw_eq=True
  OK  o.colour   cold='0 15' restore='0 15' raw_eq=True
  OK  o.start    cold='0 5' restore='0 5' raw_eq=True
  OK  o.end      cold='0 5' restore='0 5' raw_eq=True
  OK  x.extra    cold='2 4' restore='2 4' raw_eq=True
  OK  x.extra2   cold='2 5' restore='2 5' raw_eq=True
  OK  r.miss     cold='24 4' restore='24 4' raw_eq=True
  OK  r.nocomma  cold='2 4' restore='2 4' raw_eq=True
  OK  c.ok       cold='0 5' restore='0 5' raw_eq=True
  vg8020: 17 cases, 0 raw-DIFF

=== cf3300 (National_CF-3300, boot=14.0) ===
  savestate -> /Users/joost/projects/zerobas/scratchpad/ss_diff_states/cf3300
  OK  c.colour   cold='24 4' restore='24 4' raw_eq=True
  OK  c.start    cold='24 4' restore='24 4' raw_eq=True
  OK  c.end      cold='24 4' restore='24 4' raw_eq=True
  OK  c.aspect   cold='24 4' restore='24 4' raw_eq=True
  OK  k.colour   cold='24 4' restore='24 4' raw_eq=True
  OK  k.start    cold='24 4' restore='24 4' raw_eq=True
  OK  k.end      cold='24 4' restore='24 4' raw_eq=True
  OK  k.aspect   cold='24 4' restore='24 4' raw_eq=True
  OK  o.none     cold='0 15' restore='0 15' raw_eq=True
  OK  o.colour   cold='0 15' restore='0 15' raw_eq=True
  OK  o.start    cold='0 5' restore='0 5' raw_eq=True
  OK  o.end      cold='0 5' restore='0 5' raw_eq=True
  OK  x.extra    cold='2 4' restore='2 4' raw_eq=True
  OK  x.extra2   cold='2 5' restore='2 5' raw_eq=True
  OK  r.miss     cold='24 4' restore='24 4' raw_eq=True
  OK  r.nocomma  cold='2 4' restore='2 4' raw_eq=True
  OK  c.ok       cold='0 5' restore='0 5' raw_eq=True
  cf3300: 17 cases, 0 raw-DIFF

=== zb (C-BIOS_MSX1_EU_REPACK_DISK, boot=8.0) ===
  savestate -> /Users/joost/projects/zerobas/scratchpad/ss_diff_states/zb
  OK  c.colour   cold='24 4' restore='24 4' raw_eq=True
  OK  c.start    cold='24 4' restore='24 4' raw_eq=True
  OK  c.end      cold='24 4' restore='24 4' raw_eq=True
  OK  c.aspect   cold='24 4' restore='24 4' raw_eq=True
  OK  k.colour   cold='24 4' restore='24 4' raw_eq=True
  OK  k.start    cold='24 4' restore='24 4' raw_eq=True
  OK  k.end      cold='24 4' restore='24 4' raw_eq=True
  OK  k.aspect   cold='24 4' restore='24 4' raw_eq=True
  OK  o.none     cold='0 15' restore='0 15' raw_eq=True
  OK  o.colour   cold='0 15' restore='0 15' raw_eq=True
  OK  o.start    cold='0 5' restore='0 5' raw_eq=True
  OK  o.end      cold='0 5' restore='0 5' raw_eq=True
  OK  x.extra    cold='2 4' restore='2 4' raw_eq=True
  OK  x.extra2   cold='2 5' restore='2 5' raw_eq=True
  OK  r.miss     cold='24 4' restore='24 4' raw_eq=True
  OK  r.nocomma  cold='2 4' restore='2 4' raw_eq=True
  OK  c.ok       cold='0 5' restore='0 5' raw_eq=True
  zb: 17 cases, 0 raw-DIFF

TOTAL raw-DIFF across ['vg8020', 'cf3300', 'zb']: 0
