python3 tools/run_gates.py 
=== warm-up (serial build of shared artifacts) ===
warm-up 7s
=== 44 units, J=8, lineerr in 8 shards, nice=0 solo=None ===
  rc=0      2s  basic-reloc
  rc=0      0s  subrom-abi-check
  rc=0      1s  subrom-closure-check
  rc=0     23s  unit-test
  rc=0      0s  deadcode
  rc=0      2s  wall-assertion-check
  rc=0      0s  redundant-load-check
  rc=0      1s  rowshape-check
  rc=0      3s  injector-check
  rc=0      1s  preflight-check
  rc=0      4s  latch-check
  rc=0      3s  diskdep-check
  rc=0      1s  switch-build-check
  rc=0     28s  kwsweep
  rc=0      0s  deffn-selftest
  rc=0     37s  string-acceptance
  rc=0     19s  str-domain-acceptance
  rc=0     36s  strparen-acceptance
  rc=0    185s  penderr-acceptance
  rc=0     35s  missing-acceptance
  rc=0     13s  error-acceptance
  rc=0     65s  error-trap-acceptance
  rc=0     72s  onerr0-acceptance
  rc=0    102s  math-acceptance
  rc=0     93s  float-acceptance
  rc=0     44s  intarg-acceptance
  rc=0     43s  logicops-acceptance
  rc=0    202s  screenerr-acceptance
  rc=2    159s  tmfp-acceptance
  rc=0    198s  stmtpend-acceptance
  rc=0    115s  array-acceptance
  rc=0    137s  deffn-strict
  rc=0    465s  graphics-acceptance
  rc=0     60s  abort-acceptance
  rc=0    138s  interval-trap-acceptance
  rc=0     73s  clearpool-acceptance
  rc=0    127s  lineerr#1/8
  rc=0    121s  lineerr#2/8
  rc=0    123s  lineerr#3/8
  rc=0    114s  lineerr#4/8
  rc=0    111s  lineerr#5/8
  rc=0    102s  lineerr#6/8
  rc=0     81s  lineerr#7/8
  rc=0     81s  lineerr#8/8

=== retrying 1 red unit(s) SERIALLY (flake vs real) ===
  retry tmfp-acceptance: rc 2->0  FLAKE (green on retry)

=== wall 663s (7s build + 656s gates) ===
GATES: 37/37 green
recovered flakes (green on serial retry): tmfp-acceptance
hashes: 41b8c4ed 1922eaa0 7d27b871
