python3 tools/run_gates.py 
=== warm-up (serial build of shared artifacts) ===
warm-up 7s
=== 45 units, J=8, lineerr in 8 shards, nice=0 solo=None ===
  rc=0      2s  basic-reloc
  rc=0      0s  subrom-abi-check
  rc=0      1s  subrom-closure-check
  rc=0     23s  unit-test
  rc=0      0s  deadcode
  rc=0      2s  wall-assertion-check
  rc=0      0s  redundant-load-check
  rc=0      1s  rowshape-check
  rc=0      3s  injector-check
  rc=0      1s  preflight-check
  rc=0      4s  latch-check
  rc=0     16s  savestate-check
  rc=0      3s  diskdep-check
  rc=0      1s  switch-build-check
  rc=0     38s  kwsweep
  rc=0      0s  deffn-selftest
  rc=0     37s  string-acceptance
  rc=0     18s  str-domain-acceptance
  rc=0     33s  strparen-acceptance
  rc=0    203s  penderr-acceptance
  rc=0     33s  missing-acceptance
  rc=0     12s  error-acceptance
  rc=0     81s  error-trap-acceptance
  rc=0     79s  onerr0-acceptance
  rc=0    103s  math-acceptance
  rc=0     76s  float-acceptance
  rc=0     44s  intarg-acceptance
  rc=0     45s  logicops-acceptance
  rc=0    221s  screenerr-acceptance
  rc=2    170s  tmfp-acceptance
  rc=0    211s  stmtpend-acceptance
  rc=0    109s  array-acceptance
  rc=0    127s  deffn-strict
  rc=0    476s  graphics-acceptance
  rc=0     56s  abort-acceptance
  rc=0    151s  interval-trap-acceptance
  rc=0     54s  clearpool-acceptance
  rc=0    142s  lineerr#1/8
  rc=0    140s  lineerr#2/8
  rc=0    143s  lineerr#3/8
  rc=0    134s  lineerr#4/8
  rc=0    133s  lineerr#5/8
  rc=0    119s  lineerr#6/8
  rc=0     98s  lineerr#7/8
  rc=0     95s  lineerr#8/8

=== retrying 1 red unit(s) SERIALLY (flake vs real) ===
  retry tmfp-acceptance: rc 2->0  FLAKE (green on retry)

=== wall 680s (7s build + 673s gates) ===
GATES: 38/38 green
recovered flakes (green on serial retry): tmfp-acceptance
hashes: 41b8c4ed 1922eaa0 7d27b871
