python3 tools/run_gates.py 
=== warm-up (serial build of shared artifacts) ===
warm-up 7s
=== 45 units, J=8, lineerr in 8 shards, nice=0 solo=None ===
  rc=0      2s  basic-reloc
  rc=0      0s  subrom-abi-check
  rc=0      1s  subrom-closure-check
  rc=0     23s  unit-test
  rc=0      0s  deadcode
  rc=0      2s  wall-assertion-check
  rc=0      0s  redundant-load-check
  rc=0      1s  rowshape-check
  rc=0      3s  injector-check
  rc=0      1s  preflight-check
  rc=0      4s  latch-check
  rc=0     17s  savestate-check
  rc=0      3s  diskdep-check
  rc=0      1s  switch-build-check
  rc=0     39s  kwsweep
  rc=0      0s  deffn-selftest
  rc=0     37s  string-acceptance
  rc=0     18s  str-domain-acceptance
  rc=0     33s  strparen-acceptance
  rc=0    182s  penderr-acceptance
  rc=0     34s  missing-acceptance
  rc=0     19s  error-acceptance
  rc=0     81s  error-trap-acceptance
  rc=0     69s  onerr0-acceptance
  rc=0     94s  math-acceptance
  rc=0     87s  float-acceptance
  rc=0     44s  intarg-acceptance
  rc=0     33s  logicops-acceptance
  rc=0    199s  screenerr-acceptance
  rc=0    148s  tmfp-acceptance
  rc=0    190s  stmtpend-acceptance
  rc=0    108s  array-acceptance
  rc=0    120s  deffn-strict
  rc=0    425s  graphics-acceptance
  rc=0     55s  abort-acceptance
  rc=0    143s  interval-trap-acceptance
  rc=0     75s  clearpool-acceptance
  rc=0    124s  lineerr#1/8
  rc=0    117s  lineerr#2/8
  rc=0    123s  lineerr#3/8
  rc=0    108s  lineerr#4/8
  rc=0    105s  lineerr#5/8
  rc=0     96s  lineerr#6/8
  rc=0     76s  lineerr#7/8
  rc=0     74s  lineerr#8/8

=== wall 555s (7s build + 548s gates) ===
GATES: 38/38 green
hashes: 41b8c4ed 1922eaa0 7d27b871
