python3 tools/run_gates.py 
=== warm-up (serial build of shared artifacts) ===
warm-up 7s
=== 45 units, J=8, lineerr in 8 shards, nice=0 solo=None ===
  rc=0      2s  basic-reloc
  rc=0      0s  subrom-abi-check
  rc=0      1s  subrom-closure-check
  rc=0     22s  unit-test
  rc=0      0s  deadcode
  rc=0      2s  wall-assertion-check
  rc=0      0s  redundant-load-check
  rc=0      1s  rowshape-check
  rc=0      3s  injector-check
  rc=0      1s  preflight-check
  rc=0      4s  latch-check
  rc=0     16s  savestate-check
  rc=0      3s  diskdep-check
  rc=0      1s  switch-build-check
  rc=0     35s  kwsweep
  rc=0      0s  deffn-selftest
  rc=0     36s  string-acceptance
  rc=0     18s  str-domain-acceptance
  rc=0     43s  strparen-acceptance
  rc=0    191s  penderr-acceptance
  rc=0     45s  missing-acceptance
  rc=0     12s  error-acceptance
  rc=0     69s  error-trap-acceptance
  rc=0     75s  onerr0-acceptance
  rc=0    111s  math-acceptance
  rc=0     84s  float-acceptance
  rc=0     49s  intarg-acceptance
  rc=0     36s  logicops-acceptance
  rc=0    209s  screenerr-acceptance
  rc=0    158s  tmfp-acceptance
  rc=0    195s  stmtpend-acceptance
  rc=0    106s  array-acceptance
  rc=0    131s  deffn-strict
  rc=0    463s  graphics-acceptance
  rc=0     54s  abort-acceptance
  rc=0    139s  interval-trap-acceptance
  rc=0     75s  clearpool-acceptance
  rc=0    129s  lineerr#1/8
  rc=0    124s  lineerr#2/8
  rc=1    124s  lineerr#3/8
  rc=0    115s  lineerr#4/8
  rc=0    111s  lineerr#5/8
  rc=0    102s  lineerr#6/8
  rc=0     87s  lineerr#7/8
  rc=0     83s  lineerr#8/8

=== retrying 1 red unit(s) SERIALLY (flake vs real) ===
  retry lineerr#3/8: rc 1->0  FLAKE (green on retry)

=== wall 642s (7s build + 635s gates) ===
GATES: 38/38 green
recovered flakes (green on serial retry): lineerr#3/8
hashes: 41b8c4ed 1922eaa0 7d27b871
