row       VG-8020  [A(X) S$ B FRE | ERR]         zerobas
✗ k2000p20  12345 SENTINEL 21 2000                 12345 SENTINEL 21 1962
✗ k280p0    12345 SENTINEL 1 280                   NO READING
✗ k300p0    12345 SENTINEL 1 296                   12345 SENTINEL 1 266
✗ k300p8    12345 SENTINEL 9 296                   ERR 7 20 12345 SENTINEL
✗ k300p20   12345 SENTINEL 21 296                  ERR 7 20 12345 SENTINEL
  k300a24   ERR 7 20 12345 SENTINEL                ERR 7 20 12345 SENTINEL
✗ k600p20   12345 SENTINEL 21 600                  ERR 7 20 12345 SENTINEL
✗ k900p32   12345 SENTINEL 33 896                  ERR 7 20 12345 SENTINEL
leaf sweep, zerobas: OK = every depth fitted; ERR 7 DEPTH d = the guard refused at d with A(X) intact; CORRUPT / NO READING = a leaf ran below it
  K=280 sin  ERR 7 DEPTH 0 12345
  K=280 log  ERR 7 DEPTH 0 12345
  K=280 val  ERR 7 DEPTH 0 12345
  K=280 str  ERR 7 DEPTH 0 12345
  K=290 sin  ERR 7 DEPTH 0 12345
  K=290 log  ERR 7 DEPTH 0 12345
  K=290 val  ERR 7 DEPTH 0 12345
  K=290 str  ERR 7 DEPTH 0 12345
  K=300 sin  ERR 7 DEPTH 2 12345
  K=300 log  ERR 7 DEPTH 2 12345
  K=300 val  ERR 7 DEPTH 4 12345
  K=300 str  ERR 7 DEPTH 2 12345
  K=310 sin  ERR 7 DEPTH 2 12345
  K=310 log  ERR 7 DEPTH 2 12345
  K=310 val  ERR 7 DEPTH 4 12345
  K=310 str  ERR 7 DEPTH 2 12345
  K=320 sin  ERR 7 DEPTH 4 12345
  K=320 log  ERR 7 DEPTH 4 12345
  K=320 val  ERR 7 DEPTH 4 12345
  K=320 str  ERR 7 DEPTH 4 12345
