frames hold s  vg8020     zb
     1   0.02       0      1   DIFF
     3   0.06       1      1
     5   0.10       1      1
    10   0.20       1      1
    25   0.50       1      1
    50   1.00       4      4
   100   2.00      21     21
frames hold s  vg8020     zb
    30   0.60       1      1
    32   0.64       1      1
    34   0.68       1      1
    36   0.72       1      1
    38   0.76       1      1
    40   0.80       1      1
    42   0.84       2      2
    44   0.88       2      2
    46   0.92       3      3
    48   0.96       4      4
    50   1.00       4      4
    52   1.04       5      5
    54   1.08       6      6
    56   1.12       6      6
    58   1.16       7      7
    60   1.20       8      8
