isolated build artifacts: /tmp/zerobas/unit-zilgcoet
PASS  test_arrays.py
PASS  test_beep.py
PASS  test_capture_budget.py
PASS  test_control_flow.py
PASS  test_ctl_reloc.py
PASS  test_echo_oracle.py
PASS  test_expr.py
PASS  test_fat_alloc_cluster.py
PASS  test_fat_alloc_hint.py
PASS  test_fat_dir_create.py
PASS  test_fat_find.py
PASS  test_fat_have_free_cluster.py
PASS  test_fat_next_cluster.py
PASS  test_fat_read_file_sector.py
PASS  test_fat_write_fat_entry.py
PASS  test_field.py
PASS  test_float.py
PASS  test_fren_collision.py
PASS  test_gdate.py
PASS  test_getdpb.py
PASS  test_graphics.py
PASS  test_harness_guard.py
PASS  test_input.py
PASS  test_key_drain_guard.py
PASS  test_list.py
PASS  test_lnblank_blind.py
PASS  test_mid_stmt.py
PASS  test_msgenc.py
PASS  test_msgsub.py
PASS  test_open_len.py
PASS  test_play_frame_sim.py
PASS  test_play_parse.py
PASS  test_poke.py
PASS  test_print.py
PASS  test_printusing.py
PASS  test_probe_report.py
PASS  test_program.py
PASS  test_rand_straddle.py
PASS  test_rdblk_randrecord.py
PASS  test_repl.py
PASS  test_rrnd_8bit_limit.py
PASS  test_screen.py
PASS  test_sdate.py
PASS  test_sound.py
PASS  test_span_reader.py
PASS  test_statements.py
PASS  test_stmt_dispatch.py
PASS  test_str_compare.py
PASS  test_str_engine.py
PASS  test_str_fn.py
PASS  test_str_verbs.py
PASS  test_strvar.py
PASS  test_tape.py
PASS  test_tokenise.py
PASS  test_traps.py
PASS  test_usr.py
PASS  test_vars.py
PASS  test_vdpio.py
PASS  test_wildcard.py
PASS  test_wrblk_body_e2e.py
PASS  test_wrblk_cursor.py
PASS  test_wrblk_extend.py
PASS  test_wrblk_fsize.py
PASS  test_wrrnd_extend.py
PASS  test_wrseq_position.py

ALL 65 TEST FILE(S) PASSED
