== STOCK
  PC F36B s1=0/0
  PC DF59 s1=0/0
  PC DF5A s1=0/0
  PC DF5D s1=0/0
  PC DF63 s1=0/0
  PC DF64 s1=0/0
  PC DF65 s1=0/0
  PC DF66 s1=0/0
  PC DF68 s1=0/0
  PC 0024 s1=0/0
  PC DE9B s1=0/0
  PC DEC1 s1=0/0
  PC DEC2 s1=0/0
  PC DEC3 s1=0/0
  PC DEC4 s1=0/0
  PC DEC5 s1=0/0
  PC DEC6 s1=0/0
  PC DEC8 s1=0/0
  PC DEC9 s1=0/0
  PC DECA s1=0/0
  PC DECC s1=0/0
  PC DECD s1=0/0
  PC DECE s1=0/0
  PC DECF s1=0/0
  PC DECC s1=0/0
  PC DECD s1=0/0
  PC DECE s1=0/0
  PC DECF s1=0/0
  PC DED1 s1=0/0
  PC DED2 s1=0/0
  PC DED3 s1=0/0
  PC DED4 s1=0/0
  PC DED5 s1=0/0
  PC DED6 s1=0/0
  PC DED8 s1=0/0
  PC DED9 s1=0/0
  PC DEDA s1=0/0
  PC DEDC s1=0/0
  PC DEDE s1=0/0
  PC DEDC s1=0/0
  SCR 20 PHASE=2 |MSX-DOS version 1.03|Copyright 1984 by Microsoft ||COMMAND version 1.08|||A>STROUT|HELLO-STROUT|A>|A>||||||||||||||
  SCR 30 PHASE=2 |MSX-DOS version 1.03|Copyright 1984 by Microsoft ||COMMAND version 1.08|||A>STROUT|HELLO-STROUT|A>|A>||||||||||||||
== OURS
  SCR 20 PHASE=2 |MSX-DOS version 1.03|Copyright 1984 by Microsoft ||A>STROUT||A>|A>STROUT||A>|||||||||||||||
  SCR 30 PHASE=2 |MSX-DOS version 1.03|Copyright 1984 by Microsoft ||A>STROUT||A>|A>STROUT||A>|||||||||||||||
