python3 tools/install-repack-machine.py --merged build/zerobas-main-eu.rom --disk-rom build/disk.rom \
	  --sub-rom build/sub.rom
wrote C-BIOS_MSX1_EU_REPACK_DISK  (-> machine "C-BIOS_MSX1_EU_REPACK_DISK": merged repack ROM in slot 0, zerobas-disk in slot 3-1, zerobas-sub in slot 3-2)
     /Users/joost/.openMSX/share/machines/C-BIOS_MSX1_EU_REPACK_DISK.xml
python3 tools/install-repack-machine.py --merged build/zerobas-main-eu.rom --sub-rom build/sub.rom \
	  --no-disk
wrote C-BIOS_MSX1_EU_REPACK_NODISK  (-> machine "C-BIOS_MSX1_EU_REPACK_NODISK": merged repack ROM in slot 0, slot 3-1 EMPTY (diskless target), zerobas-sub in slot 3-2)
     /Users/joost/.openMSX/share/machines/C-BIOS_MSX1_EU_REPACK_NODISK.xml
python3 probes/basic/basic_probe_sysvarsweep.py \
	        --zb-machine C-BIOS_MSX1_EU_REPACK_DISK --cbios ~/projects/cbios/src/systemvars.asm \
	         
🔴 omsx_repl: NOT CACHING National_CF-3300 -- all 2 echo slots read BLIND/mode (SCRMOD != 0): the capture is not the text plane. The readings below are returned as measured, but they are a scrape of the wrong VRAM plane, not the text screen. A stock MSX1 boots SCREEN 1; this module's scrape assumes SCREEN 0 (40 cols at 0x0000), so a machine whose `reset` does not put it there reads the pattern generator table as if it were text.
🔴 omsx_repl: NOT CACHING National_CF-3300 -- all 2 echo slots read BLIND/mode (SCRMOD != 0): the capture is not the text plane. The readings below are returned as measured, but they are a scrape of the wrong VRAM plane, not the text screen. A stock MSX1 boots SCREEN 1; this module's scrape assumes SCREEN 0 (40 cols at 0x0000), so a machine whose `reset` does not put it there reads the pattern generator table as if it were text.
MSX work-area sweep  $F380..$FFFE (3199 B)   repeat=2
  denominator: 279 named entries from /Users/joost/projects/cbios/src/systemvars.asm
  states     : s0-boot, s1-err, s2-noerr, s3-def, s4-var, s5-width, s6-armed, s7-fired, s8-str4, s9-str20, s10-defint, s11-defstr, s12-scal1, s13-scal3
  sides      : Philips_VG_8020, National_CF-3300, C-BIOS_MSX1_EU_REPACK_DISK
  private    : $E0C8+1, $E1C0+17, $E268+2, $F153+26  (46 B of zerobas' OWN cells, read by the same instrument)

=== static: zerobas symbols sharing a PUBLISHED NAME ===
  44 at the published address, 6 RE-HOMED:
    LPTPOS     zerobas=$EA39   published=$F415
    VALTYP     zerobas=$E0C8   published=$F663
    FRETOP     zerobas=$E268   published=$F69B
    SAVTXT     zerobas=$E1CF   published=$F6AF
    SAVSTK     zerobas=$E1C3   published=$F6B1
    ARYTAB     zerobas=$E1C0   published=$F6C4
  ⚠️ STILL a LOWER BOUND: this matches on the NAME. D-REHOME renamed ERRCODE/ERRLINE to the
     published ERRFLG/ERRLIN so THAT pair is now visible, but a variable re-homed under a
     different spelling would be just as invisible as those two were. See REHOMED above.

=== echo guard (delivery) — a state that cannot be verified on a side yields NO READING there ===
  s0-boot    vg8020=OK  cf3300=OK  zb=OK
  s1-err     vg8020=OK  cf3300=OK  zb=OK
  s2-noerr   vg8020=OK  cf3300=OK  zb=OK
  s3-def     vg8020=OK  cf3300=OK  zb=OK
  s4-var     vg8020=OK  cf3300=OK  zb=OK
  s5-width   vg8020=OK  cf3300=OK  zb=OK
  s6-armed   vg8020=OK  cf3300=OK  zb=OK
  s7-fired   vg8020=OK  cf3300=OK  zb=OK
  s8-str4    vg8020=OK  cf3300=OK  zb=OK
  s9-str20   vg8020=OK  cf3300=OK  zb=OK
  s10-defint vg8020=OK  cf3300=OK  zb=OK
  s11-defstr vg8020=OK  cf3300=OK  zb=OK
  s12-scal1  vg8020=OK  cf3300=OK  zb=OK
  s13-scal3  vg8020=OK  cf3300=OK  zb=OK

=== C-INSTR — read_block vs PEEK, on the byte the finding turns on ===
  vg8020   OK   $F414 peek=8 blk=8  $F3B0 peek=37 blk=37  $F676 peek=1 blk=1  $F3E9 peek=15 blk=15
  cf3300   OK   $F414 peek=8 blk=8  $F3B0 peek=39 blk=39  $F676 peek=1 blk=1  $F3E9 peek=15 blk=15
  zb       OK   $F414 peek=8 blk=8  $F3B0 peek=39 blk=39  $F676 peek=1 blk=1  $F3E9 peek=15 blk=15

=== the RE-HOMING table — published cell vs zerobas' PRIVATE cell ===
  SAME-VAR  = zb's private value EQUALS the refs' published value (same variable, wrong address)
  SAME-ROLE = both move, values differ (same job, different encoding/representation)
  REF-ONLY  = the refs move it, zb's private cell does NOT -> NOT the same variable
  INERT     = neither moves -> ⚠️ this stimulus does not test this variable (a NON-RESULT, never a pass)
  SAME-DELTA= the refs disagree on the ABSOLUTE value (a pointer into machine-dependent RAM) but
              agree on the MOVEMENT, and zerobas moves identically — a reading NO-ORACLE threw away

  VALTYP  pub=$F663+1  zb=$E0C8   REJECT-UNOBSERVABLE
      s1-err      INERT      refs=03->03  zb@pub=00->00  zb@priv=ff->ff
      s2-noerr    INERT      refs=03->03  zb@pub=00->00  zb@priv=ff->ff
      s3-def      INERT      refs=03->03  zb@pub=00->00  zb@priv=ff->ff
      s4-var      ZB-ONLY    refs=03->03  zb@pub=00->00  zb@priv=ff->01
      s5-width    INERT      refs=03->03  zb@pub=00->00  zb@priv=ff->ff
      s6-armed    INERT      refs=03->03  zb@pub=00->00  zb@priv=ff->ff
      s7-fired    INERT      refs=03->03  zb@pub=00->00  zb@priv=ff->ff
      s8-str4     ZB-ONLY    refs=03->03  zb@pub=00->00  zb@priv=ff->01
      s9-str20    ZB-ONLY    refs=03->03  zb@pub=00->00  zb@priv=ff->01
      s10-defint  INERT      refs=03->03  zb@pub=00->00  zb@priv=ff->ff
      s11-defstr  ZB-ONLY    refs=03->03  zb@pub=00->00  zb@priv=ff->01
      s12-scal1   INERT      refs=03->03  zb@pub=00->00  zb@priv=ff->ff
      s13-scal3   INERT      refs=03->03  zb@pub=00->00  zb@priv=ff->ff

  ERRFLG  pub=$F414+1  zb=$F414   HONOURED
      s1-err      SAME-VAR   refs=00->08  zb@pub=00->08  zb@priv=00->08
      s2-noerr    INERT      refs=00->00  zb@pub=00->00  zb@priv=00->00
      s3-def      INERT      refs=00->00  zb@pub=00->00  zb@priv=00->00
      s4-var      INERT      refs=00->00  zb@pub=00->00  zb@priv=00->00
      s5-width    INERT      refs=00->00  zb@pub=00->00  zb@priv=00->00
      s6-armed    INERT      refs=00->00  zb@pub=00->00  zb@priv=00->00
      s7-fired    SAME-VAR   refs=00->08  zb@pub=00->08  zb@priv=00->08
      s8-str4     INERT      refs=00->00  zb@pub=00->00  zb@priv=00->00
      s9-str20    INERT      refs=00->00  zb@pub=00->00  zb@priv=00->00
      s10-defint  INERT      refs=00->00  zb@pub=00->00  zb@priv=00->00
      s11-defstr  INERT      refs=00->00  zb@pub=00->00  zb@priv=00->00
      s12-scal1   INERT      refs=00->00  zb@pub=00->00  zb@priv=00->00
      s13-scal3   INERT      refs=00->00  zb@pub=00->00  zb@priv=00->00

  FRETOP  pub=$F69B+2  zb=$E268   REJECT-GROUP
      s1-err      INERT      vg8020=68f1->68f1  cf3300=5fdc->5fdc   refsΔ=+0  zb@privΔ=+0 (00db->00db)
      s2-noerr    INERT      vg8020=68f1->68f1  cf3300=5fdc->5fdc   refsΔ=+0  zb@privΔ=+0 (00db->00db)
      s3-def      INERT      vg8020=68f1->68f1  cf3300=5fdc->5fdc   refsΔ=+0  zb@privΔ=+0 (00db->00db)
      s4-var      SAME-DELTA vg8020=68f1->67f1  cf3300=5fdc->5edc   refsΔ=-1  zb@privΔ=-1 (00db->ffda)
      s5-width    INERT      vg8020=68f1->68f1  cf3300=5fdc->5fdc   refsΔ=+0  zb@privΔ=+0 (00db->00db)
      s6-armed    INERT      vg8020=68f1->68f1  cf3300=5fdc->5fdc   refsΔ=+0  zb@privΔ=+0 (00db->00db)
      s7-fired    INERT      vg8020=68f1->68f1  cf3300=5fdc->5fdc   refsΔ=+0  zb@privΔ=+0 (00db->00db)
      s8-str4     SAME-DELTA vg8020=68f1->64f1  cf3300=5fdc->5bdc   refsΔ=-4  zb@privΔ=-4 (00db->fcda)
      s9-str20    SAME-DELTA vg8020=68f1->54f1  cf3300=5fdc->4bdc   refsΔ=-20  zb@privΔ=-20 (00db->ecda)
      s10-defint  INERT      vg8020=68f1->68f1  cf3300=5fdc->5fdc   refsΔ=+0  zb@privΔ=+0 (00db->00db)
      s11-defstr  INERT      vg8020=68f1->68f1  cf3300=5fdc->5fdc   refsΔ=+0  zb@privΔ=+0 (00db->00db)
      s12-scal1   INERT      vg8020=68f1->68f1  cf3300=5fdc->5fdc   refsΔ=+0  zb@privΔ=+0 (00db->00db)
      s13-scal3   INERT      vg8020=68f1->68f1  cf3300=5fdc->5fdc   refsΔ=+0  zb@privΔ=+0 (00db->00db)

  SAVTXT  pub=$F6AF+2  zb=$E1CF   REJECT-UNOBSERVABLE
      s1-err      ZB-ONLY    refs=0ff4->0ff4  zb@pub=0000->0000  zb@priv=ffff->00ec
      s2-noerr    ZB-ONLY    refs=0ff4->0ff4  zb@pub=0000->0000  zb@priv=ffff->03ec
      s3-def      ZB-ONLY    refs=0ff4->0ff4  zb@pub=0000->0000  zb@priv=ffff->03ec
      s4-var      ZB-ONLY    refs=0ff4->0ff4  zb@pub=0000->0000  zb@priv=ffff->0aec
      s5-width    ZB-ONLY    refs=0ff4->0ff4  zb@pub=0000->0000  zb@priv=ffff->04ec
      s6-armed    ZB-ONLY    refs=0ff4->0ff4  zb@pub=0000->0000  zb@priv=ffff->1380
      s7-fired    ZB-ONLY    refs=0ff4->0ff4  zb@pub=0000->0000  zb@priv=ffff->2080
      s8-str4     ZB-ONLY    refs=0ff4->0ff4  zb@pub=0000->0000  zb@priv=ffff->0bec
      s9-str20    ZB-ONLY    refs=0ff4->0ff4  zb@pub=0000->0000  zb@priv=ffff->0cec
      s10-defint  ZB-ONLY    refs=0ff4->0ff4  zb@pub=0000->0000  zb@priv=ffff->04ec
      s11-defstr  ZB-ONLY    refs=0ff4->0ff4  zb@pub=0000->0000  zb@priv=ffff->04ec
      s12-scal1   ZB-ONLY    refs=0ff4->0ff4  zb@pub=0000->0000  zb@priv=ffff->04ec
      s13-scal3   ZB-ONLY    refs=0ff4->0ff4  zb@pub=0000->0000  zb@priv=ffff->0cec

  SAVSTK  pub=$F6B1+2  zb=$E1C3   DEFER
      s1-err      ZB-ONLY    vg8020=9ef0->9ef0  cf3300=95db->95db   refsΔ=+0  zb@privΔ=-3349 (ffff->eaf2)
      s2-noerr    ZB-ONLY    vg8020=9ef0->9ef0  cf3300=95db->95db   refsΔ=+0  zb@privΔ=-3349 (ffff->eaf2)
      s3-def      ZB-ONLY    vg8020=9ef0->9ef0  cf3300=95db->95db   refsΔ=+0  zb@privΔ=-3349 (ffff->eaf2)
      s4-var      ZB-ONLY    vg8020=9ef0->9ef0  cf3300=95db->95db   refsΔ=+0  zb@privΔ=-3349 (ffff->eaf2)
      s5-width    ZB-ONLY    vg8020=9ef0->9ef0  cf3300=95db->95db   refsΔ=+0  zb@privΔ=-3349 (ffff->eaf2)
      s6-armed    ZB-ONLY    vg8020=9ef0->9ef0  cf3300=95db->95db   refsΔ=+0  zb@privΔ=-3349 (ffff->eaf2)
      s7-fired    ZB-ONLY    vg8020=9ef0->9ef0  cf3300=95db->95db   refsΔ=+0  zb@privΔ=-3349 (ffff->eaf2)
      s8-str4     ZB-ONLY    vg8020=9ef0->9ef0  cf3300=95db->95db   refsΔ=+0  zb@privΔ=-3349 (ffff->eaf2)
      s9-str20    ZB-ONLY    vg8020=9ef0->9ef0  cf3300=95db->95db   refsΔ=+0  zb@privΔ=-3349 (ffff->eaf2)
      s10-defint  ZB-ONLY    vg8020=9ef0->9ef0  cf3300=95db->95db   refsΔ=+0  zb@privΔ=-3349 (ffff->eaf2)
      s11-defstr  ZB-ONLY    vg8020=9ef0->9ef0  cf3300=95db->95db   refsΔ=+0  zb@privΔ=-3349 (ffff->eaf2)
      s12-scal1   ZB-ONLY    vg8020=9ef0->9ef0  cf3300=95db->95db   refsΔ=+0  zb@privΔ=-3349 (ffff->eaf2)
      s13-scal3   ZB-ONLY    vg8020=9ef0->9ef0  cf3300=95db->95db   refsΔ=+0  zb@privΔ=-3349 (ffff->eaf2)

  ERRLIN  pub=$F6B3+2  zb=$F6B3   HONOURED
      s1-err      SAME-VAR   refs=0000->ffff  zb@pub=0000->ffff  zb@priv=0000->ffff
      s2-noerr    INERT      refs=0000->0000  zb@pub=0000->0000  zb@priv=0000->0000
      s3-def      INERT      refs=0000->0000  zb@pub=0000->0000  zb@priv=0000->0000
      s4-var      INERT      refs=0000->0000  zb@pub=0000->0000  zb@priv=0000->0000
      s5-width    INERT      refs=0000->0000  zb@pub=0000->0000  zb@priv=0000->0000
      s6-armed    INERT      refs=0000->0000  zb@pub=0000->0000  zb@priv=0000->0000
      s7-fired    SAME-VAR   refs=0000->1400  zb@pub=0000->1400  zb@priv=0000->1400
      s8-str4     INERT      refs=0000->0000  zb@pub=0000->0000  zb@priv=0000->0000
      s9-str20    INERT      refs=0000->0000  zb@pub=0000->0000  zb@priv=0000->0000
      s10-defint  INERT      refs=0000->0000  zb@pub=0000->0000  zb@priv=0000->0000
      s11-defstr  INERT      refs=0000->0000  zb@pub=0000->0000  zb@priv=0000->0000
      s12-scal1   INERT      refs=0000->0000  zb@pub=0000->0000  zb@priv=0000->0000
      s13-scal3   INERT      refs=0000->0000  zb@pub=0000->0000  zb@priv=0000->0000

  ONELIN  pub=$F6B9+2  zb=$F6B9   HONOURED
      s1-err      INERT      refs=0000->0000  zb@pub=0000->0000  zb@priv=0000->0000
      s2-noerr    INERT      refs=0000->0000  zb@pub=0000->0000  zb@priv=0000->0000
      s3-def      INERT      refs=0000->0000  zb@pub=0000->0000  zb@priv=0000->0000
      s4-var      INERT      refs=0000->0000  zb@pub=0000->0000  zb@priv=0000->0000
      s5-width    INERT      refs=0000->0000  zb@pub=0000->0000  zb@priv=0000->0000
      s6-armed    SAME-VAR   refs=0000->1580  zb@pub=0000->1580  zb@priv=0000->1580
      s7-fired    SAME-VAR   refs=0000->1c80  zb@pub=0000->1c80  zb@priv=0000->1c80
      s8-str4     INERT      refs=0000->0000  zb@pub=0000->0000  zb@priv=0000->0000
      s9-str20    INERT      refs=0000->0000  zb@pub=0000->0000  zb@priv=0000->0000
      s10-defint  INERT      refs=0000->0000  zb@pub=0000->0000  zb@priv=0000->0000
      s11-defstr  INERT      refs=0000->0000  zb@pub=0000->0000  zb@priv=0000->0000
      s12-scal1   INERT      refs=0000->0000  zb@pub=0000->0000  zb@priv=0000->0000
      s13-scal3   INERT      refs=0000->0000  zb@pub=0000->0000  zb@priv=0000->0000

  ONEFLG  pub=$F6BB+1  zb=$F6BB   HONOURED
      s1-err      INERT      refs=00->00  zb@pub=00->00  zb@priv=00->00
      s2-noerr    INERT      refs=00->00  zb@pub=00->00  zb@priv=00->00
      s3-def      INERT      refs=00->00  zb@pub=00->00  zb@priv=00->00
      s4-var      INERT      refs=00->00  zb@pub=00->00  zb@priv=00->00
      s5-width    INERT      refs=00->00  zb@pub=00->00  zb@priv=00->00
      s6-armed    INERT      refs=00->00  zb@pub=00->00  zb@priv=00->00
      s7-fired    SAME-VAR   refs=00->ff  zb@pub=00->ff  zb@priv=00->ff
      s8-str4     INERT      refs=00->00  zb@pub=00->00  zb@priv=00->00
      s9-str20    INERT      refs=00->00  zb@pub=00->00  zb@priv=00->00
      s10-defint  INERT      refs=00->00  zb@pub=00->00  zb@priv=00->00
      s11-defstr  INERT      refs=00->00  zb@pub=00->00  zb@priv=00->00
      s12-scal1   INERT      refs=00->00  zb@pub=00->00  zb@priv=00->00
      s13-scal3   INERT      refs=00->00  zb@pub=00->00  zb@priv=00->00

  ARYTAB  pub=$F6C4+2  zb=$E1C0   REJECT-GROUP
      s1-err      INERT      refs=0380->0380  zb@pub=0000->0000  zb@priv=0380->0380
      s2-noerr    SAME-VAR   refs=0380->0e80  zb@pub=0000->0000  zb@priv=0380->0e80
      s3-def      INERT      refs=0380->0380  zb@pub=0000->0000  zb@priv=0380->0380
      s4-var      SAME-VAR   refs=0380->1480  zb@pub=0000->0000  zb@priv=0380->1480
      s5-width    INERT      refs=0380->0380  zb@pub=0000->0000  zb@priv=0380->0380
      s6-armed    SAME-VAR   refs=0380->1d80  zb@pub=0000->0000  zb@priv=0380->1d80
      s7-fired    SAME-VAR   refs=0380->2480  zb@pub=0000->0000  zb@priv=0380->2480
      s8-str4     SAME-VAR   refs=0380->0980  zb@pub=0000->0000  zb@priv=0380->0980
      s9-str20    SAME-VAR   refs=0380->0980  zb@pub=0000->0000  zb@priv=0380->0980
      s10-defint  INERT      refs=0380->0380  zb@pub=0000->0000  zb@priv=0380->0380
      s11-defstr  INERT      refs=0380->0380  zb@pub=0000->0000  zb@priv=0380->0380
      s12-scal1   SAME-VAR   refs=0380->0e80  zb@pub=0000->0000  zb@priv=0380->0e80
      s13-scal3   SAME-VAR   refs=0380->2480  zb@pub=0000->0000  zb@priv=0380->2480

  DEFTBL  pub=$F6CA+26 zb=$F6CA   HONOURED
      s1-err      INERT      refs=0808080808080808080808080808080808080808080808080808->0808080808080808080808080808080808080808080808080808  zb@pub=0808080808080808080808080808080808080808080808080808->0808080808080808080808080808080808080808080808080808  zb@priv=0808080808080808080808080808080808080808080808080808->0808080808080808080808080808080808080808080808080808
      s2-noerr    INERT      refs=0808080808080808080808080808080808080808080808080808->0808080808080808080808080808080808080808080808080808  zb@pub=0808080808080808080808080808080808080808080808080808->0808080808080808080808080808080808080808080808080808  zb@priv=0808080808080808080808080808080808080808080808080808->0808080808080808080808080808080808080808080808080808
      s3-def      SAME-VAR   refs=0808080808080808080808080808080808080808080808080808->0208080808080808080808080808080808080808080808080808  zb@pub=0808080808080808080808080808080808080808080808080808->0208080808080808080808080808080808080808080808080808  zb@priv=0808080808080808080808080808080808080808080808080808->0208080808080808080808080808080808080808080808080808
      s4-var      INERT      refs=0808080808080808080808080808080808080808080808080808->0808080808080808080808080808080808080808080808080808  zb@pub=0808080808080808080808080808080808080808080808080808->0808080808080808080808080808080808080808080808080808  zb@priv=0808080808080808080808080808080808080808080808080808->0808080808080808080808080808080808080808080808080808
      s5-width    INERT      refs=0808080808080808080808080808080808080808080808080808->0808080808080808080808080808080808080808080808080808  zb@pub=0808080808080808080808080808080808080808080808080808->0808080808080808080808080808080808080808080808080808  zb@priv=0808080808080808080808080808080808080808080808080808->0808080808080808080808080808080808080808080808080808
      s6-armed    INERT      refs=0808080808080808080808080808080808080808080808080808->0808080808080808080808080808080808080808080808080808  zb@pub=0808080808080808080808080808080808080808080808080808->0808080808080808080808080808080808080808080808080808  zb@priv=0808080808080808080808080808080808080808080808080808->0808080808080808080808080808080808080808080808080808
      s7-fired    INERT      refs=0808080808080808080808080808080808080808080808080808->0808080808080808080808080808080808080808080808080808  zb@pub=0808080808080808080808080808080808080808080808080808->0808080808080808080808080808080808080808080808080808  zb@priv=0808080808080808080808080808080808080808080808080808->0808080808080808080808080808080808080808080808080808
      s8-str4     INERT      refs=0808080808080808080808080808080808080808080808080808->0808080808080808080808080808080808080808080808080808  zb@pub=0808080808080808080808080808080808080808080808080808->0808080808080808080808080808080808080808080808080808  zb@priv=0808080808080808080808080808080808080808080808080808->0808080808080808080808080808080808080808080808080808
      s9-str20    INERT      refs=0808080808080808080808080808080808080808080808080808->0808080808080808080808080808080808080808080808080808  zb@pub=0808080808080808080808080808080808080808080808080808->0808080808080808080808080808080808080808080808080808  zb@priv=0808080808080808080808080808080808080808080808080808->0808080808080808080808080808080808080808080808080808
      s10-defint  SAME-VAR   refs=0808080808080808080808080808080808080808080808080808->0208080808080808080808080808080808080808080808080808  zb@pub=0808080808080808080808080808080808080808080808080808->0208080808080808080808080808080808080808080808080808  zb@priv=0808080808080808080808080808080808080808080808080808->0208080808080808080808080808080808080808080808080808
      s11-defstr  SAME-VAR   refs=0808080808080808080808080808080808080808080808080808->0308080808080808080808080808080808080808080808080808  zb@pub=0808080808080808080808080808080808080808080808080808->0308080808080808080808080808080808080808080808080808  zb@priv=0808080808080808080808080808080808080808080808080808->0308080808080808080808080808080808080808080808080808
      s12-scal1   INERT      refs=0808080808080808080808080808080808080808080808080808->0808080808080808080808080808080808080808080808080808  zb@pub=0808080808080808080808080808080808080808080808080808->0808080808080808080808080808080808080808080808080808  zb@priv=0808080808080808080808080808080808080808080808080808->0808080808080808080808080808080808080808080808080808
      s13-scal3   INERT      refs=0808080808080808080808080808080808080808080808080808->0808080808080808080808080808080808080808080808080808  zb@pub=0808080808080808080808080808080808080808080808080808->0808080808080808080808080808080808080808080808080808  zb@priv=0808080808080808080808080808080808080808080808080808->0808080808080808080808080808080808080808080808080808

  DOT     pub=$F6B5+2  zb=$F6B5   HONOURED
      s1-err      INERT      refs=0000->0000  zb@pub=0000->0000  zb@priv=0000->0000
      s2-noerr    INERT      refs=0000->0000  zb@pub=0000->0000  zb@priv=0000->0000
      s3-def      INERT      refs=0000->0000  zb@pub=0000->0000  zb@priv=0000->0000
      s4-var      INERT      refs=0000->0000  zb@pub=0000->0000  zb@priv=0000->0000
      s5-width    INERT      refs=0000->0000  zb@pub=0000->0000  zb@priv=0000->0000
      s6-armed    SAME-VAR   refs=0000->6400  zb@pub=0000->6400  zb@priv=0000->6400
      s7-fired    SAME-VAR   refs=0000->1400  zb@pub=0000->1400  zb@priv=0000->1400
      s8-str4     INERT      refs=0000->0000  zb@pub=0000->0000  zb@priv=0000->0000
      s9-str20    INERT      refs=0000->0000  zb@pub=0000->0000  zb@priv=0000->0000
      s10-defint  INERT      refs=0000->0000  zb@pub=0000->0000  zb@priv=0000->0000
      s11-defstr  INERT      refs=0000->0000  zb@pub=0000->0000  zb@priv=0000->0000
      s12-scal1   INERT      refs=0000->0000  zb@pub=0000->0000  zb@priv=0000->0000
      s13-scal3   INERT      refs=0000->0000  zb@pub=0000->0000  zb@priv=0000->0000

=== s0-boot  (CONTROL: the 'unset' pin -- every other verdict is a delta from here) ===
    VOLATILE=6  NO-ORACLE=311  INERT=2653  BASE-DIFF=229   (of 3199 B)
      NO-ORACLE breakdown: 26 B in derived 2-byte cells (13 cells), 280 B in cells of another width, 2 B unnamed
        🔴 26 B (13 cells) AGREE ON THE DELTA — an oracle the absolute test threw away: SX, SY, DX, DY, NX, NY …
      BASE-DIFF: 88 BASIC-owned, 141 BIOS-owned/unnamed
  VOLATILE (6):   [per-side repeat-0/repeat-1 of THIS state]
    $F3F6 SCNCNT                 BIOS  vg8020=02/03  cf3300=02/02  zb=03/01
    $F3F7 REPCNT                 BIOS  vg8020=01/01  cf3300=01/01  zb=A6/8B
    $FC9E JIFFY                  BIOS  vg8020=D3/29  cf3300=83/E9  zb=0B/61
    $FC9F JIFFY+1                BIOS  vg8020=01/02  cf3300=03/03  zb=02/02
    $FCA2 INTCNT                 BIOS  vg8020=2D/D7  cf3300=7D/17  zb=00/00
    $FCA3 INTCNT+1               BIOS  vg8020=FE/FD  cf3300=FC/FC  zb=00/00
  BASE-DIFF (229):
    $F39A USRTAB                 BASIC vg8020=5A->5A  cf3300=5A->5A  zb=00->00
    $F39B USRTAB+1               BASIC vg8020=47->47  cf3300=47->47  zb=00->00
    $F39C USRTAB+2               BASIC vg8020=5A->5A  cf3300=5A->5A  zb=00->00
    $F39D USRTAB+3               BASIC vg8020=47->47  cf3300=47->47  zb=00->00
    $F39E USRTAB+4               BASIC vg8020=5A->5A  cf3300=5A->5A  zb=00->00
    $F39F USRTAB+5               BASIC vg8020=47->47  cf3300=47->47  zb=00->00
    $F3A0 USRTAB+6               BASIC vg8020=5A->5A  cf3300=5A->5A  zb=00->00
    $F3A1 USRTAB+7               BASIC vg8020=47->47  cf3300=47->47  zb=00->00
    $F3A2 USRTAB+8               BASIC vg8020=5A->5A  cf3300=5A->5A  zb=00->00
    $F3A3 USRTAB+9               BASIC vg8020=47->47  cf3300=47->47  zb=00->00
    $F3A4 USRTAB+10              BASIC vg8020=5A->5A  cf3300=5A->5A  zb=00->00
    $F3A5 USRTAB+11              BASIC vg8020=47->47  cf3300=47->47  zb=00->00
    $F3A6 USRTAB+12              BASIC vg8020=5A->5A  cf3300=5A->5A  zb=00->00
    $F3A7 USRTAB+13              BASIC vg8020=47->47  cf3300=47->47  zb=00->00
    $F3A8 USRTAB+14              BASIC vg8020=5A->5A  cf3300=5A->5A  zb=00->00
    $F3A9 USRTAB+15              BASIC vg8020=47->47  cf3300=47->47  zb=00->00
    $F3AA USRTAB+16              BASIC vg8020=5A->5A  cf3300=5A->5A  zb=00->00
    $F3AB USRTAB+17              BASIC vg8020=47->47  cf3300=47->47  zb=00->00
    $F3AC USRTAB+18              BASIC vg8020=5A->5A  cf3300=5A->5A  zb=00->00
    $F3AD USRTAB+19              BASIC vg8020=47->47  cf3300=47->47  zb=00->00
    $F3B2 CLMLST                 BASIC vg8020=0E->0E  cf3300=0E->0E  zb=00->00
    $F3DB CLIKSW                 BASIC vg8020=01->01  cf3300=01->01  zb=00->00
    $F3DD CSRX                   BIOS  vg8020=01->01  cf3300=01->01  zb=03->03
    $F3DE CNSDFG                 BASIC vg8020=FF->FF  cf3300=FF->FF  zb=00->00
    $F3E8 TRGFLG                 BIOS  vg8020=F1->F1  cf3300=F1->F1  zb=01->01
    $F3EC MAXUPD                 BASIC vg8020=C3->C3  cf3300=C3->C3  zb=00->00
    $F3EF MINUPD                 BASIC vg8020=C3->C3  cf3300=C3->C3  zb=00->00
    $F3F5 FRCNEW                 BASIC vg8020=FF->FF  cf3300=FF->FF  zb=00->00
    $F3FC CS120                  BASIC vg8020=53->53  cf3300=53->53  zb=00->00
    $F3FD CS120+1                BASIC vg8020=5C->5C  cf3300=5C->5C  zb=00->00
    $F3FE CS120+2                BASIC vg8020=26->26  cf3300=26->26  zb=00->00
    $F3FF CS120+3                BASIC vg8020=2D->2D  cf3300=2D->2D  zb=00->00
    $F400 CS120+4                BASIC vg8020=0F->0F  cf3300=0F->0F  zb=00->00
    $F401 CS240                  BASIC vg8020=25->25  cf3300=25->25  zb=00->00
    $F402 CS240+1                BASIC vg8020=2D->2D  cf3300=2D->2D  zb=00->00
    $F403 CS240+2                BASIC vg8020=0E->0E  cf3300=0E->0E  zb=00->00
    $F404 CS240+3                BASIC vg8020=16->16  cf3300=16->16  zb=00->00
    $F405 CS240+4                BASIC vg8020=1F->1F  cf3300=1F->1F  zb=00->00
    $F406 LOW_                   BASIC vg8020=53->53  cf3300=53->53  zb=00->00
    $F407 LOW_+1                 BASIC vg8020=5C->5C  cf3300=5C->5C  zb=00->00
    $F408 HIGH_                  BASIC vg8020=26->26  cf3300=26->26  zb=00->00
    $F409 HIGH_+1                BASIC vg8020=2D->2D  cf3300=2D->2D  zb=00->00
    $F40A HEADER                 BASIC vg8020=0F->0F  cf3300=0F->0F  zb=00->00
    $F40C ASPCT1+1               BASIC vg8020=01->01  cf3300=01->01  zb=00->00
    $F40E ASPCT2+1               BASIC vg8020=01->01  cf3300=01->01  zb=00->00
    $F40F ENDPRG                 BASIC vg8020=3A->3A  cf3300=3A->3A  zb=00->00
    $F41C CURLIN                 BASIC vg8020=FF->FF  cf3300=FF->FF  zb=00->00
    $F41D CURLIN+1               BASIC vg8020=FF->FF  cf3300=FF->FF  zb=00->00
    $F41E KBFMIN                 BASIC vg8020=3A->3A  cf3300=3A->3A  zb=00->00
    $F55D BUFMIN                 BASIC vg8020=2C->2C  cf3300=2C->2C  zb=00->00
    $F661 TTYPOS                 BIOS  vg8020=00->00  cf3300=00->00  zb=03->03
    $F663 VALTYP                 BIOS  vg8020=03->03  cf3300=03->03  zb=00->00
    $F678 TEMPPT                 BASIC vg8020=7A->7A  cf3300=7A->7A  zb=00->00
    $F679 TEMPPT+1               BASIC vg8020=F6->F6  cf3300=F6->F6  zb=00->00
    $F67A TEMPST                 BASIC vg8020=04->04  cf3300=04->04  zb=00->00
    $F67B TEMPST+1               BASIC vg8020=D7->D7  cf3300=D7->D7  zb=00->00
    $F67C TEMPST+2               BASIC vg8020=3F->3F  cf3300=3F->3F  zb=00->00
    $F698 DSCTMP                 BASIC vg8020=04->04  cf3300=04->04  zb=00->00
    $F699 DSCTMP+1               BASIC vg8020=D7->D7  cf3300=D7->D7  zb=00->00
    $F69A DSCTMP+2               BASIC vg8020=3F->3F  cf3300=3F->3F  zb=00->00
    ... 169 more (--max-rows 0)

=== s1-err  (the filed stimulus (Undefined line number, ERR=8)) ===
    VOLATILE=6  NO-ORACLE=311  DIVERGE=16  HONOURED=16  INERT=2850   (of 3199 B)
      NO-ORACLE breakdown: 26 B in derived 2-byte cells (13 cells), 280 B in cells of another width, 2 B unnamed
        🔴 14 B (7 cells) AGREE ON THE DELTA — an oracle the absolute test threw away: MEMSIZ, STKTOP, FRETOP, SAVSTK, FILTAB, NULBUF …
        12 B (6 cells) disagree on the delta too — NO-ORACLE stands for those
      DIVERGE: 14 BASIC-owned, 2 BIOS-owned/unnamed
  DIVERGE (16):
    $F3DC CSRY                   BIOS  vg8020=06->09  cf3300=06->09  zb=06->08
    $F420 KBUF+1                 BASIC vg8020=00->20  cf3300=00->20  zb=00->00
    $F421 KBUF+2                 BASIC vg8020=00->0E  cf3300=00->0E  zb=00->00
    $F422 KBUF+3                 BASIC vg8020=00->0F  cf3300=00->0F  zb=00->00
    $F423 KBUF+4                 BASIC vg8020=00->27  cf3300=00->27  zb=00->00
    $F424 KBUF+5                 BASIC vg8020=00->0E  cf3300=00->0E  zb=00->00
    $F425 KBUF+6                 BASIC vg8020=00->09  cf3300=00->09  zb=00->00
    $F55E BUF                    BASIC vg8020=00->47  cf3300=00->47  zb=00->00
    $F666 CONTXT                 BASIC vg8020=00->27  cf3300=00->27  zb=00->00
    $F667 CONTXT+1               BASIC vg8020=00->F4  cf3300=00->F4  zb=00->00
    $F668 CONSAV                 BASIC vg8020=00->0E  cf3300=00->0E  zb=00->00
    $F669 CONTYP                 BASIC vg8020=00->02  cf3300=00->02  zb=00->00
    $F66A CONLO                  BASIC vg8020=00->09  cf3300=00->09  zb=00->00
    $F6B7 ERRTXT                 BASIC vg8020=00->1E  cf3300=00->1E  zb=00->00
    $F6B8 ERRTXT+1               BASIC vg8020=00->F4  cf3300=00->F4  zb=00->00
    $FBB7 LINTTB+5               BIOS  vg8020=13->AF  cf3300=13->AF  zb=01->01
    of the 32 B the references MOVE under this stimulus, zerobas matches 16

=== s2-noerr  (CONTROL: separates 'moved because of the ERROR' from 'moved because anything at all was typed') ===
    VOLATILE=6  NO-ORACLE=311  DIVERGE=21  HONOURED=6  INERT=2855   (of 3199 B)
      NO-ORACLE breakdown: 26 B in derived 2-byte cells (13 cells), 280 B in cells of another width, 2 B unnamed
        🔴 14 B (7 cells) AGREE ON THE DELTA — an oracle the absolute test threw away: MEMSIZ, STKTOP, FRETOP, SAVSTK, FILTAB, NULBUF …
        12 B (6 cells) disagree on the delta too — NO-ORACLE stands for those
      DIVERGE: 14 BASIC-owned, 7 BIOS-owned/unnamed
  DIVERGE (21):
    $F3DC CSRY                   BIOS  vg8020=06->08  cf3300=06->08  zb=06->07
    $F420 KBUF+1                 BASIC vg8020=00->EF  cf3300=00->EF  zb=00->00
    $F421 KBUF+2                 BASIC vg8020=00->12  cf3300=00->12  zb=00->00
    $F55E BUF                    BASIC vg8020=00->41  cf3300=00->41  zb=00->00
    $F666 CONTXT                 BASIC vg8020=00->22  cf3300=00->22  zb=00->00
    $F667 CONTXT+1               BASIC vg8020=00->F4  cf3300=00->F4  zb=00->00
    $F668 CONSAV                 BASIC vg8020=00->12  cf3300=00->12  zb=00->00
    $F669 CONTYP                 BASIC vg8020=00->02  cf3300=00->02  zb=00->00
    $F66A CONLO                  BASIC vg8020=00->01  cf3300=00->01  zb=00->00
    $F69D TEMP3                  BASIC vg8020=00->22  cf3300=00->22  zb=00->00
    $F69E TEMP3+1                BASIC vg8020=00->F4  cf3300=00->F4  zb=00->00
    $F6A7 TEMP                   BIOS  vg8020=00->06  cf3300=00->06  zb=00->00
    $F6BC TEMP2                  BIOS  vg8020=00->22  cf3300=00->22  zb=00->00
    $F6BD TEMP2+1                BIOS  vg8020=00->F4  cf3300=00->F4  zb=00->00
    $F6C4 ARYTAB                 BASIC vg8020=03->0E  cf3300=03->0E  zb=00->00
    $F6C6 STREND                 BASIC vg8020=03->0E  cf3300=03->0E  zb=00->00
    $F7B5 ARYTA2                 BASIC vg8020=00->03  cf3300=00->03  zb=00->00
    $F7B6 ARYTA2+1               BASIC vg8020=00->80  cf3300=00->80  zb=00->00
    $F7F6 DAC                    BIOS  vg8020=00->41  cf3300=00->41  zb=00->00
    $F7F7 DAC+1                  BIOS  vg8020=00->10  cf3300=00->10  zb=00->00
    $FBB7 LINTTB+5               BIOS  vg8020=13->AF  cf3300=13->AF  zb=01->01
    of the 27 B the references MOVE under this stimulus, zerobas matches 6

=== s3-def  (exploratory) ===
    VOLATILE=6  NO-ORACLE=311  DIVERGE=5  HONOURED=12  INERT=2865   (of 3199 B)
      NO-ORACLE breakdown: 26 B in derived 2-byte cells (13 cells), 280 B in cells of another width, 2 B unnamed
        🔴 14 B (7 cells) AGREE ON THE DELTA — an oracle the absolute test threw away: MEMSIZ, STKTOP, FRETOP, SAVSTK, FILTAB, NULBUF …
        12 B (6 cells) disagree on the delta too — NO-ORACLE stands for those
      DIVERGE: 3 BASIC-owned, 2 BIOS-owned/unnamed
  DIVERGE (5):
    $F3DC CSRY                   BIOS  vg8020=06->08  cf3300=06->08  zb=06->07
    $F420 KBUF+1                 BASIC vg8020=00->20  cf3300=00->20  zb=00->00
    $F421 KBUF+2                 BASIC vg8020=00->41  cf3300=00->41  zb=00->00
    $F55E BUF                    BASIC vg8020=00->44  cf3300=00->44  zb=00->00
    $FBB7 LINTTB+5               BIOS  vg8020=13->AF  cf3300=13->AF  zb=01->01
    of the 17 B the references MOVE under this stimulus, zerobas matches 12

=== s4-var  (exploratory) ===
    VOLATILE=6  NO-ORACLE=311  DIVERGE=28  HONOURED=13  INERT=2841   (of 3199 B)
      NO-ORACLE breakdown: 26 B in derived 2-byte cells (13 cells), 280 B in cells of another width, 2 B unnamed
        🔴 14 B (7 cells) AGREE ON THE DELTA — an oracle the absolute test threw away: MEMSIZ, STKTOP, FRETOP, SAVSTK, FILTAB, NULBUF …
        12 B (6 cells) disagree on the delta too — NO-ORACLE stands for those
      DIVERGE: 21 BASIC-owned, 7 BIOS-owned/unnamed
  DIVERGE (28):
    $F3DC CSRY                   BIOS  vg8020=06->08  cf3300=06->08  zb=06->07
    $F420 KBUF+1                 BASIC vg8020=00->EF  cf3300=00->EF  zb=00->00
    $F421 KBUF+2                 BASIC vg8020=00->12  cf3300=00->12  zb=00->00
    $F422 KBUF+3                 BASIC vg8020=00->3A  cf3300=00->3A  zb=00->00
    $F423 KBUF+4                 BASIC vg8020=00->42  cf3300=00->42  zb=00->00
    $F424 KBUF+5                 BASIC vg8020=00->24  cf3300=00->24  zb=00->00
    $F425 KBUF+6                 BASIC vg8020=00->EF  cf3300=00->EF  zb=00->00
    $F426 KBUF+7                 BASIC vg8020=00->22  cf3300=00->22  zb=00->00
    $F427 KBUF+8                 BASIC vg8020=00->58  cf3300=00->58  zb=00->00
    $F428 KBUF+9                 BASIC vg8020=00->22  cf3300=00->22  zb=00->00
    $F55E BUF                    BASIC vg8020=00->41  cf3300=00->41  zb=00->00
    $F666 CONTXT                 BASIC vg8020=00->22  cf3300=00->22  zb=00->00
    $F667 CONTXT+1               BASIC vg8020=00->F4  cf3300=00->F4  zb=00->00
    $F668 CONSAV                 BASIC vg8020=00->12  cf3300=00->12  zb=00->00
    $F669 CONTYP                 BASIC vg8020=00->02  cf3300=00->02  zb=00->00
    $F66A CONLO                  BASIC vg8020=00->01  cf3300=00->01  zb=00->00
    $F69D TEMP3                  BASIC vg8020=00->29  cf3300=00->29  zb=00->00
    $F69E TEMP3+1                BASIC vg8020=00->F4  cf3300=00->F4  zb=00->00
    $F6A7 TEMP                   BIOS  vg8020=00->11  cf3300=00->11  zb=00->00
    $F6BC TEMP2                  BIOS  vg8020=00->29  cf3300=00->29  zb=00->00
    $F6BD TEMP2+1                BIOS  vg8020=00->F4  cf3300=00->F4  zb=00->00
    $F6C4 ARYTAB                 BASIC vg8020=03->14  cf3300=03->14  zb=00->00
    $F6C6 STREND                 BASIC vg8020=03->14  cf3300=03->14  zb=00->00
    $F7B5 ARYTA2                 BASIC vg8020=00->0E  cf3300=00->0E  zb=00->00
    $F7B6 ARYTA2+1               BASIC vg8020=00->80  cf3300=00->80  zb=00->00
    $F7F6 DAC                    BIOS  vg8020=00->41  cf3300=00->41  zb=00->00
    $F7F7 DAC+1                  BIOS  vg8020=00->10  cf3300=00->10  zb=00->00
    $FBB7 LINTTB+5               BIOS  vg8020=13->AF  cf3300=13->AF  zb=01->01
    of the 41 B the references MOVE under this stimulus, zerobas matches 13

=== s5-width  (exploratory) ===
    VOLATILE=6  NO-ORACLE=312  DIVERGE=14  HONOURED=11  INERT=2856   (of 3199 B)
      NO-ORACLE breakdown: 26 B in derived 2-byte cells (13 cells), 281 B in cells of another width, 2 B unnamed
        🔴 14 B (7 cells) AGREE ON THE DELTA — an oracle the absolute test threw away: MEMSIZ, STKTOP, FRETOP, SAVSTK, FILTAB, NULBUF …
        12 B (6 cells) disagree on the delta too — NO-ORACLE stands for those
      DIVERGE: 11 BASIC-owned, 3 BIOS-owned/unnamed
  DIVERGE (14):
    $F3DC CSRY                   BIOS  vg8020=06->02  cf3300=06->02  zb=06->01
    $F420 KBUF+1                 BASIC vg8020=00->20  cf3300=00->20  zb=00->00
    $F421 KBUF+2                 BASIC vg8020=00->0F  cf3300=00->0F  zb=00->00
    $F422 KBUF+3                 BASIC vg8020=00->20  cf3300=00->20  zb=00->00
    $F55E BUF                    BASIC vg8020=00->57  cf3300=00->57  zb=00->00
    $F666 CONTXT                 BASIC vg8020=00->23  cf3300=00->23  zb=00->00
    $F667 CONTXT+1               BASIC vg8020=00->F4  cf3300=00->F4  zb=00->00
    $F668 CONSAV                 BASIC vg8020=00->0F  cf3300=00->0F  zb=00->00
    $F669 CONTYP                 BASIC vg8020=00->02  cf3300=00->02  zb=00->00
    $F66A CONLO                  BASIC vg8020=00->20  cf3300=00->20  zb=00->00
    $F69D TEMP3                  BASIC vg8020=00->23  cf3300=00->23  zb=00->00
    $F69E TEMP3+1                BASIC vg8020=00->F4  cf3300=00->F4  zb=00->00
    $F6BC TEMP2                  BIOS  vg8020=00->23  cf3300=00->23  zb=00->00
    $F6BD TEMP2+1                BIOS  vg8020=00->F4  cf3300=00->F4  zb=00->00
    of the 25 B the references MOVE under this stimulus, zerobas matches 11

=== s6-armed  (CONTROL for s7-fired: the handler is ARMED and never FIRES. A variable that moves here too is not error state) ===
    VOLATILE=6  NO-ORACLE=311  DIVERGE=23  HONOURED=45  INERT=2814   (of 3199 B)
      NO-ORACLE breakdown: 26 B in derived 2-byte cells (13 cells), 280 B in cells of another width, 2 B unnamed
        🔴 14 B (7 cells) AGREE ON THE DELTA — an oracle the absolute test threw away: MEMSIZ, STKTOP, FRETOP, SAVSTK, FILTAB, NULBUF …
        12 B (6 cells) disagree on the delta too — NO-ORACLE stands for those
      DIVERGE: 18 BASIC-owned, 5 BIOS-owned/unnamed
  DIVERGE (23):
    $F3DC CSRY                   BIOS  vg8020=06->0C  cf3300=06->0C  zb=06->0B
    $F423 KBUF+4                 BASIC vg8020=00->89  cf3300=00->89  zb=00->00
    $F424 KBUF+5                 BASIC vg8020=00->20  cf3300=00->20  zb=00->00
    $F425 KBUF+6                 BASIC vg8020=00->0E  cf3300=00->0E  zb=00->00
    $F426 KBUF+7                 BASIC vg8020=00->64  cf3300=00->64  zb=00->00
    $F55E BUF                    BASIC vg8020=00->52  cf3300=00->52  zb=00->00
    $F666 CONTXT                 BASIC vg8020=00->0E  cf3300=00->0E  zb=00->00
    $F667 CONTXT+1               BASIC vg8020=00->80  cf3300=00->80  zb=00->00
    $F668 CONSAV                 BASIC vg8020=00->0E  cf3300=00->0E  zb=00->00
    $F669 CONTYP                 BASIC vg8020=00->02  cf3300=00->02  zb=00->00
    $F66A CONLO                  BASIC vg8020=00->64  cf3300=00->64  zb=00->00
    $F6AB AUTLIN                 BASIC vg8020=00->64  cf3300=00->64  zb=00->00
    $F6BE OLDLIN                 BASIC vg8020=00->14  cf3300=00->14  zb=00->00
    $F6C0 OLDTXT                 BASIC vg8020=00->14  cf3300=00->14  zb=00->00
    $F6C1 OLDTXT+1               BASIC vg8020=00->80  cf3300=00->80  zb=00->00
    $F6C2 VARTAB                 BASIC vg8020=03->1D  cf3300=03->1D  zb=00->00
    $F6C4 ARYTAB                 BASIC vg8020=03->1D  cf3300=03->1D  zb=00->00
    $F6C6 STREND                 BASIC vg8020=03->1D  cf3300=03->1D  zb=00->00
    $F7C7 FBUFFR+2               BASIC vg8020=32->20  cf3300=32->20  zb=00->00
    $FBB7 LINTTB+5               BIOS  vg8020=13->AF  cf3300=13->AF  zb=01->01
    $FBB8 LINTTB+6               BIOS  vg8020=12->AF  cf3300=12->AF  zb=01->01
    $FBB9 LINTTB+7               BIOS  vg8020=11->AF  cf3300=11->AF  zb=01->01
    $FBBA LINTTB+8               BIOS  vg8020=10->AF  cf3300=10->AF  zb=01->01
    of the 68 B the references MOVE under this stimulus, zerobas matches 45

=== s7-fired  (the trap FIRES: ONEFLG/ERRFLG/ERRLIN live, and ERRLIN is a real line number (20) rather than direct mode) ===
    VOLATILE=6  NO-ORACLE=311  DIVERGE=24  HONOURED=48  INERT=2810   (of 3199 B)
      NO-ORACLE breakdown: 26 B in derived 2-byte cells (13 cells), 280 B in cells of another width, 2 B unnamed
        🔴 14 B (7 cells) AGREE ON THE DELTA — an oracle the absolute test threw away: MEMSIZ, STKTOP, FRETOP, SAVSTK, FILTAB, NULBUF …
        12 B (6 cells) disagree on the delta too — NO-ORACLE stands for those
      DIVERGE: 19 BASIC-owned, 5 BIOS-owned/unnamed
  DIVERGE (24):
    $F3DC CSRY                   BIOS  vg8020=06->0C  cf3300=06->0C  zb=06->0B
    $F423 KBUF+4                 BASIC vg8020=00->27  cf3300=00->27  zb=00->00
    $F424 KBUF+5                 BASIC vg8020=00->0E  cf3300=00->0E  zb=00->00
    $F425 KBUF+6                 BASIC vg8020=00->09  cf3300=00->09  zb=00->00
    $F55E BUF                    BASIC vg8020=00->52  cf3300=00->52  zb=00->00
    $F666 CONTXT                 BASIC vg8020=00->1B  cf3300=00->1B  zb=00->00
    $F667 CONTXT+1               BASIC vg8020=00->80  cf3300=00->80  zb=00->00
    $F668 CONSAV                 BASIC vg8020=00->0E  cf3300=00->0E  zb=00->00
    $F669 CONTYP                 BASIC vg8020=00->02  cf3300=00->02  zb=00->00
    $F66A CONLO                  BASIC vg8020=00->09  cf3300=00->09  zb=00->00
    $F6AB AUTLIN                 BASIC vg8020=00->64  cf3300=00->64  zb=00->00
    $F6B7 ERRTXT                 BASIC vg8020=00->0E  cf3300=00->0E  zb=00->00
    $F6B8 ERRTXT+1               BASIC vg8020=00->80  cf3300=00->80  zb=00->00
    $F6BE OLDLIN                 BASIC vg8020=00->64  cf3300=00->64  zb=00->00
    $F6C0 OLDTXT                 BASIC vg8020=00->21  cf3300=00->21  zb=00->00
    $F6C1 OLDTXT+1               BASIC vg8020=00->80  cf3300=00->80  zb=00->00
    $F6C2 VARTAB                 BASIC vg8020=03->24  cf3300=03->24  zb=00->00
    $F6C4 ARYTAB                 BASIC vg8020=03->24  cf3300=03->24  zb=00->00
    $F6C6 STREND                 BASIC vg8020=03->24  cf3300=03->24  zb=00->00
    $F7C7 FBUFFR+2               BASIC vg8020=32->20  cf3300=32->20  zb=00->00
    $FBB7 LINTTB+5               BIOS  vg8020=13->AF  cf3300=13->AF  zb=01->01
    $FBB8 LINTTB+6               BIOS  vg8020=12->AF  cf3300=12->AF  zb=01->01
    $FBB9 LINTTB+7               BIOS  vg8020=11->AF  cf3300=11->AF  zb=01->01
    $FBBA LINTTB+8               BIOS  vg8020=10->AF  cf3300=10->AF  zb=01->01
    of the 72 B the references MOVE under this stimulus, zerobas matches 48

=== s8-str4  (CONTROL for s9-str20: 4 bytes of heap) ===
    VOLATILE=6  NO-ORACLE=311  DIVERGE=31  HONOURED=30  INERT=2821   (of 3199 B)
      NO-ORACLE breakdown: 26 B in derived 2-byte cells (13 cells), 280 B in cells of another width, 2 B unnamed
        🔴 14 B (7 cells) AGREE ON THE DELTA — an oracle the absolute test threw away: MEMSIZ, STKTOP, FRETOP, SAVSTK, FILTAB, NULBUF …
        12 B (6 cells) disagree on the delta too — NO-ORACLE stands for those
      DIVERGE: 26 BASIC-owned, 5 BIOS-owned/unnamed
  DIVERGE (31):
    $F3DC CSRY                   BIOS  vg8020=06->09  cf3300=06->09  zb=06->08
    $F420 KBUF+1                 BASIC vg8020=00->24  cf3300=00->24  zb=00->00
    $F421 KBUF+2                 BASIC vg8020=00->EF  cf3300=00->EF  zb=00->00
    $F422 KBUF+3                 BASIC vg8020=00->E3  cf3300=00->E3  zb=00->00
    $F423 KBUF+4                 BASIC vg8020=00->28  cf3300=00->28  zb=00->00
    $F424 KBUF+5                 BASIC vg8020=00->15  cf3300=00->15  zb=00->00
    $F425 KBUF+6                 BASIC vg8020=00->2C  cf3300=00->2C  zb=00->00
    $F426 KBUF+7                 BASIC vg8020=00->0F  cf3300=00->0F  zb=00->00
    $F427 KBUF+8                 BASIC vg8020=00->42  cf3300=00->42  zb=00->00
    $F428 KBUF+9                 BASIC vg8020=00->29  cf3300=00->29  zb=00->00
    $F429 KBUF+10                BASIC vg8020=00->3A  cf3300=00->3A  zb=00->00
    $F42A KBUF+11                BASIC vg8020=00->91  cf3300=00->91  zb=00->00
    $F42B KBUF+12                BASIC vg8020=00->20  cf3300=00->20  zb=00->00
    $F42C KBUF+13                BASIC vg8020=00->41  cf3300=00->41  zb=00->00
    $F42D KBUF+14                BASIC vg8020=00->24  cf3300=00->24  zb=00->00
    $F55E BUF                    BASIC vg8020=00->41  cf3300=00->41  zb=00->00
    $F666 CONTXT                 BASIC vg8020=00->28  cf3300=00->28  zb=00->00
    $F667 CONTXT+1               BASIC vg8020=00->F4  cf3300=00->F4  zb=00->00
    $F668 CONSAV                 BASIC vg8020=00->0F  cf3300=00->0F  zb=00->00
    $F669 CONTYP                 BASIC vg8020=00->02  cf3300=00->02  zb=00->00
    $F66A CONLO                  BASIC vg8020=00->42  cf3300=00->42  zb=00->00
    $F69D TEMP3                  BASIC vg8020=00->2E  cf3300=00->2E  zb=00->00
    $F69E TEMP3+1                BASIC vg8020=00->F4  cf3300=00->F4  zb=00->00
    $F6A7 TEMP                   BIOS  vg8020=00->06  cf3300=00->06  zb=00->00
    $F6BC TEMP2                  BIOS  vg8020=00->2E  cf3300=00->2E  zb=00->00
    $F6BD TEMP2+1                BIOS  vg8020=00->F4  cf3300=00->F4  zb=00->00
    $F6C4 ARYTAB                 BASIC vg8020=03->09  cf3300=03->09  zb=00->00
    $F6C6 STREND                 BASIC vg8020=03->09  cf3300=03->09  zb=00->00
    $F7B5 ARYTA2                 BASIC vg8020=00->09  cf3300=00->09  zb=00->00
    $F7B6 ARYTA2+1               BASIC vg8020=00->80  cf3300=00->80  zb=00->00
    $FBB7 LINTTB+5               BIOS  vg8020=13->AF  cf3300=13->AF  zb=01->01
    of the 61 B the references MOVE under this stimulus, zerobas matches 30

=== s9-str20  (16 bytes MORE than s8. FRETOP moving by 16 == an allocation pointer; not moving == a boundary) ===
    VOLATILE=6  NO-ORACLE=311  DIVERGE=32  HONOURED=31  INERT=2819   (of 3199 B)
      NO-ORACLE breakdown: 26 B in derived 2-byte cells (13 cells), 280 B in cells of another width, 2 B unnamed
        🔴 14 B (7 cells) AGREE ON THE DELTA — an oracle the absolute test threw away: MEMSIZ, STKTOP, FRETOP, SAVSTK, FILTAB, NULBUF …
        12 B (6 cells) disagree on the delta too — NO-ORACLE stands for those
      DIVERGE: 27 BASIC-owned, 5 BIOS-owned/unnamed
  DIVERGE (32):
    $F3DC CSRY                   BIOS  vg8020=06->09  cf3300=06->09  zb=06->08
    $F420 KBUF+1                 BASIC vg8020=00->24  cf3300=00->24  zb=00->00
    $F421 KBUF+2                 BASIC vg8020=00->EF  cf3300=00->EF  zb=00->00
    $F422 KBUF+3                 BASIC vg8020=00->E3  cf3300=00->E3  zb=00->00
    $F423 KBUF+4                 BASIC vg8020=00->28  cf3300=00->28  zb=00->00
    $F424 KBUF+5                 BASIC vg8020=00->0F  cf3300=00->0F  zb=00->00
    $F425 KBUF+6                 BASIC vg8020=00->14  cf3300=00->14  zb=00->00
    $F426 KBUF+7                 BASIC vg8020=00->2C  cf3300=00->2C  zb=00->00
    $F427 KBUF+8                 BASIC vg8020=00->0F  cf3300=00->0F  zb=00->00
    $F428 KBUF+9                 BASIC vg8020=00->43  cf3300=00->43  zb=00->00
    $F429 KBUF+10                BASIC vg8020=00->29  cf3300=00->29  zb=00->00
    $F42A KBUF+11                BASIC vg8020=00->3A  cf3300=00->3A  zb=00->00
    $F42B KBUF+12                BASIC vg8020=00->91  cf3300=00->91  zb=00->00
    $F42C KBUF+13                BASIC vg8020=00->20  cf3300=00->20  zb=00->00
    $F42D KBUF+14                BASIC vg8020=00->41  cf3300=00->41  zb=00->00
    $F42E KBUF+15                BASIC vg8020=00->24  cf3300=00->24  zb=00->00
    $F55E BUF                    BASIC vg8020=00->41  cf3300=00->41  zb=00->00
    $F666 CONTXT                 BASIC vg8020=00->29  cf3300=00->29  zb=00->00
    $F667 CONTXT+1               BASIC vg8020=00->F4  cf3300=00->F4  zb=00->00
    $F668 CONSAV                 BASIC vg8020=00->0F  cf3300=00->0F  zb=00->00
    $F669 CONTYP                 BASIC vg8020=00->02  cf3300=00->02  zb=00->00
    $F66A CONLO                  BASIC vg8020=00->43  cf3300=00->43  zb=00->00
    $F69D TEMP3                  BASIC vg8020=00->2F  cf3300=00->2F  zb=00->00
    $F69E TEMP3+1                BASIC vg8020=00->F4  cf3300=00->F4  zb=00->00
    $F6A7 TEMP                   BIOS  vg8020=00->06  cf3300=00->06  zb=00->00
    $F6BC TEMP2                  BIOS  vg8020=00->2F  cf3300=00->2F  zb=00->00
    $F6BD TEMP2+1                BIOS  vg8020=00->F4  cf3300=00->F4  zb=00->00
    $F6C4 ARYTAB                 BASIC vg8020=03->09  cf3300=03->09  zb=00->00
    $F6C6 STREND                 BASIC vg8020=03->09  cf3300=03->09  zb=00->00
    $F7B5 ARYTA2                 BASIC vg8020=00->09  cf3300=00->09  zb=00->00
    $F7B6 ARYTA2+1               BASIC vg8020=00->80  cf3300=00->80  zb=00->00
    $FBB7 LINTTB+5               BIOS  vg8020=13->AF  cf3300=13->AF  zb=01->01
    of the 63 B the references MOVE under this stimulus, zerobas matches 31

=== s10-defint  (CONTROL for s11-defstr: DEFTBL['A'] declared NUMERIC) ===
    VOLATILE=6  NO-ORACLE=311  DIVERGE=23  HONOURED=29  INERT=2830   (of 3199 B)
      NO-ORACLE breakdown: 26 B in derived 2-byte cells (13 cells), 280 B in cells of another width, 2 B unnamed
        🔴 14 B (7 cells) AGREE ON THE DELTA — an oracle the absolute test threw away: MEMSIZ, STKTOP, FRETOP, SAVSTK, FILTAB, NULBUF …
        12 B (6 cells) disagree on the delta too — NO-ORACLE stands for those
      DIVERGE: 19 BASIC-owned, 4 BIOS-owned/unnamed
  DIVERGE (23):
    $F3DC CSRY                   BIOS  vg8020=06->09  cf3300=06->09  zb=06->08
    $F420 KBUF+1                 BASIC vg8020=00->20  cf3300=00->20  zb=00->00
    $F421 KBUF+2                 BASIC vg8020=00->41  cf3300=00->41  zb=00->00
    $F422 KBUF+3                 BASIC vg8020=00->3A  cf3300=00->3A  zb=00->00
    $F423 KBUF+4                 BASIC vg8020=00->91  cf3300=00->91  zb=00->00
    $F424 KBUF+5                 BASIC vg8020=00->22  cf3300=00->22  zb=00->00
    $F425 KBUF+6                 BASIC vg8020=00->5B  cf3300=00->5B  zb=00->00
    $F426 KBUF+7                 BASIC vg8020=00->22  cf3300=00->22  zb=00->00
    $F427 KBUF+8                 BASIC vg8020=00->3B  cf3300=00->3B  zb=00->00
    $F428 KBUF+9                 BASIC vg8020=00->41  cf3300=00->41  zb=00->00
    $F429 KBUF+10                BASIC vg8020=00->3B  cf3300=00->3B  zb=00->00
    $F42A KBUF+11                BASIC vg8020=00->22  cf3300=00->22  zb=00->00
    $F42B KBUF+12                BASIC vg8020=00->5D  cf3300=00->5D  zb=00->00
    $F42C KBUF+13                BASIC vg8020=00->22  cf3300=00->22  zb=00->00
    $F55E BUF                    BASIC vg8020=00->44  cf3300=00->44  zb=00->00
    $F69D TEMP3                  BASIC vg8020=00->2D  cf3300=00->2D  zb=00->00
    $F69E TEMP3+1                BASIC vg8020=00->F4  cf3300=00->F4  zb=00->00
    $F6BC TEMP2                  BIOS  vg8020=00->2D  cf3300=00->2D  zb=00->00
    $F6BD TEMP2+1                BIOS  vg8020=00->F4  cf3300=00->F4  zb=00->00
    $F7B5 ARYTA2                 BASIC vg8020=00->03  cf3300=00->03  zb=00->00
    $F7B6 ARYTA2+1               BASIC vg8020=00->80  cf3300=00->80  zb=00->00
    $F7C7 FBUFFR+2               BASIC vg8020=32->30  cf3300=32->30  zb=00->00
    $FBB7 LINTTB+5               BIOS  vg8020=13->AF  cf3300=13->AF  zb=01->01
    of the 52 B the references MOVE under this stimulus, zerobas matches 29

=== s11-defstr  (DEFTBL['A'] declared STRING -- the published map encodes a FLOAT TYPE CODE (2/3/4/8), zerobas a 0/1 sentinel) ===
    VOLATILE=6  NO-ORACLE=311  DIVERGE=22  HONOURED=29  INERT=2831   (of 3199 B)
      NO-ORACLE breakdown: 26 B in derived 2-byte cells (13 cells), 280 B in cells of another width, 2 B unnamed
        🔴 14 B (7 cells) AGREE ON THE DELTA — an oracle the absolute test threw away: MEMSIZ, STKTOP, FRETOP, SAVSTK, FILTAB, NULBUF …
        12 B (6 cells) disagree on the delta too — NO-ORACLE stands for those
      DIVERGE: 18 BASIC-owned, 4 BIOS-owned/unnamed
  DIVERGE (22):
    $F3DC CSRY                   BIOS  vg8020=06->09  cf3300=06->09  zb=06->08
    $F420 KBUF+1                 BASIC vg8020=00->20  cf3300=00->20  zb=00->00
    $F421 KBUF+2                 BASIC vg8020=00->41  cf3300=00->41  zb=00->00
    $F422 KBUF+3                 BASIC vg8020=00->3A  cf3300=00->3A  zb=00->00
    $F423 KBUF+4                 BASIC vg8020=00->91  cf3300=00->91  zb=00->00
    $F424 KBUF+5                 BASIC vg8020=00->22  cf3300=00->22  zb=00->00
    $F425 KBUF+6                 BASIC vg8020=00->5B  cf3300=00->5B  zb=00->00
    $F426 KBUF+7                 BASIC vg8020=00->22  cf3300=00->22  zb=00->00
    $F427 KBUF+8                 BASIC vg8020=00->3B  cf3300=00->3B  zb=00->00
    $F428 KBUF+9                 BASIC vg8020=00->41  cf3300=00->41  zb=00->00
    $F429 KBUF+10                BASIC vg8020=00->3B  cf3300=00->3B  zb=00->00
    $F42A KBUF+11                BASIC vg8020=00->22  cf3300=00->22  zb=00->00
    $F42B KBUF+12                BASIC vg8020=00->5D  cf3300=00->5D  zb=00->00
    $F42C KBUF+13                BASIC vg8020=00->22  cf3300=00->22  zb=00->00
    $F55E BUF                    BASIC vg8020=00->44  cf3300=00->44  zb=00->00
    $F69D TEMP3                  BASIC vg8020=00->2D  cf3300=00->2D  zb=00->00
    $F69E TEMP3+1                BASIC vg8020=00->F4  cf3300=00->F4  zb=00->00
    $F6BC TEMP2                  BIOS  vg8020=00->2D  cf3300=00->2D  zb=00->00
    $F6BD TEMP2+1                BIOS  vg8020=00->F4  cf3300=00->F4  zb=00->00
    $F7B5 ARYTA2                 BASIC vg8020=00->03  cf3300=00->03  zb=00->00
    $F7B6 ARYTA2+1               BASIC vg8020=00->80  cf3300=00->80  zb=00->00
    $FBB7 LINTTB+5               BIOS  vg8020=13->AF  cf3300=13->AF  zb=01->01
    of the 51 B the references MOVE under this stimulus, zerobas matches 29

=== s12-scal1  (CONTROL for s13-scal3: one scalar) ===
    VOLATILE=6  NO-ORACLE=311  DIVERGE=43  HONOURED=23  INERT=2816   (of 3199 B)
      NO-ORACLE breakdown: 26 B in derived 2-byte cells (13 cells), 280 B in cells of another width, 2 B unnamed
        🔴 14 B (7 cells) AGREE ON THE DELTA — an oracle the absolute test threw away: MEMSIZ, STKTOP, FRETOP, SAVSTK, FILTAB, NULBUF …
        12 B (6 cells) disagree on the delta too — NO-ORACLE stands for those
      DIVERGE: 36 BASIC-owned, 7 BIOS-owned/unnamed
  DIVERGE (43):
    $F3DC CSRY                   BIOS  vg8020=06->09  cf3300=06->09  zb=06->08
    $F420 KBUF+1                 BASIC vg8020=00->EF  cf3300=00->EF  zb=00->00
    $F421 KBUF+2                 BASIC vg8020=00->12  cf3300=00->12  zb=00->00
    $F422 KBUF+3                 BASIC vg8020=00->3A  cf3300=00->3A  zb=00->00
    $F423 KBUF+4                 BASIC vg8020=00->91  cf3300=00->91  zb=00->00
    $F424 KBUF+5                 BASIC vg8020=00->22  cf3300=00->22  zb=00->00
    $F425 KBUF+6                 BASIC vg8020=00->5B  cf3300=00->5B  zb=00->00
    $F426 KBUF+7                 BASIC vg8020=00->22  cf3300=00->22  zb=00->00
    $F427 KBUF+8                 BASIC vg8020=00->3B  cf3300=00->3B  zb=00->00
    $F428 KBUF+9                 BASIC vg8020=00->41  cf3300=00->41  zb=00->00
    $F429 KBUF+10                BASIC vg8020=00->3B  cf3300=00->3B  zb=00->00
    $F42A KBUF+11                BASIC vg8020=00->22  cf3300=00->22  zb=00->00
    $F42B KBUF+12                BASIC vg8020=00->5D  cf3300=00->5D  zb=00->00
    $F42C KBUF+13                BASIC vg8020=00->22  cf3300=00->22  zb=00->00
    $F55E BUF                    BASIC vg8020=00->41  cf3300=00->41  zb=00->00
    $F666 CONTXT                 BASIC vg8020=00->22  cf3300=00->22  zb=00->00
    $F667 CONTXT+1               BASIC vg8020=00->F4  cf3300=00->F4  zb=00->00
    $F668 CONSAV                 BASIC vg8020=00->12  cf3300=00->12  zb=00->00
    $F669 CONTYP                 BASIC vg8020=00->02  cf3300=00->02  zb=00->00
    $F66A CONLO                  BASIC vg8020=00->01  cf3300=00->01  zb=00->00
    $F69D TEMP3                  BASIC vg8020=00->2D  cf3300=00->2D  zb=00->00
    $F69E TEMP3+1                BASIC vg8020=00->F4  cf3300=00->F4  zb=00->00
    $F6A7 TEMP                   BIOS  vg8020=00->06  cf3300=00->06  zb=00->00
    $F6BC TEMP2                  BIOS  vg8020=00->2D  cf3300=00->2D  zb=00->00
    $F6BD TEMP2+1                BIOS  vg8020=00->F4  cf3300=00->F4  zb=00->00
    $F6C4 ARYTAB                 BASIC vg8020=03->0E  cf3300=03->0E  zb=00->00
    $F6C6 STREND                 BASIC vg8020=03->0E  cf3300=03->0E  zb=00->00
    $F7B5 ARYTA2                 BASIC vg8020=00->0E  cf3300=00->0E  zb=00->00
    $F7B6 ARYTA2+1               BASIC vg8020=00->80  cf3300=00->80  zb=00->00
    $F7C7 FBUFFR+2               BASIC vg8020=32->31  cf3300=32->31  zb=00->00
    $F7CC FBUFFR+7               BASIC vg8020=00->30  cf3300=00->30  zb=00->00
    $F7CD FBUFFR+8               BASIC vg8020=00->30  cf3300=00->30  zb=00->00
    $F7CE FBUFFR+9               BASIC vg8020=00->30  cf3300=00->30  zb=00->00
    $F7CF FBUFFR+10              BASIC vg8020=00->30  cf3300=00->30  zb=00->00
    $F7D0 FBUFFR+11              BASIC vg8020=00->30  cf3300=00->30  zb=00->00
    $F7D1 FBUFFR+12              BASIC vg8020=00->30  cf3300=00->30  zb=00->00
    $F7D2 FBUFFR+13              BASIC vg8020=00->30  cf3300=00->30  zb=00->00
    $F7D3 FBUFFR+14              BASIC vg8020=00->30  cf3300=00->30  zb=00->00
    $F7D4 FBUFFR+15              BASIC vg8020=00->30  cf3300=00->30  zb=00->00
    $F7D5 FBUFFR+16              BASIC vg8020=00->30  cf3300=00->30  zb=00->00
    $F7F6 DAC                    BIOS  vg8020=00->41  cf3300=00->41  zb=00->00
    $F7F7 DAC+1                  BIOS  vg8020=00->10  cf3300=00->10  zb=00->00
    $FBB7 LINTTB+5               BIOS  vg8020=13->AF  cf3300=13->AF  zb=01->01
    of the 66 B the references MOVE under this stimulus, zerobas matches 23

=== s13-scal3  (two scalars MORE than s12 -- the ARYTAB/STREND pointer chain must step) ===
    VOLATILE=6  NO-ORACLE=311  DIVERGE=51  HONOURED=31  INERT=2800   (of 3199 B)
      NO-ORACLE breakdown: 26 B in derived 2-byte cells (13 cells), 280 B in cells of another width, 2 B unnamed
        🔴 14 B (7 cells) AGREE ON THE DELTA — an oracle the absolute test threw away: MEMSIZ, STKTOP, FRETOP, SAVSTK, FILTAB, NULBUF …
        12 B (6 cells) disagree on the delta too — NO-ORACLE stands for those
      DIVERGE: 44 BASIC-owned, 7 BIOS-owned/unnamed
  DIVERGE (51):
    $F3DC CSRY                   BIOS  vg8020=06->09  cf3300=06->09  zb=06->08
    $F420 KBUF+1                 BASIC vg8020=00->EF  cf3300=00->EF  zb=00->00
    $F421 KBUF+2                 BASIC vg8020=00->12  cf3300=00->12  zb=00->00
    $F422 KBUF+3                 BASIC vg8020=00->3A  cf3300=00->3A  zb=00->00
    $F423 KBUF+4                 BASIC vg8020=00->42  cf3300=00->42  zb=00->00
    $F424 KBUF+5                 BASIC vg8020=00->EF  cf3300=00->EF  zb=00->00
    $F425 KBUF+6                 BASIC vg8020=00->13  cf3300=00->13  zb=00->00
    $F426 KBUF+7                 BASIC vg8020=00->3A  cf3300=00->3A  zb=00->00
    $F427 KBUF+8                 BASIC vg8020=00->43  cf3300=00->43  zb=00->00
    $F428 KBUF+9                 BASIC vg8020=00->EF  cf3300=00->EF  zb=00->00
    $F429 KBUF+10                BASIC vg8020=00->14  cf3300=00->14  zb=00->00
    $F42A KBUF+11                BASIC vg8020=00->3A  cf3300=00->3A  zb=00->00
    $F42B KBUF+12                BASIC vg8020=00->91  cf3300=00->91  zb=00->00
    $F42C KBUF+13                BASIC vg8020=00->22  cf3300=00->22  zb=00->00
    $F42D KBUF+14                BASIC vg8020=00->5B  cf3300=00->5B  zb=00->00
    $F42E KBUF+15                BASIC vg8020=00->22  cf3300=00->22  zb=00->00
    $F42F KBUF+16                BASIC vg8020=00->3B  cf3300=00->3B  zb=00->00
    $F430 KBUF+17                BASIC vg8020=00->43  cf3300=00->43  zb=00->00
    $F431 KBUF+18                BASIC vg8020=00->3B  cf3300=00->3B  zb=00->00
    $F432 KBUF+19                BASIC vg8020=00->22  cf3300=00->22  zb=00->00
    $F433 KBUF+20                BASIC vg8020=00->5D  cf3300=00->5D  zb=00->00
    $F434 KBUF+21                BASIC vg8020=00->22  cf3300=00->22  zb=00->00
    $F55E BUF                    BASIC vg8020=00->41  cf3300=00->41  zb=00->00
    $F666 CONTXT                 BASIC vg8020=00->2A  cf3300=00->2A  zb=00->00
    $F667 CONTXT+1               BASIC vg8020=00->F4  cf3300=00->F4  zb=00->00
    $F668 CONSAV                 BASIC vg8020=00->14  cf3300=00->14  zb=00->00
    $F669 CONTYP                 BASIC vg8020=00->02  cf3300=00->02  zb=00->00
    $F66A CONLO                  BASIC vg8020=00->03  cf3300=00->03  zb=00->00
    $F69D TEMP3                  BASIC vg8020=00->35  cf3300=00->35  zb=00->00
    $F69E TEMP3+1                BASIC vg8020=00->F4  cf3300=00->F4  zb=00->00
    $F6A7 TEMP                   BIOS  vg8020=00->1C  cf3300=00->1C  zb=00->00
    $F6BC TEMP2                  BIOS  vg8020=00->35  cf3300=00->35  zb=00->00
    $F6BD TEMP2+1                BIOS  vg8020=00->F4  cf3300=00->F4  zb=00->00
    $F6C4 ARYTAB                 BASIC vg8020=03->24  cf3300=03->24  zb=00->00
    $F6C6 STREND                 BASIC vg8020=03->24  cf3300=03->24  zb=00->00
    $F7B5 ARYTA2                 BASIC vg8020=00->24  cf3300=00->24  zb=00->00
    $F7B6 ARYTA2+1               BASIC vg8020=00->80  cf3300=00->80  zb=00->00
    $F7C7 FBUFFR+2               BASIC vg8020=32->33  cf3300=32->33  zb=00->00
    $F7CC FBUFFR+7               BASIC vg8020=00->30  cf3300=00->30  zb=00->00
    $F7CD FBUFFR+8               BASIC vg8020=00->30  cf3300=00->30  zb=00->00
    $F7CE FBUFFR+9               BASIC vg8020=00->30  cf3300=00->30  zb=00->00
    $F7CF FBUFFR+10              BASIC vg8020=00->30  cf3300=00->30  zb=00->00
    $F7D0 FBUFFR+11              BASIC vg8020=00->30  cf3300=00->30  zb=00->00
    $F7D1 FBUFFR+12              BASIC vg8020=00->30  cf3300=00->30  zb=00->00
    $F7D2 FBUFFR+13              BASIC vg8020=00->30  cf3300=00->30  zb=00->00
    $F7D3 FBUFFR+14              BASIC vg8020=00->30  cf3300=00->30  zb=00->00
    $F7D4 FBUFFR+15              BASIC vg8020=00->30  cf3300=00->30  zb=00->00
    $F7D5 FBUFFR+16              BASIC vg8020=00->30  cf3300=00->30  zb=00->00
    $F7F6 DAC                    BIOS  vg8020=00->41  cf3300=00->41  zb=00->00
    $F7F7 DAC+1                  BIOS  vg8020=00->30  cf3300=00->30  zb=00->00
    $FBB7 LINTTB+5               BIOS  vg8020=13->AF  cf3300=13->AF  zb=01->01
    of the 82 B the references MOVE under this stimulus, zerobas matches 31

=== the NAMED view — divergent work-area variables, by symbol ===
  66 named variables diverge in at least one state

  variable         addr   owner  states                             err-only
  USRTAB           $F39A  BASIC  s0-boot                            -
  CLMLST           $F3B2  BASIC  s0-boot                            -
  CLIKSW           $F3DB  BASIC  s0-boot                            -
  CSRY             $F3DC  BIOS   s1-err,s2-noerr,s3-def,s4-var,s5-width,s6-armed,s7-fired,s8-str4,s9-str20,s10-defint,s11-defstr,s12-scal1,s13-scal3 -
  CSRX             $F3DD  BIOS   s0-boot                            -
  CNSDFG           $F3DE  BASIC  s0-boot                            -
  TRGFLG           $F3E8  BIOS   s0-boot                            -
  MAXUPD           $F3EC  BASIC  s0-boot                            -
  MINUPD           $F3EF  BASIC  s0-boot                            -
  FRCNEW           $F3F5  BASIC  s0-boot                            -
  CS120            $F3FC  BASIC  s0-boot                            -
  CS240            $F401  BASIC  s0-boot                            -
  LOW_             $F406  BASIC  s0-boot                            -
  HIGH_            $F408  BASIC  s0-boot                            -
  HEADER           $F40A  BASIC  s0-boot                            -
  ASPCT1           $F40B  BASIC  s0-boot                            -
  ASPCT2           $F40D  BASIC  s0-boot                            -
  ENDPRG           $F40F  BASIC  s0-boot                            -
  CURLIN           $F41C  BASIC  s0-boot                            -
  KBFMIN           $F41E  BASIC  s0-boot                            -
  KBUF             $F41F  BASIC  s1-err,s2-noerr,s3-def,s4-var,s5-width,s6-armed,s7-fired,s8-str4,s9-str20,s10-defint,s11-defstr,s12-scal1,s13-scal3 -
  BUFMIN           $F55D  BASIC  s0-boot                            -
  BUF              $F55E  BASIC  s1-err,s2-noerr,s3-def,s4-var,s5-width,s6-armed,s7-fired,s8-str4,s9-str20,s10-defint,s11-defstr,s12-scal1,s13-scal3 -
  TTYPOS           $F661  BIOS   s0-boot                            -
  VALTYP           $F663  BIOS   s0-boot                            -
  CONTXT           $F666  BASIC  s1-err,s2-noerr,s4-var,s5-width,s6-armed,s7-fired,s8-str4,s9-str20,s12-scal1,s13-scal3 -
  CONSAV           $F668  BASIC  s1-err,s2-noerr,s4-var,s5-width,s6-armed,s7-fired,s8-str4,s9-str20,s12-scal1,s13-scal3 -
  CONTYP           $F669  BASIC  s1-err,s2-noerr,s4-var,s5-width,s6-armed,s7-fired,s8-str4,s9-str20,s12-scal1,s13-scal3 -
  CONLO            $F66A  BASIC  s1-err,s2-noerr,s4-var,s5-width,s6-armed,s7-fired,s8-str4,s9-str20,s12-scal1,s13-scal3 -
  TEMPPT           $F678  BASIC  s0-boot                            -
  TEMPST           $F67A  BASIC  s0-boot                            -
  DSCTMP           $F698  BASIC  s0-boot                            -
  TEMP3            $F69D  BASIC  s2-noerr,s4-var,s5-width,s8-str4,s9-str20,s10-defint,s11-defstr,s12-scal1,s13-scal3 -
  TEMP             $F6A7  BIOS   s0-boot,s2-noerr,s4-var,s8-str4,s9-str20,s12-scal1,s13-scal3 -
  AUTLIN           $F6AB  BASIC  s6-armed,s7-fired                  -
  SAVTXT           $F6AF  BASIC  s0-boot                            -
  ERRTXT           $F6B7  BASIC  s1-err,s7-fired                    yes
  TEMP2            $F6BC  BIOS   s2-noerr,s4-var,s5-width,s8-str4,s9-str20,s10-defint,s11-defstr,s12-scal1,s13-scal3 -
  OLDLIN           $F6BE  BASIC  s6-armed,s7-fired                  -
  OLDTXT           $F6C0  BASIC  s6-armed,s7-fired                  -
  VARTAB           $F6C2  BASIC  s0-boot,s6-armed,s7-fired          -
  ARYTAB           $F6C4  BASIC  s0-boot,s2-noerr,s4-var,s6-armed,s7-fired,s8-str4,s9-str20,s12-scal1,s13-scal3 -
  STREND           $F6C6  BASIC  s0-boot,s2-noerr,s4-var,s6-armed,s7-fired,s8-str4,s9-str20,s12-scal1,s13-scal3 -
  DATPTR           $F6C8  BASIC  s0-boot                            -
  PRMDRV           $F74C  BASIC  s0-boot                            -
  ARYTA2           $F7B5  BASIC  s2-noerr,s4-var,s8-str4,s9-str20,s10-defint,s11-defstr,s12-scal1,s13-scal3 -
  FBUFFR           $F7C5  BASIC  s0-boot,s6-armed,s7-fired,s10-defint,s12-scal1,s13-scal3 -
  DAC              $F7F6  BIOS   s0-boot,s2-noerr,s4-var,s12-scal1,s13-scal3 -
  RNDX             $F857  BASIC  s0-boot                            -
  MAXFIL           $F85F  BASIC  s0-boot                            -
  FNKSTR           $F87F  BIOS   s0-boot                            -
  PATBAS           $F926  BIOS   s0-boot                            -
  ATRBAS           $F928  BIOS   s0-boot                            -
  EXBRSA           $FAF8  BIOS   s0-boot                            -
  VCBA             $FB41  BIOS   s0-boot                            -
  VCBB             $FB66  BASIC  s0-boot                            -
  VCBC             $FB8B  BASIC  s0-boot                            -
  LINTTB           $FBB2  BIOS   s0-boot,s1-err,s2-noerr,s3-def,s4-var,s6-armed,s7-fired,s8-str4,s9-str20,s10-defint,s11-defstr,s12-scal1,s13-scal3 -
  FSTPOS           $FBCA  BIOS   s0-boot                            -
  CURSAV           $FBCC  BIOS   s0-boot                            -
  FNKSWI           $FBCD  BASIC  s0-boot                            -
  LINWRK           $FC18  BIOS   s0-boot                            -
  DEVICE           $FD99  BIOS   s0-boot                            -
  RG8SAV           $FFE7  BIOS   s0-boot                            -
  RG25SAV          $FFFA  BIOS   s0-boot                            -
  $FFFB            $FFFB  ?      s0-boot                            -

  45 BASIC-owned (zerobas' to answer for), 21 BIOS-owned (C-BIOS's, below the BASIC layer)
  error-SPECIFIC (diverge under the error and NOT under the no-error control): 1 — ERRTXT

=== C-REPRO — does the sweep independently re-find the filed row? ===
  $F414 ERRFLG under s1-err: HONOURED  refs=08 zb=08   (want HONOURED refs=08 zb=08)
  OK — the apparatus finds a known row it was not told about

=== C-PRIV — can the private segments be shown to MOVE? ===
  $E1C0 ARYTAB on zb: s12-scal1=0e80  s13-scal3=2480   OK — the segment is live

=== C-REPRO-2 — does the table confirm $F414 is now TRACKED? ===
  ERRFLG under s7-fired: SAME-VAR   zb@$F414 00->08 (want 00->08, matching the refs)
  OK — zerobas tracks the published cell from a stored line

=== C-VACATED — did the old private cells go quiet? ===
  ERRCODE   $E1C5+1  QUIET
  ERRLINE   $E1C6+2  QUIET
  ONELIN'   $E1C8+2  QUIET
  ONEFLG'   $E1CA+1  QUIET
  DEFTBL'   $F153+26 QUIET
  OK — no leftover writer at any vacated address

apparatus OK — this is a COVERAGE REPORT, not a pass/fail gate (nonzero exit means the APPARATUS failed).
refcache: 18 hit, 6 miss, 4 stored
