  ran vg8020  s.3none   '5 0'
  ran vg8020  s.3bund   '5 0'
  ran vg8020  s.3cund   '2 0'
  ran vg8020  s.3all    '2 0'
  ran vg8020  s.tc.def  '2 0'
  ran vg8020  s.tc.bun  '5 0'
  ran vg8020  s.tc.non  '5 0'
  ran vg8020  s.4all    '2 0'
  ran vg8020  s.2none   '5 0'
  ran vg8020  s.2bund   '5 0'
  ran vg8020  s.ok      '0 2'
  ran vg8020  s.ok3     '2 2'
  ran vg8020  s.ok3b    '2 1'
  ran vg8020  z.45.3    '5 0'
  ran vg8020  z.45.tc   '5 0'
  ran vg8020  z.45.one  '2 0'
  ran vg8020  z.45.lit  '2 0'
  ran cf3300  s.3none   '5 0'
  ran cf3300  s.3bund   '5 0'
  ran cf3300  s.3cund   '2 0'
  ran cf3300  s.3all    '2 0'
  ran cf3300  s.tc.def  '2 0'
  ran cf3300  s.tc.bun  '5 0'
  ran cf3300  s.tc.non  '5 0'
  ran cf3300  s.4all    '2 0'
  ran cf3300  s.2none   '5 0'
  ran cf3300  s.2bund   '5 0'
  ran cf3300  s.ok      '0 2'
  ran cf3300  s.ok3     '2 2'
  ran cf3300  s.ok3b    '2 1'
  ran cf3300  z.45.3    '5 0'
  ran cf3300  z.45.tc   '5 0'
  ran cf3300  z.45.one  '2 0'
  ran cf3300  z.45.lit  '2 0'
  ran zb      s.3none   '5 0'
  ran zb      s.3bund   '5 0'
  ran zb      s.3cund   '2 0'
  ran zb      s.3all    '2 0'
  ran zb      s.tc.def  '2 0'
  ran zb      s.tc.bun  '5 0'
  ran zb      s.tc.non  '5 0'
  ran zb      s.4all    '2 0'
  ran zb      s.2none   '5 0'
  ran zb      s.2bund   '5 0'
  ran zb      s.ok      '0 2'
  ran zb      s.ok3     '2 1'
  ran zb      s.ok3b    '2 2'
  ran zb      z.45.3    '5 0'
  ran zb      z.45.tc   '5 0'
  ran zb      z.45.one  '2 0'
  ran zb      z.45.lit  '2 0'

  s.3none   vg8020='5 0'  cf3300='5 0'  zb='5 0'
  s.3bund   vg8020='5 0'  cf3300='5 0'  zb='5 0'
  s.3cund   vg8020='2 0'  cf3300='2 0'  zb='2 0'
  s.3all    vg8020='2 0'  cf3300='2 0'  zb='2 0'
  s.tc.def  vg8020='2 0'  cf3300='2 0'  zb='2 0'
  s.tc.bun  vg8020='5 0'  cf3300='5 0'  zb='5 0'
  s.tc.non  vg8020='5 0'  cf3300='5 0'  zb='5 0'
  s.4all    vg8020='2 0'  cf3300='2 0'  zb='2 0'
  s.2none   vg8020='5 0'  cf3300='5 0'  zb='5 0'
  s.2bund   vg8020='5 0'  cf3300='5 0'  zb='5 0'
  s.ok      vg8020='0 2'  cf3300='0 2'  zb='0 2'
  s.ok3     vg8020='2 2'  cf3300='2 2'  zb='2 1'   *** DIFF
  s.ok3b    vg8020='2 1'  cf3300='2 1'  zb='2 2'   *** DIFF
  z.45.3    vg8020='5 0'  cf3300='5 0'  zb='5 0'
  z.45.tc   vg8020='5 0'  cf3300='5 0'  zb='5 0'
  z.45.one  vg8020='2 0'  cf3300='2 0'  zb='2 0'
  z.45.lit  vg8020='2 0'  cf3300='2 0'  zb='2 0'

ROWS: 17 printed, 17 scored -- 2 DIFF
EXIT rc=0
