=== warm-up (serial build of shared artifacts) ===
warm-up 6s
=== 48 units, J=8, lineerr in 8 shards, nice=0 solo=None ===
  rc=0              2s  basic-reloc
  rc=0              0s  subrom-abi-check
  rc=0              1s  subrom-closure-check
  rc=0             21s  unit-test
  rc=0              0s  deadcode
  rc=0              2s  wall-assertion-check
  rc=0              0s  redundant-load-check
  rc=0              1s  rowshape-check
  rc=0              3s  injector-check
  rc=0              0s  temp-root-check
  rc=0              1s  todo-citation-check
  rc=0              1s  chokepoint-check
  rc=0              1s  preflight-check
  rc=0              4s  latch-check
  rc=0              4s  diskdep-check
  rc=0              1s  switch-build-check
  rc=0             29s  kwsweep
  rc=0              6s  patch-freshness-check
  rc=0              0s  deffn-selftest
  rc=0             33s  string-acceptance
  rc=0             18s  str-domain-acceptance
  rc=0             35s  strparen-acceptance
  rc=0            169s  penderr-acceptance
  rc=0             45s  missing-acceptance
  rc=0             18s  error-acceptance
  rc=0             70s  error-trap-acceptance
  rc=0             72s  onerr0-acceptance
  rc=0             94s  math-acceptance
  rc=0             82s  float-acceptance
  rc=0             43s  intarg-acceptance
  rc=0             31s  logicops-acceptance
  rc=0            199s  screenerr-acceptance
  rc=0            137s  tmfp-acceptance
  rc=0            173s  stmtpend-acceptance
  rc=0             98s  array-acceptance
  rc=0            116s  deffn-strict
  rc=0            301s  graphics-acceptance
  rc=0             54s  abort-acceptance
  rc=0            138s  interval-trap-acceptance
  rc=0             66s  clearpool-acceptance
  rc=0            111s  lineerr#1/8
  rc=0            112s  lineerr#2/8
  rc=0            111s  lineerr#3/8
  rc=0            102s  lineerr#4/8
  rc=0             96s  lineerr#5/8
  rc=0             99s  lineerr#6/8
  rc=0             74s  lineerr#7/8
  rc=0             71s  lineerr#8/8

=== wall 421s (6s build + 415s gates) ===
GATES: 41/41 green
hashes: 350db281 33ba143a eced167f
