python3 tools/run_gates.py 
=== warm-up (serial build of shared artifacts) ===
warm-up 8s
=== refcache OFF for every unit: a gate measures, it never replays (docs/spec-refcache.md §7) ===
=== emulator tier RUNS: probes/tests/tools or the Makefile changed ===
=== 4 tree-mutating unit(s), SERIAL (they rewrite a shared tracked file) ===
  rc=0              1s  switch-build-check
  rc=0              6s  diskdep-check
  rc=0              0s  wall-literal-check
  rc=0             52s  selftest-check
  (post-mutator refresh 7s -- the plants moved mtimes, so the pool would otherwise race a rebuild)
=== 131 units, J=8, lineerr in 8 shards, nice=0 solo=None ===
  rc=0              3s  basic-reloc
  rc=0              0s  deps-check
  rc=0              0s  subrom-abi-check
  rc=0              0s  diskrom-abi-check
  rc=0              0s  rom-parts-check
  rc=0              1s  subrom-closure-check
  rc=0             27s  unit-test
  rc=0              0s  deadcode
  rc=0              3s  wall-assertion-check
  rc=0              0s  ram-claim-check
  rc=0              0s  build-assert-check
  rc=0              4s  needle-case-check
  rc=0              0s  redundant-load-check
  rc=0              1s  rowshape-check
  rc=0              5s  injector-check
  rc=0              1s  temp-root-check
  rc=0              2s  todo-citation-check
  rc=0              0s  todo-marker-check
  rc=0              0s  deferral-pin-check
  rc=0              1s  error-alphabet-check
  rc=0              2s  chokepoint-check
  rc=0              0s  filed-pin-check
  rc=0              2s  disk-mount-check
  rc=0              0s  shared-body-check
  rc=0              0s  probe-reach-check
  rc=0              0s  battery-membership-check
  rc=0              0s  fixture-integrity-check
  rc=0              1s  preflight-check
  rc=0              4s  latch-check
  rc=0            100s  kwsweep
  rc=0             12s  patch-freshness-check
  rc=0              2s  refcache-check
  rc=0              0s  knife-guard-check
  rc=0              1s  knife-rom-guard-check
  rc=0              0s  deffn-selftest
  rc=0              0s  probe-sides-selftest
  rc=0              0s  banner-acceptance
  rc=0             32s  string-acceptance
  rc=0             18s  str-domain-acceptance
  rc=0             11s  strparen-acceptance
  rc=0             52s  penderr-acceptance
  rc=0             54s  missing-acceptance
  rc=0             10s  error-acceptance
  rc=0             56s  error-trap-acceptance
  rc=0             92s  onerr0-acceptance
  rc=0            113s  math-acceptance
  rc=0             87s  float-acceptance
  rc=0             58s  intarg-acceptance
  rc=0             39s  logicops-acceptance
  rc=0            241s  screenerr-acceptance
  rc=0             40s  tmfp-acceptance
  rc=0             62s  stmtpend-acceptance
  rc=0            112s  array-acceptance
  rc=0            128s  deffn-strict
  rc=0            383s  graphics-acceptance
  rc=0             60s  abort-acceptance
  rc=0            143s  interval-trap-acceptance
  rc=0             90s  clearpool-acceptance
  rc=0            128s  stackpool-acceptance
  rc=0            155s  trapdepth-acceptance
  rc=0             64s  trapsvc-acceptance
  rc=0             75s  ctlcross-acceptance
  rc=0            392s  ctllim-acceptance
  rc=0            403s  ramfree-acceptance
  rc=0             20s  txtceil-acceptance
  rc=0              8s  runline-acceptance
  rc=0             11s  keystr-acceptance
  rc=0              9s  loc-acceptance
  rc=0              4s  dskio-acceptance
  rc=0             11s  copy-acceptance
  rc=0             10s  screditor-acceptance
  rc=0             12s  nodiskerr-acceptance
  rc=0             20s  parennest-acceptance
  rc=0             15s  cursor-acceptance
  rc=0             82s  time-acceptance
  rc=0            308s  namspc-acceptance
  rc=0            109s  arrdim-acceptance
  rc=0             27s  asciidigit-acceptance
  rc=0             60s  arylv-acceptance
  rc=0             59s  badfnum-acceptance
  rc=0              3s  beep-acceptance
  rc=0             30s  binfre-acceptance
  rc=0             27s  cassave-acceptance
  rc=0             80s  castail-acceptance
  rc=0            125s  deffn-acceptance
  rc=0             51s  direct-ctrl-acceptance
  rc=0             10s  dskmsg-acceptance
  rc=0             81s  editverb-acceptance
  rc=0             31s  fldary-acceptance
  rc=0             89s  fldwidth-acceptance
  rc=0             26s  forvar-acceptance
  rc=0             45s  gicini-acceptance
  rc=0              4s  graphics-floor-acceptance
  rc=0            144s  ifsem-acceptance
  rc=0              4s  input-acceptance
  rc=0             72s  nodisk-acceptance
  rc=0             88s  pusing-acceptance
  rc=0             44s  catterm-acceptance
  rc=0             20s  catusr-acceptance
  rc=0             19s  nameord-acceptance
  rc=0             16s  namegate-acceptance
  rc=0             41s  inputary-acceptance
  rc=0            136s  key-trap-acceptance
  rc=0             58s  linemax-acceptance
  rc=0            129s  lnblank-acceptance
  rc=0             38s  locarg-acceptance
  rc=0             43s  lof-acceptance
  rc=0             87s  lptverb-acceptance
  rc=0             56s  lrvar-acceptance
  rc=0             56s  lvfix-acceptance
  rc=0             21s  nxary-acceptance
  rc=0             24s  nxlist-acceptance
  rc=0             30s  play-acceptance
  rc=0             10s  play-trace-acceptance
  rc=0             21s  readvar-acceptance
  rc=0             12s  runtail-acceptance
  rc=0             22s  sound-acceptance
  rc=0             69s  sprite-trap-acceptance
  rc=2             54s  stop-trap-acceptance
  rc=0            128s  strig-trap-acceptance
  rc=0              0s  subrom-acceptance
  rc=0             69s  tgtspc-acceptance
  rc=0             74s  width-acceptance
  rc=0            106s  lineerr#1/8
  rc=0            106s  lineerr#2/8
  rc=0            105s  lineerr#3/8
  rc=0            103s  lineerr#4/8
  rc=0             97s  lineerr#5/8
  rc=0             95s  lineerr#6/8
  rc=0             83s  lineerr#7/8
  rc=0             67s  lineerr#8/8

=== retrying 1 red unit(s) SERIALLY (flake vs real) ===
  retry stop-trap-acceptance: rc 2->0  FLAKE (green on retry)

=== wall 932s (8s build + 924s gates) ===
GATES: 128/128 green
recovered flakes (green on serial retry): stop-trap-acceptance
hashes: 10650476 bf1c245d e3dbed36 a01dabda
recorded: this full green battery is now the baseline a future skip must prove itself against
