python3 tools/run_gates.py 
=== warm-up (serial build of shared artifacts) ===
warm-up 8s
=== refcache OFF for every unit: a gate measures, it never replays (docs/spec-refcache.md §7) ===
=== emulator tier RUNS: probes/tests/tools or the Makefile changed ===
=== 4 tree-mutating unit(s), SERIAL (they rewrite a shared tracked file) ===
  rc=0              1s  switch-build-check
  rc=0              6s  diskdep-check
  rc=0              0s  wall-literal-check
  rc=0             52s  selftest-check
  (post-mutator refresh 8s -- the plants moved mtimes, so the pool would otherwise race a rebuild)
=== 131 units, J=8, lineerr in 8 shards, nice=0 solo=None ===
  rc=0              3s  basic-reloc
  rc=0              0s  deps-check
  rc=0              0s  subrom-abi-check
  rc=0              0s  diskrom-abi-check
  rc=0              0s  rom-parts-check
  rc=0              1s  subrom-closure-check
  rc=0             28s  unit-test
  rc=0              0s  deadcode
  rc=0              3s  wall-assertion-check
  rc=0              0s  ram-claim-check
  rc=0              0s  build-assert-check
  rc=0              4s  needle-case-check
  rc=0              0s  redundant-load-check
  rc=0              2s  rowshape-check
  rc=0              5s  injector-check
  rc=0              1s  temp-root-check
  rc=0              2s  todo-citation-check
  rc=0              0s  todo-marker-check
  rc=0              0s  deferral-pin-check
  rc=0              1s  error-alphabet-check
  rc=0              2s  chokepoint-check
  rc=0              0s  filed-pin-check
  rc=0              2s  disk-mount-check
  rc=0              0s  shared-body-check
  rc=0              0s  probe-reach-check
  rc=0              0s  battery-membership-check
  rc=0              0s  fixture-integrity-check
  rc=0              1s  preflight-check
  rc=0              4s  latch-check
  rc=0            101s  kwsweep
  rc=0             12s  patch-freshness-check
  rc=0              1s  refcache-check
  rc=0              0s  knife-guard-check
  rc=0              1s  knife-rom-guard-check
  rc=0              0s  deffn-selftest
  rc=0              0s  probe-sides-selftest
  rc=0              1s  banner-acceptance
  rc=0             33s  string-acceptance
  rc=0             19s  str-domain-acceptance
  rc=0             11s  strparen-acceptance
  rc=0             53s  penderr-acceptance
  rc=0             61s  missing-acceptance
  rc=0             11s  error-acceptance
  rc=0             64s  error-trap-acceptance
  rc=0             99s  onerr0-acceptance
  rc=0            113s  math-acceptance
  rc=0             87s  float-acceptance
  rc=0             63s  intarg-acceptance
  rc=0             39s  logicops-acceptance
  rc=0            238s  screenerr-acceptance
  rc=0             43s  tmfp-acceptance
  rc=0             59s  stmtpend-acceptance
  rc=0            111s  array-acceptance
  rc=0            129s  deffn-strict
  rc=0            378s  graphics-acceptance
  rc=0             56s  abort-acceptance
  rc=0            148s  interval-trap-acceptance
  rc=0             89s  clearpool-acceptance
  rc=0            130s  stackpool-acceptance
  rc=0            151s  trapdepth-acceptance
  rc=0             63s  trapsvc-acceptance
  rc=0             75s  ctlcross-acceptance
  rc=0            383s  ctllim-acceptance
  rc=0            417s  ramfree-acceptance
  rc=0             20s  txtceil-acceptance
  rc=0              9s  runline-acceptance
  rc=0             10s  keystr-acceptance
  rc=0              8s  loc-acceptance
  rc=0              4s  dskio-acceptance
  rc=0             12s  copy-acceptance
  rc=0             11s  screditor-acceptance
  rc=0             18s  nodiskerr-acceptance
  rc=0             20s  parennest-acceptance
  rc=0             14s  cursor-acceptance
  rc=0             78s  time-acceptance
  rc=0            299s  namspc-acceptance
  rc=0             97s  arrdim-acceptance
  rc=0             20s  asciidigit-acceptance
  rc=0             58s  arylv-acceptance
  rc=0             59s  badfnum-acceptance
  rc=0              4s  beep-acceptance
  rc=0             28s  binfre-acceptance
  rc=0             19s  cassave-acceptance
  rc=0             77s  castail-acceptance
  rc=0            126s  deffn-acceptance
  rc=0             45s  direct-ctrl-acceptance
  rc=0             18s  dskmsg-acceptance
  rc=0             83s  editverb-acceptance
  rc=0             37s  fldary-acceptance
  rc=0             96s  fldwidth-acceptance
  rc=0             26s  forvar-acceptance
  rc=0             45s  gicini-acceptance
  rc=0              5s  graphics-floor-acceptance
  rc=0            151s  ifsem-acceptance
  rc=0              4s  input-acceptance
  rc=0             71s  nodisk-acceptance
  rc=0             91s  pusing-acceptance
  rc=0             43s  catterm-acceptance
  rc=0             18s  catusr-acceptance
  rc=0             18s  nameord-acceptance
  rc=0             16s  namegate-acceptance
  rc=0             41s  inputary-acceptance
  rc=0            130s  key-trap-acceptance
  rc=0             60s  linemax-acceptance
  rc=0            134s  lnblank-acceptance
  rc=0             36s  locarg-acceptance
  rc=0             43s  lof-acceptance
  rc=0             88s  lptverb-acceptance
  rc=0             56s  lrvar-acceptance
  rc=0             54s  lvfix-acceptance
  rc=0             21s  nxary-acceptance
  rc=0             21s  nxlist-acceptance
  rc=0             29s  play-acceptance
  rc=0             11s  play-trace-acceptance
  rc=0             21s  readvar-acceptance
  rc=0              8s  runtail-acceptance
  rc=0             24s  sound-acceptance
  rc=0             67s  sprite-trap-acceptance
  rc=0             55s  stop-trap-acceptance
  rc=0            142s  strig-trap-acceptance
  rc=0              0s  subrom-acceptance
  rc=0             69s  tgtspc-acceptance
  rc=0             74s  width-acceptance
  rc=0            113s  lineerr#1/8
  rc=0            114s  lineerr#2/8
  rc=0            111s  lineerr#3/8
  rc=0            109s  lineerr#4/8
  rc=0            102s  lineerr#5/8
  rc=0             96s  lineerr#6/8
  rc=0             91s  lineerr#7/8
  rc=0             61s  lineerr#8/8

=== wall 920s (8s build + 912s gates) ===
GATES: 128/128 green
hashes: 10650476 bf1c245d e3dbed36 a01dabda
recorded: this full green battery is now the baseline a future skip must prove itself against
