python3 tools/run_gates.py 
=== warm-up (serial build of shared artifacts) ===
warm-up 8s
=== refcache OFF for every unit: a gate measures, it never replays (docs/spec-refcache.md §7) ===
=== emulator tier RUNS: probes/tests/tools or the Makefile changed ===
=== 4 tree-mutating unit(s), SERIAL (they rewrite a shared tracked file) ===
  rc=0              1s  switch-build-check
  rc=0              6s  diskdep-check
  rc=0              0s  wall-literal-check
  rc=2             53s  selftest-check
  (post-mutator refresh 7s -- the plants moved mtimes, so the pool would otherwise race a rebuild)
=== 131 units, J=8, lineerr in 8 shards, nice=0 solo=None ===
  rc=0              3s  basic-reloc
  rc=0              0s  deps-check
  rc=0              0s  subrom-abi-check
  rc=0              0s  diskrom-abi-check
  rc=0              0s  rom-parts-check
  rc=0              1s  subrom-closure-check
  rc=0             28s  unit-test
  rc=0              0s  deadcode
  rc=0              3s  wall-assertion-check
  rc=0              0s  ram-claim-check
  rc=0              0s  build-assert-check
  rc=0              4s  needle-case-check
  rc=0              0s  redundant-load-check
  rc=0              1s  rowshape-check
  rc=0              5s  injector-check
  rc=0              1s  temp-root-check
  rc=0              2s  todo-citation-check
  rc=0              0s  todo-marker-check
  rc=0              0s  deferral-pin-check
  rc=0              1s  error-alphabet-check
  rc=0              2s  chokepoint-check
  rc=0              0s  filed-pin-check
  rc=0              2s  disk-mount-check
  rc=0              0s  shared-body-check
  rc=0              0s  probe-reach-check
  rc=0              0s  battery-membership-check
  rc=0              0s  fixture-integrity-check
  rc=0              1s  preflight-check
  rc=0              4s  latch-check
  rc=0            100s  kwsweep
  rc=0             12s  patch-freshness-check
  rc=0              2s  refcache-check
  rc=0              0s  knife-guard-check
  rc=0              1s  knife-rom-guard-check
  rc=0              0s  deffn-selftest
  rc=0              0s  probe-sides-selftest
  rc=0              0s  banner-acceptance
  rc=0             33s  string-acceptance
  rc=0             18s  str-domain-acceptance
  rc=0             11s  strparen-acceptance
  rc=0             54s  penderr-acceptance
  rc=0             45s  missing-acceptance
  rc=0             11s  error-acceptance
  rc=0             67s  error-trap-acceptance
  rc=0             96s  onerr0-acceptance
  rc=0            112s  math-acceptance
  rc=0             85s  float-acceptance
  rc=0             55s  intarg-acceptance
  rc=0             44s  logicops-acceptance
  rc=0            231s  screenerr-acceptance
  rc=0             48s  tmfp-acceptance
  rc=0             71s  stmtpend-acceptance
  rc=0            111s  array-acceptance
  rc=0            125s  deffn-strict
  rc=0            378s  graphics-acceptance
  rc=0             54s  abort-acceptance
  rc=0            146s  interval-trap-acceptance
  rc=0             81s  clearpool-acceptance
  rc=0            128s  stackpool-acceptance
  rc=0            151s  trapdepth-acceptance
  rc=0             63s  trapsvc-acceptance
  rc=0             79s  ctlcross-acceptance
  rc=0            371s  ctllim-acceptance
  rc=0            420s  ramfree-acceptance
  rc=0             12s  txtceil-acceptance
  rc=0              3s  runline-acceptance
  rc=0             10s  keystr-acceptance
  rc=0              8s  loc-acceptance
  rc=0              9s  dskio-acceptance
  rc=0             11s  copy-acceptance
  rc=0             10s  screditor-acceptance
  rc=0             17s  nodiskerr-acceptance
  rc=0             19s  parennest-acceptance
  rc=0             14s  cursor-acceptance
  rc=0             87s  time-acceptance
  rc=0            295s  namspc-acceptance
  rc=0            103s  arrdim-acceptance
  rc=0             26s  asciidigit-acceptance
  rc=0             60s  arylv-acceptance
  rc=0             55s  badfnum-acceptance
  rc=0              8s  beep-acceptance
  rc=0             22s  binfre-acceptance
  rc=0             18s  cassave-acceptance
  rc=0             76s  castail-acceptance
  rc=0            119s  deffn-acceptance
  rc=0             50s  direct-ctrl-acceptance
  rc=0             12s  dskmsg-acceptance
  rc=0             82s  editverb-acceptance
  rc=0             31s  fldary-acceptance
  rc=0             93s  fldwidth-acceptance
  rc=0             31s  forvar-acceptance
  rc=0             45s  gicini-acceptance
  rc=0              0s  graphics-floor-acceptance
  rc=0            149s  ifsem-acceptance
  rc=0              9s  input-acceptance
  rc=0             71s  nodisk-acceptance
  rc=0             89s  pusing-acceptance
  rc=0             42s  catterm-acceptance
  rc=0             20s  catusr-acceptance
  rc=0             18s  nameord-acceptance
  rc=0             16s  namegate-acceptance
  rc=0             37s  inputary-acceptance
  rc=0            128s  key-trap-acceptance
  rc=0             53s  linemax-acceptance
  rc=0            143s  lnblank-acceptance
  rc=0             37s  locarg-acceptance
  rc=0             44s  lof-acceptance
  rc=0             91s  lptverb-acceptance
  rc=0             56s  lrvar-acceptance
  rc=0             55s  lvfix-acceptance
  rc=0             21s  nxary-acceptance
  rc=0             22s  nxlist-acceptance
  rc=0             31s  play-acceptance
  rc=0             10s  play-trace-acceptance
  rc=0             18s  readvar-acceptance
  rc=0              7s  runtail-acceptance
  rc=0             22s  sound-acceptance
  rc=0             66s  sprite-trap-acceptance
  rc=0             55s  stop-trap-acceptance
  rc=0            141s  strig-trap-acceptance
  rc=0              0s  subrom-acceptance
  rc=0             70s  tgtspc-acceptance
  rc=0             77s  width-acceptance
  rc=0            112s  lineerr#1/8
  rc=0            113s  lineerr#2/8
  rc=0            111s  lineerr#3/8
  rc=0            106s  lineerr#4/8
  rc=0            100s  lineerr#5/8
  rc=0             93s  lineerr#6/8
  rc=0             86s  lineerr#7/8
  rc=0             62s  lineerr#8/8

=== wall 909s (8s build + 901s gates) ===
GATES: 127/128 green
RED: selftest-check
hashes: 10650476 bf1c245d e3dbed36 a01dabda
make: *** [gates] Error 1
