python3 tools/run_gates.py 
=== warm-up (serial build of shared artifacts) ===
warm-up 7s
=== refcache OFF for every unit: a gate measures, it never replays (docs/spec-refcache.md §7) ===
=== emulator tier RUNS: probes/tests/tools or the Makefile changed ===
=== 4 tree-mutating unit(s), SERIAL (they rewrite a shared tracked file) ===
  rc=0              1s  switch-build-check
  rc=0              5s  diskdep-check
  rc=0              0s  wall-literal-check
  rc=0             46s  selftest-check
  (post-mutator refresh 7s -- the plants moved mtimes, so the pool would otherwise race a rebuild)
=== 119 units, J=8, lineerr in 8 shards, nice=0 solo=None ===
  rc=0              3s  basic-reloc
  rc=0              0s  subrom-abi-check
  rc=0              0s  diskrom-abi-check
  rc=0              0s  rom-parts-check
  rc=0              1s  subrom-closure-check
  rc=0             27s  unit-test
  rc=0              0s  deadcode
  rc=0              3s  wall-assertion-check
  rc=0              0s  ram-claim-check
  rc=0              0s  build-assert-check
  rc=0              3s  needle-case-check
  rc=0              0s  redundant-load-check
  rc=0              1s  rowshape-check
  rc=0              5s  injector-check
  rc=0              1s  temp-root-check
  rc=0              2s  todo-citation-check
  rc=0              0s  todo-marker-check
  rc=0              0s  deferral-pin-check
  rc=0              1s  error-alphabet-check
  rc=0              2s  chokepoint-check
  rc=0              0s  shared-body-check
  rc=0              0s  probe-reach-check
  rc=0              0s  battery-membership-check
  rc=0              0s  fixture-integrity-check
  rc=0              1s  preflight-check
  rc=0              4s  latch-check
  rc=0             19s  kwsweep
  rc=0             11s  patch-freshness-check
  rc=0              2s  refcache-check
  rc=0              0s  knife-guard-check
  rc=0              1s  knife-rom-guard-check
  rc=0              0s  deffn-selftest
  rc=0              0s  probe-sides-selftest
  rc=0              0s  banner-acceptance
  rc=0             27s  string-acceptance
  rc=0             19s  str-domain-acceptance
  rc=0             12s  strparen-acceptance
  rc=0             43s  penderr-acceptance
  rc=0             45s  missing-acceptance
  rc=0             11s  error-acceptance
  rc=0             68s  error-trap-acceptance
  rc=0             95s  onerr0-acceptance
  rc=0            104s  math-acceptance
  rc=0             90s  float-acceptance
  rc=0             58s  intarg-acceptance
  rc=0             43s  logicops-acceptance
  rc=0            233s  screenerr-acceptance
  rc=0             50s  tmfp-acceptance
  rc=0             61s  stmtpend-acceptance
  rc=0            104s  array-acceptance
  rc=0            124s  deffn-strict
  rc=0            368s  graphics-acceptance
  rc=0             54s  abort-acceptance
  rc=0            142s  interval-trap-acceptance
  rc=0             83s  clearpool-acceptance
  rc=0            128s  stackpool-acceptance
  rc=0            149s  trapdepth-acceptance
  rc=0             64s  trapsvc-acceptance
  rc=0             72s  ctlcross-acceptance
  rc=0            376s  ctllim-acceptance
  rc=0            404s  ramfree-acceptance
  rc=0             12s  txtceil-acceptance
  rc=0             13s  cursor-acceptance
  rc=0             78s  time-acceptance
  rc=0            295s  namspc-acceptance
  rc=0             97s  arrdim-acceptance
  rc=0             51s  arylv-acceptance
  rc=0             57s  badfnum-acceptance
  rc=0              3s  beep-acceptance
  rc=0             30s  binfre-acceptance
  rc=0             27s  cassave-acceptance
  rc=0             77s  castail-acceptance
  rc=0            119s  deffn-acceptance
  rc=0             45s  direct-ctrl-acceptance
  rc=0              9s  dskmsg-acceptance
  rc=0             84s  editverb-acceptance
  rc=0             32s  fldary-acceptance
  rc=0             94s  fldwidth-acceptance
  rc=0             23s  forvar-acceptance
  rc=0             45s  gicini-acceptance
  rc=0              0s  graphics-floor-acceptance
  rc=0            150s  ifsem-acceptance
  rc=0              9s  input-acceptance
  rc=0             61s  nodisk-acceptance
  rc=0             75s  pusing-acceptance
  rc=0             44s  catterm-acceptance
  rc=0             20s  catusr-acceptance
  rc=0             14s  nameord-acceptance
  rc=0              5s  namegate-acceptance
  rc=0             41s  inputary-acceptance
  rc=0            136s  key-trap-acceptance
  rc=0             58s  linemax-acceptance
  rc=0            146s  lnblank-acceptance
  rc=0             37s  locarg-acceptance
  rc=0             38s  lof-acceptance
  rc=0             83s  lptverb-acceptance
  rc=0             54s  lrvar-acceptance
  rc=0             53s  lvfix-acceptance
  rc=0             22s  nxary-acceptance
  rc=0             30s  nxlist-acceptance
  rc=0             31s  play-acceptance
  rc=0             11s  play-trace-acceptance
  rc=0             19s  readvar-acceptance
  rc=0              5s  runtail-acceptance
  rc=0             29s  sound-acceptance
  rc=0             72s  sprite-trap-acceptance
  rc=0             58s  stop-trap-acceptance
  rc=0            145s  strig-trap-acceptance
  rc=0              0s  subrom-acceptance
  rc=0             72s  tgtspc-acceptance
  rc=0             78s  width-acceptance
  rc=0            107s  lineerr#1/8
  rc=0            113s  lineerr#2/8
  rc=0            105s  lineerr#3/8
  rc=0            102s  lineerr#4/8
  rc=0            101s  lineerr#5/8
  rc=0             95s  lineerr#6/8
  rc=0             83s  lineerr#7/8
  rc=0             61s  lineerr#8/8

=== wall 868s (7s build + 861s gates) ===
GATES: 116/116 green
hashes: 9168d2b0 760789a8 c4c369c2 5c9643a0
recorded: this full green battery is now the baseline a future skip must prove itself against
