python3 tools/install-repack-machine.py --merged build/zerobas-main-eu.rom --disk-rom build/disk.rom \
	  --sub-rom build/sub.rom
wrote C-BIOS_MSX1_EU_REPACK_DISK  (-> machine "C-BIOS_MSX1_EU_REPACK_DISK": merged repack ROM in slot 0, zerobas-disk in slot 3-1, zerobas-sub in slot 3-2)
     /Users/joost/.openMSX/share/machines/C-BIOS_MSX1_EU_REPACK_DISK.xml
python3 tools/install-repack-machine.py --merged build/zerobas-main-eu.rom --sub-rom build/sub.rom \
	  --no-disk
wrote C-BIOS_MSX1_EU_REPACK_NODISK  (-> machine "C-BIOS_MSX1_EU_REPACK_NODISK": merged repack ROM in slot 0, slot 3-1 EMPTY (diskless target), zerobas-sub in slot 3-2)
     /Users/joost/.openMSX/share/machines/C-BIOS_MSX1_EU_REPACK_NODISK.xml
python3 probes/basic/basic_probe_trapsvc.py --gate \
	        --zb-machine C-BIOS_MSX1_EU_REPACK_DISK 

row            vg8020    cf3300        zb   what it asks
int.ctl           1 1       1 1       1 1   CONTROL: the handler RETURNs, nothing is abandoned
int.one           1 1       1 1       1 1   CONTROL: exactly ONE fire in window 1
int.resume        1 0       1 0       1 0   THE SUBJECT: trapped error, left via RESUME <line>, RETURN never reached
int.resnext       1 1       1 1       1 1   SEPARATOR: same fault, RESUME NEXT, which lands ON the RETURN
int.goto          1 0       1 0       1 0   the same abandonment with NO error anywhere: a plain GOTO out
int.six          9 18      9 18      9 18   nine leak-and-re-arm cycles: N = cycles that fired, E = last ERR
gos.leak         12 0      12 0      12 0   SCOPE: the GOSUB-depth separator, no trap in it at all

int.ctl      ok   all three '1 1'
int.one      ok   all three '1 1'
int.resume   ok   all three '1 0'
int.resnext  ok   all three '1 1'
int.goto     ok   all three '1 0'
int.six      ok   all three '9 18'
gos.leak     ok   all three '12 0'

rows 7  pinned 7  red 0
TRAPSVC: PASS
refcache: 0 hit, 3 miss, 3 stored
