  phase=1 CSRY=22 CSRX=1 CRTCNT=24 LINLEN=39 CNSDFG=0 SCRMOD=0 LINL40=39
  phase=2 CSRY=23 CSRX=1 CRTCNT=24 LINLEN=39 CNSDFG=0 SCRMOD=0 LINL40=39
  phase=3 CSRY=24 CSRX=1 CRTCNT=24 LINLEN=39 CNSDFG=0 SCRMOD=0 LINL40=39
  phase=4 CSRY=24 CSRX=1 CRTCNT=24 LINLEN=39 CNSDFG=0 SCRMOD=0 LINL40=39
  phase=5 CSRY=24 CSRX=1 CRTCNT=24 LINLEN=39 CNSDFG=0 SCRMOD=0 LINL40=39
  phase=6 CSRY=24 CSRX=1 CRTCNT=24 LINLEN=39 CNSDFG=0 SCRMOD=0 LINL40=39
--- per-phase VRAM: which markers are PRESENT, and do the two reads agree ---
  phase 1: marks=[] readsAgree=True
  phase 2: marks=['[M1]'] readsAgree=True
  phase 3: marks=['[M1]', '[M2]'] readsAgree=True
  phase 4: marks=['[M1]', '[M2]', '[M3]'] readsAgree=True
  phase 5: marks=['[M1]', '[M2]', '[M3]', '[M4]'] readsAgree=True
  phase 6: marks=['[M1]', '[M2]', '[M3]', '[M4]'] readsAgree=True
--- phase 6 screen as text ---
   0 |                                        |
   1 | zerobas Disk BASIC                     |
   2 | ZB10 POKE&HD000,1                      |
   3 | ZB12 OPEN"E1.DAT"FOR OUTPUT AS#1       |
   4 | ZB14 CLOSE#1                           |
   5 | ZB16 PRINTCHR$(91);"M1";CHR$(93)       |
   6 | ZB17 POKE&HD000,2                      |
   7 | ZB18 OPEN"E2.DAT"FOR OUTPUT AS#1       |
   8 | ZB20 CLOSE#1                           |
   9 | ZB21 PRINTCHR$(91);"M2";CHR$(93)       |
  10 | ZB22 POKE&HD000,3                      |
  11 | ZB24 OPEN"E3.DAT"FOR OUTPUT AS#1       |
  12 | ZB26 CLOSE#1                           |
  13 | ZB27 PRINTCHR$(91);"M3";CHR$(93)       |
  14 | ZB28 POKE&HD000,4                      |
  15 | ZB29 PRINTCHR$(91);"M4";CHR$(93)       |
  16 | ZB30 POKE&HD000,5                      |
  17 | ZB32 POKE&HD000,6                      |
  18 | ZBRUN                                  |
  19 | [M1]                                   |
  20 | [M2]                                   |
  21 | [M3]                                   |
  22 | [M4]                                   |
  23 |                                        |
--- end-of-case capture ---
fences = ['M1', 'M2']
refcache: 0 hit, 1 miss, 1 stored
