
row            vg8020       cf3300           zb   statement
c.plain          ok 1         ok 1         ok 1   A=1 / PRINT A   refs agree
           CONTROL: no unary operator at all
c.neg           ok -1        ok -1        ok -1   A=-1 / PRINT A   refs agree
           CONTROL: unary MINUS, correct on all three
f.let            ok 1         ok 1        ERR 2   A=+1 / PRINT A   refs agree  🔴 zb DIFF
           the filed form
f.var            ok 1         ok 1        ERR 2   B=1:A=+B / PRINT A   refs agree  🔴 zb DIFF
           unary + on a VARIABLE
f.paren          ok 1         ok 1        ERR 2   A=(+1) / PRINT A   refs agree  🔴 zb DIFF
           inside parentheses
f.bin            ok 3         ok 3        ERR 2   A=1++2 / PRINT A   refs agree  🔴 zb DIFF
           binary + then unary +
x.dbl            ok 1         ok 1        ERR 2   A=++1 / PRINT A   refs agree  🔴 zb DIFF
           🔴 TWO unary pluses -- the identity arm re-enters ev_f
x.mixed         ok -1        ok -1        ERR 2   A=+-1 / PRINT A   refs agree  🔴 zb DIFF
           plus then minus
x.pow            ok 4         ok 4        ERR 2   A=+2^2 / PRINT A   refs agree  🔴 zb DIFF
           binding vs `^` (identity makes both readings 4)
x.str            ok X         ok X       ERR 13   A$="X":B$=+A$ / PRINT B$   refs agree  🔴 zb DIFF
           🔴 unary + on a STRING -- unmeasured, and the fix reaches it
x.strlit         ok X         ok X        ERR 2   B$=+"X" / PRINT B$   refs agree  🔴 zb DIFF
           ...on a string LITERAL
x.prstr          ok X         ok X   ok ZQ 13 |   A$="X" / PRINT +A$   refs agree  🔴 zb DIFF
           ...in the PRINT factor position

10 row(s) where zerobas differs from the CF-3300.
refcache: 36 hit, 0 miss
