
row              vg8020       cf3300           zb   statement
c.plain            ok 5         ok 5         ok 5   A=5 / PRINT A   refs agree
             CONTROL: no unary operator at all
d.num              ok 1         ok 1         ok 1    / PRINT +1   refs agree
             PRINT declines to the numeric path
d.numvar           ok 5         ok 5         ok 5   A=5 / PRINT +A   refs agree
             ...on a numeric VARIABLE
d.numexpr         ok 10        ok 10        ok 10   A=5 / PRINT +A*2   refs agree
             🎯 an operand the `+` must not eat into: a wrongly-advanced cursor still reads 10, so this row is the SHAPE, not the separator
d.dblnum           ok 1         ok 1         ok 1    / PRINT ++1   refs agree
             two pluses, both declining
d.paren            ok 6         ok 6         ok 6   A=5 / PRINT (A+1)   refs agree
             CONTROL: the `(` arm still declines to exp_num (p.numprint's subject)
d.negplus         ok -3        ok -3        ok -3    / PRINT +(-3)   refs agree
             plus in front of a parenthesised negative
s.concat          ok XY        ok XY        ok XY   A$="X":B$=+A$+"Y" / PRINT B$   refs agree
             🔴 str_concat_tail AFTER a unary plus
s.relop           ok -1        ok -1        ok -1   A$="X" / PRINT +A$="X"   refs agree
             🔴 exp_strvar re-parses via eval when a relop follows -- from the operand START, which is now the `+`
s.prconcat        ok XY        ok XY        ok XY   A$="X" / PRINT +A$+"Y"   refs agree
             concat in the PRINT item position
s.dblstr           ok X         ok X         ok X   A$="X":B$=++A$ / PRINT B$   refs agree
             🔴 str_eval_plus RECURSES where ev_f_pos loops: two frames deep
e.bare           ERR 24       ERR 24       ERR 24   A$=+ / PRINT "UNREACHED"   refs agree
             🔴 a `+` with NOTHING behind it -- the decline with the cursor at end of line
g.paint    <NO READING> <NO READING> <NO READING>   SCREEN 2:PAINT(10,10),+99 / PRINT "UNREACHED"   refs agree
             🔴 the PAINT colour DETECTOR. An OUT-OF-RANGE colour on purpose: it errors in gfx_store_colour_checked BEFORE any flood, which is what makes the row readable at all -- `+1` on a blank SCREEN 2 paints the whole screen and the first cut read <NO READING> on ALL THREE. What it separates is the CODE: 5 means `+99` reached gfx_eval_int16 as a number, 13 would mean str_eval_one had claimed it

0 row(s) where zerobas differs from the CF-3300.
🔴 3 of 39 cell(s) read <NO READING> -- that is the INSTRUMENT, not the machines. This run is refused.
refcache: 36 hit, 3 miss, 2 stored, 1 refused (non-reading)
