
=== cf3300 (National_CF-3300, 60 Hz) ===  sizes {'S': 1055, 'M': 7208, 'L': 14369}
  verb    emulated s   TIME s   kept
  load   NO READING (clock ['80.01775979908061', '-1'], printed []) screen: Ok | NEW | Ok | 1 TIME=0 | 2 LOAD"L.BAS" | 3 PRINT"@K";TIME:END | RUN | Ok | color   auto    goto    list    run
  save   NO READING (clock ['88.01692868786395', '96.31869860554903'], printed []) screen: EW | Ok | LOAD"L.BAS" | Ok | 1 TIME=0 | 2 SAVE"X.BAS" | 3 PRINT"@K";TIME:END | RUN | color   auto    goto    list    run
  asave  NO READING (clock ['88.01816348167155', '-1'], printed []) screen:  | Ok | LOAD"M.BAS" | Ok | 1 TIME=0 | 2 SAVE"A.BAS",A | 3 PRINT"@K";TIME:END | RUN | color   auto    goto    list    run
  copy   NO READING (clock ['80.0178201419454', '88.62173628212524'], printed []) screen: Ok | NEW | Ok | 1 TIME=0 | 2 COPY"L.BAS"TO"C.BAS" | 3 PRINT"@K";TIME:END | RUN | color   auto    goto    list    run
  files        1.097    0.783    71%
  kill         2.597    1.000    39%
  name         1.417    0.800    56%
  dskf         1.013    0.767    76%
  bsave        6.001    1.850    31%
  bload        2.378    1.133    48%

=== zb (C-BIOS_MSX1_EU_REPACK_DISK, 50 Hz) ===  sizes {'S': 1055, 'M': 7208, 'L': 14369}
  verb    emulated s   TIME s   kept
  load   NO READING (clock ['64.03842695091136', '-1'], printed []) screen: ZB | NEW | ZB | 1 TIME=0 | 2 LOAD"L.BAS" | 3 PRINT"@K";TIME:END | RUN | ZB | color  auto   goto   list   run
  save   NO READING (clock ['72.03538717909679', '-1'], printed []) screen:  | NEW | ZB | LOAD"L.BAS" | ZB | 1 TIME=0 | 2 SAVE"X.BAS" | 3 PRINT"@K";TIME:END | RUN | color  auto   goto   list   run
  asave  NO READING (clock ['72.03362298839657', '-1'], printed []) screen:  NEW | ZB | LOAD"M.BAS" | ZB | 1 TIME=0 | 2 SAVE"A.BAS",A | 3 PRINT"@K";TIME:END | RUN | color  auto   goto   list   run
  copy   NO READING (clock ['64.03842750964158', '-1'], printed []) screen: ZB | NEW | ZB | 1 TIME=0 | 2 COPY"L.BAS"TO"C.BAS" | 3 PRINT"@K";TIME:END | RUN | color  auto   goto   list   run
  files        0.264    0.080    30%
  kill   NO READING (clock ['64.03842723027647', '73.86155083956201'], printed []) screen: ZB | NEW | ZB | 1 TIME=0 | 2 KILL"L.BAS" | 3 PRINT"@K";TIME:END | RUN | color  auto   goto   list   run
  name         1.016    0.080     8%
  dskf         0.884    0.020     2%
  bsave  NO READING (clock ['64.0384127032905', '76.9203133359128'], printed []) screen: ZB | NEW | ZB | 1 TIME=0 | 2 BSAVE"B.BIN",&H9000,&HAFFF | 3 PRINT"@K";TIME:END | RUN | color  auto   goto   list   run
  bload        4.263    0.020     0%
refcache: 0 hit, 22 miss, 22 stored
