python3 tools/run_gates.py --full 
=== warm-up (serial build of shared artifacts) ===
warm-up 8s
=== refcache OFF for every unit: a gate measures, it never replays (docs/spec-refcache.md §7) ===
=== emulator tier RUNS: forced by --full ===
=== 4 tree-mutating unit(s), SERIAL (they rewrite a shared tracked file) ===
  rc=0              1s  switch-build-check
  rc=0              6s  diskdep-check
  rc=0              0s  wall-literal-check
  rc=0             50s  selftest-check
  (post-mutator refresh 8s -- the plants moved mtimes, so the pool would otherwise race a rebuild)
=== 117 units, J=8, lineerr in 8 shards, nice=0 solo=None ===
  rc=0              3s  basic-reloc
  rc=0              0s  subrom-abi-check
  rc=0              0s  diskrom-abi-check
  rc=0              0s  rom-parts-check
  rc=0              1s  subrom-closure-check
  rc=0             29s  unit-test
  rc=0              1s  deadcode
  rc=0              4s  wall-assertion-check
  rc=0              0s  ram-claim-check
  rc=0              0s  build-assert-check
  rc=0              4s  needle-case-check
  rc=0              0s  redundant-load-check
  rc=0              2s  rowshape-check
  rc=0              5s  injector-check
  rc=0              1s  temp-root-check
  rc=2              2s  todo-citation-check
  rc=0              0s  todo-marker-check
  rc=0              0s  deferral-pin-check
  rc=0              1s  error-alphabet-check
  rc=0              2s  chokepoint-check
  rc=0              0s  shared-body-check
  rc=0              0s  probe-reach-check
  rc=0              0s  battery-membership-check
  rc=0              0s  fixture-integrity-check
  rc=0              1s  preflight-check
  rc=0              5s  latch-check
  rc=0             26s  kwsweep
  rc=0             13s  patch-freshness-check
  rc=0              2s  refcache-check
  rc=0              0s  knife-guard-check
  rc=0              1s  knife-rom-guard-check
  rc=0              0s  deffn-selftest
  rc=0              1s  banner-acceptance
  rc=0             33s  string-acceptance
  rc=0             22s  str-domain-acceptance
  rc=0             13s  strparen-acceptance
  rc=0             52s  penderr-acceptance
  rc=0             59s  missing-acceptance
  rc=0             11s  error-acceptance
  rc=0             75s  error-trap-acceptance
  rc=0            115s  onerr0-acceptance
  rc=0            130s  math-acceptance
  rc=0             93s  float-acceptance
  rc=0             50s  intarg-acceptance
  rc=0             39s  logicops-acceptance
  rc=0            264s  screenerr-acceptance
  rc=0             53s  tmfp-acceptance
  rc=0             76s  stmtpend-acceptance
  rc=0            117s  array-acceptance
  rc=0            138s  deffn-strict
  rc=0            413s  graphics-acceptance
  rc=0             64s  abort-acceptance
  rc=0            159s  interval-trap-acceptance
  rc=0             90s  clearpool-acceptance
  rc=0            145s  stackpool-acceptance
  rc=0            163s  trapdepth-acceptance
  rc=0             73s  ctlcross-acceptance
  rc=0            416s  ctllim-acceptance
  rc=0            469s  ramfree-acceptance
  rc=0             13s  txtceil-acceptance
  rc=0             23s  cursor-acceptance
  rc=0             82s  time-acceptance
  rc=0            318s  namspc-acceptance
  rc=0            106s  arrdim-acceptance
  rc=0             66s  arylv-acceptance
  rc=0             62s  badfnum-acceptance
  rc=0              7s  beep-acceptance
  rc=0             22s  binfre-acceptance
  rc=0             29s  cassave-acceptance
  rc=0             85s  castail-acceptance
  rc=0            126s  deffn-acceptance
  rc=0             52s  direct-ctrl-acceptance
  rc=0             13s  dskmsg-acceptance
  rc=0             82s  editverb-acceptance
  rc=0             31s  fldary-acceptance
  rc=0            103s  fldwidth-acceptance
  rc=0             24s  forvar-acceptance
  rc=0             51s  gicini-acceptance
  rc=0              4s  graphics-floor-acceptance
  rc=0            154s  ifsem-acceptance
  rc=0              4s  input-acceptance
  rc=0             62s  nodisk-acceptance
  rc=0             82s  pusing-acceptance
  rc=0             46s  catterm-acceptance
  rc=0             14s  catusr-acceptance
  rc=0             19s  nameord-acceptance
  rc=0             11s  namegate-acceptance
  rc=0             41s  inputary-acceptance
  rc=0            152s  key-trap-acceptance
  rc=0             63s  linemax-acceptance
  rc=0            158s  lnblank-acceptance
  rc=0             36s  locarg-acceptance
  rc=0             47s  lof-acceptance
  rc=0             94s  lptverb-acceptance
  rc=0             64s  lrvar-acceptance
  rc=0             59s  lvfix-acceptance
  rc=0             21s  nxary-acceptance
  rc=0             24s  nxlist-acceptance
  rc=0             31s  play-acceptance
  rc=0              5s  play-trace-acceptance
  rc=0             20s  readvar-acceptance
  rc=0             11s  runtail-acceptance
  rc=0             23s  sound-acceptance
  rc=0             73s  sprite-trap-acceptance
  rc=0             56s  stop-trap-acceptance
  rc=0            163s  strig-trap-acceptance
  rc=0              0s  subrom-acceptance
  rc=0             73s  tgtspc-acceptance
  rc=0             79s  width-acceptance
  rc=0            115s  lineerr#1/8
  rc=0            120s  lineerr#2/8
  rc=0            112s  lineerr#3/8
  rc=0            112s  lineerr#4/8
  rc=0            110s  lineerr#5/8
  rc=0            103s  lineerr#6/8
  rc=0             96s  lineerr#7/8
  rc=0             71s  lineerr#8/8

=== retrying 1 red unit(s) SERIALLY (flake vs real) ===
  retry todo-citation-check: rc 2->2  REAL (still red)

=== wall 942s (8s build + 935s gates) ===
GATES: 113/114 green
RED: todo-citation-check
hashes: c04615fe 80bd3b7d bb2c1f7a c31d6239
make: *** [gates-full] Error 1
