python3 tools/run_gates.py 
=== warm-up (serial build of shared artifacts) ===
warm-up 8s
=== refcache OFF for every unit: a gate measures, it never replays (docs/spec-refcache.md §7) ===
=== emulator tier RUNS: probes/tests/tools or the Makefile changed ===
=== 4 tree-mutating unit(s), SERIAL (they rewrite a shared tracked file) ===
  rc=0              1s  switch-build-check
  rc=0              6s  diskdep-check
  rc=0              0s  wall-literal-check
  rc=0             49s  selftest-check
  (post-mutator refresh 8s -- the plants moved mtimes, so the pool would otherwise race a rebuild)
=== 117 units, J=8, lineerr in 8 shards, nice=0 solo=None ===
  rc=0              3s  basic-reloc
  rc=0              0s  subrom-abi-check
  rc=0              0s  diskrom-abi-check
  rc=0              0s  rom-parts-check
  rc=0              1s  subrom-closure-check
  rc=0             28s  unit-test
  rc=0              1s  deadcode
  rc=0              3s  wall-assertion-check
  rc=0              0s  ram-claim-check
  rc=0              0s  build-assert-check
  rc=0              4s  needle-case-check
  rc=0              0s  redundant-load-check
  rc=0              2s  rowshape-check
  rc=0              5s  injector-check
  rc=0              1s  temp-root-check
  rc=0              2s  todo-citation-check
  rc=0              0s  todo-marker-check
  rc=0              0s  deferral-pin-check
  rc=0              1s  error-alphabet-check
  rc=0              2s  chokepoint-check
  rc=0              0s  shared-body-check
  rc=0              0s  probe-reach-check
  rc=0              0s  battery-membership-check
  rc=0              0s  fixture-integrity-check
  rc=0              1s  preflight-check
  rc=0              4s  latch-check
  rc=0             25s  kwsweep
  rc=0             13s  patch-freshness-check
  rc=0              2s  refcache-check
  rc=0              0s  knife-guard-check
  rc=0              1s  knife-rom-guard-check
  rc=0              0s  deffn-selftest
  rc=0              1s  banner-acceptance
  rc=0             33s  string-acceptance
  rc=0             20s  str-domain-acceptance
  rc=0             12s  strparen-acceptance
  rc=0             53s  penderr-acceptance
  rc=0             60s  missing-acceptance
  rc=0             11s  error-acceptance
  rc=0             74s  error-trap-acceptance
  rc=0            107s  onerr0-acceptance
  rc=0            112s  math-acceptance
  rc=0             95s  float-acceptance
  rc=0             50s  intarg-acceptance
  rc=0             37s  logicops-acceptance
  rc=0            259s  screenerr-acceptance
  rc=0             54s  tmfp-acceptance
  rc=0             80s  stmtpend-acceptance
  rc=0            122s  array-acceptance
  rc=0            131s  deffn-strict
  rc=0            404s  graphics-acceptance
  rc=0             63s  abort-acceptance
  rc=0            164s  interval-trap-acceptance
  rc=0             93s  clearpool-acceptance
  rc=0            143s  stackpool-acceptance
  rc=0            165s  trapdepth-acceptance
  rc=0             75s  ctlcross-acceptance
  rc=0            405s  ctllim-acceptance
  rc=0            467s  ramfree-acceptance
  rc=0             18s  txtceil-acceptance
  rc=0             15s  cursor-acceptance
  rc=0             88s  time-acceptance
  rc=0            324s  namspc-acceptance
  rc=0            111s  arrdim-acceptance
  rc=0             62s  arylv-acceptance
  rc=0             62s  badfnum-acceptance
  rc=0              9s  beep-acceptance
  rc=0             28s  binfre-acceptance
  rc=0             23s  cassave-acceptance
  rc=0             82s  castail-acceptance
  rc=0            128s  deffn-acceptance
  rc=0             49s  direct-ctrl-acceptance
  rc=0             12s  dskmsg-acceptance
  rc=0             94s  editverb-acceptance
  rc=0             34s  fldary-acceptance
  rc=0             99s  fldwidth-acceptance
  rc=0             34s  forvar-acceptance
  rc=0             52s  gicini-acceptance
  rc=0              0s  graphics-floor-acceptance
  rc=0            160s  ifsem-acceptance
  rc=0              7s  input-acceptance
  rc=0             62s  nodisk-acceptance
  rc=0             82s  pusing-acceptance
  rc=0             46s  catterm-acceptance
  rc=0             19s  catusr-acceptance
  rc=0             19s  nameord-acceptance
  rc=0             12s  namegate-acceptance
  rc=0             44s  inputary-acceptance
  rc=0            147s  key-trap-acceptance
  rc=0             70s  linemax-acceptance
  rc=0            155s  lnblank-acceptance
  rc=0             45s  locarg-acceptance
  rc=0             46s  lof-acceptance
  rc=0             93s  lptverb-acceptance
  rc=0             57s  lrvar-acceptance
  rc=0             55s  lvfix-acceptance
  rc=0             30s  nxary-acceptance
  rc=0             26s  nxlist-acceptance
  rc=0             30s  play-acceptance
  rc=0             12s  play-trace-acceptance
  rc=0             30s  readvar-acceptance
  rc=0             10s  runtail-acceptance
  rc=0             28s  sound-acceptance
  rc=0             82s  sprite-trap-acceptance
  rc=0             62s  stop-trap-acceptance
  rc=0            164s  strig-trap-acceptance
  rc=0              0s  subrom-acceptance
  rc=0             73s  tgtspc-acceptance
  rc=0             79s  width-acceptance
  rc=0            117s  lineerr#1/8
  rc=0            121s  lineerr#2/8
  rc=0            115s  lineerr#3/8
  rc=0            111s  lineerr#4/8
  rc=0            104s  lineerr#5/8
  rc=0            101s  lineerr#6/8
  rc=0             89s  lineerr#7/8
  rc=0             68s  lineerr#8/8

=== wall 948s (8s build + 940s gates) ===
GATES: 114/114 green
hashes: c04615fe 80bd3b7d bb2c1f7a c31d6239
recorded: this full green battery is now the baseline a future skip must prove itself against
