python3 tools/run_gates.py --full 
=== warm-up (serial build of shared artifacts) ===
warm-up 8s
=== refcache OFF for every unit: a gate measures, it never replays (docs/spec-refcache.md §7) ===
=== emulator tier RUNS: forced by --full ===
=== 4 tree-mutating unit(s), SERIAL (they rewrite a shared tracked file) ===
  rc=0              1s  switch-build-check
  rc=0              6s  diskdep-check
  rc=0              0s  wall-literal-check
  rc=0             48s  selftest-check
  (post-mutator refresh 7s -- the plants moved mtimes, so the pool would otherwise race a rebuild)
=== 117 units, J=8, lineerr in 8 shards, nice=0 solo=None ===
  rc=0              3s  basic-reloc
  rc=0              0s  subrom-abi-check
  rc=0              0s  diskrom-abi-check
  rc=0              0s  rom-parts-check
  rc=0              1s  subrom-closure-check
  rc=0             28s  unit-test
  rc=0              0s  deadcode
  rc=0              3s  wall-assertion-check
  rc=0              0s  ram-claim-check
  rc=0              0s  build-assert-check
  rc=0              3s  needle-case-check
  rc=0              0s  redundant-load-check
  rc=0              2s  rowshape-check
  rc=0              5s  injector-check
  rc=0              1s  temp-root-check
  rc=0              2s  todo-citation-check
  rc=0              0s  todo-marker-check
  rc=0              0s  deferral-pin-check
  rc=0              1s  error-alphabet-check
  rc=0              2s  chokepoint-check
  rc=0              0s  shared-body-check
  rc=0              0s  probe-reach-check
  rc=0              0s  battery-membership-check
  rc=0              0s  fixture-integrity-check
  rc=0              1s  preflight-check
  rc=0              4s  latch-check
  rc=0             25s  kwsweep
  rc=0             12s  patch-freshness-check
  rc=0              2s  refcache-check
  rc=0              0s  knife-guard-check
  rc=0              1s  knife-rom-guard-check
  rc=0              0s  deffn-selftest
  rc=0              1s  banner-acceptance
  rc=0             32s  string-acceptance
  rc=0             20s  str-domain-acceptance
  rc=0             12s  strparen-acceptance
  rc=0             52s  penderr-acceptance
  rc=0             55s  missing-acceptance
  rc=0             11s  error-acceptance
  rc=0             63s  error-trap-acceptance
  rc=0             97s  onerr0-acceptance
  rc=0            111s  math-acceptance
  rc=0             95s  float-acceptance
  rc=0             51s  intarg-acceptance
  rc=0             37s  logicops-acceptance
  rc=0            247s  screenerr-acceptance
  rc=0             49s  tmfp-acceptance
  rc=0             80s  stmtpend-acceptance
  rc=0            120s  array-acceptance
  rc=0            127s  deffn-strict
  rc=0            404s  graphics-acceptance
  rc=0             56s  abort-acceptance
  rc=0            157s  interval-trap-acceptance
  rc=0             91s  clearpool-acceptance
  rc=0            143s  stackpool-acceptance
  rc=0            163s  trapdepth-acceptance
  rc=0             75s  ctlcross-acceptance
  rc=0            411s  ctllim-acceptance
  rc=0            443s  ramfree-acceptance
  rc=0             19s  txtceil-acceptance
  rc=0             17s  cursor-acceptance
  rc=0            100s  time-acceptance
  rc=0            315s  namspc-acceptance
  rc=0            111s  arrdim-acceptance
  rc=0             61s  arylv-acceptance
  rc=0             61s  badfnum-acceptance
  rc=0              9s  beep-acceptance
  rc=0             24s  binfre-acceptance
  rc=0             26s  cassave-acceptance
  rc=0             77s  castail-acceptance
  rc=0            127s  deffn-acceptance
  rc=0             44s  direct-ctrl-acceptance
  rc=0             14s  dskmsg-acceptance
  rc=0             81s  editverb-acceptance
  rc=0             33s  fldary-acceptance
  rc=0            104s  fldwidth-acceptance
  rc=0             24s  forvar-acceptance
  rc=0             57s  gicini-acceptance
  rc=0              0s  graphics-floor-acceptance
  rc=0            161s  ifsem-acceptance
  rc=0              4s  input-acceptance
  rc=0             62s  nodisk-acceptance
  rc=0             84s  pusing-acceptance
  rc=0             46s  catterm-acceptance
  rc=0             20s  catusr-acceptance
  rc=0             19s  nameord-acceptance
  rc=0              6s  namegate-acceptance
  rc=0             44s  inputary-acceptance
  rc=0            154s  key-trap-acceptance
  rc=0             64s  linemax-acceptance
  rc=0            140s  lnblank-acceptance
  rc=0             38s  locarg-acceptance
  rc=0             45s  lof-acceptance
  rc=0             88s  lptverb-acceptance
  rc=0             56s  lrvar-acceptance
  rc=0             58s  lvfix-acceptance
  rc=0             27s  nxary-acceptance
  rc=0             24s  nxlist-acceptance
  rc=0             32s  play-acceptance
  rc=0             11s  play-trace-acceptance
  rc=0             20s  readvar-acceptance
  rc=0             10s  runtail-acceptance
  rc=0             23s  sound-acceptance
  rc=0             72s  sprite-trap-acceptance
  rc=0             56s  stop-trap-acceptance
  rc=0            150s  strig-trap-acceptance
  rc=0              0s  subrom-acceptance
  rc=0             71s  tgtspc-acceptance
  rc=0             75s  width-acceptance
  rc=0            113s  lineerr#1/8
  rc=0            119s  lineerr#2/8
  rc=0            112s  lineerr#3/8
  rc=0            110s  lineerr#4/8
  rc=0            109s  lineerr#5/8
  rc=0            102s  lineerr#6/8
  rc=0             91s  lineerr#7/8
  rc=0             69s  lineerr#8/8

=== wall 921s (8s build + 913s gates) ===
GATES: 114/114 green
hashes: bb78b293 5d9a14c0 a1521082 9a96945d
recorded: this full green battery is now the baseline a future skip must prove itself against
