python3 tools/run_gates.py --full 
=== warm-up (serial build of shared artifacts) ===
warm-up 7s
=== refcache OFF for every unit: a gate measures, it never replays (docs/spec-refcache.md §7) ===
=== emulator tier RUNS: forced by --full ===
=== 4 tree-mutating unit(s), SERIAL (they rewrite a shared tracked file) ===
  rc=0              1s  switch-build-check
  rc=0              5s  diskdep-check
  rc=0              0s  wall-literal-check
  rc=0             46s  selftest-check
  (post-mutator refresh 7s -- the plants moved mtimes, so the pool would otherwise race a rebuild)
=== 117 units, J=8, lineerr in 8 shards, nice=0 solo=None ===
  rc=0              3s  basic-reloc
  rc=0              0s  subrom-abi-check
  rc=0              0s  diskrom-abi-check
  rc=0              0s  rom-parts-check
  rc=0              1s  subrom-closure-check
  rc=2             27s  unit-test
  rc=0              0s  deadcode
  rc=0              3s  wall-assertion-check
  rc=0              0s  ram-claim-check
  rc=0              0s  build-assert-check
  rc=0              3s  needle-case-check
  rc=0              0s  redundant-load-check
  rc=0              1s  rowshape-check
  rc=0              5s  injector-check
  rc=0              1s  temp-root-check
  rc=0              2s  todo-citation-check
  rc=0              0s  todo-marker-check
  rc=0              0s  deferral-pin-check
  rc=0              1s  error-alphabet-check
  rc=0              2s  chokepoint-check
  rc=0              0s  shared-body-check
  rc=0              0s  probe-reach-check
  rc=0              0s  battery-membership-check
  rc=0              0s  fixture-integrity-check
  rc=0              1s  preflight-check
  rc=0              4s  latch-check
  rc=0             19s  kwsweep
  rc=0             12s  patch-freshness-check
  rc=0              2s  refcache-check
  rc=0              0s  knife-guard-check
  rc=0              1s  knife-rom-guard-check
  rc=0              0s  deffn-selftest
  rc=0              0s  banner-acceptance
  rc=0             33s  string-acceptance
  rc=0             19s  str-domain-acceptance
  rc=0             11s  strparen-acceptance
  rc=0             52s  penderr-acceptance
  rc=0             44s  missing-acceptance
  rc=0             12s  error-acceptance
  rc=0             68s  error-trap-acceptance
  rc=0             99s  onerr0-acceptance
  rc=0            114s  math-acceptance
  rc=0             97s  float-acceptance
  rc=0             45s  intarg-acceptance
  rc=0             37s  logicops-acceptance
  rc=0            243s  screenerr-acceptance
  rc=0             43s  tmfp-acceptance
  rc=0             71s  stmtpend-acceptance
  rc=0            114s  array-acceptance
  rc=0            125s  deffn-strict
  rc=0            371s  graphics-acceptance
  rc=0             55s  abort-acceptance
  rc=0            147s  interval-trap-acceptance
  rc=0             90s  clearpool-acceptance
  rc=0            133s  stackpool-acceptance
  rc=0            164s  trapdepth-acceptance
  rc=0             76s  ctlcross-acceptance
  rc=0            425s  ctllim-acceptance
  rc=0            452s  ramfree-acceptance
  rc=0             17s  txtceil-acceptance
  rc=0             15s  cursor-acceptance
  rc=0             85s  time-acceptance
  rc=0            308s  namspc-acceptance
  rc=0            102s  arrdim-acceptance
  rc=0             60s  arylv-acceptance
  rc=0             60s  badfnum-acceptance
  rc=0              4s  beep-acceptance
  rc=0             21s  binfre-acceptance
  rc=0             27s  cassave-acceptance
  rc=0             81s  castail-acceptance
  rc=0            126s  deffn-acceptance
  rc=0             44s  direct-ctrl-acceptance
  rc=0             10s  dskmsg-acceptance
  rc=0             83s  editverb-acceptance
  rc=0             31s  fldary-acceptance
  rc=0             99s  fldwidth-acceptance
  rc=0             24s  forvar-acceptance
  rc=0             47s  gicini-acceptance
  rc=0              4s  graphics-floor-acceptance
  rc=0            160s  ifsem-acceptance
  rc=0              4s  input-acceptance
  rc=0             64s  nodisk-acceptance
  rc=0             78s  pusing-acceptance
  rc=0             51s  catterm-acceptance
  rc=0             19s  catusr-acceptance
  rc=0             19s  nameord-acceptance
  rc=0             13s  namegate-acceptance
  rc=0             40s  inputary-acceptance
  rc=0            146s  key-trap-acceptance
  rc=0             59s  linemax-acceptance
  rc=0            168s  lnblank-acceptance
  rc=0             45s  locarg-acceptance
  rc=0             45s  lof-acceptance
  rc=0             91s  lptverb-acceptance
  rc=0             58s  lrvar-acceptance
  rc=0             62s  lvfix-acceptance
  rc=0             22s  nxary-acceptance
  rc=0             22s  nxlist-acceptance
  rc=0             31s  play-acceptance
  rc=0              6s  play-trace-acceptance
  rc=0             21s  readvar-acceptance
  rc=0             11s  runtail-acceptance
  rc=0             23s  sound-acceptance
  rc=0             75s  sprite-trap-acceptance
  rc=0             65s  stop-trap-acceptance
  rc=0            164s  strig-trap-acceptance
  rc=0              0s  subrom-acceptance
  rc=0             75s  tgtspc-acceptance
  rc=0             78s  width-acceptance
  rc=0            115s  lineerr#1/8
  rc=0            126s  lineerr#2/8
  rc=0            113s  lineerr#3/8
  rc=0            111s  lineerr#4/8
  rc=0            110s  lineerr#5/8
  rc=0            102s  lineerr#6/8
  rc=0             95s  lineerr#7/8
  rc=0             64s  lineerr#8/8

=== retrying 1 red unit(s) SERIALLY (flake vs real) ===
  retry unit-test: rc 2->2  REAL (still red)

=== wall 936s (7s build + 929s gates) ===
GATES: 113/114 green
RED: unit-test
hashes: bb78b293 5d9a14c0 a1521082 9a96945d
make: *** [gates-full] Error 1
