python3 tools/pick_gates.py --run 
=== warm-up (serial build of shared artifacts) ===
warm-up 8s
=== refcache OFF for every unit: a gate measures, it never replays (docs/spec-refcache.md §7) ===
=== emulator tier RUNS: forced by --full ===
=== 4 tree-mutating unit(s), SERIAL (they rewrite a shared tracked file) ===
  rc=0              1s  switch-build-check
  rc=0              6s  diskdep-check
  rc=0              0s  wall-literal-check
  rc=0             61s  selftest-check
  (post-mutator refresh 8s -- the plants moved mtimes, so the pool would otherwise race a rebuild)
=== 143 units, J=8, lineerr in 8 shards, nice=0 solo=None ===
  rc=0              4s  basic-reloc
  rc=0              0s  deps-check
  rc=0              0s  subrom-abi-check
  rc=0              0s  diskrom-abi-check
  rc=0              0s  rom-parts-check
  rc=0              1s  subrom-closure-check
  rc=0             28s  unit-test
  rc=0              1s  deadcode
  rc=0              4s  wall-assertion-check
  rc=0              0s  ram-claim-check
  rc=0              2s  ram-map-check
  rc=0              0s  build-assert-check
  rc=0              4s  needle-case-check
  rc=0              0s  redundant-load-check
  rc=0              2s  rowshape-check
  rc=0              6s  injector-check
  rc=0              0s  dead-alias-check
  rc=0              2s  hostkill-check
  rc=0              1s  temp-root-check
  rc=0              4s  todo-citation-check
  rc=0              0s  todo-marker-check
  rc=0              0s  deferral-pin-check
  rc=0              1s  error-alphabet-check
  rc=0              2s  chokepoint-check
  rc=0              0s  filed-pin-check
  rc=0              2s  disk-mount-check
  rc=0              0s  shared-body-check
  rc=0              0s  probe-reach-check
  rc=0              0s  battery-membership-check
  rc=0              0s  fixture-integrity-check
  rc=0              0s  hook-equate-check
  rc=0              1s  preflight-check
  rc=0              5s  latch-check
  rc=0            742s  kwsweep
  rc=0           1655s  kwtime
  rc=0           1912s  kwram
  rc=0             11s  patch-freshness-check
  rc=0              2s  refcache-check
  rc=0              0s  knife-guard-check
  rc=0              1s  knife-rom-guard-check
  rc=0              0s  deffn-selftest
  rc=0              0s  probe-sides-selftest
  rc=0              1s  banner-acceptance
  rc=0             33s  string-acceptance
  rc=0             20s  str-domain-acceptance
  rc=0             15s  strparen-acceptance
  rc=0             56s  penderr-acceptance
  rc=0             59s  missing-acceptance
  rc=0             12s  error-acceptance
  rc=0             75s  error-trap-acceptance
  rc=0            105s  onerr0-acceptance
  rc=0            145s  math-acceptance
  rc=0             94s  float-acceptance
  rc=0             71s  intarg-acceptance
  rc=0             49s  logicops-acceptance
  rc=0            249s  screenerr-acceptance
  rc=0             53s  tmfp-acceptance
  rc=0             65s  stmtpend-acceptance
  rc=0            136s  array-acceptance
  rc=0            134s  deffn-strict
  rc=0            396s  graphics-acceptance
  rc=0             67s  abort-acceptance
  rc=0            138s  interval-trap-acceptance
  rc=0            101s  clearpool-acceptance
  rc=0            128s  stackpool-acceptance
  rc=0            172s  trapdepth-acceptance
  rc=0             55s  trapsvc-acceptance
  rc=0             72s  ctlcross-acceptance
  rc=0            690s  ctllim-acceptance
  rc=0            548s  ramfree-acceptance
  rc=0             14s  txtceil-acceptance
  rc=0              5s  runline-acceptance
  rc=0             11s  keystr-acceptance
  rc=0              4s  loc-acceptance
  rc=0              9s  dskio-acceptance
  rc=0             18s  copy-acceptance
  rc=0             11s  screditor-acceptance
  rc=0             15s  nodiskerr-acceptance
  rc=0             20s  parennest-acceptance
  rc=0             10s  diskascii-acceptance
  rc=0             16s  cursor-acceptance
  rc=0             77s  time-acceptance
  rc=0            301s  namspc-acceptance
  rc=0             99s  arrdim-acceptance
  rc=0             20s  asciidigit-acceptance
  rc=0             59s  arylv-acceptance
  rc=0             53s  badfnum-acceptance
  rc=0              3s  beep-acceptance
  rc=0             29s  binfre-acceptance
  rc=0             41s  perf-pin-check
  rc=0             18s  cassave-acceptance
  rc=0            115s  castail-acceptance
  rc=0              9s  cas-ascii-acceptance
  rc=0             32s  wprotect-acceptance
  rc=0            132s  deffn-acceptance
  rc=0             53s  direct-ctrl-acceptance
  rc=0             11s  dskmsg-acceptance
  rc=0             82s  editverb-acceptance
  rc=0             32s  fldary-acceptance
  rc=0             95s  fldwidth-acceptance
  rc=0             35s  forvar-acceptance
  rc=0             53s  gicini-acceptance
  rc=0              4s  graphics-floor-acceptance
  rc=0            128s  ifsem-acceptance
  rc=0              4s  input-acceptance
  rc=0            113s  nodisk-acceptance
  rc=0             92s  pusing-acceptance
  rc=0             41s  catterm-acceptance
  rc=0             17s  catusr-acceptance
  rc=0             14s  nameord-acceptance
  rc=0             15s  namegate-acceptance
  rc=0             39s  inputary-acceptance
  rc=0            134s  key-trap-acceptance
  rc=0             64s  linemax-acceptance
  rc=0            162s  lnblank-acceptance
  rc=0             50s  locarg-acceptance
  rc=0             42s  lof-acceptance
  rc=0             90s  lptverb-acceptance
  rc=0             53s  lrvar-acceptance
  rc=0             55s  lvfix-acceptance
  rc=0             19s  nxary-acceptance
  rc=0             21s  nxlist-acceptance
  rc=0             40s  play-acceptance
  rc=0             12s  play-trace-acceptance
  rc=0             22s  readvar-acceptance
  rc=0              8s  runtail-acceptance
  rc=0             33s  sound-acceptance
  rc=0             74s  sprite-trap-acceptance
  rc=0             56s  stop-trap-acceptance
  rc=0            150s  strig-trap-acceptance
  rc=0              0s  subrom-acceptance
  rc=0             73s  tgtspc-acceptance
  rc=0            106s  width-acceptance
  rc=0              5s  eofcas-acceptance
  rc=0             22s  wrblkalt-acceptance
  rc=0            114s  lineerr#1/8
  rc=0            120s  lineerr#2/8
  rc=0            113s  lineerr#3/8
  rc=0            112s  lineerr#4/8
  rc=0            105s  lineerr#5/8
  rc=0            100s  lineerr#6/8
  rc=0             91s  lineerr#7/8
  rc=0             87s  lineerr#8/8
=== 1 post-pool unit(s), SERIAL (they read what the pool just wrote) ===
  rc=0              0s  tiers-md-check

=== wall 1926s (8s build + 1918s gates) ===
GATES: 141/141 green
hashes: 746944c7 fd9b8fc6 7111a2d6 0babe9b4
recorded: this full green battery is now the baseline a future skip must prove itself against
GATE TIER: FULL
  why: shared code changed: Makefile disk/kernel.asm
  why: disk/equates.inc: a non-asm ROM input -- treated as shared
  commits since the last full green: 2 (full every 5)
  excluded-five suites: bdos-acceptance diskbasic-acceptance fat-error-acceptance input-devices-acceptance lnblank-say-acceptance
bdos-acceptance exit=0
diskbasic-acceptance exit=0
fat-error-acceptance exit=0
input-devices-acceptance exit=0
lnblank-say-acceptance exit=0
GATE TIER RAN: FULL
