python3 tools/pick_gates.py --run --handoff
=== warm-up (serial build of shared artifacts) ===
warm-up 8s
=== refcache OFF for every unit: a gate measures, it never replays (docs/spec-refcache.md §7) ===
=== emulator tier RUNS: forced by --full ===
=== 4 tree-mutating unit(s), SERIAL (they rewrite a shared tracked file) ===
  rc=0              1s  switch-build-check
  rc=0              6s  diskdep-check
  rc=0              0s  wall-literal-check
  rc=0             61s  selftest-check
  (post-mutator refresh 8s -- the plants moved mtimes, so the pool would otherwise race a rebuild)
=== 142 units, J=8, lineerr in 8 shards, nice=0 solo=None ===
  rc=0              4s  basic-reloc
  rc=0              0s  deps-check
  rc=0              0s  subrom-abi-check
  rc=0              0s  diskrom-abi-check
  rc=0              0s  rom-parts-check
  rc=0              1s  subrom-closure-check
  rc=0             27s  unit-test
  rc=0              1s  deadcode
  rc=0              4s  wall-assertion-check
  rc=0              0s  ram-claim-check
  rc=0              2s  ram-map-check
  rc=0              0s  build-assert-check
  rc=0              4s  needle-case-check
  rc=0              0s  redundant-load-check
  rc=0              2s  rowshape-check
  rc=0              6s  injector-check
  rc=0              0s  dead-alias-check
  rc=0              2s  hostkill-check
  rc=2              1s  temp-root-check
  rc=0              4s  todo-citation-check
  rc=0              0s  todo-marker-check
  rc=0              0s  deferral-pin-check
  rc=0              1s  error-alphabet-check
  rc=0              2s  chokepoint-check
  rc=0              0s  filed-pin-check
  rc=0              2s  disk-mount-check
  rc=0              0s  shared-body-check
  rc=0              0s  probe-reach-check
  rc=0              0s  battery-membership-check
  rc=0              0s  fixture-integrity-check
  rc=0              0s  hook-equate-check
  rc=0              1s  preflight-check
  rc=0              5s  latch-check
  rc=0            731s  kwsweep
  rc=0           1655s  kwtime
  rc=0           1911s  kwram
  rc=0             12s  patch-freshness-check
  rc=0              2s  refcache-check
  rc=0              0s  knife-guard-check
  rc=0              1s  knife-rom-guard-check
  rc=0              0s  deffn-selftest
  rc=0              0s  probe-sides-selftest
  rc=0              1s  banner-acceptance
  rc=0             31s  string-acceptance
  rc=0             20s  str-domain-acceptance
  rc=0             15s  strparen-acceptance
  rc=0             61s  penderr-acceptance
  rc=0             60s  missing-acceptance
  rc=0             12s  error-acceptance
  rc=0             72s  error-trap-acceptance
  rc=0             96s  onerr0-acceptance
  rc=0            134s  math-acceptance
  rc=0             87s  float-acceptance
  rc=0             70s  intarg-acceptance
  rc=0             44s  logicops-acceptance
  rc=0            251s  screenerr-acceptance
  rc=0             51s  tmfp-acceptance
  rc=0             63s  stmtpend-acceptance
  rc=0            138s  array-acceptance
  rc=0            136s  deffn-strict
  rc=0            406s  graphics-acceptance
  rc=0             64s  abort-acceptance
  rc=0            145s  interval-trap-acceptance
  rc=0            100s  clearpool-acceptance
  rc=0            130s  stackpool-acceptance
  rc=0            171s  trapdepth-acceptance
  rc=0             57s  trapsvc-acceptance
  rc=0             66s  ctlcross-acceptance
  rc=0            697s  ctllim-acceptance
  rc=0            545s  ramfree-acceptance
  rc=0             18s  txtceil-acceptance
  rc=0              3s  runline-acceptance
  rc=0              8s  keystr-acceptance
  rc=0              9s  loc-acceptance
  rc=0              9s  dskio-acceptance
  rc=0             14s  copy-acceptance
  rc=0             11s  screditor-acceptance
  rc=0             13s  nodiskerr-acceptance
  rc=0             20s  parennest-acceptance
  rc=0             10s  diskascii-acceptance
  rc=0             16s  cursor-acceptance
  rc=0             75s  time-acceptance
  rc=0            306s  namspc-acceptance
  rc=0            101s  arrdim-acceptance
  rc=0             18s  asciidigit-acceptance
  rc=0             61s  arylv-acceptance
  rc=0             54s  badfnum-acceptance
  rc=0              4s  beep-acceptance
  rc=0             30s  binfre-acceptance
  rc=0             42s  perf-pin-check
  rc=0             18s  cassave-acceptance
  rc=0            117s  castail-acceptance
  rc=0              5s  cas-ascii-acceptance
  rc=0             37s  wprotect-acceptance
  rc=0            133s  deffn-acceptance
  rc=0             52s  direct-ctrl-acceptance
  rc=0             13s  dskmsg-acceptance
  rc=0             82s  editverb-acceptance
  rc=0             33s  fldary-acceptance
  rc=0             97s  fldwidth-acceptance
  rc=0             34s  forvar-acceptance
  rc=0             59s  gicini-acceptance
  rc=0              3s  graphics-floor-acceptance
  rc=0            128s  ifsem-acceptance
  rc=0              4s  input-acceptance
  rc=0            112s  nodisk-acceptance
  rc=0             87s  pusing-acceptance
  rc=0             41s  catterm-acceptance
  rc=0             13s  catusr-acceptance
  rc=0             12s  nameord-acceptance
  rc=0             14s  namegate-acceptance
  rc=0             39s  inputary-acceptance
  rc=0            127s  key-trap-acceptance
  rc=0             59s  linemax-acceptance
  rc=0            166s  lnblank-acceptance
  rc=0             57s  locarg-acceptance
  rc=0             40s  lof-acceptance
  rc=0             93s  lptverb-acceptance
  rc=0             51s  lrvar-acceptance
  rc=0             56s  lvfix-acceptance
  rc=0             18s  nxary-acceptance
  rc=0             29s  nxlist-acceptance
  rc=0             35s  play-acceptance
  rc=0             12s  play-trace-acceptance
  rc=0             21s  readvar-acceptance
  rc=0             11s  runtail-acceptance
  rc=0             33s  sound-acceptance
  rc=0             73s  sprite-trap-acceptance
  rc=0             55s  stop-trap-acceptance
  rc=0            148s  strig-trap-acceptance
  rc=0              0s  subrom-acceptance
  rc=0             74s  tgtspc-acceptance
  rc=0            106s  width-acceptance
  rc=0              5s  eofcas-acceptance
  rc=0            113s  lineerr#1/8
  rc=0            121s  lineerr#2/8
  rc=0            115s  lineerr#3/8
  rc=0            114s  lineerr#4/8
  rc=0            104s  lineerr#5/8
  rc=0             99s  lineerr#6/8
  rc=0             93s  lineerr#7/8
  rc=0             90s  lineerr#8/8
=== 1 post-pool unit(s), SERIAL (they read what the pool just wrote) ===
  rc=0              0s  tiers-md-check

=== retrying 1 red unit(s) SERIALLY (flake vs real) ===
  retry temp-root-check: rc 2->2  REAL (still red)

=== wall 1925s (8s build + 1918s gates) ===
GATES: 139/140 green
RED: temp-root-check
hashes: 746944c7 fd9b8fc6 7111a2d6 ed9fff35
GATE TIER: FULL
  why: --handoff: every hand-off runs the full battery
  why: disk/docs/spec-diskcode-eviction.md: a non-asm ROM input -- treated as shared
  commits since the last full green: 1 (full every 5)
  excluded-five suites: bdos-acceptance diskbasic-acceptance fat-error-acceptance input-devices-acceptance lnblank-say-acceptance
bdos-acceptance exit=0
diskbasic-acceptance exit=0
fat-error-acceptance exit=0
input-devices-acceptance exit=0
lnblank-say-acceptance exit=0
GATE TIER RAN: FULL
make: *** [gates-scoped] Error 1
