python3 tools/run_gates.py 
=== warm-up (serial build of shared artifacts) ===
warm-up 7s
=== refcache OFF for every unit: a gate measures, it never replays (docs/spec-refcache.md §7) ===
=== emulator tier RUNS: probes/tests/tools or the Makefile changed ===
=== 4 tree-mutating unit(s), SERIAL (they rewrite a shared tracked file) ===
  rc=0              1s  switch-build-check
  rc=0              5s  diskdep-check
  rc=0              0s  wall-literal-check
  rc=0             45s  selftest-check
  (post-mutator refresh 7s -- the plants moved mtimes, so the pool would otherwise race a rebuild)
=== 113 units, J=8, lineerr in 8 shards, nice=0 solo=None ===
  rc=0              3s  basic-reloc
  rc=0              0s  subrom-abi-check
  rc=0              0s  diskrom-abi-check
  rc=0              0s  rom-parts-check
  rc=0              1s  subrom-closure-check
  rc=0             23s  unit-test
  rc=0              0s  deadcode
  rc=0              3s  wall-assertion-check
  rc=0              0s  ram-claim-check
  rc=0              0s  build-assert-check
  rc=0              3s  needle-case-check
  rc=0              0s  redundant-load-check
  rc=0              1s  rowshape-check
  rc=0              4s  injector-check
  rc=0              1s  temp-root-check
  rc=0              1s  todo-citation-check
  rc=0              2s  chokepoint-check
  rc=0              0s  shared-body-check
  rc=0              0s  probe-reach-check
  rc=0              0s  battery-membership-check
  rc=0              0s  fixture-integrity-check
  rc=0              1s  preflight-check
  rc=0              4s  latch-check
  rc=0             19s  kwsweep
  rc=0             12s  patch-freshness-check
  rc=0              2s  refcache-check
  rc=0              0s  knife-guard-check
  rc=0              1s  knife-rom-guard-check
  rc=0              0s  deffn-selftest
  rc=0              1s  banner-acceptance
  rc=0             37s  string-acceptance
  rc=0             19s  str-domain-acceptance
  rc=0             12s  strparen-acceptance
  rc=0             42s  penderr-acceptance
  rc=0             45s  missing-acceptance
  rc=0             12s  error-acceptance
  rc=0             65s  error-trap-acceptance
  rc=0             92s  onerr0-acceptance
  rc=0            111s  math-acceptance
  rc=0             90s  float-acceptance
  rc=0             42s  intarg-acceptance
  rc=0             44s  logicops-acceptance
  rc=0            223s  screenerr-acceptance
  rc=0             48s  tmfp-acceptance
  rc=0             63s  stmtpend-acceptance
  rc=0            105s  array-acceptance
  rc=0            122s  deffn-strict
  rc=0            370s  graphics-acceptance
  rc=0             54s  abort-acceptance
  rc=0            144s  interval-trap-acceptance
  rc=0             85s  clearpool-acceptance
  rc=0            128s  stackpool-acceptance
  rc=0            161s  trapdepth-acceptance
  rc=0             75s  ctlcross-acceptance
  rc=0            392s  ctllim-acceptance
  rc=0            401s  ramfree-acceptance
  rc=0             16s  cursor-acceptance
  rc=0             87s  time-acceptance
  rc=0            299s  namspc-acceptance
  rc=0             96s  arrdim-acceptance
  rc=0             49s  arylv-acceptance
  rc=0             57s  badfnum-acceptance
  rc=0              6s  beep-acceptance
  rc=0             22s  binfre-acceptance
  rc=0             27s  cassave-acceptance
  rc=0             78s  castail-acceptance
  rc=0            125s  deffn-acceptance
  rc=0             45s  direct-ctrl-acceptance
  rc=0             16s  dskmsg-acceptance
  rc=0             85s  editverb-acceptance
  rc=0             31s  fldary-acceptance
  rc=0            101s  fldwidth-acceptance
  rc=0             25s  forvar-acceptance
  rc=0             48s  gicini-acceptance
  rc=0              4s  graphics-floor-acceptance
  rc=0            143s  ifsem-acceptance
  rc=0              4s  input-acceptance
  rc=0             63s  nodisk-acceptance
  rc=0             76s  pusing-acceptance
  rc=0             51s  catterm-acceptance
  rc=0             13s  catusr-acceptance
  rc=0             14s  nameord-acceptance
  rc=0              5s  namegate-acceptance
  rc=0             38s  inputary-acceptance
  rc=0            137s  key-trap-acceptance
  rc=0             60s  linemax-acceptance
  rc=0            149s  lnblank-acceptance
  rc=0             39s  locarg-acceptance
  rc=0             41s  lof-acceptance
  rc=0             86s  lptverb-acceptance
  rc=0             58s  lrvar-acceptance
  rc=0             58s  lvfix-acceptance
  rc=0             24s  nxary-acceptance
  rc=0             23s  nxlist-acceptance
  rc=0             31s  play-acceptance
  rc=0             11s  play-trace-acceptance
  rc=0             21s  readvar-acceptance
  rc=0              8s  runtail-acceptance
  rc=0             23s  sound-acceptance
  rc=0             69s  sprite-trap-acceptance
  rc=0             57s  stop-trap-acceptance
  rc=0            154s  strig-trap-acceptance
  rc=0              0s  subrom-acceptance
  rc=0             65s  tgtspc-acceptance
  rc=0             79s  width-acceptance
  rc=0            107s  lineerr#1/8
  rc=0            114s  lineerr#2/8
  rc=0            106s  lineerr#3/8
  rc=0            109s  lineerr#4/8
  rc=0            102s  lineerr#5/8
  rc=0            101s  lineerr#6/8
  rc=0             87s  lineerr#7/8
  rc=0             70s  lineerr#8/8

=== wall 870s (7s build + 863s gates) ===
GATES: 110/110 green
hashes: 496da3db 45a2f30a 35377711 99a63f2e
recorded: this full green battery is now the baseline a future skip must prove itself against
