python3 tools/install-repack-machine.py --merged build/zerobas-main-eu.rom --disk-rom build/disk.rom \
	  --sub-rom build/sub.rom
wrote C-BIOS_MSX1_EU_REPACK_DISK  (-> machine "C-BIOS_MSX1_EU_REPACK_DISK": merged repack ROM in slot 0, zerobas-disk in slot 3-1, zerobas-sub in slot 3-2)
     /Users/joost/.openMSX/share/machines/C-BIOS_MSX1_EU_REPACK_DISK.xml
python3 tools/install-repack-machine.py --merged build/zerobas-main-eu.rom --sub-rom build/sub.rom \
	  --no-disk
wrote C-BIOS_MSX1_EU_REPACK_NODISK  (-> machine "C-BIOS_MSX1_EU_REPACK_NODISK": merged repack ROM in slot 0, slot 3-1 EMPTY (diskless target), zerobas-sub in slot 3-2)
     /Users/joost/.openMSX/share/machines/C-BIOS_MSX1_EU_REPACK_NODISK.xml
python3 probes/disk/disk_probe_fat_error_disposition.py \
	        --machine C-BIOS_MSX1_EU_REPACK_DISK
========================================================================
FAT-primitive ERROR disposition (Cy=1 out of fatprim_bounce)
========================================================================
  PASS  fat-alive      FILES"A:HI.TXT"                        -> 'HI      .TXT'   [PRECONDITION]
  PASS  load-alive     LOAD"A:PROG.BAS" : LIST                -> '10 POKE &HD002,123'   [VERB CONTROL for load-missing]
  PASS  run-alive      POKE 0 : RUN"A:PROG.BAS" : PRINT PEEK  -> '123'   [VERB CONTROL for run-missing]
  PASS  bload-alive    POKE 0 : BLOAD"A:PROG.BIN" : PRINT PEEK -> '62'   [VERB CONTROL for bload-missing]
  PASS  open-alive     OPEN"A:HI.TXT" INPUT : LINE INPUT# : PRINT -> 'Hello from zerobas-disk!'   [VERB CONTROL for open-missing]
  PASS  append-alive   OUTPUT "AA" : APPEND "BB" : read both back -> 'AABB'   [VERB CONTROL for append-missing]
  PASS  merge-alive    SAVE",A" : NEW : 20 REM ZQ : MERGE : LIST -> '10 REM MG|20 REM ZQ'   [VERB CONTROL for merge-missing]
  PASS  name-alive     NAME"A:PROG2.BAS" AS "REN2.BAS" : FILES -> 'REN2    .BAS'   [VERB CONTROL for name-missing]
  PASS  kill-alive     KILL"A:PROG.BIN" : FILES"*.BIN"        -> 'TEST    .BIN'   [VERB CONTROL for kill-missing]
  PASS  load-missing   LOAD"A:NOSUCH.BAS"                     -> 'File not found'   [reference-exact: 'File not found']   [verb control: load-alive]
  PASS  run-missing    RUN"A:NOSUCH.BAS"                      -> 'File not found'   [reference-exact: 'File not found']   [verb control: run-alive]
  PASS  kill-missing   KILL"A:NOSUCH.BAS"                     -> 'File not found'   [reference-exact: 'File not found']   [verb control: kill-alive]
  PASS  bload-missing  BLOAD"A:NOSUCH.BIN"                    -> 'File not found'   [reference-exact: 'File not found']   [verb control: bload-alive]
  PASS  open-missing   OPEN"A:NOSUCH.DAT" FOR INPUT AS #1     -> 'File not found'   [reference-exact: 'File not found']   [verb control: open-alive]
  PASS  append-missing OPEN"A:NOSUCH.DAT" FOR APPEND AS #1    -> 'File not found'   [reference-exact: 'File not found']   [verb control: append-alive]
  PASS  name-missing   NAME"A:NOSUCH.BAS" AS "B.BAS"          -> 'File not found'   [reference-exact: 'File not found']   [verb control: name-alive]
  PASS  merge-missing  MERGE"A:NOSUCH.BAS"                    -> 'File not found'   [reference-exact: 'File not found']   [verb control: merge-alive]

  PASS  mount-live     PRINT 6*7                              -> '42'   [LIVENESS for the no-disk boot]
  PASS  kill-nodisk    KILL"A:NOSUCH.BAS"                     -> 'load error'   [MOUNT arm; twin 'kill-missing' answers differently]
  PASS  name-nodisk    NAME"A:NOSUCH.BAS" AS "B.BAS"          -> 'load error'   [MOUNT arm; twin 'name-missing' answers differently]
  PASS  bload-nodisk   BLOAD"A:NOSUCH.BIN"                    -> 'load error'   [MOUNT arm; twin 'bload-missing' answers differently]

  PASS  append-alive (directory) -> 'AP      TXT' present   [APPEND reached the SECTOR, not just the screen]

  PASS  merge-alive (directory) -> 'M       BAS' present   [MERGE reached the SECTOR, not just the screen]

  PASS  name-alive (directory) -> 'REN2    BAS' present, 'PROG2   BAS' gone   [NAME reached the SECTOR, not just the screen]

  PASS  kill-alive (directory) -> 'TEST    BIN' present, 'PROG    BIN' gone   [KILL reached the SECTOR, not just the screen]

  PASS  append-missing (directory) -> 'NOSUCH  DAT' absent, as on the CF-3300

===== FAT error disposition: 8/8 FIND scored (8 rows, 0 NOT MEASURED) + 3/3 MOUNT scored (3 rows) + 5 directory checks, over a LIVE FAT layer =====
VERB-SUCCESS CONTROLS: 8 of 8 rows.
  (every row's verb is shown reaching a SUCCESS disposition in this same run. 4 of the 8 controls are SCREEN-ONLY --
   load-alive, run-alive, bload-alive, open-alive -- because a read-only verb changes no directory entry for a second instrument to read.)
MOUNT-ARM ROWS: 3 (kill-nodisk, name-nodisk, bload-nodisk), at an EMPTY DRIVE, pinned to zerobas's own 'load error'.
  (no verb control is possible there -- neither verb CAN succeed at an empty drive. In its place: 'mount-live' proves the boot, and each row
   must answer DIFFERENTLY from its mounted twin kill-nodisk<>kill-missing, name-nodisk<>name-missing, bload-nodisk<>bload-missing. These rows are what make D-DSKMSG's K-KILL2 and
   D-DKNAME's K-NAME2 real cuts instead of predicted misses -- docs/spec-fat-error-mount-row.md)
ROWS: 20 printed, 11 scored — ALL PASS
ALL PASS
refcache: 1 hit, 1 miss, 1 stored
